/home/enyephy/edk2/edk2/Build/OvmfX64/DEBUG_GCC5/X64/MdeModulePkg/Core/Pei/PeiMain/OUTPUT/StatusCode/StatusCode.obj
/home/enyephy/edk2/edk2/Build/OvmfX64/DEBUG_GCC5/X64/MdeModulePkg/Core/Pei/PeiMain/OUTPUT/Security/Security.obj
/home/enyephy/edk2/edk2/Build/OvmfX64/DEBUG_GCC5/X64/MdeModulePkg/Core/Pei/PeiMain/OUTPUT/Reset/Reset.obj
/home/enyephy/edk2/edk2/Build/OvmfX64/DEBUG_GCC5/X64/MdeModulePkg/Core/Pei/PeiMain/OUTPUT/Ppi/Ppi.obj
/home/enyephy/edk2/edk2/Build/OvmfX64/DEBUG_GCC5/X64/MdeModulePkg/Core/Pei/PeiMain/OUTPUT/PeiMain/PeiMain.obj
/home/enyephy/edk2/edk2/Build/OvmfX64/DEBUG_GCC5/X64/MdeModulePkg/Core/Pei/PeiMain/OUTPUT/Memory/MemoryServices.obj
/home/enyephy/edk2/edk2/Build/OvmfX64/DEBUG_GCC5/X64/MdeModulePkg/Core/Pei/PeiMain/OUTPUT/Image/Image.obj
/home/enyephy/edk2/edk2/Build/OvmfX64/DEBUG_GCC5/X64/MdeModulePkg/Core/Pei/PeiMain/OUTPUT/Hob/Hob.obj
/home/enyephy/edk2/edk2/Build/OvmfX64/DEBUG_GCC5/X64/MdeModulePkg/Core/Pei/PeiMain/OUTPUT/FwVol/FwVol.obj
/home/enyephy/edk2/edk2/Build/OvmfX64/DEBUG_GCC5/X64/MdeModulePkg/Core/Pei/PeiMain/OUTPUT/Dispatcher/Dispatcher.obj
/home/enyephy/edk2/edk2/Build/OvmfX64/DEBUG_GCC5/X64/MdeModulePkg/Core/Pei/PeiMain/OUTPUT/Dependency/Dependency.obj
/home/enyephy/edk2/edk2/Build/OvmfX64/DEBUG_GCC5/X64/MdeModulePkg/Core/Pei/PeiMain/OUTPUT/BootMode/BootMode.obj
/home/enyephy/edk2/edk2/Build/OvmfX64/DEBUG_GCC5/X64/MdeModulePkg/Core/Pei/PeiMain/OUTPUT/CpuIo/CpuIo.obj
/home/enyephy/edk2/edk2/Build/OvmfX64/DEBUG_GCC5/X64/MdeModulePkg/Core/Pei/PeiMain/OUTPUT/PciCfg2/PciCfg2.obj
/home/enyephy/edk2/edk2/Build/OvmfX64/DEBUG_GCC5/X64/MdeModulePkg/Core/Pei/PeiMain/OUTPUT/AutoGen.obj