/home/enyephy/edk2/edk2/Build/OvmfIa32/RELEASE_GCC5/IA32/NetworkPkg/SnpDxe/SnpDxe/OUTPUT/Receive.obj
/home/enyephy/edk2/edk2/Build/OvmfIa32/RELEASE_GCC5/IA32/NetworkPkg/SnpDxe/SnpDxe/OUTPUT/Nvdata.obj
/home/enyephy/edk2/edk2/Build/OvmfIa32/RELEASE_GCC5/IA32/NetworkPkg/SnpDxe/SnpDxe/OUTPUT/Get_status.obj
/home/enyephy/edk2/edk2/Build/OvmfIa32/RELEASE_GCC5/IA32/NetworkPkg/SnpDxe/SnpDxe/OUTPUT/Start.obj
/home/enyephy/edk2/edk2/Build/OvmfIa32/RELEASE_GCC5/IA32/NetworkPkg/SnpDxe/SnpDxe/OUTPUT/Snp.obj
/home/enyephy/edk2/edk2/Build/OvmfIa32/RELEASE_GCC5/IA32/NetworkPkg/SnpDxe/SnpDxe/OUTPUT/Stop.obj
/home/enyephy/edk2/edk2/Build/OvmfIa32/RELEASE_GCC5/IA32/NetworkPkg/SnpDxe/SnpDxe/OUTPUT/Statistics.obj
/home/enyephy/edk2/edk2/Build/OvmfIa32/RELEASE_GCC5/IA32/NetworkPkg/SnpDxe/SnpDxe/OUTPUT/Reset.obj
/home/enyephy/edk2/edk2/Build/OvmfIa32/RELEASE_GCC5/IA32/NetworkPkg/SnpDxe/SnpDxe/OUTPUT/Shutdown.obj
/home/enyephy/edk2/edk2/Build/OvmfIa32/RELEASE_GCC5/IA32/NetworkPkg/SnpDxe/SnpDxe/OUTPUT/Mcast_ip_to_mac.obj
/home/enyephy/edk2/edk2/Build/OvmfIa32/RELEASE_GCC5/IA32/NetworkPkg/SnpDxe/SnpDxe/OUTPUT/Transmit.obj
/home/enyephy/edk2/edk2/Build/OvmfIa32/RELEASE_GCC5/IA32/NetworkPkg/SnpDxe/SnpDxe/OUTPUT/WaitForPacket.obj
/home/enyephy/edk2/edk2/Build/OvmfIa32/RELEASE_GCC5/IA32/NetworkPkg/SnpDxe/SnpDxe/OUTPUT/Receive_filters.obj
/home/enyephy/edk2/edk2/Build/OvmfIa32/RELEASE_GCC5/IA32/NetworkPkg/SnpDxe/SnpDxe/OUTPUT/Initialize.obj
/home/enyephy/edk2/edk2/Build/OvmfIa32/RELEASE_GCC5/IA32/NetworkPkg/SnpDxe/SnpDxe/OUTPUT/ComponentName.obj
/home/enyephy/edk2/edk2/Build/OvmfIa32/RELEASE_GCC5/IA32/NetworkPkg/SnpDxe/SnpDxe/OUTPUT/Callback.obj
/home/enyephy/edk2/edk2/Build/OvmfIa32/RELEASE_GCC5/IA32/NetworkPkg/SnpDxe/SnpDxe/OUTPUT/Station_address.obj
/home/enyephy/edk2/edk2/Build/OvmfIa32/RELEASE_GCC5/IA32/NetworkPkg/SnpDxe/SnpDxe/OUTPUT/AutoGen.obj