Archive member included to satisfy reference by file (symbol)

/home/enyephy/edk2/edk2/Build/EmulatorX64/DEBUG_GCC5/X64/MdeModulePkg/Universal/Variable/RuntimeDxe/VariableRuntimeDxe/OUTPUT/VariableRuntimeDxe.lib(Reclaim.obj)
                              (--whole-archive)
/home/enyephy/edk2/edk2/Build/EmulatorX64/DEBUG_GCC5/X64/MdeModulePkg/Universal/Variable/RuntimeDxe/VariableRuntimeDxe/OUTPUT/VariableRuntimeDxe.lib(Variable.obj)
                              (--whole-archive)
/home/enyephy/edk2/edk2/Build/EmulatorX64/DEBUG_GCC5/X64/MdeModulePkg/Universal/Variable/RuntimeDxe/VariableRuntimeDxe/OUTPUT/VariableRuntimeDxe.lib(VariableDxe.obj)
                              (--whole-archive)
/home/enyephy/edk2/edk2/Build/EmulatorX64/DEBUG_GCC5/X64/MdeModulePkg/Universal/Variable/RuntimeDxe/VariableRuntimeDxe/OUTPUT/VariableRuntimeDxe.lib(VariableNonVolatile.obj)
                              (--whole-archive)
/home/enyephy/edk2/edk2/Build/EmulatorX64/DEBUG_GCC5/X64/MdeModulePkg/Universal/Variable/RuntimeDxe/VariableRuntimeDxe/OUTPUT/VariableRuntimeDxe.lib(VariableParsing.obj)
                              (--whole-archive)
/home/enyephy/edk2/edk2/Build/EmulatorX64/DEBUG_GCC5/X64/MdeModulePkg/Universal/Variable/RuntimeDxe/VariableRuntimeDxe/OUTPUT/VariableRuntimeDxe.lib(VariableRuntimeCache.obj)
                              (--whole-archive)
/home/enyephy/edk2/edk2/Build/EmulatorX64/DEBUG_GCC5/X64/MdeModulePkg/Universal/Variable/RuntimeDxe/VariableRuntimeDxe/OUTPUT/VariableRuntimeDxe.lib(Measurement.obj)
                              (--whole-archive)
/home/enyephy/edk2/edk2/Build/EmulatorX64/DEBUG_GCC5/X64/MdeModulePkg/Universal/Variable/RuntimeDxe/VariableRuntimeDxe/OUTPUT/VariableRuntimeDxe.lib(TcgMorLockDxe.obj)
                              (--whole-archive)
/home/enyephy/edk2/edk2/Build/EmulatorX64/DEBUG_GCC5/X64/MdeModulePkg/Universal/Variable/RuntimeDxe/VariableRuntimeDxe/OUTPUT/VariableRuntimeDxe.lib(VarCheck.obj)
                              (--whole-archive)
/home/enyephy/edk2/edk2/Build/EmulatorX64/DEBUG_GCC5/X64/MdeModulePkg/Universal/Variable/RuntimeDxe/VariableRuntimeDxe/OUTPUT/VariableRuntimeDxe.lib(VariableExLib.obj)
                              (--whole-archive)
/home/enyephy/edk2/edk2/Build/EmulatorX64/DEBUG_GCC5/X64/MdeModulePkg/Universal/Variable/RuntimeDxe/VariableRuntimeDxe/OUTPUT/VariableRuntimeDxe.lib(SpeculationBarrierDxe.obj)
                              (--whole-archive)
/home/enyephy/edk2/edk2/Build/EmulatorX64/DEBUG_GCC5/X64/MdeModulePkg/Universal/Variable/RuntimeDxe/VariableRuntimeDxe/OUTPUT/VariableRuntimeDxe.lib(VariableLockRequestToLock.obj)
                              (--whole-archive)
/home/enyephy/edk2/edk2/Build/EmulatorX64/DEBUG_GCC5/X64/MdeModulePkg/Universal/Variable/RuntimeDxe/VariableRuntimeDxe/OUTPUT/VariableRuntimeDxe.lib(AutoGen.obj)
                              (--whole-archive)
/home/enyephy/edk2/edk2/Build/EmulatorX64/DEBUG_GCC5/X64/MdePkg/Library/RegisterFilterLibNull/RegisterFilterLibNull/OUTPUT/FilterLibNull.lib(RegisterFilterLibNull.obj)
                              (--whole-archive)
/home/enyephy/edk2/edk2/Build/EmulatorX64/DEBUG_GCC5/X64/MdePkg/Library/BaseDebugPrintErrorLevelLib/BaseDebugPrintErrorLevelLib/OUTPUT/BaseDebugPrintErrorLevelLib.lib(BaseDebugPrintErrorLevelLib.obj)
                              (--whole-archive)
/home/enyephy/edk2/edk2/Build/EmulatorX64/DEBUG_GCC5/X64/MdeModulePkg/Library/DxeReportStatusCodeLib/DxeReportStatusCodeLib/OUTPUT/DxeReportStatusCodeLib.lib(ReportStatusCodeLib.obj)
                              (--whole-archive)
/home/enyephy/edk2/edk2/Build/EmulatorX64/DEBUG_GCC5/X64/MdePkg/Library/BasePrintLib/BasePrintLib/OUTPUT/BasePrintLib.lib(PrintLibInternal.obj)
                              (--whole-archive)
/home/enyephy/edk2/edk2/Build/EmulatorX64/DEBUG_GCC5/X64/MdePkg/Library/BasePrintLib/BasePrintLib/OUTPUT/BasePrintLib.lib(PrintLib.obj)
                              (--whole-archive)
/home/enyephy/edk2/edk2/Build/EmulatorX64/DEBUG_GCC5/X64/MdePkg/Library/UefiDevicePathLib/UefiDevicePathLib/OUTPUT/UefiDevicePathLib.lib(DevicePathUtilities.obj)
                              (--whole-archive)
/home/enyephy/edk2/edk2/Build/EmulatorX64/DEBUG_GCC5/X64/MdePkg/Library/UefiDevicePathLib/UefiDevicePathLib/OUTPUT/UefiDevicePathLib.lib(DevicePathUtilitiesDxeSmm.obj)
                              (--whole-archive)
/home/enyephy/edk2/edk2/Build/EmulatorX64/DEBUG_GCC5/X64/MdePkg/Library/UefiDevicePathLib/UefiDevicePathLib/OUTPUT/UefiDevicePathLib.lib(DevicePathToText.obj)
                              (--whole-archive)
/home/enyephy/edk2/edk2/Build/EmulatorX64/DEBUG_GCC5/X64/MdePkg/Library/UefiDevicePathLib/UefiDevicePathLib/OUTPUT/UefiDevicePathLib.lib(DevicePathFromText.obj)
                              (--whole-archive)
/home/enyephy/edk2/edk2/Build/EmulatorX64/DEBUG_GCC5/X64/MdePkg/Library/UefiDevicePathLib/UefiDevicePathLib/OUTPUT/UefiDevicePathLib.lib(UefiDevicePathLib.obj)
[...]
Memory Configuration

Name             Origin             Length             Attributes
*default*        0x0000000000000000 0xffffffffffffffff

Linker script and memory map

START GROUP
LOAD /tmp/ccpgMrIN.ltrans0.ltrans.o
LOAD /tmp/ccpgMrIN.ltrans1.ltrans.o
LOAD /tmp/ccuziH27.debug.temp.o
LOAD /tmp/cca5Y8zB.debug.temp.o
LOAD /tmp/cche8nw1.debug.temp.o
LOAD /tmp/ccbPLpoC.debug.temp.o
LOAD /tmp/cc1nzY4Z.debug.temp.o
LOAD /tmp/ccG1gVLI.debug.temp.o
LOAD /tmp/cc1tRZ5D.debug.temp.o
LOAD /tmp/ccBted7t.debug.temp.o
LOAD /tmp/cck1eN6Y.debug.temp.o
LOAD /tmp/ccbnrFAf.debug.temp.o
LOAD /tmp/ccbt1AxA.debug.temp.o
LOAD /tmp/ccb3wZAB.debug.temp.o
LOAD /tmp/cczeeqX3.debug.temp.o
LOAD /tmp/cc41QK0P.debug.temp.o
LOAD /tmp/ccQcuoOV.debug.temp.o
LOAD /tmp/ccO4qyoO.debug.temp.o
LOAD /tmp/ccA63Qb6.debug.temp.o
LOAD /tmp/ccHuVQ81.debug.temp.o
LOAD /tmp/ccfrPMbh.debug.temp.o
LOAD /tmp/ccxF7Iv0.debug.temp.o
LOAD /tmp/cc7k60Kn.debug.temp.o
LOAD /tmp/ccZBVCIN.debug.temp.o
LOAD /tmp/cctnmmMs.debug.temp.o
LOAD /tmp/ccI3CvDi.debug.temp.o
LOAD /tmp/ccSACZgq.debug.temp.o
LOAD /tmp/ccjFnEsT.debug.temp.o
LOAD /tmp/cc6qMiEa.debug.temp.o
LOAD /tmp/ccDAiyYw.debug.temp.o
LOAD /tmp/ccpkD4FC.debug.temp.o
LOAD /tmp/ccee1ccJ.debug.temp.o
LOAD /tmp/ccJGf1Y3.debug.temp.o
LOAD /tmp/ccjxEdjY.debug.temp.o
LOAD /tmp/ccA5mgU1.debug.temp.o
LOAD /tmp/ccCUgolW.debug.temp.o
LOAD /tmp/cc6SAcZn.debug.temp.o
LOAD /tmp/ccHkj7z7.debug.temp.o
LOAD /tmp/ccSn7W9l.debug.temp.o
LOAD /tmp/ccAyeAOQ.debug.temp.o
LOAD /tmp/ccfCpWTl.debug.temp.o
LOAD /tmp/cceLWi6b.debug.temp.o
LOAD /tmp/ccPSqmkU.debug.temp.o
LOAD /tmp/ccaTJfLe.debug.temp.o
LOAD /tmp/cc8azR8W.debug.temp.o
LOAD /tmp/cc0FFSDv.debug.temp.o
LOAD /tmp/ccWQDqCD.debug.temp.o
LOAD /tmp/ccf0J8qz.debug.temp.o
LOAD /tmp/ccipHHD5.debug.temp.o
LOAD /tmp/ccJuj8UT.debug.temp.o
LOAD /tmp/ccpk76GC.debug.temp.o
LOAD /tmp/ccrhBXeY.debug.temp.o
LOAD /tmp/ccCQrE8H.debug.temp.o
LOAD /tmp/cclC60NM.debug.temp.o
LOAD /tmp/cc9AWBbz.debug.temp.o
LOAD /tmp/ccUagoxm.debug.temp.o
LOAD /tmp/ccaUO2MJ.debug.temp.o
LOAD /tmp/ccOhEBy5.debug.temp.o
LOAD /tmp/ccbYFUgx.debug.temp.o
LOAD /tmp/ccdIwY3q.debug.temp.o
LOAD /tmp/ccV3nxjg.debug.temp.o
LOAD /tmp/ccmbobbU.debug.temp.o
LOAD /tmp/ccqBiiee.debug.temp.o
LOAD /tmp/ccQ8Kg4g.debug.temp.o
LOAD /tmp/ccyDxVOO.debug.temp.o
LOAD /tmp/ccXYWx2L.debug.temp.o
LOAD /tmp/ccBNGzcS.debug.temp.o
LOAD /tmp/ccNRhd26.debug.temp.o
LOAD /tmp/ccq452pK.debug.temp.o
LOAD /tmp/ccoJPFzG.debug.temp.o
LOAD /tmp/cceOQuEX.debug.temp.o
LOAD /tmp/ccOsaNps.debug.temp.o
LOAD /tmp/cc57kHU9.debug.temp.o
LOAD /tmp/cceUknxC.debug.temp.o
LOAD /tmp/ccuOSPhS.debug.temp.o
LOAD /tmp/cc5MQyCl.debug.temp.o
LOAD /tmp/ccR9RJJN.debug.temp.o
LOAD /tmp/ccPPAd7e.debug.temp.o
LOAD /tmp/ccV3HCKW.debug.temp.o
LOAD /tmp/ccSvmHOs.debug.temp.o
LOAD /tmp/ccDOch25.debug.temp.o
LOAD /tmp/ccCVFwWX.debug.temp.o
LOAD /tmp/ccoy5768.debug.temp.o
LOAD /tmp/cclhPP0i.debug.temp.o
LOAD /tmp/ccfNw2XC.debug.temp.o
LOAD /tmp/cccfrXXq.debug.temp.o
LOAD /tmp/cc8Ejzlv.debug.temp.o
LOAD /tmp/ccDnuoV7.debug.temp.o
LOAD /tmp/ccUxZI0U.debug.temp.o
LOAD /tmp/ccuoVnWF.debug.temp.o
LOAD /tmp/ccz2URGc.debug.temp.o
LOAD /tmp/ccXoYscS.debug.temp.o
LOAD /tmp/ccsS4mm9.debug.temp.o
LOAD /tmp/ccype9l3.debug.temp.o
LOAD /tmp/cclvBoCh.debug.temp.o
LOAD /tmp/ccdZGv9S.debug.temp.o
LOAD /tmp/cczWH9V9.debug.temp.o
LOAD /tmp/ccpRHQ3v.debug.temp.o
LOAD /tmp/cciSfgh3.debug.temp.o
LOAD /tmp/ccNvucVZ.debug.temp.o
LOAD /tmp/ccaaFtlM.debug.temp.o
LOAD /tmp/ccCG4jOo.debug.temp.o
LOAD /tmp/ccbC9Xz6.debug.temp.o
LOAD /tmp/ccXUQAsN.debug.temp.o
LOAD /tmp/ccg9tAu6.debug.temp.o
LOAD /tmp/cck2i7WQ.debug.temp.o
LOAD /tmp/cckKu9ZO.debug.temp.o
LOAD /tmp/ccK9J1ZO.debug.temp.o
LOAD /tmp/cco0ywNm.debug.temp.o
LOAD /tmp/ccDQr9sW.debug.temp.o
LOAD /tmp/ccaRSecq.debug.temp.o
LOAD /tmp/ccSjTFWa.debug.temp.o
LOAD /tmp/ccONnoaI.debug.temp.o
LOAD /tmp/ccsyKJRt.debug.temp.o
LOAD /tmp/ccL4nQbf.debug.temp.o
LOAD /tmp/cc2TGlgH.debug.temp.o
LOAD /tmp/ccNyLMHb.debug.temp.o
LOAD /tmp/ccvgwFwn.debug.temp.o
LOAD /tmp/ccImBnum.debug.temp.o
LOAD /tmp/ccUUvEzR.debug.temp.o
LOAD /tmp/ccTCdzWq.debug.temp.o
LOAD /tmp/ccTqfQ0V.debug.temp.o
LOAD /tmp/ccprioe2.debug.temp.o
LOAD /tmp/ccLG3rOY.debug.temp.o
LOAD /tmp/ccgN4hHS.debug.temp.o
LOAD /tmp/ccn43wXz.debug.temp.o
LOAD /tmp/ccbklQyO.debug.temp.o
LOAD /tmp/ccPITwVH.debug.temp.o
LOAD /tmp/ccdXupjQ.debug.temp.o
LOAD /tmp/ccZnYaTq.debug.temp.o
LOAD /tmp/cc3ZopEu.debug.temp.o
LOAD /home/enyephy/edk2/edk2/Build/EmulatorX64/DEBUG_GCC5/X64/MdeModulePkg/Universal/Variable/RuntimeDxe/VariableRuntimeDxe/OUTPUT/VariableRuntimeDxe.lib
LOAD /home/enyephy/edk2/edk2/Build/EmulatorX64/DEBUG_GCC5/X64/MdePkg/Library/RegisterFilterLibNull/RegisterFilterLibNull/OUTPUT/FilterLibNull.lib
LOAD /home/enyephy/edk2/edk2/Build/EmulatorX64/DEBUG_GCC5/X64/MdePkg/Library/BaseDebugPrintErrorLevelLib/BaseDebugPrintErrorLevelLib/OUTPUT/BaseDebugPrintErrorLevelLib.lib
LOAD /home/enyephy/edk2/edk2/Build/EmulatorX64/DEBUG_GCC5/X64/MdeModulePkg/Library/DxeReportStatusCodeLib/DxeReportStatusCodeLib/OUTPUT/DxeReportStatusCodeLib.lib
LOAD /home/enyephy/edk2/edk2/Build/EmulatorX64/DEBUG_GCC5/X64/MdePkg/Library/BasePrintLib/BasePrintLib/OUTPUT/BasePrintLib.lib
LOAD /home/enyephy/edk2/edk2/Build/EmulatorX64/DEBUG_GCC5/X64/MdePkg/Library/UefiDevicePathLib/UefiDevicePathLib/OUTPUT/UefiDevicePathLib.lib
LOAD /home/enyephy/edk2/edk2/Build/EmulatorX64/DEBUG_GCC5/X64/MdePkg/Library/DxePcdLib/DxePcdLib/OUTPUT/DxePcdLib.lib
LOAD /home/enyephy/edk2/edk2/Build/EmulatorX64/DEBUG_GCC5/X64/MdeModulePkg/Library/PeiDxeDebugLibReportStatusCode/PeiDxeDebugLibReportStatusCode/OUTPUT/PeiDxeDebugLibReportStatusCode.lib
LOAD /home/enyephy/edk2/edk2/Build/EmulatorX64/DEBUG_GCC5/X64/MdePkg/Library/BaseMemoryLib/BaseMemoryLib/OUTPUT/BaseMemoryLib.lib
LOAD /home/enyephy/edk2/edk2/Build/EmulatorX64/DEBUG_GCC5/X64/MdePkg/Library/BaseLib/BaseLib/OUTPUT/BaseLib.lib
LOAD /home/enyephy/edk2/edk2/Build/EmulatorX64/DEBUG_GCC5/X64/MdePkg/Library/UefiMemoryAllocationLib/UefiMemoryAllocationLib/OUTPUT/UefiMemoryAllocationLib.lib
LOAD /home/enyephy/edk2/edk2/Build/EmulatorX64/DEBUG_GCC5/X64/MdePkg/Library/UefiBootServicesTableLib/UefiBootServicesTableLib/OUTPUT/UefiBootServicesTableLib.lib
LOAD /home/enyephy/edk2/edk2/Build/EmulatorX64/DEBUG_GCC5/X64/MdePkg/Library/UefiRuntimeServicesTableLib/UefiRuntimeServicesTableLib/OUTPUT/UefiRuntimeServicesTableLib.lib
LOAD /home/enyephy/edk2/edk2/Build/EmulatorX64/DEBUG_GCC5/X64/MdePkg/Library/UefiLib/UefiLib/OUTPUT/UefiLib.lib
LOAD /home/enyephy/edk2/edk2/Build/EmulatorX64/DEBUG_GCC5/X64/MdePkg/Library/DxeHobLib/DxeHobLib/OUTPUT/DxeHobLib.lib
LOAD /home/enyephy/edk2/edk2/Build/EmulatorX64/DEBUG_GCC5/X64/EmulatorPkg/Library/DxeEmuLib/DxeEmuLib/OUTPUT/DxeEmuLib.lib
LOAD /home/enyephy/edk2/edk2/Build/EmulatorX64/DEBUG_GCC5/X64/EmulatorPkg/Library/DxeTimerLib/DxeTimerLib/OUTPUT/EmuDxeTimerLib.lib
LOAD /home/enyephy/edk2/edk2/Build/EmulatorX64/DEBUG_GCC5/X64/MdePkg/Library/BaseSafeIntLib/BaseSafeIntLib/OUTPUT/BaseSafeIntLib.lib
LOAD /home/enyephy/edk2/edk2/Build/EmulatorX64/DEBUG_GCC5/X64/MdeModulePkg/Library/VarCheckLib/VarCheckLib/OUTPUT/VarCheckLib.lib
LOAD /home/enyephy/edk2/edk2/Build/EmulatorX64/DEBUG_GCC5/X64/MdePkg/Library/BaseSynchronizationLib/BaseSynchronizationLib/OUTPUT/BaseSynchronizationLib.lib
LOAD /home/enyephy/edk2/edk2/Build/EmulatorX64/DEBUG_GCC5/X64/MdePkg/Library/UefiRuntimeLib/UefiRuntimeLib/OUTPUT/UefiRuntimeLib.lib
LOAD /home/enyephy/edk2/edk2/Build/EmulatorX64/DEBUG_GCC5/X64/MdePkg/Library/DxeServicesTableLib/DxeServicesTableLib/OUTPUT/DxeServicesTableLib.lib
LOAD /home/enyephy/edk2/edk2/Build/EmulatorX64/DEBUG_GCC5/X64/MdePkg/Library/UefiDriverEntryPoint/UefiDriverEntryPoint/OUTPUT/UefiDriverEntryPoint.lib
LOAD /home/enyephy/edk2/edk2/Build/EmulatorX64/DEBUG_GCC5/X64/MdeModulePkg/Library/TpmMeasurementLibNull/TpmMeasurementLibNull/OUTPUT/TpmMeasurementLibNull.lib
LOAD /home/enyephy/edk2/edk2/Build/EmulatorX64/DEBUG_GCC5/X64/MdeModulePkg/Library/AuthVariableLibNull/AuthVariableLibNull/OUTPUT/AuthVariableLibNull.lib
LOAD /home/enyephy/edk2/edk2/Build/EmulatorX64/DEBUG_GCC5/X64/MdeModulePkg/Library/BaseVariableFlashInfoLib/BaseVariableFlashInfoLib/OUTPUT/BaseVariableFlashInfoLib.lib
LOAD /home/enyephy/edk2/edk2/Build/EmulatorX64/DEBUG_GCC5/X64/MdeModulePkg/Library/VariablePolicyLib/VariablePolicyLibRuntimeDxe/OUTPUT/VariablePolicyLibRuntimeDxe.lib
LOAD /home/enyephy/edk2/edk2/Build/EmulatorX64/DEBUG_GCC5/X64/MdeModulePkg/Library/VariablePolicyHelperLib/VariablePolicyHelperLib/OUTPUT/VariablePolicyHelperLib.lib
LOAD /home/enyephy/edk2/edk2/Build/EmulatorX64/DEBUG_GCC5/X64/MdePkg/Library/StackCheckLibNull/StackCheckLibNull/OUTPUT/StackCheckLibNull.lib
LOAD /home/enyephy/edk2/edk2/Build/EmulatorX64/DEBUG_GCC5/X64/MdeModulePkg/Library/VarCheckUefiLib/VarCheckUefiLib/OUTPUT/VarCheckUefiLib.lib
END GROUP
                0x0000000000000228                PECOFF_HEADER_SIZE = 0x228
                0x0000000000000228                . = PECOFF_HEADER_SIZE

.text           0x0000000000000240     0xc77b
 *(.text .text.* .stub .gnu.linkonce.t.*)
 .text.GetFtwProtocol
                0x0000000000000240       0x23 /tmp/ccpgMrIN.ltrans0.ltrans.o
 .text.ProtocolIsVariablePolicyEnabled
                0x0000000000000263       0x1f /tmp/ccpgMrIN.ltrans0.ltrans.o
 .text.GetNonVolatileMaxVariableSize
                0x0000000000000282        0x6 /tmp/ccpgMrIN.ltrans0.ltrans.o
 .text.IsValidVariableHeader
                0x0000000000000288       0x16 /tmp/ccpgMrIN.ltrans0.ltrans.o
 .text.NameSizeOfVariable
                0x000000000000029e       0x34 /tmp/ccpgMrIN.ltrans0.ltrans.o
 .text.DataSizeOfVariable
                0x00000000000002d2       0x37 /tmp/ccpgMrIN.ltrans0.ltrans.o
 .text.GetVariableDataPtr
                0x0000000000000309       0x24 /tmp/ccpgMrIN.ltrans0.ltrans.o
 .text.GetNextVariablePtr
                0x000000000000032d       0x26 /tmp/ccpgMrIN.ltrans0.ltrans.o
 .text.GetEndPointer
                0x0000000000000353        0xd /tmp/ccpgMrIN.ltrans0.ltrans.o
 .text.VariableExLibGetScratchBuffer
                0x0000000000000360       0xaf /tmp/ccpgMrIN.ltrans0.ltrans.o
 .text.VariableExLibAtRuntime
                0x000000000000040f        0xb /tmp/ccpgMrIN.ltrans0.ltrans.o
 .text.InternalAllocatePool
                0x000000000000041a       0x30 /tmp/ccpgMrIN.ltrans0.ltrans.o
 .text.VarCheckInternalIsHexaDecimalDigitCharacter
                0x000000000000044a       0x17 /tmp/ccpgMrIN.ltrans0.ltrans.o
 .text.RuntimeLibExitBootServicesEvent
                0x0000000000000461        0xc /tmp/ccpgMrIN.ltrans0.ltrans.o
 .text.VariablePolicyLibVirtualAddressCallback
                0x000000000000046d       0x36 /tmp/ccpgMrIN.ltrans0.ltrans.o
 .text.DisableVariablePolicy
                0x00000000000004a3       0x32 /tmp/ccpgMrIN.ltrans0.ltrans.o
 .text.LockVariablePolicy
                0x00000000000004d5       0x2f /tmp/ccpgMrIN.ltrans0.ltrans.o
 .text.InternalVarCheckKeyOption
                0x0000000000000504       0x18 /tmp/ccpgMrIN.ltrans0.ltrans.o
 .text.InternalVarCheckAsciiString
                0x000000000000051c       0x48 /tmp/ccpgMrIN.ltrans0.ltrans.o
 .text.InternalVarCheckSizeArray
                0x0000000000000564       0x20 /tmp/ccpgMrIN.ltrans0.ltrans.o
 .text.EfiConvertPointer.constprop.0
                0x0000000000000584        0xf /tmp/ccpgMrIN.ltrans0.ltrans.o
 .text.VariableClassAddressChangeEvent
                0x0000000000000593      0x1d2 /tmp/ccpgMrIN.ltrans0.ltrans.o
 .text.RuntimeLibVirtualNotifyEvent
                0x0000000000000765       0x12 /tmp/ccpgMrIN.ltrans0.ltrans.o
 .text.InternalMemSetMem
                0x0000000000000777       0xba /tmp/ccpgMrIN.ltrans0.ltrans.o
 .text.DebugPrintEnabled
                0x0000000000000831        0x7 /tmp/ccpgMrIN.ltrans0.ltrans.o
                0x0000000000000831                DebugPrintEnabled
 .text.CopyMem  0x0000000000000838      0x25c /tmp/ccpgMrIN.ltrans0.ltrans.o
                0x0000000000000838                CopyMem
 .text.DumpVariablePolicy
                0x0000000000000a94       0x71 /tmp/ccpgMrIN.ltrans0.ltrans.o
 .text.SynchronizeRuntimeVariableCache.constprop.0
                0x0000000000000b05      0x13f /tmp/ccpgMrIN.ltrans0.ltrans.o
 .text.ReportStatusCodeEx.constprop.0
                0x0000000000000c44      0x1d9 /tmp/ccpgMrIN.ltrans0.ltrans.o
 .text.DebugAssert
                0x0000000000000e1d      0x153 /tmp/ccpgMrIN.ltrans0.ltrans.o
                0x0000000000000e1d                DebugAssert
 .text.GetLangFromSupportedLangCodes
                0x0000000000000f70       0xc7 /tmp/ccpgMrIN.ltrans0.ltrans.o
 .text.AcquireLockOnlyAtBootTime
                0x0000000000001037       0x84 /tmp/ccpgMrIN.ltrans0.ltrans.o
 .text.ReleaseLockOnlyAtBootTime
                0x00000000000010bb       0x81 /tmp/ccpgMrIN.ltrans0.ltrans.o
 .text.DevicePathType
                0x000000000000113c       0x32 /tmp/ccpgMrIN.ltrans0.ltrans.o
 .text.DevicePathSubType
                0x000000000000116e       0x33 /tmp/ccpgMrIN.ltrans0.ltrans.o
 .text.DevicePathNodeLength
                0x00000000000011a1       0x34 /tmp/ccpgMrIN.ltrans0.ltrans.o
 .text.IsDevicePathValid
                0x00000000000011d5      0x121 /tmp/ccpgMrIN.ltrans0.ltrans.o
 .text.InternalVarCheckLoadOption
                0x00000000000012f6       0x62 /tmp/ccpgMrIN.ltrans0.ltrans.o
 .text.InternalVarCheckDevicePath
                0x0000000000001358       0x2b /tmp/ccpgMrIN.ltrans0.ltrans.o
 .text.ZeroMem  0x0000000000001383       0x77 /tmp/ccpgMrIN.ltrans0.ltrans.o
 .text.InternalAllocateZeroPool
                0x00000000000013fa       0x2c /tmp/ccpgMrIN.ltrans0.ltrans.o
 .text.CompareMem
                0x0000000000001426       0xca /tmp/ccpgMrIN.ltrans0.ltrans.o
 .text.StrnLenS
                0x00000000000014f0       0x59 /tmp/ccpgMrIN.ltrans0.ltrans.o
 .text.StrLen   0x0000000000001549       0x77 /tmp/ccpgMrIN.ltrans0.ltrans.o
 .text.StrSize  0x00000000000015c0       0x15 /tmp/ccpgMrIN.ltrans0.ltrans.o
 .text.StrCmp   0x00000000000015d5       0x7b /tmp/ccpgMrIN.ltrans0.ltrans.o
 .text.StrnCmp  0x0000000000001650       0xca /tmp/ccpgMrIN.ltrans0.ltrans.o
 .text.AsciiStrLen
                0x000000000000171a       0x63 /tmp/ccpgMrIN.ltrans0.ltrans.o
 .text.AsciiStrSize
                0x000000000000177d       0x12 /tmp/ccpgMrIN.ltrans0.ltrans.o
 .text.AsciiStrnCmp.part.0
                0x000000000000178f       0xbb /tmp/ccpgMrIN.ltrans0.ltrans.o
 .text.GetIndexFromSupportedLangCodes
                0x000000000000184a      0x116 /tmp/ccpgMrIN.ltrans0.ltrans.o
 .text.VariableGetBestLanguage
                0x0000000000001960      0x126 /tmp/ccpgMrIN.ltrans0.ltrans.o
 .text.ReadUnaligned64
                0x0000000000001a86       0x33 /tmp/ccpgMrIN.ltrans0.ltrans.o
 .text.CopyGuid
                0x0000000000001ab9       0x55 /tmp/ccpgMrIN.ltrans0.ltrans.o
 .text.CompareGuid
                0x0000000000001b0e       0x57 /tmp/ccpgMrIN.ltrans0.ltrans.o
 .text.GetVariableStoreStatus
                0x0000000000001b65       0x8e /tmp/ccpgMrIN.ltrans0.ltrans.o
 .text.FindVariableEx
                0x0000000000001bf3      0x169 /tmp/ccpgMrIN.ltrans0.ltrans.o
 .text.FindVariable
                0x0000000000001d5c       0xbc /tmp/ccpgMrIN.ltrans0.ltrans.o
 .text.VariableExLibFindVariable
                0x0000000000001e18      0x130 /tmp/ccpgMrIN.ltrans0.ltrans.o
 .text.VariableServiceQueryVariableInfoInternal
                0x0000000000001f48      0x2d1 /tmp/ccpgMrIN.ltrans0.ltrans.o
 .text.VariableServiceQueryVariableInfo
                0x0000000000002219      0x183 /tmp/ccpgMrIN.ltrans0.ltrans.o
 .text.VariableServiceGetNextVariableInternal
                0x000000000000239c      0x37b /tmp/ccpgMrIN.ltrans0.ltrans.o
 .text.VariableServiceGetNextVariableName
                0x0000000000002717      0x1f7 /tmp/ccpgMrIN.ltrans0.ltrans.o
 .text.VariableExLibFindNextVariable
                0x000000000000290e      0x192 /tmp/ccpgMrIN.ltrans0.ltrans.o
 .text.VariablePropertyGetFunction
                0x0000000000002aa0      0x19b /tmp/ccpgMrIN.ltrans0.ltrans.o
 .text.VarCheckLibVariablePropertyGet
                0x0000000000002c3b       0xf3 /tmp/ccpgMrIN.ltrans0.ltrans.o
 .text.IsUserVariable
                0x0000000000002d2e       0x70 /tmp/ccpgMrIN.ltrans0.ltrans.o
 .text.VarCheckVariablePropertyGet
                0x0000000000002d9e       0xcd /tmp/ccpgMrIN.ltrans0.ltrans.o
 .text.GetBestPolicyMatch
                0x0000000000002e6b       0xf7 /tmp/ccpgMrIN.ltrans0.ltrans.o
 .text.AllocateRuntimeCopyPool
                0x0000000000002f62      0x12f /tmp/ccpgMrIN.ltrans0.ltrans.o
 .text.EfiGetSystemConfigurationTable
                0x0000000000003091       0x6c /tmp/ccpgMrIN.ltrans0.ltrans.o
 .text.GetNextGuidHob
                0x00000000000030fd       0x6c /tmp/ccpgMrIN.ltrans0.ltrans.o
 .text.CreateBasicVariablePolicy.part.0.constprop.0
                0x0000000000003169      0x175 /tmp/ccpgMrIN.ltrans0.ltrans.o
 .text.SetMem.constprop.0
                0x00000000000032de       0x59 /tmp/ccpgMrIN.ltrans0.ltrans.o
 .text.DebugPrintMarker.constprop.0
                0x0000000000003337      0x2ca /tmp/ccpgMrIN.ltrans0.ltrans.o
 .text.DebugPrint
                0x0000000000003601       0xa0 /tmp/ccpgMrIN.ltrans0.ltrans.o
                0x0000000000003601                DebugPrint
 .text.RecordVarErrorFlag
                0x00000000000036a1      0x1ec /tmp/ccpgMrIN.ltrans0.ltrans.o
 .text.CheckRemainingSpaceForConsistencyInternal
                0x000000000000388d      0x239 /tmp/ccpgMrIN.ltrans0.ltrans.o
 .text.CheckRemainingSpaceForConsistency
                0x0000000000003ac6       0x27 /tmp/ccpgMrIN.ltrans0.ltrans.o
 .text.StrCpyS  0x0000000000003aed      0x28c /tmp/ccpgMrIN.ltrans0.ltrans.o
 .text.VariableServiceGetVariable
                0x0000000000003d79      0x201 /tmp/ccpgMrIN.ltrans0.ltrans.o
 .text.StrnCpyS
                0x0000000000003f7a      0x2f1 /tmp/ccpgMrIN.ltrans0.ltrans.o
 .text.FreePool
                0x000000000000426b       0x4f /tmp/ccpgMrIN.ltrans0.ltrans.o
 .text.GetFvbInfoByAddress
                0x00000000000042ba      0x191 /tmp/ccpgMrIN.ltrans0.ltrans.o
 .text.Reclaim  0x000000000000444b      0x8ce /tmp/ccpgMrIN.ltrans0.ltrans.o
 .text.UpdateVariable
                0x0000000000004d19      0xc96 /tmp/ccpgMrIN.ltrans0.ltrans.o
 .text.InitializeVariableQuota
                0x00000000000059af      0x194 /tmp/ccpgMrIN.ltrans0.ltrans.o
 .text.FlushHobVariableToFlash
                0x0000000000005b43      0x30e /tmp/ccpgMrIN.ltrans0.ltrans.o
 .text.VariableExLibUpdateVariable
                0x0000000000005e51       0xe3 /tmp/ccpgMrIN.ltrans0.ltrans.o
 .text.ReclaimForOS.part.0
                0x0000000000005f34       0xae /tmp/ccpgMrIN.ltrans0.ltrans.o
 .text.MeasureVariable
                0x0000000000005fe2      0x1c8 /tmp/ccpgMrIN.ltrans0.ltrans.o
 .text.InternalGetVariable
                0x00000000000061aa      0x102 /tmp/ccpgMrIN.ltrans0.ltrans.o
 .text.VariableServiceSetVariable
                0x00000000000062ac      0xf01 /tmp/ccpgMrIN.ltrans0.ltrans.o
 .text.ReallocateRuntimePool
                0x00000000000071ad       0xd3 /tmp/ccpgMrIN.ltrans0.ltrans.o
 .text.VarCheckAddTableEntry
                0x0000000000007280       0x73 /tmp/ccpgMrIN.ltrans0.ltrans.o
 .text.VarCheckLibVariablePropertySet
                0x00000000000072f3      0x1b3 /tmp/ccpgMrIN.ltrans0.ltrans.o
 .text.VariableWriteServiceInitializeDxe
                0x00000000000074a6      0x2f1 /tmp/ccpgMrIN.ltrans0.ltrans.o
 .text.VarCheckVariablePropertySet
                0x0000000000007797       0xcd /tmp/ccpgMrIN.ltrans0.ltrans.o
 .text.RegisterVariablePolicy
                0x0000000000007864      0x290 /tmp/ccpgMrIN.ltrans0.ltrans.o
 .text.RegisterBasicVariablePolicy.constprop.0
                0x0000000000007af4       0x7a /tmp/ccpgMrIN.ltrans0.ltrans.o
 .text.MorLockInitAtEndOfDxe
                0x0000000000007b6e      0x142 /tmp/ccpgMrIN.ltrans0.ltrans.o
 .text.VarCheckLibInitializeAtEndOfDxe.constprop.0
                0x0000000000007cb0      0x180 /tmp/ccpgMrIN.ltrans0.ltrans.o
 .text.OnReadyToBoot
                0x0000000000007e30      0x112 /tmp/ccpgMrIN.ltrans0.ltrans.o
 .text.OnEndOfDxe
                0x0000000000007f42      0x116 /tmp/ccpgMrIN.ltrans0.ltrans.o
 .text.GetHobList
                0x0000000000008058       0x96 /tmp/ccpgMrIN.ltrans0.ltrans.o
 .text.GetFirstGuidHob
                0x00000000000080ee       0x1e /tmp/ccpgMrIN.ltrans0.ltrans.o
 .text.RegisterTimerArchProtocol
                0x000000000000810c       0xf9 /tmp/ccpgMrIN.ltrans0.ltrans.o
 .text.VarCheckLibRegisterSetVariableCheckHandler.part.0
                0x0000000000008205       0xc7 /tmp/ccpgMrIN.ltrans0.ltrans.o
 .text.VarCheckRegisterSetVariableCheckHandler
                0x00000000000082cc       0xd9 /tmp/ccpgMrIN.ltrans0.ltrans.o
 .text.ValidateSetVariable
                0x00000000000083a5      0x2a5 /tmp/ccpgMrIN.ltrans0.ltrans.o
 .text.VariableLockRequestToLock
                0x000000000000864a      0x18a /tmp/ccpgMrIN.ltrans0.ltrans.o
 .text.SetVariableCheckHandlerUefiDefined
                0x00000000000087d4      0x2be /tmp/ccpgMrIN.ltrans0.ltrans.o
 .text.GetVariablePolicyInfo
                0x0000000000008a92      0x265 /tmp/ccpgMrIN.ltrans0.ltrans.o
 .text.GetLockOnVariableStateVariablePolicyInfo
                0x0000000000008cf7      0x2a5 /tmp/ccpgMrIN.ltrans0.ltrans.o
 .text.EfiCreateProtocolNotifyEvent.constprop.0
                0x0000000000008f9c       0xce /tmp/ccpgMrIN.ltrans0.ltrans.o
 .text.LibPcdGet64.constprop.0
                0x000000000000906a       0x9e /tmp/ccpgMrIN.ltrans0.ltrans.o
 .text.GetVariableFlashNvStorageInfo.part.0
                0x0000000000009108       0xb2 /tmp/ccpgMrIN.ltrans0.ltrans.o
 .text.FtwNotificationEvent
                0x00000000000091ba      0x281 /tmp/ccpgMrIN.ltrans0.ltrans.o
 .text._ModuleEntryPoint
                0x000000000000943b     0x1228 /tmp/ccpgMrIN.ltrans0.ltrans.o
                0x000000000000943b                _ModuleEntryPoint
 .text.UpdateVariableStore.isra.0
                0x000000000000a663      0x24f /tmp/ccpgMrIN.ltrans1.ltrans.o
                0x000000000000a663                UpdateVariableStore.isra.0
 *(.rodata .rodata.* .gnu.linkonce.r.*)
 .rodata.CopyMem.str1.1
                0x000000000000a8b2     0x1c89 /tmp/ccpgMrIN.ltrans0.ltrans.o
                                         0x92 (size before relaxing)
 .rodata.ReportStatusCodeEx.constprop.0.str1.1
                0x000000000000c53b       0x53 /tmp/ccpgMrIN.ltrans0.ltrans.o
 .rodata.DebugAssert.str1.1
                0x000000000000c53b       0x18 /tmp/ccpgMrIN.ltrans0.ltrans.o
 .rodata.GetLangFromSupportedLangCodes.str1.1
                0x000000000000c53b       0x1d /tmp/ccpgMrIN.ltrans0.ltrans.o
 .rodata.AcquireLockOnlyAtBootTime.str1.1
                0x000000000000c53b       0x3d /tmp/ccpgMrIN.ltrans0.ltrans.o
 .rodata.ReleaseLockOnlyAtBootTime.str1.1
                0x000000000000c53b       0x1e /tmp/ccpgMrIN.ltrans0.ltrans.o
 .rodata.DevicePathType.str1.1
                0x000000000000c53b       0x2b /tmp/ccpgMrIN.ltrans0.ltrans.o
 .rodata.ZeroMem.str1.1
                0x000000000000c53b       0x5e /tmp/ccpgMrIN.ltrans0.ltrans.o
 .rodata.CompareMem.str1.1
                0x000000000000c53b       0x53 /tmp/ccpgMrIN.ltrans0.ltrans.o
 .rodata.StrnLenS.str1.1
                0x000000000000c53b       0x2f /tmp/ccpgMrIN.ltrans0.ltrans.o
 .rodata.StrLen.str1.1
                0x000000000000c53b       0x5a /tmp/ccpgMrIN.ltrans0.ltrans.o
 .rodata.StrCmp.str1.1
                0x000000000000c53b       0x37 /tmp/ccpgMrIN.ltrans0.ltrans.o
 .rodata.StrnCmp.str1.1
                0x000000000000c53b       0x3b /tmp/ccpgMrIN.ltrans0.ltrans.o
 .rodata.AsciiStrLen.str1.1
                0x000000000000c53b       0x38 /tmp/ccpgMrIN.ltrans0.ltrans.o
 .rodata.AsciiStrnCmp.part.0.str1.1
                0x000000000000c53b       0x70 /tmp/ccpgMrIN.ltrans0.ltrans.o
 .rodata.ReadUnaligned64.str1.1
                0x000000000000c53b        0xc /tmp/ccpgMrIN.ltrans0.ltrans.o
 .rodata.FindVariableEx.str1.1
                0x000000000000c53b       0x4a /tmp/ccpgMrIN.ltrans0.ltrans.o
 .rodata.VariableServiceGetNextVariableInternal.str1.1
                0x000000000000c53b       0x21 /tmp/ccpgMrIN.ltrans0.ltrans.o
 .rodata.VariableServiceGetNextVariableName.str1.1
                0x000000000000c53b       0x11 /tmp/ccpgMrIN.ltrans0.ltrans.o
 .rodata.AllocateRuntimeCopyPool.str1.1
                0x000000000000c53b       0x54 /tmp/ccpgMrIN.ltrans0.ltrans.o
 .rodata.GetNextGuidHob.str1.1
                0x000000000000c53b       0x22 /tmp/ccpgMrIN.ltrans0.ltrans.o
 .rodata.CreateBasicVariablePolicy.part.0.constprop.0.str1.1
                0x000000000000c53b       0x38 /tmp/ccpgMrIN.ltrans0.ltrans.o
 .rodata.SetMem.constprop.0.str1.1
                0x000000000000c53b       0x48 /tmp/ccpgMrIN.ltrans0.ltrans.o
 .rodata.DebugPrintMarker.constprop.0.str1.1
                0x000000000000c53b      0x141 /tmp/ccpgMrIN.ltrans0.ltrans.o
 .rodata.RecordVarErrorFlag.str1.1
                0x000000000000c53b      0x153 /tmp/ccpgMrIN.ltrans0.ltrans.o
 *fill*         0x000000000000c53b        0x1 
 .rodata.RecordVarErrorFlag.str2.2
                0x000000000000c53c      0x3e4 /tmp/ccpgMrIN.ltrans0.ltrans.o
                                         0x1a (size before relaxing)
 .rodata.ProcessLibraryDestructorList.str1.1
                0x000000000000c920       0x2b /tmp/ccpgMrIN.ltrans0.ltrans.o
 .rodata.StrCpyS.str1.1
                0x000000000000c920      0x123 /tmp/ccpgMrIN.ltrans0.ltrans.o
 .rodata.VariableServiceGetVariable.str1.1
                0x000000000000c920       0x11 /tmp/ccpgMrIN.ltrans0.ltrans.o
 .rodata.StrnCpyS.str1.1
                0x000000000000c920       0x3f /tmp/ccpgMrIN.ltrans0.ltrans.o
 .rodata.Reclaim.str1.1
                0x000000000000c920       0x6a /tmp/ccpgMrIN.ltrans0.ltrans.o
 .rodata.UpdateVariable.str1.1
                0x000000000000c920       0xf1 /tmp/ccpgMrIN.ltrans0.ltrans.o
 .rodata.InitializeVariableQuota.str1.1
                0x000000000000c920       0x27 /tmp/ccpgMrIN.ltrans0.ltrans.o
 .rodata.FlushHobVariableToFlash.str1.1
                0x000000000000c920       0xeb /tmp/ccpgMrIN.ltrans0.ltrans.o
 .rodata.MeasureVariable.str1.1
                0x000000000000c920       0xc3 /tmp/ccpgMrIN.ltrans0.ltrans.o
 .rodata.InternalGetVariable.str1.1
                0x000000000000c920       0x17 /tmp/ccpgMrIN.ltrans0.ltrans.o
 .rodata.VariableServiceSetVariable.str2.2
                0x000000000000c920       0x80 /tmp/ccpgMrIN.ltrans0.ltrans.o
 .rodata.VariableServiceSetVariable.str1.1
                0x000000000000c920      0x45e /tmp/ccpgMrIN.ltrans0.ltrans.o
 .rodata.VariableWriteServiceInitializeDxe.str1.1
                0x000000000000c920       0xf9 /tmp/ccpgMrIN.ltrans0.ltrans.o
 .rodata.VariableWriteServiceInitializeDxe.str2.2
                0x000000000000c920       0x80 /tmp/ccpgMrIN.ltrans0.ltrans.o
 .rodata.MorLockInitAtEndOfDxe.str1.1
                0x000000000000c920       0x58 /tmp/ccpgMrIN.ltrans0.ltrans.o
 .rodata.VarCheckLibInitializeAtEndOfDxe.constprop.0.str1.1
                0x000000000000c920       0x3c /tmp/ccpgMrIN.ltrans0.ltrans.o
 .rodata.OnEndOfDxe.str1.1
                0x000000000000c920       0x22 /tmp/ccpgMrIN.ltrans0.ltrans.o
 .rodata.GetHobList.str1.1
                0x000000000000c920       0x19 /tmp/ccpgMrIN.ltrans0.ltrans.o
 .rodata.RegisterTimerArchProtocol.str1.1
                0x000000000000c920        0xe /tmp/ccpgMrIN.ltrans0.ltrans.o
 .rodata.VarCheckLibRegisterSetVariableCheckHandler.part.0.str1.1
                0x000000000000c920       0x36 /tmp/ccpgMrIN.ltrans0.ltrans.o
 .rodata.ValidateSetVariable.str1.1
                0x000000000000c920       0x6f /tmp/ccpgMrIN.ltrans0.ltrans.o
 .rodata.VariableLockRequestToLock.str1.1
                0x000000000000c920      0x117 /tmp/ccpgMrIN.ltrans0.ltrans.o
 .rodata.SetVariableCheckHandlerUefiDefined.str2.2
                0x000000000000c920       0x2c /tmp/ccpgMrIN.ltrans0.ltrans.o
 .rodata.SetVariableCheckHandlerUefiDefined.str1.1
                0x000000000000c920       0x64 /tmp/ccpgMrIN.ltrans0.ltrans.o
 .rodata.GetVariablePolicyInfo.str1.1
                0x000000000000c920       0xd1 /tmp/ccpgMrIN.ltrans0.ltrans.o
 .rodata.LibPcdGet64.constprop.0.str1.1
                0x000000000000c920       0x21 /tmp/ccpgMrIN.ltrans0.ltrans.o
 .rodata.GetVariableFlashNvStorageInfo.part.0.str1.1
                0x000000000000c920       0x4d /tmp/ccpgMrIN.ltrans0.ltrans.o
 .rodata.FtwNotificationEvent.str1.1
                0x000000000000c920       0xa6 /tmp/ccpgMrIN.ltrans0.ltrans.o
 .rodata._ModuleEntryPoint.str1.1
                0x000000000000c920      0x592 /tmp/ccpgMrIN.ltrans0.ltrans.o
 .rodata.__func__.14
                0x000000000000c920        0xe /tmp/ccpgMrIN.ltrans0.ltrans.o
 *fill*         0x000000000000c92e        0x2 
 .rodata.__func__.0.lto_priv.2
                0x000000000000c930       0x14 /tmp/ccpgMrIN.ltrans0.ltrans.o
 .rodata.str2.2
                0x000000000000c944      0x2c2 /tmp/ccpgMrIN.ltrans0.ltrans.o
 *fill*         0x000000000000c944        0x4 
 .rodata.__func__.26
                0x000000000000c948        0x9 /tmp/ccpgMrIN.ltrans0.ltrans.o
 *fill*         0x000000000000c951        0x7 
 .rodata.__func__.27
                0x000000000000c958        0x8 /tmp/ccpgMrIN.ltrans0.ltrans.o
 .rodata.__func__.0.lto_priv.1
                0x000000000000c960       0x1a /tmp/ccpgMrIN.ltrans0.ltrans.o
 *fill*         0x000000000000c97a        0x6 
 .rodata.__func__.0.lto_priv.0
                0x000000000000c980       0x16 /tmp/ccpgMrIN.ltrans0.ltrans.o
 *fill*         0x000000000000c996        0xa 
 .rodata.__func__.1
                0x000000000000c9a0       0x1b /tmp/ccpgMrIN.ltrans0.ltrans.o
 .rodata.UpdateVariableStore.isra.0.str1.1
                0x000000000000c9bb       0x62 /tmp/ccpgMrIN.ltrans1.ltrans.o
 *(.got .got.*)
 .got           0x000000000000c9bb        0x0 Reclaim.obj (symbol from plugin)
 .got.plt       0x000000000000c9bb        0x0 Reclaim.obj (symbol from plugin)
 *:AutoGen.obj(.data.g*Guid)

.plt            0x000000000000c9c0        0x0
 .plt           0x000000000000c9c0        0x0 Reclaim.obj (symbol from plugin)

.plt.got        0x000000000000c9c0        0x0
 .plt.got       0x000000000000c9c0        0x0 Reclaim.obj (symbol from plugin)

.data           0x000000000000c9c0      0xcd0
 *(.data .data.* .gnu.linkonce.d.*)
 .data.gEfiStatusCodeRuntimeProtocolGuid
                0x000000000000c9c0       0x10 /tmp/ccpgMrIN.ltrans0.ltrans.o
 .data.gEfiCallerIdGuid
                0x000000000000c9d0       0x10 /tmp/ccpgMrIN.ltrans0.ltrans.o
 .data.gEfiStatusCodeSpecificDataGuid
                0x000000000000c9e0       0x10 /tmp/ccpgMrIN.ltrans0.ltrans.o
 .data.gEfiStatusCodeDataTypeDebugGuid
                0x000000000000c9f0       0x10 /tmp/ccpgMrIN.ltrans0.ltrans.o
 .data.gPcdProtocolGuid
                0x000000000000ca00       0x10 /tmp/ccpgMrIN.ltrans0.ltrans.o
 .data.rel.ro.local.mUefiDefinedGuid
                0x000000000000ca10       0x18 /tmp/ccpgMrIN.ltrans0.ltrans.o
 *fill*         0x000000000000ca28        0x8 
 .data.gVariableFlashInfoHobGuid
                0x000000000000ca30       0x10 /tmp/ccpgMrIN.ltrans0.ltrans.o
 .data.gEmuThunkProtocolGuid
                0x000000000000ca40       0x10 /tmp/ccpgMrIN.ltrans0.ltrans.o
 .data.gEfiDxeServicesTableGuid
                0x000000000000ca50       0x10 /tmp/ccpgMrIN.ltrans0.ltrans.o
 .data.gEfiHardwareErrorVariableGuid
                0x000000000000ca60       0x10 /tmp/ccpgMrIN.ltrans0.ltrans.o
 *fill*         0x000000000000ca70       0x10 
 .data.rel.local.mHwErrRecVariable
                0x000000000000ca80       0x28 /tmp/ccpgMrIN.ltrans0.ltrans.o
 *fill*         0x000000000000caa8       0x18 
 .data.rel.local.mImageSecurityVariableList
                0x000000000000cac0       0x78 /tmp/ccpgMrIN.ltrans0.ltrans.o
 *fill*         0x000000000000cb38        0x8 
 .data.rel.local.mGlobalVariableList2
                0x000000000000cb40       0xc8 /tmp/ccpgMrIN.ltrans0.ltrans.o
 *fill*         0x000000000000cc08       0x18 
 .data.rel.local.mGlobalVariableList
                0x000000000000cc20      0x4d8 /tmp/ccpgMrIN.ltrans0.ltrans.o
 *fill*         0x000000000000d0f8        0x8 
 .data.gEfiSystemNvDataFvGuid
                0x000000000000d100       0x10 /tmp/ccpgMrIN.ltrans0.ltrans.o
 .data.gEdkiiFaultTolerantWriteGuid
                0x000000000000d110       0x10 /tmp/ccpgMrIN.ltrans0.ltrans.o
 .data.gEfiEventReadyToBootGuid
                0x000000000000d120       0x10 /tmp/ccpgMrIN.ltrans0.ltrans.o
 *fill*         0x000000000000d130       0x10 
 .data.rel.local.mVariablePolicyProtocol
                0x000000000000d140       0x40 /tmp/ccpgMrIN.ltrans0.ltrans.o
 .data.gEfiEndOfDxeEventGroupGuid
                0x000000000000d180       0x10 /tmp/ccpgMrIN.ltrans0.ltrans.o
 .data.gEfiEventVirtualAddressChangeGuid
                0x000000000000d190       0x10 /tmp/ccpgMrIN.ltrans0.ltrans.o
 .data.gEfiVariableArchProtocolGuid
                0x000000000000d1a0       0x10 /tmp/ccpgMrIN.ltrans0.ltrans.o
 .data.rel.local.mVarCheck
                0x000000000000d1b0       0x18 /tmp/ccpgMrIN.ltrans0.ltrans.o
 *fill*         0x000000000000d1c8        0x8 
 .data.gEdkiiVarCheckProtocolGuid
                0x000000000000d1d0       0x10 /tmp/ccpgMrIN.ltrans0.ltrans.o
 .data.rel.local.mVariableLock
                0x000000000000d1e0        0x8 /tmp/ccpgMrIN.ltrans0.ltrans.o
 *fill*         0x000000000000d1e8        0x8 
 .data.gEdkiiVariableLockProtocolGuid
                0x000000000000d1f0       0x10 /tmp/ccpgMrIN.ltrans0.ltrans.o
 .data.rel.local.mVarCheckVariableWithWildcardName
                0x000000000000d200       0xf0 /tmp/ccpgMrIN.ltrans0.ltrans.o
 .data.gEfiTimerArchProtocolGuid
                0x000000000000d2f0       0x10 /tmp/ccpgMrIN.ltrans0.ltrans.o
 .data.gEfiHobListGuid
                0x000000000000d300       0x10 /tmp/ccpgMrIN.ltrans0.ltrans.o
 .data.gEdkiiVariablePolicyProtocolGuid
                0x000000000000d310       0x10 /tmp/ccpgMrIN.ltrans0.ltrans.o
 .data.gEfiMemoryOverwriteControlDataGuid
                0x000000000000d320       0x10 /tmp/ccpgMrIN.ltrans0.ltrans.o
 .data.gEfiMemoryOverwriteRequestControlLockGuid
                0x000000000000d330       0x10 /tmp/ccpgMrIN.ltrans0.ltrans.o
 .data.rel.local.mVariableEntryProperty
                0x000000000000d340       0x28 /tmp/ccpgMrIN.ltrans0.ltrans.o
 *fill*         0x000000000000d368       0x18 
 .data.rel.local.mAuthContextIn
                0x000000000000d380       0x48 /tmp/ccpgMrIN.ltrans0.ltrans.o
 *fill*         0x000000000000d3c8        0x8 
 .data.gEfiVariableWriteArchProtocolGuid
                0x000000000000d3d0       0x10 /tmp/ccpgMrIN.ltrans0.ltrans.o
 .data.gEfiVariableGuid
                0x000000000000d3e0       0x10 /tmp/ccpgMrIN.ltrans0.ltrans.o
 .data.gEfiAuthenticatedVariableGuid
                0x000000000000d3f0       0x10 /tmp/ccpgMrIN.ltrans0.ltrans.o
 .data.gEfiFaultTolerantWriteProtocolGuid
                0x000000000000d400       0x10 /tmp/ccpgMrIN.ltrans0.ltrans.o
 .data.gEfiFirmwareVolumeBlockProtocolGuid
                0x000000000000d410       0x10 /tmp/ccpgMrIN.ltrans0.ltrans.o
 .data.rel.ro.local.mVariableType
                0x000000000000d420       0x70 /tmp/ccpgMrIN.ltrans0.ltrans.o
 .data.gEfiGlobalVariableGuid
                0x000000000000d490       0x10 /tmp/ccpgMrIN.ltrans0.ltrans.o
 .data.gEfiImageSecurityDatabaseGuid
                0x000000000000d4a0       0x10 /tmp/ccpgMrIN.ltrans0.ltrans.o
 .data.gEfiDeviceSignatureDatabaseGuid
                0x000000000000d4b0       0x10 /tmp/ccpgMrIN.ltrans0.ltrans.o
 .data.gEdkiiVarErrorFlagGuid
                0x000000000000d4c0       0x10 /tmp/ccpgMrIN.ltrans0.ltrans.o
 .data.mCurrentBootVarErrFlag
                0x000000000000d4d0        0x1 /tmp/ccpgMrIN.ltrans0.ltrans.o
 .data.rel.ro   0x000000000000d4d1        0x0 Reclaim.obj (symbol from plugin)
 *(.bss .bss.*)
 *fill*         0x000000000000d4d1        0x7 
 .bss.mReportStatusCodeLibStatusCodeProtocol
                0x000000000000d4d8        0x8 /tmp/ccpgMrIN.ltrans0.ltrans.o
 .bss.mPcd      0x000000000000d4e0        0x8 /tmp/ccpgMrIN.ltrans0.ltrans.o
 .bss.mVarCheckLibAddressPointerMaxCount
                0x000000000000d4e8        0x8 /tmp/ccpgMrIN.ltrans0.ltrans.o
 .bss.mVarCheckLibAddressPointerCount
                0x000000000000d4f0        0x8 /tmp/ccpgMrIN.ltrans0.ltrans.o
 .bss.mVarCheckLibAddressPointer
                0x000000000000d4f8        0x8 /tmp/ccpgMrIN.ltrans0.ltrans.o
 .bss.mVarCheckLibEndOfDxeCallbackCount
                0x000000000000d500        0x8 /tmp/ccpgMrIN.ltrans0.ltrans.o
 .bss.mVarCheckLibEndOfDxeCallback
                0x000000000000d508        0x8 /tmp/ccpgMrIN.ltrans0.ltrans.o
 .bss.gImageHandle
                0x000000000000d510        0x8 /tmp/ccpgMrIN.ltrans0.ltrans.o
 .bss.gEmuThunk
                0x000000000000d518        0x8 /tmp/ccpgMrIN.ltrans0.ltrans.o
 .bss.gRegistration
                0x000000000000d520        0x8 /tmp/ccpgMrIN.ltrans0.ltrans.o
 .bss.mVariablePolicyLibVirtualAddressChangeEvent
                0x000000000000d528        0x8 /tmp/ccpgMrIN.ltrans0.ltrans.o
 .bss.mCurrentTableCount
                0x000000000000d530        0x4 /tmp/ccpgMrIN.ltrans0.ltrans.o
 .bss.mCurrentTableUsage
                0x000000000000d534        0x4 /tmp/ccpgMrIN.ltrans0.ltrans.o
 .bss.mCurrentTableSize
                0x000000000000d538        0x4 /tmp/ccpgMrIN.ltrans0.ltrans.o
 *fill*         0x000000000000d53c        0x4 
 .bss.mPolicyTable
                0x000000000000d540        0x8 /tmp/ccpgMrIN.ltrans0.ltrans.o
 .bss.mInterfaceLocked
                0x000000000000d548        0x1 /tmp/ccpgMrIN.ltrans0.ltrans.o
 *fill*         0x000000000000d549        0x7 
 .bss.mVirtualAddressChangeEvent
                0x000000000000d550        0x8 /tmp/ccpgMrIN.ltrans0.ltrans.o
 .bss.mFtwRegistration
                0x000000000000d558        0x8 /tmp/ccpgMrIN.ltrans0.ltrans.o
 .bss.mInternalRT
                0x000000000000d560        0x8 /tmp/ccpgMrIN.ltrans0.ltrans.o
 .bss.mMaxNumberOfVarCheckHandler
                0x000000000000d568        0x8 /tmp/ccpgMrIN.ltrans0.ltrans.o
 .bss.mMaxNumberOfVarCheckVariable
                0x000000000000d570        0x8 /tmp/ccpgMrIN.ltrans0.ltrans.o
 .bss.mNumberOfVarCheckVariable
                0x000000000000d578        0x8 /tmp/ccpgMrIN.ltrans0.ltrans.o
 .bss.mVarCheckVariableTable
                0x000000000000d580        0x8 /tmp/ccpgMrIN.ltrans0.ltrans.o
 .bss.gTimerEvent
                0x000000000000d588        0x8 /tmp/ccpgMrIN.ltrans0.ltrans.o
 .bss.gTimerPeriod
                0x000000000000d590        0x8 /tmp/ccpgMrIN.ltrans0.ltrans.o
 .bss.gTimerAp  0x000000000000d598        0x8 /tmp/ccpgMrIN.ltrans0.ltrans.o
 .bss.mHobList  0x000000000000d5a0        0x8 /tmp/ccpgMrIN.ltrans0.ltrans.o
 .bss.gST       0x000000000000d5a8        0x8 /tmp/ccpgMrIN.ltrans0.ltrans.o
 .bss.mEfiExitBootServicesEvent
                0x000000000000d5b0        0x8 /tmp/ccpgMrIN.ltrans0.ltrans.o
 .bss.mEfiVirtualNotifyEvent
                0x000000000000d5b8        0x8 /tmp/ccpgMrIN.ltrans0.ltrans.o
 .bss.gRT       0x000000000000d5c0        0x8 /tmp/ccpgMrIN.ltrans0.ltrans.o
 .bss.mProtectionDisabled
                0x000000000000d5c8        0x1 /tmp/ccpgMrIN.ltrans0.ltrans.o
 *fill*         0x000000000000d5c9        0x7 
 .bss.mGetVariableHelper
                0x000000000000d5d0        0x8 /tmp/ccpgMrIN.ltrans0.ltrans.o
 .bss.gDS       0x000000000000d5d8        0x8 /tmp/ccpgMrIN.ltrans0.ltrans.o
 .bss.mHandle   0x000000000000d5e0        0x8 /tmp/ccpgMrIN.ltrans0.ltrans.o
 .bss.mVarCheckAddressPointerCount
                0x000000000000d5e8        0x8 /tmp/ccpgMrIN.ltrans0.ltrans.o
 .bss.mVarCheckAddressPointer
                0x000000000000d5f0        0x8 /tmp/ccpgMrIN.ltrans0.ltrans.o
 *fill*         0x000000000000d5f8        0x8 
 .bss.mAuthContextOut
                0x000000000000d600       0x30 /tmp/ccpgMrIN.ltrans0.ltrans.o
 .bss.mNvFvHeaderCache
                0x000000000000d630        0x8 /tmp/ccpgMrIN.ltrans0.ltrans.o
                0x000000000000d630                mNvFvHeaderCache
 .bss.Reclaimed.0
                0x000000000000d638        0x1 /tmp/ccpgMrIN.ltrans0.ltrans.o
 *fill*         0x000000000000d639        0x7 
 .bss.gBS       0x000000000000d640        0x8 /tmp/ccpgMrIN.ltrans0.ltrans.o
 .bss.mNumberOfVarCheckHandler
                0x000000000000d648        0x8 /tmp/ccpgMrIN.ltrans0.ltrans.o
 .bss.mVarCheckHandlerTable
                0x000000000000d650        0x8 /tmp/ccpgMrIN.ltrans0.ltrans.o
 .bss.mVarCheckLibEndOfDxe
                0x000000000000d658        0x1 /tmp/ccpgMrIN.ltrans0.ltrans.o
 *fill*         0x000000000000d659        0x7 
 .bss.mSecureBootVarDataSize
                0x000000000000d660        0x8 /tmp/ccpgMrIN.ltrans0.ltrans.o
 .bss.mSecureBootVarData
                0x000000000000d668        0x8 /tmp/ccpgMrIN.ltrans0.ltrans.o
 .bss.mEfiAtRuntime
                0x000000000000d670        0x1 /tmp/ccpgMrIN.ltrans0.ltrans.o
 *fill*         0x000000000000d671        0x7 
 .bss.mNvVariableCache
                0x000000000000d678        0x8 /tmp/ccpgMrIN.ltrans0.ltrans.o
                0x000000000000d678                mNvVariableCache
 .bss.mEndOfDxe
                0x000000000000d680        0x1 /tmp/ccpgMrIN.ltrans0.ltrans.o
 *fill*         0x000000000000d681        0x7 
 .bss.mVariableModuleGlobal
                0x000000000000d688        0x8 /tmp/ccpgMrIN.ltrans0.ltrans.o
                0x000000000000d688                mVariableModuleGlobal

.eh_frame       0x000000000000d6c0        0x0
 *(.eh_frame)
 .eh_frame      0x000000000000d6c0        0x0 Reclaim.obj (symbol from plugin)
 .eh_frame      0x000000000000d6c0        0x0 Reclaim.obj (symbol from plugin)

.dynbss         0x000000000000d6c0        0x0
 .dynbss        0x000000000000d6c0        0x0 Reclaim.obj (symbol from plugin)

.gnu.version_d  0x000000000000d6c0        0x0
 .gnu.version_d
                0x000000000000d6c0        0x0 Reclaim.obj (symbol from plugin)

.gnu.version    0x000000000000d6c0        0x0
 .gnu.version   0x000000000000d6c0        0x0 Reclaim.obj (symbol from plugin)

.gnu.version_r  0x000000000000d6c0        0x0
 .gnu.version_r
                0x000000000000d6c0        0x0 Reclaim.obj (symbol from plugin)

.sframe         0x000000000000d6c0        0x0
 .sframe        0x000000000000d6c0        0x0 Reclaim.obj (symbol from plugin)

.rela           0x000000000000d6c0      0xa08
 *(.rela .rela.*)
 .rela.plt      0x000000000000d6c0        0x0 Reclaim.obj (symbol from plugin)
 .rela.got      0x000000000000d6c0        0x0 Reclaim.obj (symbol from plugin)
 .rela.bss      0x000000000000d6c0        0x0 Reclaim.obj (symbol from plugin)
 .rela.data.rel.ro
                0x000000000000d6c0        0x0 Reclaim.obj (symbol from plugin)
 .rela.ifunc    0x000000000000d6c0        0x0 Reclaim.obj (symbol from plugin)
 .rela.data.rel.ro.local.mUefiDefinedGuid
                0x000000000000d6c0       0x48 Reclaim.obj (symbol from plugin)
 .rela.data.rel.local.mHwErrRecVariable
                0x000000000000d708       0x18 Reclaim.obj (symbol from plugin)
 .rela.data.rel.local.mImageSecurityVariableList
                0x000000000000d720       0x48 Reclaim.obj (symbol from plugin)
 .rela.data.rel.local.mGlobalVariableList2
                0x000000000000d768       0xf0 Reclaim.obj (symbol from plugin)
 .rela.data.rel.local.mGlobalVariableList
                0x000000000000d858      0x438 Reclaim.obj (symbol from plugin)
 .rela.data.rel.local.mVariablePolicyProtocol
                0x000000000000dc90       0xa8 Reclaim.obj (symbol from plugin)
 .rela.data.rel.local.mVarCheck
                0x000000000000dd38       0x48 Reclaim.obj (symbol from plugin)
 .rela.data.rel.local.mVariableLock
                0x000000000000dd80       0x18 Reclaim.obj (symbol from plugin)
 .rela.data.rel.local.mVarCheckVariableWithWildcardName
                0x000000000000dd98      0x120 Reclaim.obj (symbol from plugin)
 .rela.data.rel.local.mVariableEntryProperty
                0x000000000000deb8       0x30 Reclaim.obj (symbol from plugin)
 .rela.data.rel.local.mAuthContextIn
                0x000000000000dee8       0x90 Reclaim.obj (symbol from plugin)
 .rela.data.rel.ro.local.mVariableType
                0x000000000000df78      0x150 Reclaim.obj (symbol from plugin)

.hii
 *(.hii)

.got
 *(.got)
                0x0000000000000001                ASSERT ((SIZEOF (.got) == 0x0), Unexpected GOT entries detected!)

.got.plt
 *(.got.plt)
                0x0000000000000001                ASSERT ((((SIZEOF (.got.plt) == 0x0) || (SIZEOF (.got.plt) == 0xc)) || (SIZEOF (.got.plt) == 0x18)), Unexpected GOT/PLT entries detected!)

.build-id       0x000000000000e0c8       0x24
 *(.note.gnu.build-id)
 .note.gnu.build-id
                0x000000000000e0c8       0x24 Reclaim.obj (symbol from plugin)

/DISCARD/
 *(.note.GNU-stack)
 *(.gnu_debuglink)
 *(.interp)
 *(.dynsym)
 *(.dynstr)
 *(.dynamic)
 *(.hash .gnu.hash)
 *(.comment)
OUTPUT(/home/enyephy/edk2/edk2/Build/EmulatorX64/DEBUG_GCC5/X64/MdeModulePkg/Universal/Variable/RuntimeDxe/VariableRuntimeDxe/DEBUG/VariableRuntimeDxe.dll elf64-x86-64)

.debug_info     0x0000000000000000    0x3b55c
 .debug_info    0x0000000000000000     0xe13c /tmp/ccpgMrIN.ltrans0.ltrans.o
 .debug_info    0x000000000000e13c      0x256 /tmp/ccpgMrIN.ltrans1.ltrans.o
 .debug_info    0x000000000000e392      0x756 /tmp/ccuziH27.debug.temp.o
                0x000000000000e392                Reclaim.c.56c2058e
 .debug_info    0x000000000000eae8     0x2504 /tmp/cca5Y8zB.debug.temp.o
                0x000000000000eae8                Variable.c.c7561455
 .debug_info    0x0000000000010fec     0x3033 /tmp/cche8nw1.debug.temp.o
                0x0000000000010fec                VariableDxe.c.eb9f9f8a
 .debug_info    0x000000000001401f      0xcda /tmp/ccbPLpoC.debug.temp.o
                0x000000000001401f                VariableNonVolatile.c.6c73274f
 .debug_info    0x0000000000014cf9      0xa44 /tmp/cc1nzY4Z.debug.temp.o
                0x0000000000014cf9                VariableParsing.c.d70bbaaf
 .debug_info    0x000000000001573d      0x6b3 /tmp/ccG1gVLI.debug.temp.o
                0x000000000001573d                VariableRuntimeCache.c.f3d60eb4
 .debug_info    0x0000000000015df0      0xb39 /tmp/cc1tRZ5D.debug.temp.o
                0x0000000000015df0                Measurement.c.c8cef483
 .debug_info    0x0000000000016929     0x1225 /tmp/ccBted7t.debug.temp.o
                0x0000000000016929                TcgMorLockDxe.c.4fb0ac5b
 .debug_info    0x0000000000017b4e      0x7ee /tmp/cck1eN6Y.debug.temp.o
                0x0000000000017b4e                VarCheck.c.a51caf99
 .debug_info    0x000000000001833c      0xbde /tmp/ccbnrFAf.debug.temp.o
                0x000000000001833c                VariableExLib.c.a88aee1e
 .debug_info    0x0000000000018f1a      0x3b5 /tmp/ccb3wZAB.debug.temp.o
                0x0000000000018f1a                VariableLockRequestToLock.c.5ddc512a
 .debug_info    0x00000000000192cf     0x212a /tmp/cczeeqX3.debug.temp.o
                0x00000000000192cf                AutoGen.c.7ca433f2
 .debug_info    0x000000000001b3f9     0x141a /tmp/ccO4qyoO.debug.temp.o
                0x000000000001b3f9                ReportStatusCodeLib.c.4c2eaffe
 .debug_info    0x000000000001c813      0x6ac /tmp/ccfrPMbh.debug.temp.o
                0x000000000001c813                DevicePathUtilities.c.87eea190
 .debug_info    0x000000000001cebf     0x20de /tmp/ccI3CvDi.debug.temp.o
                0x000000000001cebf                DxePcdLib.c.b0b68b90
 .debug_info    0x000000000001ef9d      0x6b3 /tmp/ccSACZgq.debug.temp.o
                0x000000000001ef9d                DebugLib.c.2d6fe6b5
 .debug_info    0x000000000001f650      0x136 /tmp/ccjFnEsT.debug.temp.o
                0x000000000001f650                SetMem.c.067db904
 .debug_info    0x000000000001f786      0x104 /tmp/ccJGf1Y3.debug.temp.o
                0x000000000001f786                ZeroMemWrapper.c.fa9bde53
 .debug_info    0x000000000001f88a      0x12d /tmp/ccjxEdjY.debug.temp.o
                0x000000000001f88a                CompareMemWrapper.c.393a2517
 .debug_info    0x000000000001f9b7      0x11f /tmp/ccSn7W9l.debug.temp.o
                0x000000000001f9b7                SetMemWrapper.c.9c46aa80
 .debug_info    0x000000000001fad6      0x119 /tmp/ccAyeAOQ.debug.temp.o
                0x000000000001fad6                CopyMemWrapper.c.142d450e
 .debug_info    0x000000000001fbef      0x32b /tmp/cceLWi6b.debug.temp.o
                0x000000000001fbef                MemLibGeneric.c.eb650022
 .debug_info    0x000000000001ff1a      0x273 /tmp/ccPSqmkU.debug.temp.o
                0x000000000001ff1a                MemLibGuid.c.858d5190
 .debug_info    0x000000000002018d      0x154 /tmp/ccaTJfLe.debug.temp.o
                0x000000000002018d                CopyMem.c.b8ca362b
 .debug_info    0x00000000000202e1      0x1a7 /tmp/ccpk76GC.debug.temp.o
                0x00000000000202e1                SetJump.c.327db9a4
 .debug_info    0x0000000000020488       0xc3 /tmp/ccaUO2MJ.debug.temp.o
                0x0000000000020488                MultU64x32.c.256c91f9
 .debug_info    0x000000000002054b       0xa8 /tmp/ccuOSPhS.debug.temp.o
                0x000000000002054b                CpuDeadLoop.c.e9e3081e
 .debug_info    0x00000000000205f3     0x1098 /tmp/ccPPAd7e.debug.temp.o
                0x00000000000205f3                SafeString.c.ccdd9b63
 .debug_info    0x000000000002168b      0x7a9 /tmp/ccV3HCKW.debug.temp.o
                0x000000000002168b                String.c.f3e4df58
 .debug_info    0x0000000000021e34      0x2d6 /tmp/ccoy5768.debug.temp.o
                0x0000000000021e34                Math64.c.08475ee6
 .debug_info    0x000000000002210a      0x228 /tmp/cclhPP0i.debug.temp.o
                0x000000000002210a                Unaligned.c.c12f3424
 .debug_info    0x0000000000022332      0x2e1 /tmp/ccaaFtlM.debug.temp.o
                0x0000000000022332                GccInline.c.9d78b22c
 .debug_info    0x0000000000022613     0x1366 /tmp/ccXUQAsN.debug.temp.o
                0x0000000000022613                MemoryAllocationLib.c.97f90389
 .debug_info    0x0000000000023979     0x1787 /tmp/ccg9tAu6.debug.temp.o
                0x0000000000023979                UefiBootServicesTableLib.c.b41c1e78
 .debug_info    0x0000000000025100     0x175e /tmp/cck2i7WQ.debug.temp.o
                0x0000000000025100                UefiRuntimeServicesTableLib.c.287850d4
 .debug_info    0x000000000002685e     0x19ca /tmp/ccK9J1ZO.debug.temp.o
                0x000000000002685e                UefiNotTiano.c.1199de35
 .debug_info    0x0000000000028228     0x25bc /tmp/ccaRSecq.debug.temp.o
                0x0000000000028228                UefiLib.c.27f00b4e
 .debug_info    0x000000000002a7e4     0x20fc /tmp/ccONnoaI.debug.temp.o
                0x000000000002a7e4                HobLib.c.6097a340
 .debug_info    0x000000000002c8e0     0x1dfd /tmp/ccsyKJRt.debug.temp.o
                0x000000000002c8e0                DxeEmuLib.c.49fb5342
 .debug_info    0x000000000002e6dd     0x202a /tmp/ccL4nQbf.debug.temp.o
                0x000000000002e6dd                DxeTimerLib.c.3ea390b9
 .debug_info    0x0000000000030707     0x1537 /tmp/cc2TGlgH.debug.temp.o
                0x0000000000030707                SafeIntLib.c.2cf2cf8d
 .debug_info    0x0000000000031c3e      0x4b1 /tmp/ccNyLMHb.debug.temp.o
                0x0000000000031c3e                SafeIntLib64.c.0f0c939c
 .debug_info    0x00000000000320ef      0x81e /tmp/ccvgwFwn.debug.temp.o
                0x00000000000320ef                VarCheckLib.c.129b0cf3
 .debug_info    0x000000000003290d      0x17a /tmp/ccUUvEzR.debug.temp.o
                0x000000000003290d                GccInline.c.9a110f33
 .debug_info    0x0000000000032a87      0x443 /tmp/ccTCdzWq.debug.temp.o
                0x0000000000032a87                SynchronizationGcc.c.3dc50eb6
 .debug_info    0x0000000000032eca     0x1bef /tmp/ccTqfQ0V.debug.temp.o
                0x0000000000032eca                RuntimeLib.c.d943666d
 .debug_info    0x0000000000034ab9     0x1d09 /tmp/ccprioe2.debug.temp.o
                0x0000000000034ab9                DxeServicesTableLib.c.dfdfa768
 .debug_info    0x00000000000367c2     0x1951 /tmp/ccLG3rOY.debug.temp.o
                0x00000000000367c2                DriverEntryPoint.c.5c9d7716
 .debug_info    0x0000000000038113      0x572 /tmp/ccn43wXz.debug.temp.o
                0x0000000000038113                AuthVariableLibNull.c.336e1526
 .debug_info    0x0000000000038685      0x441 /tmp/ccbklQyO.debug.temp.o
                0x0000000000038685                BaseVariableFlashInfoLib.c.5fa91796
 .debug_info    0x0000000000038ac6      0x8c8 /tmp/ccPITwVH.debug.temp.o
                0x0000000000038ac6                VariablePolicyLib.c.1a9357e4
 .debug_info    0x000000000003938e     0x1350 /tmp/ccdXupjQ.debug.temp.o
                0x000000000003938e                VariablePolicyExtraInitRuntimeDxe.c.d8d5c9b9
 .debug_info    0x000000000003a6de      0x77b /tmp/ccZnYaTq.debug.temp.o
                0x000000000003a6de                VariablePolicyHelperLib.c.7c9792eb
 .debug_info    0x000000000003ae59      0x703 /tmp/cc3ZopEu.debug.temp.o
                0x000000000003ae59                VarCheckUefiLibNullClass.c.d7f7966d

.debug_abbrev   0x0000000000000000     0x5f97
 .debug_abbrev  0x0000000000000000      0x2a1 /tmp/ccpgMrIN.ltrans0.ltrans.o
 .debug_abbrev  0x00000000000002a1       0x8c /tmp/ccpgMrIN.ltrans1.ltrans.o
 .debug_abbrev  0x000000000000032d      0x173 /tmp/ccuziH27.debug.temp.o
 .debug_abbrev  0x00000000000004a0      0x30c /tmp/cca5Y8zB.debug.temp.o
 .debug_abbrev  0x00000000000007ac      0x351 /tmp/cche8nw1.debug.temp.o
 .debug_abbrev  0x0000000000000afd      0x24b /tmp/ccbPLpoC.debug.temp.o
 .debug_abbrev  0x0000000000000d48      0x216 /tmp/cc1nzY4Z.debug.temp.o
 .debug_abbrev  0x0000000000000f5e      0x17e /tmp/ccG1gVLI.debug.temp.o
 .debug_abbrev  0x00000000000010dc      0x263 /tmp/cc1tRZ5D.debug.temp.o
 .debug_abbrev  0x000000000000133f      0x235 /tmp/ccBted7t.debug.temp.o
 .debug_abbrev  0x0000000000001574      0x1a5 /tmp/cck1eN6Y.debug.temp.o
 .debug_abbrev  0x0000000000001719      0x1dc /tmp/ccbnrFAf.debug.temp.o
 .debug_abbrev  0x00000000000018f5      0x166 /tmp/ccb3wZAB.debug.temp.o
 .debug_abbrev  0x0000000000001a5b      0x2d9 /tmp/cczeeqX3.debug.temp.o
 .debug_abbrev  0x0000000000001d34      0x2bc /tmp/ccO4qyoO.debug.temp.o
 .debug_abbrev  0x0000000000001ff0      0x1e6 /tmp/ccfrPMbh.debug.temp.o
 .debug_abbrev  0x00000000000021d6      0x2c8 /tmp/ccI3CvDi.debug.temp.o
 .debug_abbrev  0x000000000000249e      0x253 /tmp/ccSACZgq.debug.temp.o
 .debug_abbrev  0x00000000000026f1       0xa1 /tmp/ccjFnEsT.debug.temp.o
 .debug_abbrev  0x0000000000002792       0xb8 /tmp/ccJGf1Y3.debug.temp.o
 .debug_abbrev  0x000000000000284a       0xb7 /tmp/ccjxEdjY.debug.temp.o
 .debug_abbrev  0x0000000000002901       0xb8 /tmp/ccSn7W9l.debug.temp.o
 .debug_abbrev  0x00000000000029b9       0xbe /tmp/ccAyeAOQ.debug.temp.o
 .debug_abbrev  0x0000000000002a77       0xf0 /tmp/cceLWi6b.debug.temp.o
 .debug_abbrev  0x0000000000002b67      0x107 /tmp/ccPSqmkU.debug.temp.o
 .debug_abbrev  0x0000000000002c6e       0x8f /tmp/ccaTJfLe.debug.temp.o
 .debug_abbrev  0x0000000000002cfd       0xe0 /tmp/ccpk76GC.debug.temp.o
 .debug_abbrev  0x0000000000002ddd       0x87 /tmp/ccaUO2MJ.debug.temp.o
 .debug_abbrev  0x0000000000002e64       0x71 /tmp/ccuOSPhS.debug.temp.o
 .debug_abbrev  0x0000000000002ed5      0x1c7 /tmp/ccPPAd7e.debug.temp.o
 .debug_abbrev  0x000000000000309c      0x157 /tmp/ccV3HCKW.debug.temp.o
 .debug_abbrev  0x00000000000031f3       0xd0 /tmp/ccoy5768.debug.temp.o
 .debug_abbrev  0x00000000000032c3       0xb6 /tmp/cclhPP0i.debug.temp.o
 .debug_abbrev  0x0000000000003379      0x135 /tmp/ccaaFtlM.debug.temp.o
 .debug_abbrev  0x00000000000034ae      0x274 /tmp/ccXUQAsN.debug.temp.o
 .debug_abbrev  0x0000000000003722      0x20a /tmp/ccg9tAu6.debug.temp.o
 .debug_abbrev  0x000000000000392c      0x1da /tmp/cck2i7WQ.debug.temp.o
 .debug_abbrev  0x0000000000003b06      0x2be /tmp/ccK9J1ZO.debug.temp.o
 .debug_abbrev  0x0000000000003dc4      0x2e9 /tmp/ccaRSecq.debug.temp.o
 .debug_abbrev  0x00000000000040ad      0x2d6 /tmp/ccONnoaI.debug.temp.o
 .debug_abbrev  0x0000000000004383      0x24d /tmp/ccsyKJRt.debug.temp.o
 .debug_abbrev  0x00000000000045d0      0x27f /tmp/ccL4nQbf.debug.temp.o
 .debug_abbrev  0x000000000000484f       0xf1 /tmp/cc2TGlgH.debug.temp.o
 .debug_abbrev  0x0000000000004940       0xd0 /tmp/ccNyLMHb.debug.temp.o
 .debug_abbrev  0x0000000000004a10      0x1fb /tmp/ccvgwFwn.debug.temp.o
 .debug_abbrev  0x0000000000004c0b       0x92 /tmp/ccUUvEzR.debug.temp.o
 .debug_abbrev  0x0000000000004c9d      0x16c /tmp/ccTCdzWq.debug.temp.o
 .debug_abbrev  0x0000000000004e09      0x2a5 /tmp/ccTqfQ0V.debug.temp.o
 .debug_abbrev  0x00000000000050ae      0x258 /tmp/ccprioe2.debug.temp.o
 .debug_abbrev  0x0000000000005306      0x25d /tmp/ccLG3rOY.debug.temp.o
 .debug_abbrev  0x0000000000005563      0x111 /tmp/ccn43wXz.debug.temp.o
 .debug_abbrev  0x0000000000005674      0x19a /tmp/ccbklQyO.debug.temp.o
 .debug_abbrev  0x000000000000580e      0x214 /tmp/ccPITwVH.debug.temp.o
 .debug_abbrev  0x0000000000005a22      0x1d9 /tmp/ccdXupjQ.debug.temp.o
 .debug_abbrev  0x0000000000005bfb      0x1bd /tmp/ccZnYaTq.debug.temp.o
 .debug_abbrev  0x0000000000005db8      0x1df /tmp/cc3ZopEu.debug.temp.o

.debug_loclists
                0x0000000000000000     0x889e
 .debug_loclists
                0x0000000000000000     0x85a2 /tmp/ccpgMrIN.ltrans0.ltrans.o
 .debug_loclists
                0x00000000000085a2      0x2fc /tmp/ccpgMrIN.ltrans1.ltrans.o

.debug_aranges  0x0000000000000000      0x810
 .debug_aranges
                0x0000000000000000      0x7e0 /tmp/ccpgMrIN.ltrans0.ltrans.o
 .debug_aranges
                0x00000000000007e0       0x30 /tmp/ccpgMrIN.ltrans1.ltrans.o

.debug_rnglists
                0x0000000000000000      0xe3c
 .debug_rnglists
                0x0000000000000000      0xe24 /tmp/ccpgMrIN.ltrans0.ltrans.o
 .debug_rnglists
                0x0000000000000e24       0x18 /tmp/ccpgMrIN.ltrans1.ltrans.o

.debug_line     0x0000000000000000     0xb66d
 .debug_line    0x0000000000000000     0x9a65 /tmp/ccpgMrIN.ltrans0.ltrans.o
 .debug_line    0x0000000000009a65      0x1af /tmp/ccpgMrIN.ltrans1.ltrans.o
 .debug_line    0x0000000000009c14       0x87 /tmp/ccuziH27.debug.temp.o
 .debug_line    0x0000000000009c9b       0xe8 /tmp/cca5Y8zB.debug.temp.o
 .debug_line    0x0000000000009d83       0xf3 /tmp/cche8nw1.debug.temp.o
 .debug_line    0x0000000000009e76       0xb8 /tmp/ccbPLpoC.debug.temp.o
 .debug_line    0x0000000000009f2e       0x84 /tmp/cc1nzY4Z.debug.temp.o
 .debug_line    0x0000000000009fb2       0x83 /tmp/ccG1gVLI.debug.temp.o
 .debug_line    0x000000000000a035       0x97 /tmp/cc1tRZ5D.debug.temp.o
 .debug_line    0x000000000000a0cc       0x96 /tmp/ccBted7t.debug.temp.o
 .debug_line    0x000000000000a162       0x95 /tmp/cck1eN6Y.debug.temp.o
 .debug_line    0x000000000000a1f7       0x91 /tmp/ccbnrFAf.debug.temp.o
 .debug_line    0x000000000000a288       0x7f /tmp/ccb3wZAB.debug.temp.o
 .debug_line    0x000000000000a307       0x93 /tmp/cczeeqX3.debug.temp.o
 .debug_line    0x000000000000a39a       0xb3 /tmp/ccO4qyoO.debug.temp.o
 .debug_line    0x000000000000a44d       0x7b /tmp/ccfrPMbh.debug.temp.o
 .debug_line    0x000000000000a4c8       0xa6 /tmp/ccI3CvDi.debug.temp.o
 .debug_line    0x000000000000a56e       0x96 /tmp/ccSACZgq.debug.temp.o
 .debug_line    0x000000000000a604       0x4c /tmp/ccjFnEsT.debug.temp.o
 .debug_line    0x000000000000a650       0x51 /tmp/ccJGf1Y3.debug.temp.o
 .debug_line    0x000000000000a6a1       0x51 /tmp/ccjxEdjY.debug.temp.o
 .debug_line    0x000000000000a6f2       0x51 /tmp/ccSn7W9l.debug.temp.o
 .debug_line    0x000000000000a743       0x51 /tmp/ccAyeAOQ.debug.temp.o
 .debug_line    0x000000000000a794       0x48 /tmp/cceLWi6b.debug.temp.o
 .debug_line    0x000000000000a7dc       0x5a /tmp/ccPSqmkU.debug.temp.o
 .debug_line    0x000000000000a836       0x43 /tmp/ccaTJfLe.debug.temp.o
 .debug_line    0x000000000000a879       0x51 /tmp/ccpk76GC.debug.temp.o
 .debug_line    0x000000000000a8ca       0x48 /tmp/ccaUO2MJ.debug.temp.o
 .debug_line    0x000000000000a912       0x4c /tmp/ccuOSPhS.debug.temp.o
 .debug_line    0x000000000000a95e       0x6d /tmp/ccPPAd7e.debug.temp.o
 .debug_line    0x000000000000a9cb       0x63 /tmp/ccV3HCKW.debug.temp.o
 .debug_line    0x000000000000aa2e       0x4c /tmp/ccoy5768.debug.temp.o
 .debug_line    0x000000000000aa7a       0x51 /tmp/cclhPP0i.debug.temp.o
 .debug_line    0x000000000000aacb       0x4c /tmp/ccaaFtlM.debug.temp.o
 .debug_line    0x000000000000ab17       0x7b /tmp/ccXUQAsN.debug.temp.o
 .debug_line    0x000000000000ab92       0x80 /tmp/ccg9tAu6.debug.temp.o
 .debug_line    0x000000000000ac12       0x7b /tmp/cck2i7WQ.debug.temp.o
 .debug_line    0x000000000000ac8d       0x98 /tmp/ccK9J1ZO.debug.temp.o
 .debug_line    0x000000000000ad25       0xac /tmp/ccaRSecq.debug.temp.o
 .debug_line    0x000000000000add1       0x9c /tmp/ccONnoaI.debug.temp.o
 .debug_line    0x000000000000ae6d       0xb3 /tmp/ccsyKJRt.debug.temp.o
 .debug_line    0x000000000000af20       0xb4 /tmp/ccL4nQbf.debug.temp.o
 .debug_line    0x000000000000afd4       0x55 /tmp/cc2TGlgH.debug.temp.o
 .debug_line    0x000000000000b029       0x55 /tmp/ccNyLMHb.debug.temp.o
 .debug_line    0x000000000000b07e       0x8d /tmp/ccvgwFwn.debug.temp.o
 .debug_line    0x000000000000b10b       0x43 /tmp/ccUUvEzR.debug.temp.o
 .debug_line    0x000000000000b14e       0x69 /tmp/ccTCdzWq.debug.temp.o
 .debug_line    0x000000000000b1b7       0x85 /tmp/ccTqfQ0V.debug.temp.o
 .debug_line    0x000000000000b23c       0x97 /tmp/ccprioe2.debug.temp.o
 .debug_line    0x000000000000b2d3       0x93 /tmp/ccLG3rOY.debug.temp.o
 .debug_line    0x000000000000b366       0x70 /tmp/ccn43wXz.debug.temp.o
 .debug_line    0x000000000000b3d6       0x83 /tmp/ccbklQyO.debug.temp.o
 .debug_line    0x000000000000b459       0x89 /tmp/ccPITwVH.debug.temp.o
 .debug_line    0x000000000000b4e2       0x7f /tmp/ccdXupjQ.debug.temp.o
 .debug_line    0x000000000000b561       0x76 /tmp/ccZnYaTq.debug.temp.o
 .debug_line    0x000000000000b5d7       0x96 /tmp/cc3ZopEu.debug.temp.o

.debug_str      0x0000000000000000     0x8ee1
 .debug_str     0x0000000000000000     0x8ee1 /tmp/ccpgMrIN.ltrans0.ltrans.o
                                        0x1e7 (size before relaxing)
 .debug_str     0x0000000000008ee1      0x1ce /tmp/ccpgMrIN.ltrans1.ltrans.o
 .debug_str     0x0000000000008ee1      0x735 /tmp/ccuziH27.debug.temp.o
 .debug_str     0x0000000000008ee1     0x1deb /tmp/cca5Y8zB.debug.temp.o
 .debug_str     0x0000000000008ee1     0x2ce2 /tmp/cche8nw1.debug.temp.o
 .debug_str     0x0000000000008ee1      0xe91 /tmp/ccbPLpoC.debug.temp.o
 .debug_str     0x0000000000008ee1      0x84b /tmp/cc1nzY4Z.debug.temp.o
 .debug_str     0x0000000000008ee1      0x83a /tmp/ccG1gVLI.debug.temp.o
 .debug_str     0x0000000000008ee1      0x97b /tmp/cc1tRZ5D.debug.temp.o
 .debug_str     0x0000000000008ee1     0x107c /tmp/ccBted7t.debug.temp.o
 .debug_str     0x0000000000008ee1      0x963 /tmp/cck1eN6Y.debug.temp.o
 .debug_str     0x0000000000008ee1      0xbad /tmp/ccbnrFAf.debug.temp.o
 .debug_str     0x0000000000008ee1      0x433 /tmp/ccb3wZAB.debug.temp.o
 .debug_str     0x0000000000008ee1     0x2440 /tmp/cczeeqX3.debug.temp.o
 .debug_str     0x0000000000008ee1     0x11ab /tmp/ccO4qyoO.debug.temp.o
 .debug_str     0x0000000000008ee1      0x6bc /tmp/ccfrPMbh.debug.temp.o
 .debug_str     0x0000000000008ee1     0x1918 /tmp/ccI3CvDi.debug.temp.o
 .debug_str     0x0000000000008ee1      0x6f9 /tmp/ccSACZgq.debug.temp.o
 .debug_str     0x0000000000008ee1      0x265 /tmp/ccjFnEsT.debug.temp.o
 .debug_str     0x0000000000008ee1      0x251 /tmp/ccJGf1Y3.debug.temp.o
 .debug_str     0x0000000000008ee1      0x27a /tmp/ccjxEdjY.debug.temp.o
 .debug_str     0x0000000000008ee1      0x25b /tmp/ccSn7W9l.debug.temp.o
 .debug_str     0x0000000000008ee1      0x269 /tmp/ccAyeAOQ.debug.temp.o
 .debug_str     0x0000000000008ee1      0x355 /tmp/cceLWi6b.debug.temp.o
 .debug_str     0x0000000000008ee1      0x340 /tmp/ccPSqmkU.debug.temp.o
 .debug_str     0x0000000000008ee1      0x28e /tmp/ccaTJfLe.debug.temp.o
 .debug_str     0x0000000000008ee1      0x27b /tmp/ccpk76GC.debug.temp.o
 .debug_str     0x0000000000008ee1      0x23d /tmp/ccaUO2MJ.debug.temp.o
 .debug_str     0x0000000000008ee1      0x22a /tmp/ccuOSPhS.debug.temp.o
 .debug_str     0x0000000000008ee1      0x80a /tmp/ccPPAd7e.debug.temp.o
 .debug_str     0x0000000000008ee1      0x6cd /tmp/ccV3HCKW.debug.temp.o
 .debug_str     0x0000000000008ee1      0x3a3 /tmp/ccoy5768.debug.temp.o
 .debug_str     0x0000000000008ee1      0x2d7 /tmp/cclhPP0i.debug.temp.o
 .debug_str     0x0000000000008ee1      0x35a /tmp/ccaaFtlM.debug.temp.o
 .debug_str     0x0000000000008ee1      0xfca /tmp/ccXUQAsN.debug.temp.o
 .debug_str     0x0000000000008ee1     0x139f /tmp/ccg9tAu6.debug.temp.o
 .debug_str     0x0000000000008ee1     0x1395 /tmp/cck2i7WQ.debug.temp.o
 .debug_str     0x0000000000008ee1     0x15dd /tmp/ccK9J1ZO.debug.temp.o
 .debug_str     0x0000000000008ee1     0x1c61 /tmp/ccaRSecq.debug.temp.o
 .debug_str     0x0000000000008ee1     0x1992 /tmp/ccONnoaI.debug.temp.o
 .debug_str     0x0000000000008ee1     0x1975 /tmp/ccsyKJRt.debug.temp.o
 .debug_str     0x0000000000008ee1     0x1bb8 /tmp/ccL4nQbf.debug.temp.o
 .debug_str     0x0000000000008ee1      0x92b /tmp/cc2TGlgH.debug.temp.o
 .debug_str     0x0000000000008ee1      0x40e /tmp/ccNyLMHb.debug.temp.o
 .debug_str     0x0000000000008ee1      0x899 /tmp/ccvgwFwn.debug.temp.o
 .debug_str     0x0000000000008ee1      0x2b1 /tmp/ccUUvEzR.debug.temp.o
 .debug_str     0x0000000000008ee1      0x4e4 /tmp/ccTCdzWq.debug.temp.o
 .debug_str     0x0000000000008ee1     0x1775 /tmp/ccTqfQ0V.debug.temp.o
 .debug_str     0x0000000000008ee1     0x1997 /tmp/ccprioe2.debug.temp.o
 .debug_str     0x0000000000008ee1     0x152d /tmp/ccLG3rOY.debug.temp.o
 .debug_str     0x0000000000008ee1      0x5cf /tmp/ccn43wXz.debug.temp.o
 .debug_str     0x0000000000008ee1      0x5dc /tmp/ccbklQyO.debug.temp.o
 .debug_str     0x0000000000008ee1      0x95b /tmp/ccPITwVH.debug.temp.o
 .debug_str     0x0000000000008ee1     0x10e2 /tmp/ccdXupjQ.debug.temp.o
 .debug_str     0x0000000000008ee1      0x628 /tmp/ccZnYaTq.debug.temp.o
 .debug_str     0x0000000000008ee1      0x6ef /tmp/cc3ZopEu.debug.temp.o

.debug_line_str
                0x0000000000000000     0x2ff4
 .debug_line_str
                0x0000000000000000     0x2ff4 /tmp/ccpgMrIN.ltrans0.ltrans.o
                                        0xb3f (size before relaxing)
 .debug_line_str
                0x0000000000002ff4      0x156 /tmp/ccpgMrIN.ltrans1.ltrans.o
 .debug_line_str
                0x0000000000002ff4      0x30b /tmp/ccuziH27.debug.temp.o
 .debug_line_str
                0x0000000000002ff4      0x4f2 /tmp/cca5Y8zB.debug.temp.o
 .debug_line_str
                0x0000000000002ff4      0x508 /tmp/cche8nw1.debug.temp.o
 .debug_line_str
                0x0000000000002ff4      0x420 /tmp/ccbPLpoC.debug.temp.o
 .debug_line_str
                0x0000000000002ff4      0x304 /tmp/cc1nzY4Z.debug.temp.o
 .debug_line_str
                0x0000000000002ff4      0x2e9 /tmp/ccG1gVLI.debug.temp.o
 .debug_line_str
                0x0000000000002ff4      0x37b /tmp/cc1tRZ5D.debug.temp.o
 .debug_line_str
                0x0000000000002ff4      0x397 /tmp/ccBted7t.debug.temp.o
 .debug_line_str
                0x0000000000002ff4      0x350 /tmp/cck1eN6Y.debug.temp.o
 .debug_line_str
                0x0000000000002ff4      0x32e /tmp/ccbnrFAf.debug.temp.o
 .debug_line_str
                0x0000000000002ff4      0x2e2 /tmp/ccb3wZAB.debug.temp.o
 .debug_line_str
                0x0000000000002ff4      0x34c /tmp/cczeeqX3.debug.temp.o
 .debug_line_str
                0x0000000000002ff4      0x42e /tmp/ccO4qyoO.debug.temp.o
 .debug_line_str
                0x0000000000002ff4      0x2b3 /tmp/ccfrPMbh.debug.temp.o
 .debug_line_str
                0x0000000000002ff4      0x30a /tmp/ccI3CvDi.debug.temp.o
 .debug_line_str
                0x0000000000002ff4      0x3dc /tmp/ccSACZgq.debug.temp.o
 .debug_line_str
                0x0000000000002ff4      0x154 /tmp/ccjFnEsT.debug.temp.o
 .debug_line_str
                0x0000000000002ff4      0x177 /tmp/ccJGf1Y3.debug.temp.o
 .debug_line_str
                0x0000000000002ff4      0x17d /tmp/ccjxEdjY.debug.temp.o
 .debug_line_str
                0x0000000000002ff4      0x175 /tmp/ccSn7W9l.debug.temp.o
 .debug_line_str
                0x0000000000002ff4      0x177 /tmp/ccAyeAOQ.debug.temp.o
 .debug_line_str
                0x0000000000002ff4      0x13b /tmp/cceLWi6b.debug.temp.o
 .debug_line_str
                0x0000000000002ff4      0x195 /tmp/ccPSqmkU.debug.temp.o
 .debug_line_str
                0x0000000000002ff4      0x11d /tmp/ccaTJfLe.debug.temp.o
 .debug_line_str
                0x0000000000002ff4      0x149 /tmp/ccpk76GC.debug.temp.o
 .debug_line_str
                0x0000000000002ff4      0x11e /tmp/ccaUO2MJ.debug.temp.o
 .debug_line_str
                0x0000000000002ff4      0x146 /tmp/ccuOSPhS.debug.temp.o
 .debug_line_str
                0x0000000000002ff4      0x208 /tmp/ccPPAd7e.debug.temp.o
 .debug_line_str
                0x0000000000002ff4      0x1dd /tmp/ccV3HCKW.debug.temp.o
 .debug_line_str
                0x0000000000002ff4      0x13c /tmp/ccoy5768.debug.temp.o
 .debug_line_str
                0x0000000000002ff4      0x14d /tmp/cclhPP0i.debug.temp.o
 .debug_line_str
                0x0000000000002ff4      0x14a /tmp/ccaaFtlM.debug.temp.o
 .debug_line_str
                0x0000000000002ff4      0x284 /tmp/ccXUQAsN.debug.temp.o
 .debug_line_str
                0x0000000000002ff4      0x2a1 /tmp/ccg9tAu6.debug.temp.o
 .debug_line_str
                0x0000000000002ff4      0x298 /tmp/cck2i7WQ.debug.temp.o
 .debug_line_str
                0x0000000000002ff4      0x2d7 /tmp/ccK9J1ZO.debug.temp.o
 .debug_line_str
                0x0000000000002ff4      0x31e /tmp/ccaRSecq.debug.temp.o
 .debug_line_str
                0x0000000000002ff4      0x2eb /tmp/ccONnoaI.debug.temp.o
 .debug_line_str
                0x0000000000002ff4      0x392 /tmp/ccsyKJRt.debug.temp.o
 .debug_line_str
                0x0000000000002ff4      0x38e /tmp/ccL4nQbf.debug.temp.o
 .debug_line_str
                0x0000000000002ff4      0x18e /tmp/cc2TGlgH.debug.temp.o
 .debug_line_str
                0x0000000000002ff4      0x195 /tmp/ccNyLMHb.debug.temp.o
 .debug_line_str
                0x0000000000002ff4      0x307 /tmp/ccvgwFwn.debug.temp.o
 .debug_line_str
                0x0000000000002ff4      0x14d /tmp/ccUUvEzR.debug.temp.o
 .debug_line_str
                0x0000000000002ff4      0x263 /tmp/ccTCdzWq.debug.temp.o
 .debug_line_str
                0x0000000000002ff4      0x27b /tmp/ccTqfQ0V.debug.temp.o
 .debug_line_str
                0x0000000000002ff4      0x33d /tmp/ccprioe2.debug.temp.o
 .debug_line_str
                0x0000000000002ff4      0x328 /tmp/ccLG3rOY.debug.temp.o
 .debug_line_str
                0x0000000000002ff4      0x28a /tmp/ccn43wXz.debug.temp.o
 .debug_line_str
                0x0000000000002ff4      0x33a /tmp/ccbklQyO.debug.temp.o
 .debug_line_str
                0x0000000000002ff4      0x31b /tmp/ccPITwVH.debug.temp.o
 .debug_line_str
                0x0000000000002ff4      0x333 /tmp/ccdXupjQ.debug.temp.o
 .debug_line_str
                0x0000000000002ff4      0x291 /tmp/ccZnYaTq.debug.temp.o
 .debug_line_str
                0x0000000000002ff4      0x370 /tmp/cc3ZopEu.debug.temp.o

.debug_frame    0x0000000000000000     0x1d10
 .debug_frame   0x0000000000000000     0x1cb8 /tmp/ccpgMrIN.ltrans0.ltrans.o
 .debug_frame   0x0000000000001cb8       0x58 /tmp/ccpgMrIN.ltrans1.ltrans.o
