Archive member included to satisfy reference by file (symbol)

/home/enyephy/edk2/edk2/Build/OvmfIa32/RELEASE_GCC5/IA32/MdeModulePkg/Logo/LogoDxe/OUTPUT/LogoDxe.lib(Logo.obj)
                              (--whole-archive)
/home/enyephy/edk2/edk2/Build/OvmfIa32/RELEASE_GCC5/IA32/MdeModulePkg/Logo/LogoDxe/OUTPUT/LogoDxe.lib(AutoGen.obj)
                              (--whole-archive)
/home/enyephy/edk2/edk2/Build/OvmfIa32/RELEASE_GCC5/IA32/MdePkg/Library/RegisterFilterLibNull/RegisterFilterLibNull/OUTPUT/FilterLibNull.lib(RegisterFilterLibNull.obj)
                              (--whole-archive)
/home/enyephy/edk2/edk2/Build/OvmfIa32/RELEASE_GCC5/IA32/MdePkg/Library/BaseLib/BaseLib/OUTPUT/BaseLib.lib(CheckSum.obj)
                              (--whole-archive)
/home/enyephy/edk2/edk2/Build/OvmfIa32/RELEASE_GCC5/IA32/MdePkg/Library/BaseLib/BaseLib/OUTPUT/BaseLib.lib(SwitchStack.obj)
                              (--whole-archive)
/home/enyephy/edk2/edk2/Build/OvmfIa32/RELEASE_GCC5/IA32/MdePkg/Library/BaseLib/BaseLib/OUTPUT/BaseLib.lib(SwapBytes64.obj)
                              (--whole-archive)
/home/enyephy/edk2/edk2/Build/OvmfIa32/RELEASE_GCC5/IA32/MdePkg/Library/BaseLib/BaseLib/OUTPUT/BaseLib.lib(SwapBytes32.obj)
                              (--whole-archive)
/home/enyephy/edk2/edk2/Build/OvmfIa32/RELEASE_GCC5/IA32/MdePkg/Library/BaseLib/BaseLib/OUTPUT/BaseLib.lib(SwapBytes16.obj)
                              (--whole-archive)
/home/enyephy/edk2/edk2/Build/OvmfIa32/RELEASE_GCC5/IA32/MdePkg/Library/BaseLib/BaseLib/OUTPUT/BaseLib.lib(LongJump.obj)
                              (--whole-archive)
/home/enyephy/edk2/edk2/Build/OvmfIa32/RELEASE_GCC5/IA32/MdePkg/Library/BaseLib/BaseLib/OUTPUT/BaseLib.lib(SetJump.obj)
                              (--whole-archive)
/home/enyephy/edk2/edk2/Build/OvmfIa32/RELEASE_GCC5/IA32/MdePkg/Library/BaseLib/BaseLib/OUTPUT/BaseLib.lib(QuickSort.obj)
                              (--whole-archive)
/home/enyephy/edk2/edk2/Build/OvmfIa32/RELEASE_GCC5/IA32/MdePkg/Library/BaseLib/BaseLib/OUTPUT/BaseLib.lib(RShiftU64.obj)
                              (--whole-archive)
/home/enyephy/edk2/edk2/Build/OvmfIa32/RELEASE_GCC5/IA32/MdePkg/Library/BaseLib/BaseLib/OUTPUT/BaseLib.lib(RRotU64.obj)
                              (--whole-archive)
/home/enyephy/edk2/edk2/Build/OvmfIa32/RELEASE_GCC5/IA32/MdePkg/Library/BaseLib/BaseLib/OUTPUT/BaseLib.lib(RRotU32.obj)
                              (--whole-archive)
/home/enyephy/edk2/edk2/Build/OvmfIa32/RELEASE_GCC5/IA32/MdePkg/Library/BaseLib/BaseLib/OUTPUT/BaseLib.lib(MultU64x64.obj)
                              (--whole-archive)
/home/enyephy/edk2/edk2/Build/OvmfIa32/RELEASE_GCC5/IA32/MdePkg/Library/BaseLib/BaseLib/OUTPUT/BaseLib.lib(MultU64x32.obj)
                              (--whole-archive)
/home/enyephy/edk2/edk2/Build/OvmfIa32/RELEASE_GCC5/IA32/MdePkg/Library/BaseLib/BaseLib/OUTPUT/BaseLib.lib(MultS64x64.obj)
                              (--whole-archive)
/home/enyephy/edk2/edk2/Build/OvmfIa32/RELEASE_GCC5/IA32/MdePkg/Library/BaseLib/BaseLib/OUTPUT/BaseLib.lib(ModU64x32.obj)
                              (--whole-archive)
/home/enyephy/edk2/edk2/Build/OvmfIa32/RELEASE_GCC5/IA32/MdePkg/Library/BaseLib/BaseLib/OUTPUT/BaseLib.lib(LShiftU64.obj)
                              (--whole-archive)
/home/enyephy/edk2/edk2/Build/OvmfIa32/RELEASE_GCC5/IA32/MdePkg/Library/BaseLib/BaseLib/OUTPUT/BaseLib.lib(LRotU64.obj)
                              (--whole-archive)
/home/enyephy/edk2/edk2/Build/OvmfIa32/RELEASE_GCC5/IA32/MdePkg/Library/BaseLib/BaseLib/OUTPUT/BaseLib.lib(LRotU32.obj)
                              (--whole-archive)
/home/enyephy/edk2/edk2/Build/OvmfIa32/RELEASE_GCC5/IA32/MdePkg/Library/BaseLib/BaseLib/OUTPUT/BaseLib.lib(LowBitSet64.obj)
                              (--whole-archive)
/home/enyephy/edk2/edk2/Build/OvmfIa32/RELEASE_GCC5/IA32/MdePkg/Library/BaseLib/BaseLib/OUTPUT/BaseLib.lib(LowBitSet32.obj)
                              (--whole-archive)
/home/enyephy/edk2/edk2/Build/OvmfIa32/RELEASE_GCC5/IA32/MdePkg/Library/BaseLib/BaseLib/OUTPUT/BaseLib.lib(HighBitSet64.obj)
                              (--whole-archive)
/home/enyephy/edk2/edk2/Build/OvmfIa32/RELEASE_GCC5/IA32/MdePkg/Library/BaseLib/BaseLib/OUTPUT/BaseLib.lib(HighBitSet32.obj)
                              (--whole-archive)
/home/enyephy/edk2/edk2/Build/OvmfIa32/RELEASE_GCC5/IA32/MdePkg/Library/BaseLib/BaseLib/OUTPUT/BaseLib.lib(GetPowerOfTwo64.obj)
                              (--whole-archive)
/home/enyephy/edk2/edk2/Build/OvmfIa32/RELEASE_GCC5/IA32/MdePkg/Library/BaseLib/BaseLib/OUTPUT/BaseLib.lib(GetPowerOfTwo32.obj)
                              (--whole-archive)
/home/enyephy/edk2/edk2/Build/OvmfIa32/RELEASE_GCC5/IA32/MdePkg/Library/BaseLib/BaseLib/OUTPUT/BaseLib.lib(DivU64x64Remainder.obj)
                              (--whole-archive)
/home/enyephy/edk2/edk2/Build/OvmfIa32/RELEASE_GCC5/IA32/MdePkg/Library/BaseLib/BaseLib/OUTPUT/BaseLib.lib(DivU64x32Remainder.obj)
                              (--whole-archive)
/home/enyephy/edk2/edk2/Build/OvmfIa32/RELEASE_GCC5/IA32/MdePkg/Library/BaseLib/BaseLib/OUTPUT/BaseLib.lib(DivU64x32.obj)
                              (--whole-archive)
/home/enyephy/edk2/edk2/Build/OvmfIa32/RELEASE_GCC5/IA32/MdePkg/Library/BaseLib/BaseLib/OUTPUT/BaseLib.lib(DivS64x64Remainder.obj)
                              (--whole-archive)
/home/enyephy/edk2/edk2/Build/OvmfIa32/RELEASE_GCC5/IA32/MdePkg/Library/BaseLib/BaseLib/OUTPUT/BaseLib.lib(ARShiftU64.obj)
                              (--whole-archive)
/home/enyephy/edk2/edk2/Build/OvmfIa32/RELEASE_GCC5/IA32/MdePkg/Library/BaseLib/BaseLib/OUTPUT/BaseLib.lib(BitField.obj)
                              (--whole-archive)
/home/enyephy/edk2/edk2/Build/OvmfIa32/RELEASE_GCC5/IA32/MdePkg/Library/BaseLib/BaseLib/OUTPUT/BaseLib.lib(CpuDeadLoop.obj)
                              (--whole-archive)
/home/enyephy/edk2/edk2/Build/OvmfIa32/RELEASE_GCC5/IA32/MdePkg/Library/BaseLib/BaseLib/OUTPUT/BaseLib.lib(Cpu.obj)
                              (--whole-archive)
/home/enyephy/edk2/edk2/Build/OvmfIa32/RELEASE_GCC5/IA32/MdePkg/Library/BaseLib/BaseLib/OUTPUT/BaseLib.lib(LinkedList.obj)
                              (--whole-archive)
/home/enyephy/edk2/edk2/Build/OvmfIa32/RELEASE_GCC5/IA32/MdePkg/Library/BaseLib/BaseLib/OUTPUT/BaseLib.lib(SafeString.obj)
                              (--whole-archive)
/home/enyephy/edk2/edk2/Build/OvmfIa32/RELEASE_GCC5/IA32/MdePkg/Library/BaseLib/BaseLib/OUTPUT/BaseLib.lib(String.obj)
                              (--whole-archive)
/home/enyephy/edk2/edk2/Build/OvmfIa32/RELEASE_GCC5/IA32/MdePkg/Library/BaseLib/BaseLib/OUTPUT/BaseLib.lib(FilePaths.obj)
                              (--whole-archive)
/home/enyephy/edk2/edk2/Build/OvmfIa32/RELEASE_GCC5/IA32/MdePkg/Library/BaseLib/BaseLib/OUTPUT/BaseLib.lib(WriteTr.obj)
                              (--whole-archive)
/home/enyephy/edk2/edk2/Build/OvmfIa32/RELEASE_GCC5/IA32/MdePkg/Library/BaseLib/BaseLib/OUTPUT/BaseLib.lib(Lfence.obj)
                              (--whole-archive)
/home/enyephy/edk2/edk2/Build/OvmfIa32/RELEASE_GCC5/IA32/MdePkg/Library/BaseLib/BaseLib/OUTPUT/BaseLib.lib(GccInline.obj)
                              (--whole-archive)
/home/enyephy/edk2/edk2/Build/OvmfIa32/RELEASE_GCC5/IA32/MdePkg/Library/BaseLib/BaseLib/OUTPUT/BaseLib.lib(GccInlinePriv.obj)
                              (--whole-archive)
/home/enyephy/edk2/edk2/Build/OvmfIa32/RELEASE_GCC5/IA32/MdePkg/Library/BaseLib/BaseLib/OUTPUT/BaseLib.lib(Thunk16.obj)
                              (--whole-archive)
/home/enyephy/edk2/edk2/Build/OvmfIa32/RELEASE_GCC5/IA32/MdePkg/Library/BaseLib/BaseLib/OUTPUT/BaseLib.lib(EnableDisableInterrupts.obj)
                              (--whole-archive)
/home/enyephy/edk2/edk2/Build/OvmfIa32/RELEASE_GCC5/IA32/MdePkg/Library/BaseLib/BaseLib/OUTPUT/BaseLib.lib(EnablePaging64.obj)
                              (--whole-archive)
/home/enyephy/edk2/edk2/Build/OvmfIa32/RELEASE_GCC5/IA32/MdePkg/Library/BaseLib/BaseLib/OUTPUT/BaseLib.lib(DisablePaging32.obj)
                              (--whole-archive)
/home/enyephy/edk2/edk2/Build/OvmfIa32/RELEASE_GCC5/IA32/MdePkg/Library/BaseLib/BaseLib/OUTPUT/BaseLib.lib(EnablePaging32.obj)
                              (--whole-archive)
/home/enyephy/edk2/edk2/Build/OvmfIa32/RELEASE_GCC5/IA32/MdePkg/Library/BaseLib/BaseLib/OUTPUT/BaseLib.lib(Mwait.obj)
                              (--whole-archive)
/home/enyephy/edk2/edk2/Build/OvmfIa32/RELEASE_GCC5/IA32/MdePkg/Library/BaseLib/BaseLib/OUTPUT/BaseLib.lib(Monitor.obj)
                              (--whole-archive)
/home/enyephy/edk2/edk2/Build/OvmfIa32/RELEASE_GCC5/IA32/MdePkg/Library/BaseLib/BaseLib/OUTPUT/BaseLib.lib(CpuIdEx.obj)
                              (--whole-archive)
/home/enyephy/edk2/edk2/Build/OvmfIa32/RELEASE_GCC5/IA32/MdePkg/Library/BaseLib/BaseLib/OUTPUT/BaseLib.lib(CpuId.obj)
                              (--whole-archive)
/home/enyephy/edk2/edk2/Build/OvmfIa32/RELEASE_GCC5/IA32/MdePkg/Library/BaseLib/BaseLib/OUTPUT/BaseLib.lib(LongJump.obj)
                              (--whole-archive)
/home/enyephy/edk2/edk2/Build/OvmfIa32/RELEASE_GCC5/IA32/MdePkg/Library/BaseLib/BaseLib/OUTPUT/BaseLib.lib(SetJump.obj)
                              (--whole-archive)
/home/enyephy/edk2/edk2/Build/OvmfIa32/RELEASE_GCC5/IA32/MdePkg/Library/BaseLib/BaseLib/OUTPUT/BaseLib.lib(SwapBytes64.obj)
                              (--whole-archive)
/home/enyephy/edk2/edk2/Build/OvmfIa32/RELEASE_GCC5/IA32/MdePkg/Library/BaseLib/BaseLib/OUTPUT/BaseLib.lib(DivU64x64Remainder.obj)
                              (--whole-archive)
/home/enyephy/edk2/edk2/Build/OvmfIa32/RELEASE_GCC5/IA32/MdePkg/Library/BaseLib/BaseLib/OUTPUT/BaseLib.lib(DivU64x32Remainder.obj)
                              (--whole-archive)
/home/enyephy/edk2/edk2/Build/OvmfIa32/RELEASE_GCC5/IA32/MdePkg/Library/BaseLib/BaseLib/OUTPUT/BaseLib.lib(ModU64x32.obj)
                              (--whole-archive)
/home/enyephy/edk2/edk2/Build/OvmfIa32/RELEASE_GCC5/IA32/MdePkg/Library/BaseLib/BaseLib/OUTPUT/BaseLib.lib(DivU64x32.obj)
                              (--whole-archive)
/home/enyephy/edk2/edk2/Build/OvmfIa32/RELEASE_GCC5/IA32/MdePkg/Library/BaseLib/BaseLib/OUTPUT/BaseLib.lib(MultU64x64.obj)
                              (--whole-archive)
/home/enyephy/edk2/edk2/Build/OvmfIa32/RELEASE_GCC5/IA32/MdePkg/Library/BaseLib/BaseLib/OUTPUT/BaseLib.lib(MultU64x32.obj)
                              (--whole-archive)
/home/enyephy/edk2/edk2/Build/OvmfIa32/RELEASE_GCC5/IA32/MdePkg/Library/BaseLib/BaseLib/OUTPUT/BaseLib.lib(RRotU64.obj)
                              (--whole-archive)
/home/enyephy/edk2/edk2/Build/OvmfIa32/RELEASE_GCC5/IA32/MdePkg/Library/BaseLib/BaseLib/OUTPUT/BaseLib.lib(LRotU64.obj)
                              (--whole-archive)
/home/enyephy/edk2/edk2/Build/OvmfIa32/RELEASE_GCC5/IA32/MdePkg/Library/BaseLib/BaseLib/OUTPUT/BaseLib.lib(ARShiftU64.obj)
                              (--whole-archive)
/home/enyephy/edk2/edk2/Build/OvmfIa32/RELEASE_GCC5/IA32/MdePkg/Library/BaseLib/BaseLib/OUTPUT/BaseLib.lib(RShiftU64.obj)
                              (--whole-archive)
/home/enyephy/edk2/edk2/Build/OvmfIa32/RELEASE_GCC5/IA32/MdePkg/Library/BaseLib/BaseLib/OUTPUT/BaseLib.lib(LShiftU64.obj)
                              (--whole-archive)
/home/enyephy/edk2/edk2/Build/OvmfIa32/RELEASE_GCC5/IA32/MdePkg/Library/BaseLib/BaseLib/OUTPUT/BaseLib.lib(EnableCache.obj)
                              (--whole-archive)
/home/enyephy/edk2/edk2/Build/OvmfIa32/RELEASE_GCC5/IA32/MdePkg/Library/BaseLib/BaseLib/OUTPUT/BaseLib.lib(DisableCache.obj)
                              (--whole-archive)
/home/enyephy/edk2/edk2/Build/OvmfIa32/RELEASE_GCC5/IA32/MdePkg/Library/BaseLib/BaseLib/OUTPUT/BaseLib.lib(RdRand.obj)
                              (--whole-archive)
/home/enyephy/edk2/edk2/Build/OvmfIa32/RELEASE_GCC5/IA32/MdePkg/Library/BaseLib/BaseLib/OUTPUT/BaseLib.lib(XGetBv.obj)
                              (--whole-archive)
/home/enyephy/edk2/edk2/Build/OvmfIa32/RELEASE_GCC5/IA32/MdePkg/Library/BaseLib/BaseLib/OUTPUT/BaseLib.lib(XSetBv.obj)
                              (--whole-archive)
/home/enyephy/edk2/edk2/Build/OvmfIa32/RELEASE_GCC5/IA32/MdePkg/Library/BaseLib/BaseLib/OUTPUT/BaseLib.lib(VmgExit.obj)
                              (--whole-archive)
/home/enyephy/edk2/edk2/Build/OvmfIa32/RELEASE_GCC5/IA32/MdePkg/Library/BaseLib/BaseLib/OUTPUT/BaseLib.lib(VmgExitSvsm.obj)
                              (--whole-archive)
/home/enyephy/edk2/edk2/Build/OvmfIa32/RELEASE_GCC5/IA32/MdePkg/Library/BaseLib/BaseLib/OUTPUT/BaseLib.lib(DivS64x64Remainder.obj)
                              (--whole-archive)
/home/enyephy/edk2/edk2/Build/OvmfIa32/RELEASE_GCC5/IA32/MdePkg/Library/BaseLib/BaseLib/OUTPUT/BaseLib.lib(InternalSwitchStack.obj)
                              (--whole-archive)
/home/enyephy/edk2/edk2/Build/OvmfIa32/RELEASE_GCC5/IA32/MdePkg/Library/BaseLib/BaseLib/OUTPUT/BaseLib.lib(Non-existing.obj)
                              (--whole-archive)
/home/enyephy/edk2/edk2/Build/OvmfIa32/RELEASE_GCC5/IA32/MdePkg/Library/BaseLib/BaseLib/OUTPUT/BaseLib.lib(Unaligned.obj)
                              (--whole-archive)
/home/enyephy/edk2/edk2/Build/OvmfIa32/RELEASE_GCC5/IA32/MdePkg/Library/BaseLib/BaseLib/OUTPUT/BaseLib.lib(X86WriteIdtr.obj)
                              (--whole-archive)
/home/enyephy/edk2/edk2/Build/OvmfIa32/RELEASE_GCC5/IA32/MdePkg/Library/BaseLib/BaseLib/OUTPUT/BaseLib.lib(X86WriteGdtr.obj)
                              (--whole-archive)
/home/enyephy/edk2/edk2/Build/OvmfIa32/RELEASE_GCC5/IA32/MdePkg/Library/BaseLib/BaseLib/OUTPUT/BaseLib.lib(X86Thunk.obj)
                              (--whole-archive)
/home/enyephy/edk2/edk2/Build/OvmfIa32/RELEASE_GCC5/IA32/MdePkg/Library/BaseLib/BaseLib/OUTPUT/BaseLib.lib(X86ReadIdtr.obj)
                              (--whole-archive)
/home/enyephy/edk2/edk2/Build/OvmfIa32/RELEASE_GCC5/IA32/MdePkg/Library/BaseLib/BaseLib/OUTPUT/BaseLib.lib(X86ReadGdtr.obj)
                              (--whole-archive)
/home/enyephy/edk2/edk2/Build/OvmfIa32/RELEASE_GCC5/IA32/MdePkg/Library/BaseLib/BaseLib/OUTPUT/BaseLib.lib(X86Msr.obj)
                              (--whole-archive)
/home/enyephy/edk2/edk2/Build/OvmfIa32/RELEASE_GCC5/IA32/MdePkg/Library/BaseLib/BaseLib/OUTPUT/BaseLib.lib(X86GetInterruptState.obj)
                              (--whole-archive)
/home/enyephy/edk2/edk2/Build/OvmfIa32/RELEASE_GCC5/IA32/MdePkg/Library/BaseLib/BaseLib/OUTPUT/BaseLib.lib(X86FxSave.obj)
                              (--whole-archive)
/home/enyephy/edk2/edk2/Build/OvmfIa32/RELEASE_GCC5/IA32/MdePkg/Library/BaseLib/BaseLib/OUTPUT/BaseLib.lib(X86FxRestore.obj)
                              (--whole-archive)
/home/enyephy/edk2/edk2/Build/OvmfIa32/RELEASE_GCC5/IA32/MdePkg/Library/BaseLib/BaseLib/OUTPUT/BaseLib.lib(X86EnablePaging64.obj)
                              (--whole-archive)
/home/enyephy/edk2/edk2/Build/OvmfIa32/RELEASE_GCC5/IA32/MdePkg/Library/BaseLib/BaseLib/OUTPUT/BaseLib.lib(X86EnablePaging32.obj)
                              (--whole-archive)
/home/enyephy/edk2/edk2/Build/OvmfIa32/RELEASE_GCC5/IA32/MdePkg/Library/BaseLib/BaseLib/OUTPUT/BaseLib.lib(X86DisablePaging64.obj)
                              (--whole-archive)
/home/enyephy/edk2/edk2/Build/OvmfIa32/RELEASE_GCC5/IA32/MdePkg/Library/BaseLib/BaseLib/OUTPUT/BaseLib.lib(X86DisablePaging32.obj)
                              (--whole-archive)
/home/enyephy/edk2/edk2/Build/OvmfIa32/RELEASE_GCC5/IA32/MdePkg/Library/BaseLib/BaseLib/OUTPUT/BaseLib.lib(X86RdRand.obj)
                              (--whole-archive)
/home/enyephy/edk2/edk2/Build/OvmfIa32/RELEASE_GCC5/IA32/MdePkg/Library/BaseLib/BaseLib/OUTPUT/BaseLib.lib(X86PatchInstruction.obj)
                              (--whole-archive)
/home/enyephy/edk2/edk2/Build/OvmfIa32/RELEASE_GCC5/IA32/MdePkg/Library/BaseLib/BaseLib/OUTPUT/BaseLib.lib(X86SpeculationBarrier.obj)
                              (--whole-archive)
/home/enyephy/edk2/edk2/Build/OvmfIa32/RELEASE_GCC5/IA32/MdePkg/Library/BaseLib/BaseLib/OUTPUT/BaseLib.lib(IntelTdxNull.obj)
                              (--whole-archive)
/home/enyephy/edk2/edk2/Build/OvmfIa32/RELEASE_GCC5/IA32/MdePkg/Library/DxePcdLib/DxePcdLib/OUTPUT/DxePcdLib.lib(DxePcdLib.obj)
                              (--whole-archive)
/home/enyephy/edk2/edk2/Build/OvmfIa32/RELEASE_GCC5/IA32/MdePkg/Library/BaseMemoryLibRepStr/BaseMemoryLibRepStr/OUTPUT/BaseMemoryLibRepStr.lib(ScanMem64Wrapper.obj)
                              (--whole-archive)
/home/enyephy/edk2/edk2/Build/OvmfIa32/RELEASE_GCC5/IA32/MdePkg/Library/BaseMemoryLibRepStr/BaseMemoryLibRepStr/OUTPUT/BaseMemoryLibRepStr.lib(ScanMem32Wrapper.obj)
                              (--whole-archive)
/home/enyephy/edk2/edk2/Build/OvmfIa32/RELEASE_GCC5/IA32/MdePkg/Library/BaseMemoryLibRepStr/BaseMemoryLibRepStr/OUTPUT/BaseMemoryLibRepStr.lib(ScanMem16Wrapper.obj)
                              (--whole-archive)
/home/enyephy/edk2/edk2/Build/OvmfIa32/RELEASE_GCC5/IA32/MdePkg/Library/BaseMemoryLibRepStr/BaseMemoryLibRepStr/OUTPUT/BaseMemoryLibRepStr.lib(ScanMem8Wrapper.obj)
                              (--whole-archive)
/home/enyephy/edk2/edk2/Build/OvmfIa32/RELEASE_GCC5/IA32/MdePkg/Library/BaseMemoryLibRepStr/BaseMemoryLibRepStr/OUTPUT/BaseMemoryLibRepStr.lib(ZeroMemWrapper.obj)
                              (--whole-archive)
/home/enyephy/edk2/edk2/Build/OvmfIa32/RELEASE_GCC5/IA32/MdePkg/Library/BaseMemoryLibRepStr/BaseMemoryLibRepStr/OUTPUT/BaseMemoryLibRepStr.lib(CompareMemWrapper.obj)
                              (--whole-archive)
/home/enyephy/edk2/edk2/Build/OvmfIa32/RELEASE_GCC5/IA32/MdePkg/Library/BaseMemoryLibRepStr/BaseMemoryLibRepStr/OUTPUT/BaseMemoryLibRepStr.lib(SetMemNWrapper.obj)
                              (--whole-archive)
/home/enyephy/edk2/edk2/Build/OvmfIa32/RELEASE_GCC5/IA32/MdePkg/Library/BaseMemoryLibRepStr/BaseMemoryLibRepStr/OUTPUT/BaseMemoryLibRepStr.lib(SetMem64Wrapper.obj)
                              (--whole-archive)
/home/enyephy/edk2/edk2/Build/OvmfIa32/RELEASE_GCC5/IA32/MdePkg/Library/BaseMemoryLibRepStr/BaseMemoryLibRepStr/OUTPUT/BaseMemoryLibRepStr.lib(SetMem32Wrapper.obj)
                              (--whole-archive)
/home/enyephy/edk2/edk2/Build/OvmfIa32/RELEASE_GCC5/IA32/MdePkg/Library/BaseMemoryLibRepStr/BaseMemoryLibRepStr/OUTPUT/BaseMemoryLibRepStr.lib(SetMem16Wrapper.obj)
                              (--whole-archive)
/home/enyephy/edk2/edk2/Build/OvmfIa32/RELEASE_GCC5/IA32/MdePkg/Library/BaseMemoryLibRepStr/BaseMemoryLibRepStr/OUTPUT/BaseMemoryLibRepStr.lib(SetMemWrapper.obj)
                              (--whole-archive)
/home/enyephy/edk2/edk2/Build/OvmfIa32/RELEASE_GCC5/IA32/MdePkg/Library/BaseMemoryLibRepStr/BaseMemoryLibRepStr/OUTPUT/BaseMemoryLibRepStr.lib(CopyMemWrapper.obj)
                              (--whole-archive)
/home/enyephy/edk2/edk2/Build/OvmfIa32/RELEASE_GCC5/IA32/MdePkg/Library/BaseMemoryLibRepStr/BaseMemoryLibRepStr/OUTPUT/BaseMemoryLibRepStr.lib(IsZeroBufferWrapper.obj)
                              (--whole-archive)
/home/enyephy/edk2/edk2/Build/OvmfIa32/RELEASE_GCC5/IA32/MdePkg/Library/BaseMemoryLibRepStr/BaseMemoryLibRepStr/OUTPUT/BaseMemoryLibRepStr.lib(MemLibGuid.obj)
                              (--whole-archive)
/home/enyephy/edk2/edk2/Build/OvmfIa32/RELEASE_GCC5/IA32/MdePkg/Library/BaseMemoryLibRepStr/BaseMemoryLibRepStr/OUTPUT/BaseMemoryLibRepStr.lib(ScanMem64.obj)
                              (--whole-archive)
/home/enyephy/edk2/edk2/Build/OvmfIa32/RELEASE_GCC5/IA32/MdePkg/Library/BaseMemoryLibRepStr/BaseMemoryLibRepStr/OUTPUT/BaseMemoryLibRepStr.lib(ScanMem32.obj)
                              (--whole-archive)
/home/enyephy/edk2/edk2/Build/OvmfIa32/RELEASE_GCC5/IA32/MdePkg/Library/BaseMemoryLibRepStr/BaseMemoryLibRepStr/OUTPUT/BaseMemoryLibRepStr.lib(ScanMem16.obj)
                              (--whole-archive)
/home/enyephy/edk2/edk2/Build/OvmfIa32/RELEASE_GCC5/IA32/MdePkg/Library/BaseMemoryLibRepStr/BaseMemoryLibRepStr/OUTPUT/BaseMemoryLibRepStr.lib(ScanMem8.obj)
                              (--whole-archive)
/home/enyephy/edk2/edk2/Build/OvmfIa32/RELEASE_GCC5/IA32/MdePkg/Library/BaseMemoryLibRepStr/BaseMemoryLibRepStr/OUTPUT/BaseMemoryLibRepStr.lib(CompareMem.obj)
                              (--whole-archive)
/home/enyephy/edk2/edk2/Build/OvmfIa32/RELEASE_GCC5/IA32/MdePkg/Library/BaseMemoryLibRepStr/BaseMemoryLibRepStr/OUTPUT/BaseMemoryLibRepStr.lib(ZeroMem.obj)
                              (--whole-archive)
/home/enyephy/edk2/edk2/Build/OvmfIa32/RELEASE_GCC5/IA32/MdePkg/Library/BaseMemoryLibRepStr/BaseMemoryLibRepStr/OUTPUT/BaseMemoryLibRepStr.lib(SetMem64.obj)
                              (--whole-archive)
/home/enyephy/edk2/edk2/Build/OvmfIa32/RELEASE_GCC5/IA32/MdePkg/Library/BaseMemoryLibRepStr/BaseMemoryLibRepStr/OUTPUT/BaseMemoryLibRepStr.lib(SetMem32.obj)
                              (--whole-archive)
/home/enyephy/edk2/edk2/Build/OvmfIa32/RELEASE_GCC5/IA32/MdePkg/Library/BaseMemoryLibRepStr/BaseMemoryLibRepStr/OUTPUT/BaseMemoryLibRepStr.lib(SetMem16.obj)
                              (--whole-archive)
/home/enyephy/edk2/edk2/Build/OvmfIa32/RELEASE_GCC5/IA32/MdePkg/Library/BaseMemoryLibRepStr/BaseMemoryLibRepStr/OUTPUT/BaseMemoryLibRepStr.lib(SetMem.obj)
                              (--whole-archive)
/home/enyephy/edk2/edk2/Build/OvmfIa32/RELEASE_GCC5/IA32/MdePkg/Library/BaseMemoryLibRepStr/BaseMemoryLibRepStr/OUTPUT/BaseMemoryLibRepStr.lib(CopyMem.obj)
                              (--whole-archive)
/home/enyephy/edk2/edk2/Build/OvmfIa32/RELEASE_GCC5/IA32/MdePkg/Library/BaseMemoryLibRepStr/BaseMemoryLibRepStr/OUTPUT/BaseMemoryLibRepStr.lib(IsZeroBuffer.obj)
                              (--whole-archive)
/home/enyephy/edk2/edk2/Build/OvmfIa32/RELEASE_GCC5/IA32/MdePkg/Library/CcProbeLibNull/CcProbeLibNull/OUTPUT/CcProbeLibNull.lib(CcProbeLibNull.obj)
                              (--whole-archive)
/home/enyephy/edk2/edk2/Build/OvmfIa32/RELEASE_GCC5/IA32/MdePkg/Library/BaseDebugPrintErrorLevelLib/BaseDebugPrintErrorLevelLib/OUTPUT/BaseDebugPrintErrorLevelLib.lib(BaseDebugPrintErrorLevelLib.obj)
                              (--whole-archive)
/home/enyephy/edk2/edk2/Build/OvmfIa32/RELEASE_GCC5/IA32/MdePkg/Library/BasePrintLib/BasePrintLib/OUTPUT/BasePrintLib.lib(PrintLibInternal.obj)
                              (--whole-archive)
/home/enyephy/edk2/edk2/Build/OvmfIa32/RELEASE_GCC5/IA32/MdePkg/Library/BasePrintLib/BasePrintLib/OUTPUT/BasePrintLib.lib(PrintLib.obj)
                              (--whole-archive)
/home/enyephy/edk2/edk2/Build/OvmfIa32/RELEASE_GCC5/IA32/MdePkg/Library/BaseIoLibIntrinsic/BaseIoLibIntrinsicSev/OUTPUT/BaseIoLibIntrinsicSev.lib(IoLibMmioBuffer.obj)
                              (--whole-archive)
/home/enyephy/edk2/edk2/Build/OvmfIa32/RELEASE_GCC5/IA32/MdePkg/Library/BaseIoLibIntrinsic/BaseIoLibIntrinsicSev/OUTPUT/BaseIoLibIntrinsicSev.lib(IoHighLevel.obj)
                              (--whole-archive)
/home/enyephy/edk2/edk2/Build/OvmfIa32/RELEASE_GCC5/IA32/MdePkg/Library/BaseIoLibIntrinsic/BaseIoLibIntrinsicSev/OUTPUT/BaseIoLibIntrinsicSev.lib(IoLibGcc.obj)
                              (--whole-archive)
/home/enyephy/edk2/edk2/Build/OvmfIa32/RELEASE_GCC5/IA32/MdePkg/Library/BaseIoLibIntrinsic/BaseIoLibIntrinsicSev/OUTPUT/BaseIoLibIntrinsicSev.lib(IoLib.obj)
                              (--whole-archive)
/home/enyephy/edk2/edk2/Build/OvmfIa32/RELEASE_GCC5/IA32/MdePkg/Library/BaseIoLibIntrinsic/BaseIoLibIntrinsicSev/OUTPUT/BaseIoLibIntrinsicSev.lib(IoLibInternalTdxNull.obj)
                              (--whole-archive)
/home/enyephy/edk2/edk2/Build/OvmfIa32/RELEASE_GCC5/IA32/MdePkg/Library/BaseIoLibIntrinsic/BaseIoLibIntrinsicSev/OUTPUT/BaseIoLibIntrinsicSev.lib(IoFifoSev.obj)
                              (--whole-archive)
/home/enyephy/edk2/edk2/Build/OvmfIa32/RELEASE_GCC5/IA32/OvmfPkg/Library/PlatformDebugLibIoPort/PlatformDebugLibIoPort/OUTPUT/PlatformDebugLibIoPort.lib(DebugIoPortQemu.obj)
                              (--whole-archive)
/home/enyephy/edk2/edk2/Build/OvmfIa32/RELEASE_GCC5/IA32/OvmfPkg/Library/PlatformDebugLibIoPort/PlatformDebugLibIoPort/OUTPUT/PlatformDebugLibIoPort.lib(DebugLib.obj)
                              (--whole-archive)
/home/enyephy/edk2/edk2/Build/OvmfIa32/RELEASE_GCC5/IA32/OvmfPkg/Library/PlatformDebugLibIoPort/PlatformDebugLibIoPort/OUTPUT/PlatformDebugLibIoPort.lib(DebugLibDetect.obj)
                              (--whole-archive)
/home/enyephy/edk2/edk2/Build/OvmfIa32/RELEASE_GCC5/IA32/MdePkg/Library/UefiBootServicesTableLib/UefiBootServicesTableLib/OUTPUT/UefiBootServicesTableLib.lib(UefiBootServicesTableLib.obj)
                              (--whole-archive)
/home/enyephy/edk2/edk2/Build/OvmfIa32/RELEASE_GCC5/IA32/MdePkg/Library/UefiDriverEntryPoint/UefiDriverEntryPoint/OUTPUT/UefiDriverEntryPoint.lib(DriverEntryPoint.obj)
                              (--whole-archive)
/home/enyephy/edk2/edk2/Build/OvmfIa32/RELEASE_GCC5/IA32/MdePkg/Library/StackCheckLibNull/StackCheckLibNull/OUTPUT/StackCheckLibNull.lib(StackCheckLibNullGcc.obj)
                              (--whole-archive)

Discarded input sections

 .text          0x00000000        0x0 /tmp/ccSxlBtH.ltrans0.ltrans.o
 .data          0x00000000        0x0 /tmp/ccSxlBtH.ltrans0.ltrans.o
 .bss           0x00000000        0x0 /tmp/ccSxlBtH.ltrans0.ltrans.o
 .text._DriverUnloadHandler
                0x00000000        0x3 /tmp/ccSxlBtH.ltrans0.ltrans.o
 .text.InternalAssertJumpBuffer
                0x00000000        0x1 /tmp/ccSxlBtH.ltrans0.ltrans.o
 .rodata._gPcd_FixedAtBuild_PcdControlFlowEnforcementPropertyMask
                0x00000000        0x4 /tmp/ccSxlBtH.ltrans0.ltrans.o
 .bss.mDeadLoopComparator
                0x00000000        0x4 /tmp/ccSxlBtH.ltrans0.ltrans.o
 .comment       0x00000000       0x27 /tmp/ccSxlBtH.ltrans0.ltrans.o
 .note.GNU-stack
                0x00000000        0x0 /tmp/ccSxlBtH.ltrans0.ltrans.o
 .comment       0x00000000       0x27 /tmp/cc4yahB6.debug.temp.o
 .note.GNU-stack
                0x00000000        0x0 /tmp/cc4yahB6.debug.temp.o
 .comment       0x00000000       0x27 /tmp/ccB3JtGy.debug.temp.o
 .note.GNU-stack
                0x00000000        0x0 /tmp/ccB3JtGy.debug.temp.o
 .debug_info    0x00000000      0x2c8 /tmp/ccx8czdE.debug.temp.o
 .debug_abbrev  0x00000000       0xd3 /tmp/ccx8czdE.debug.temp.o
 .debug_line    0x00000000       0x4c /tmp/ccx8czdE.debug.temp.o
 .debug_str     0x00000000      0x31b /tmp/ccx8czdE.debug.temp.o
 .debug_line_str
                0x00000000      0x19d /tmp/ccx8czdE.debug.temp.o
 .comment       0x00000000       0x27 /tmp/ccx8czdE.debug.temp.o
 .note.GNU-stack
                0x00000000        0x0 /tmp/ccx8czdE.debug.temp.o
 .debug_info    0x00000000      0x42a /tmp/ccdaoRZe.debug.temp.o
 .debug_abbrev  0x00000000      0x117 /tmp/ccdaoRZe.debug.temp.o
 .debug_line    0x00000000       0x43 /tmp/ccdaoRZe.debug.temp.o
 .debug_str     0x00000000      0x316 /tmp/ccdaoRZe.debug.temp.o
 .debug_line_str
                0x00000000      0x108 /tmp/ccdaoRZe.debug.temp.o
 .comment       0x00000000       0x27 /tmp/ccdaoRZe.debug.temp.o
 .note.GNU-stack
                0x00000000        0x0 /tmp/ccdaoRZe.debug.temp.o
 .debug_info    0x00000000      0x103 /tmp/ccTVL531.debug.temp.o
 .debug_abbrev  0x00000000       0xaa /tmp/ccTVL531.debug.temp.o
 .debug_line    0x00000000       0x51 /tmp/ccTVL531.debug.temp.o
 .debug_str     0x00000000      0x227 /tmp/ccTVL531.debug.temp.o
 .debug_line_str
                0x00000000      0x14c /tmp/ccTVL531.debug.temp.o
 .comment       0x00000000       0x27 /tmp/ccTVL531.debug.temp.o
 .note.GNU-stack
                0x00000000        0x0 /tmp/ccTVL531.debug.temp.o
 .debug_info    0x00000000       0x99 /tmp/ccqJGE1b.debug.temp.o
 .debug_abbrev  0x00000000       0x75 /tmp/ccqJGE1b.debug.temp.o
 .debug_line    0x00000000       0x48 /tmp/ccqJGE1b.debug.temp.o
 .debug_str     0x00000000      0x1d8 /tmp/ccqJGE1b.debug.temp.o
 .debug_line_str
                0x00000000      0x121 /tmp/ccqJGE1b.debug.temp.o
 .comment       0x00000000       0x27 /tmp/ccqJGE1b.debug.temp.o
 .note.GNU-stack
                0x00000000        0x0 /tmp/ccqJGE1b.debug.temp.o
 .debug_info    0x00000000       0xb8 /tmp/ccMUMBB8.debug.temp.o
 .debug_abbrev  0x00000000       0x87 /tmp/ccMUMBB8.debug.temp.o
 .debug_line    0x00000000       0x4c /tmp/ccMUMBB8.debug.temp.o
 .debug_str     0x00000000      0x1ea /tmp/ccMUMBB8.debug.temp.o
 .debug_line_str
                0x00000000      0x147 /tmp/ccMUMBB8.debug.temp.o
 .comment       0x00000000       0x27 /tmp/ccMUMBB8.debug.temp.o
 .note.GNU-stack
                0x00000000        0x0 /tmp/ccMUMBB8.debug.temp.o
 .debug_info    0x00000000       0x83 /tmp/cc7bDg5l.debug.temp.o
 .debug_abbrev  0x00000000       0x57 /tmp/cc7bDg5l.debug.temp.o
 .debug_line    0x00000000       0x43 /tmp/cc7bDg5l.debug.temp.o
 .debug_str     0x00000000      0x1c0 /tmp/cc7bDg5l.debug.temp.o
 .debug_line_str
                0x00000000      0x10e /tmp/cc7bDg5l.debug.temp.o
 .comment       0x00000000       0x27 /tmp/cc7bDg5l.debug.temp.o
 .note.GNU-stack
                0x00000000        0x0 /tmp/cc7bDg5l.debug.temp.o
 .debug_info    0x00000000      0x125 /tmp/ccTB0LVw.debug.temp.o
 .debug_abbrev  0x00000000       0x9f /tmp/ccTB0LVw.debug.temp.o
 .debug_line    0x00000000       0x51 /tmp/ccTB0LVw.debug.temp.o
 .debug_str     0x00000000      0x211 /tmp/ccTB0LVw.debug.temp.o
 .debug_line_str
                0x00000000      0x154 /tmp/ccTB0LVw.debug.temp.o
 .comment       0x00000000       0x27 /tmp/ccTB0LVw.debug.temp.o
 .note.GNU-stack
                0x00000000        0x0 /tmp/ccTB0LVw.debug.temp.o
 .comment       0x00000000       0x27 /tmp/cc6ydta3.debug.temp.o
 .note.GNU-stack
                0x00000000        0x0 /tmp/cc6ydta3.debug.temp.o
 .debug_info    0x00000000      0x149 /tmp/ccpSHuc0.debug.temp.o
 .debug_abbrev  0x00000000       0xbc /tmp/ccpSHuc0.debug.temp.o
 .debug_line    0x00000000       0x51 /tmp/ccpSHuc0.debug.temp.o
 .debug_str     0x00000000      0x24a /tmp/ccpSHuc0.debug.temp.o
 .debug_line_str
                0x00000000      0x153 /tmp/ccpSHuc0.debug.temp.o
 .comment       0x00000000       0x27 /tmp/ccpSHuc0.debug.temp.o
 .note.GNU-stack
                0x00000000        0x0 /tmp/ccpSHuc0.debug.temp.o
 .debug_info    0x00000000       0xbb /tmp/ccc4KOkk.debug.temp.o
 .debug_abbrev  0x00000000       0x78 /tmp/ccc4KOkk.debug.temp.o
 .debug_line    0x00000000       0x48 /tmp/ccc4KOkk.debug.temp.o
 .debug_str     0x00000000      0x1e9 /tmp/ccc4KOkk.debug.temp.o
 .debug_line_str
                0x00000000      0x11d /tmp/ccc4KOkk.debug.temp.o
 .comment       0x00000000       0x27 /tmp/ccc4KOkk.debug.temp.o
 .note.GNU-stack
                0x00000000        0x0 /tmp/ccc4KOkk.debug.temp.o
 .debug_info    0x00000000       0xbb /tmp/ccw7XW5p.debug.temp.o
 .debug_abbrev  0x00000000       0x78 /tmp/ccw7XW5p.debug.temp.o
 .debug_line    0x00000000       0x48 /tmp/ccw7XW5p.debug.temp.o
 .debug_str     0x00000000      0x1e5 /tmp/ccw7XW5p.debug.temp.o
 .debug_line_str
                0x00000000      0x119 /tmp/ccw7XW5p.debug.temp.o
 .comment       0x00000000       0x27 /tmp/ccw7XW5p.debug.temp.o
 .note.GNU-stack
                0x00000000        0x0 /tmp/ccw7XW5p.debug.temp.o
 .debug_info    0x00000000       0x95 /tmp/cc3zLBft.debug.temp.o
 .debug_abbrev  0x00000000       0x5a /tmp/cc3zLBft.debug.temp.o
 .debug_line    0x00000000       0x43 /tmp/cc3zLBft.debug.temp.o
 .debug_str     0x00000000      0x1ca /tmp/cc3zLBft.debug.temp.o
 .debug_line_str
                0x00000000      0x106 /tmp/cc3zLBft.debug.temp.o
 .comment       0x00000000       0x27 /tmp/cc3zLBft.debug.temp.o
 .note.GNU-stack
                0x00000000        0x0 /tmp/cc3zLBft.debug.temp.o
 .debug_info    0x00000000       0xb2 /tmp/ccjenL2u.debug.temp.o
 .debug_abbrev  0x00000000       0x86 /tmp/ccjenL2u.debug.temp.o
 .debug_line    0x00000000       0x48 /tmp/ccjenL2u.debug.temp.o
 .debug_str     0x00000000      0x1ef /tmp/ccjenL2u.debug.temp.o
 .debug_line_str
                0x00000000      0x11f /tmp/ccjenL2u.debug.temp.o
 .comment       0x00000000       0x27 /tmp/ccjenL2u.debug.temp.o
 .note.GNU-stack
                0x00000000        0x0 /tmp/ccjenL2u.debug.temp.o
 .debug_info    0x00000000       0xbc /tmp/ccY8890g.debug.temp.o
 .debug_abbrev  0x00000000       0x87 /tmp/ccY8890g.debug.temp.o
 .debug_line    0x00000000       0x48 /tmp/ccY8890g.debug.temp.o
 .debug_str     0x00000000      0x1f6 /tmp/ccY8890g.debug.temp.o
 .debug_line_str
                0x00000000      0x11f /tmp/ccY8890g.debug.temp.o
 .comment       0x00000000       0x27 /tmp/ccY8890g.debug.temp.o
 .note.GNU-stack
                0x00000000        0x0 /tmp/ccY8890g.debug.temp.o
 .debug_info    0x00000000       0xb1 /tmp/ccgV9rzh.debug.temp.o
 .debug_abbrev  0x00000000       0x78 /tmp/ccgV9rzh.debug.temp.o
 .debug_line    0x00000000       0x4c /tmp/ccgV9rzh.debug.temp.o
 .debug_str     0x00000000      0x1e2 /tmp/ccgV9rzh.debug.temp.o
 .debug_line_str
                0x00000000      0x145 /tmp/ccgV9rzh.debug.temp.o
 .comment       0x00000000       0x27 /tmp/ccgV9rzh.debug.temp.o
 .note.GNU-stack
                0x00000000        0x0 /tmp/ccgV9rzh.debug.temp.o
 .debug_info    0x00000000       0xb0 /tmp/ccO9DsAv.debug.temp.o
 .debug_abbrev  0x00000000       0x78 /tmp/ccO9DsAv.debug.temp.o
 .debug_line    0x00000000       0x48 /tmp/ccO9DsAv.debug.temp.o
 .debug_str     0x00000000      0x1e6 /tmp/ccO9DsAv.debug.temp.o
 .debug_line_str
                0x00000000      0x11d /tmp/ccO9DsAv.debug.temp.o
 .comment       0x00000000       0x27 /tmp/ccO9DsAv.debug.temp.o
 .note.GNU-stack
                0x00000000        0x0 /tmp/ccO9DsAv.debug.temp.o
 .debug_info    0x00000000       0xbb /tmp/ccj3livs.debug.temp.o
 .debug_abbrev  0x00000000       0x78 /tmp/ccj3livs.debug.temp.o
 .debug_line    0x00000000       0x48 /tmp/ccj3livs.debug.temp.o
 .debug_str     0x00000000      0x1e9 /tmp/ccj3livs.debug.temp.o
 .debug_line_str
                0x00000000      0x11d /tmp/ccj3livs.debug.temp.o
 .comment       0x00000000       0x27 /tmp/ccj3livs.debug.temp.o
 .note.GNU-stack
                0x00000000        0x0 /tmp/ccj3livs.debug.temp.o
 .debug_info    0x00000000       0xbb /tmp/ccZPYd6k.debug.temp.o
 .debug_abbrev  0x00000000       0x78 /tmp/ccZPYd6k.debug.temp.o
 .debug_line    0x00000000       0x48 /tmp/ccZPYd6k.debug.temp.o
 .debug_str     0x00000000      0x1e5 /tmp/ccZPYd6k.debug.temp.o
 .debug_line_str
                0x00000000      0x119 /tmp/ccZPYd6k.debug.temp.o
 .comment       0x00000000       0x27 /tmp/ccZPYd6k.debug.temp.o
 .note.GNU-stack
                0x00000000        0x0 /tmp/ccZPYd6k.debug.temp.o
 .debug_info    0x00000000       0x95 /tmp/ccaa5Xba.debug.temp.o
 .debug_abbrev  0x00000000       0x5a /tmp/ccaa5Xba.debug.temp.o
 .debug_line    0x00000000       0x43 /tmp/ccaa5Xba.debug.temp.o
 .debug_str     0x00000000      0x1ca /tmp/ccaa5Xba.debug.temp.o
 .debug_line_str
                0x00000000      0x106 /tmp/ccaa5Xba.debug.temp.o
 .comment       0x00000000       0x27 /tmp/ccaa5Xba.debug.temp.o
 .note.GNU-stack
                0x00000000        0x0 /tmp/ccaa5Xba.debug.temp.o
 .debug_info    0x00000000       0xd6 /tmp/cczVz2cb.debug.temp.o
 .debug_abbrev  0x00000000       0x85 /tmp/cczVz2cb.debug.temp.o
 .debug_line    0x00000000       0x4c /tmp/cczVz2cb.debug.temp.o
 .debug_str     0x00000000      0x1ed /tmp/cczVz2cb.debug.temp.o
 .debug_line_str
                0x00000000      0x147 /tmp/cczVz2cb.debug.temp.o
 .comment       0x00000000       0x27 /tmp/cczVz2cb.debug.temp.o
 .note.GNU-stack
                0x00000000        0x0 /tmp/cczVz2cb.debug.temp.o
 .debug_info    0x00000000       0xa4 /tmp/ccPFGjVF.debug.temp.o
 .debug_abbrev  0x00000000       0x67 /tmp/ccPFGjVF.debug.temp.o
 .debug_line    0x00000000       0x43 /tmp/ccPFGjVF.debug.temp.o
 .debug_str     0x00000000      0x1d6 /tmp/ccPFGjVF.debug.temp.o
 .debug_line_str
                0x00000000      0x10e /tmp/ccPFGjVF.debug.temp.o
 .comment       0x00000000       0x27 /tmp/ccPFGjVF.debug.temp.o
 .note.GNU-stack
                0x00000000        0x0 /tmp/ccPFGjVF.debug.temp.o
 .debug_info    0x00000000       0xba /tmp/cchC6O7z.debug.temp.o
 .debug_abbrev  0x00000000       0x76 /tmp/cchC6O7z.debug.temp.o
 .debug_line    0x00000000       0x4c /tmp/cchC6O7z.debug.temp.o
 .debug_str     0x00000000      0x1e2 /tmp/cchC6O7z.debug.temp.o
 .debug_line_str
                0x00000000      0x149 /tmp/cchC6O7z.debug.temp.o
 .comment       0x00000000       0x27 /tmp/cchC6O7z.debug.temp.o
 .note.GNU-stack
                0x00000000        0x0 /tmp/cchC6O7z.debug.temp.o
 .debug_info    0x00000000       0xa4 /tmp/ccwfLoVd.debug.temp.o
 .debug_abbrev  0x00000000       0x67 /tmp/ccwfLoVd.debug.temp.o
 .debug_line    0x00000000       0x43 /tmp/ccwfLoVd.debug.temp.o
 .debug_str     0x00000000      0x1d7 /tmp/ccwfLoVd.debug.temp.o
 .debug_line_str
                0x00000000      0x110 /tmp/ccwfLoVd.debug.temp.o
 .comment       0x00000000       0x27 /tmp/ccwfLoVd.debug.temp.o
 .note.GNU-stack
                0x00000000        0x0 /tmp/ccwfLoVd.debug.temp.o
 .debug_info    0x00000000       0xdd /tmp/ccI3cp3m.debug.temp.o
 .debug_abbrev  0x00000000       0x78 /tmp/ccI3cp3m.debug.temp.o
 .debug_line    0x00000000       0x4c /tmp/ccI3cp3m.debug.temp.o
 .debug_str     0x00000000      0x1f5 /tmp/ccI3cp3m.debug.temp.o
 .debug_line_str
                0x00000000      0x14f /tmp/ccI3cp3m.debug.temp.o
 .comment       0x00000000       0x27 /tmp/ccI3cp3m.debug.temp.o
 .note.GNU-stack
                0x00000000        0x0 /tmp/ccI3cp3m.debug.temp.o
 .debug_info    0x00000000       0xaf /tmp/cceRY97O.debug.temp.o
 .debug_abbrev  0x00000000       0x76 /tmp/cceRY97O.debug.temp.o
 .debug_line    0x00000000       0x4c /tmp/cceRY97O.debug.temp.o
 .debug_str     0x00000000      0x1de /tmp/cceRY97O.debug.temp.o
 .debug_line_str
                0x00000000      0x14f /tmp/cceRY97O.debug.temp.o
 .comment       0x00000000       0x27 /tmp/cceRY97O.debug.temp.o
 .note.GNU-stack
                0x00000000        0x0 /tmp/cceRY97O.debug.temp.o
 .debug_info    0x00000000       0xbf /tmp/cco9B7Pw.debug.temp.o
 .debug_abbrev  0x00000000       0x7f /tmp/cco9B7Pw.debug.temp.o
 .debug_line    0x00000000       0x48 /tmp/cco9B7Pw.debug.temp.o
 .debug_str     0x00000000      0x1f5 /tmp/cco9B7Pw.debug.temp.o
 .debug_line_str
                0x00000000      0x12f /tmp/cco9B7Pw.debug.temp.o
 .comment       0x00000000       0x27 /tmp/cco9B7Pw.debug.temp.o
 .note.GNU-stack
                0x00000000        0x0 /tmp/cco9B7Pw.debug.temp.o
 .debug_info    0x00000000       0xc8 /tmp/ccGARCbH.debug.temp.o
 .debug_abbrev  0x00000000       0x80 /tmp/ccGARCbH.debug.temp.o
 .debug_line    0x00000000       0x48 /tmp/ccGARCbH.debug.temp.o
 .debug_str     0x00000000      0x1fc /tmp/ccGARCbH.debug.temp.o
 .debug_line_str
                0x00000000      0x12f /tmp/ccGARCbH.debug.temp.o
 .comment       0x00000000       0x27 /tmp/ccGARCbH.debug.temp.o
 .note.GNU-stack
                0x00000000        0x0 /tmp/ccGARCbH.debug.temp.o
 .debug_info    0x00000000       0xb0 /tmp/ccDAmTqS.debug.temp.o
 .debug_abbrev  0x00000000       0x78 /tmp/ccDAmTqS.debug.temp.o
 .debug_line    0x00000000       0x48 /tmp/ccDAmTqS.debug.temp.o
 .debug_str     0x00000000      0x1e6 /tmp/ccDAmTqS.debug.temp.o
 .debug_line_str
                0x00000000      0x11d /tmp/ccDAmTqS.debug.temp.o
 .comment       0x00000000       0x27 /tmp/ccDAmTqS.debug.temp.o
 .note.GNU-stack
                0x00000000        0x0 /tmp/ccDAmTqS.debug.temp.o
 .debug_info    0x00000000       0xbf /tmp/cc3mHpEw.debug.temp.o
 .debug_abbrev  0x00000000       0x7f /tmp/cc3mHpEw.debug.temp.o
 .debug_line    0x00000000       0x48 /tmp/cc3mHpEw.debug.temp.o
 .debug_str     0x00000000      0x1f4 /tmp/cc3mHpEw.debug.temp.o
 .debug_line_str
                0x00000000      0x12f /tmp/cc3mHpEw.debug.temp.o
 .comment       0x00000000       0x27 /tmp/cc3mHpEw.debug.temp.o
 .note.GNU-stack
                0x00000000        0x0 /tmp/cc3mHpEw.debug.temp.o
 .debug_info    0x00000000       0xbb /tmp/cc62JHYL.debug.temp.o
 .debug_abbrev  0x00000000       0x78 /tmp/cc62JHYL.debug.temp.o
 .debug_line    0x00000000       0x48 /tmp/cc62JHYL.debug.temp.o
 .debug_str     0x00000000      0x1eb /tmp/cc62JHYL.debug.temp.o
 .debug_line_str
                0x00000000      0x11f /tmp/cc62JHYL.debug.temp.o
 .comment       0x00000000       0x27 /tmp/cc62JHYL.debug.temp.o
 .note.GNU-stack
                0x00000000        0x0 /tmp/cc62JHYL.debug.temp.o
 .debug_info    0x00000000      0x6fd /tmp/ccqg5pVv.debug.temp.o
 .debug_abbrev  0x00000000       0xc9 /tmp/ccqg5pVv.debug.temp.o
 .debug_line    0x00000000       0x4c /tmp/ccqg5pVv.debug.temp.o
 .debug_str     0x00000000      0x3de /tmp/ccqg5pVv.debug.temp.o
 .debug_line_str
                0x00000000      0x141 /tmp/ccqg5pVv.debug.temp.o
 .comment       0x00000000       0x27 /tmp/ccqg5pVv.debug.temp.o
 .note.GNU-stack
                0x00000000        0x0 /tmp/ccqg5pVv.debug.temp.o
 .comment       0x00000000       0x27 /tmp/ccDTPePR.debug.temp.o
 .note.GNU-stack
                0x00000000        0x0 /tmp/ccDTPePR.debug.temp.o
 .debug_info    0x00000000       0xbb /tmp/ccVyB3tP.debug.temp.o
 .debug_abbrev  0x00000000       0xa5 /tmp/ccVyB3tP.debug.temp.o
 .debug_line    0x00000000       0x4c /tmp/ccVyB3tP.debug.temp.o
 .debug_str     0x00000000      0x21e /tmp/ccVyB3tP.debug.temp.o
 .debug_line_str
                0x00000000      0x137 /tmp/ccVyB3tP.debug.temp.o
 .comment       0x00000000       0x27 /tmp/ccVyB3tP.debug.temp.o
 .note.GNU-stack
                0x00000000        0x0 /tmp/ccVyB3tP.debug.temp.o
 .debug_info    0x00000000      0x2c7 /tmp/ccqgZxh4.debug.temp.o
 .debug_abbrev  0x00000000      0x10f /tmp/ccqgZxh4.debug.temp.o
 .debug_line    0x00000000       0x55 /tmp/ccqgZxh4.debug.temp.o
 .debug_str     0x00000000      0x30d /tmp/ccqgZxh4.debug.temp.o
 .debug_line_str
                0x00000000      0x1a2 /tmp/ccqgZxh4.debug.temp.o
 .comment       0x00000000       0x27 /tmp/ccqgZxh4.debug.temp.o
 .note.GNU-stack
                0x00000000        0x0 /tmp/ccqgZxh4.debug.temp.o
 .debug_info    0x00000000      0xdf1 /tmp/ccavYnNK.debug.temp.o
 .debug_abbrev  0x00000000      0x176 /tmp/ccavYnNK.debug.temp.o
 .debug_line    0x00000000       0x68 /tmp/ccavYnNK.debug.temp.o
 .debug_str     0x00000000      0x767 /tmp/ccavYnNK.debug.temp.o
 .debug_line_str
                0x00000000      0x1fe /tmp/ccavYnNK.debug.temp.o
 .comment       0x00000000       0x27 /tmp/ccavYnNK.debug.temp.o
 .note.GNU-stack
                0x00000000        0x0 /tmp/ccavYnNK.debug.temp.o
 .debug_info    0x00000000      0x77a /tmp/cc3zOAtq.debug.temp.o
 .debug_abbrev  0x00000000      0x12d /tmp/cc3zOAtq.debug.temp.o
 .debug_line    0x00000000       0x5e /tmp/cc3zOAtq.debug.temp.o
 .debug_str     0x00000000      0x667 /tmp/cc3zOAtq.debug.temp.o
 .debug_line_str
                0x00000000      0x1d3 /tmp/cc3zOAtq.debug.temp.o
 .comment       0x00000000       0x27 /tmp/cc3zOAtq.debug.temp.o
 .note.GNU-stack
                0x00000000        0x0 /tmp/cc3zOAtq.debug.temp.o
 .debug_info    0x00000000      0x187 /tmp/ccErZ2zN.debug.temp.o
 .debug_abbrev  0x00000000       0xd3 /tmp/ccErZ2zN.debug.temp.o
 .debug_line    0x00000000       0x51 /tmp/ccErZ2zN.debug.temp.o
 .debug_str     0x00000000      0x23e /tmp/ccErZ2zN.debug.temp.o
 .debug_line_str
                0x00000000      0x153 /tmp/ccErZ2zN.debug.temp.o
 .comment       0x00000000       0x27 /tmp/ccErZ2zN.debug.temp.o
 .note.GNU-stack
                0x00000000        0x0 /tmp/ccErZ2zN.debug.temp.o
 .debug_info    0x00000000      0x2d0 /tmp/ccd3o51L.debug.temp.o
 .debug_abbrev  0x00000000      0x135 /tmp/ccd3o51L.debug.temp.o
 .debug_line    0x00000000       0x4c /tmp/ccd3o51L.debug.temp.o
 .debug_str     0x00000000      0x304 /tmp/ccd3o51L.debug.temp.o
 .debug_line_str
                0x00000000      0x14d /tmp/ccd3o51L.debug.temp.o
 .comment       0x00000000       0x27 /tmp/ccd3o51L.debug.temp.o
 .note.GNU-stack
                0x00000000        0x0 /tmp/ccd3o51L.debug.temp.o
 .debug_info    0x00000000      0x612 /tmp/cc1i2JNE.debug.temp.o
 .debug_abbrev  0x00000000      0x197 /tmp/cc1i2JNE.debug.temp.o
 .debug_line    0x00000000       0x51 /tmp/cc1i2JNE.debug.temp.o
 .debug_str     0x00000000      0x4aa /tmp/cc1i2JNE.debug.temp.o
 .debug_line_str
                0x00000000      0x169 /tmp/cc1i2JNE.debug.temp.o
 .comment       0x00000000       0x27 /tmp/cc1i2JNE.debug.temp.o
 .note.GNU-stack
                0x00000000        0x0 /tmp/cc1i2JNE.debug.temp.o
 .debug_info    0x00000000       0xdd /tmp/ccABMhVX.debug.temp.o
 .debug_abbrev  0x00000000       0x92 /tmp/ccABMhVX.debug.temp.o
 .debug_line    0x00000000       0x4c /tmp/ccABMhVX.debug.temp.o
 .debug_str     0x00000000      0x206 /tmp/ccABMhVX.debug.temp.o
 .debug_line_str
                0x00000000      0x168 /tmp/ccABMhVX.debug.temp.o
 .comment       0x00000000       0x27 /tmp/ccABMhVX.debug.temp.o
 .note.GNU-stack
                0x00000000        0x0 /tmp/ccABMhVX.debug.temp.o
 .debug_info    0x00000000       0xaf /tmp/ccSUfPKe.debug.temp.o
 .debug_abbrev  0x00000000       0x58 /tmp/ccSUfPKe.debug.temp.o
 .debug_line    0x00000000       0x43 /tmp/ccSUfPKe.debug.temp.o
 .debug_str     0x00000000      0x203 /tmp/ccSUfPKe.debug.temp.o
 .debug_line_str
                0x00000000      0x11a /tmp/ccSUfPKe.debug.temp.o
 .comment       0x00000000       0x27 /tmp/ccSUfPKe.debug.temp.o
 .note.GNU-stack
                0x00000000        0x0 /tmp/ccSUfPKe.debug.temp.o
 .debug_info    0x00000000      0x1d9 /tmp/ccCmhzeL.debug.temp.o
 .debug_abbrev  0x00000000       0x8c /tmp/ccCmhzeL.debug.temp.o
 .debug_line    0x00000000       0x4c /tmp/ccCmhzeL.debug.temp.o
 .debug_str     0x00000000      0x263 /tmp/ccCmhzeL.debug.temp.o
 .debug_line_str
                0x00000000      0x143 /tmp/ccCmhzeL.debug.temp.o
 .comment       0x00000000       0x27 /tmp/ccCmhzeL.debug.temp.o
 .note.GNU-stack
                0x00000000        0x0 /tmp/ccCmhzeL.debug.temp.o
 .debug_info    0x00000000       0xe2 /tmp/cc9iUxPJ.debug.temp.o
 .debug_abbrev  0x00000000       0xb3 /tmp/cc9iUxPJ.debug.temp.o
 .debug_line    0x00000000       0x51 /tmp/cc9iUxPJ.debug.temp.o
 .debug_str     0x00000000      0x1fd /tmp/cc9iUxPJ.debug.temp.o
 .debug_line_str
                0x00000000      0x15c /tmp/cc9iUxPJ.debug.temp.o
 .comment       0x00000000       0x27 /tmp/cc9iUxPJ.debug.temp.o
 .note.GNU-stack
                0x00000000        0x0 /tmp/cc9iUxPJ.debug.temp.o
 .debug_info    0x00000000       0xe2 /tmp/cchZGmUO.debug.temp.o
 .debug_abbrev  0x00000000       0xb3 /tmp/cchZGmUO.debug.temp.o
 .debug_line    0x00000000       0x51 /tmp/cchZGmUO.debug.temp.o
 .debug_str     0x00000000      0x1fd /tmp/cchZGmUO.debug.temp.o
 .debug_line_str
                0x00000000      0x15c /tmp/cchZGmUO.debug.temp.o
 .comment       0x00000000       0x27 /tmp/cchZGmUO.debug.temp.o
 .note.GNU-stack
                0x00000000        0x0 /tmp/cchZGmUO.debug.temp.o
 .debug_info    0x00000000      0x6db /tmp/ccmO3uOs.debug.temp.o
 .debug_abbrev  0x00000000      0x17f /tmp/ccmO3uOs.debug.temp.o
 .debug_line    0x00000000       0x51 /tmp/ccmO3uOs.debug.temp.o
 .debug_str     0x00000000      0x428 /tmp/ccmO3uOs.debug.temp.o
 .debug_line_str
                0x00000000      0x151 /tmp/ccmO3uOs.debug.temp.o
 .comment       0x00000000       0x27 /tmp/ccmO3uOs.debug.temp.o
 .note.GNU-stack
                0x00000000        0x0 /tmp/ccmO3uOs.debug.temp.o
 .debug_info    0x00000000       0xdd /tmp/ccj6aTun.debug.temp.o
 .debug_abbrev  0x00000000       0xac /tmp/ccj6aTun.debug.temp.o
 .debug_line    0x00000000       0x51 /tmp/ccj6aTun.debug.temp.o
 .debug_str     0x00000000      0x1fb /tmp/ccj6aTun.debug.temp.o
 .debug_line_str
                0x00000000      0x15a /tmp/ccj6aTun.debug.temp.o
 .comment       0x00000000       0x27 /tmp/ccj6aTun.debug.temp.o
 .note.GNU-stack
                0x00000000        0x0 /tmp/ccj6aTun.debug.temp.o
 .debug_info    0x00000000       0xdd /tmp/ccVRdHJ0.debug.temp.o
 .debug_abbrev  0x00000000       0xac /tmp/ccVRdHJ0.debug.temp.o
 .debug_line    0x00000000       0x51 /tmp/ccVRdHJ0.debug.temp.o
 .debug_str     0x00000000      0x1fb /tmp/ccVRdHJ0.debug.temp.o
 .debug_line_str
                0x00000000      0x15a /tmp/ccVRdHJ0.debug.temp.o
 .comment       0x00000000       0x27 /tmp/ccVRdHJ0.debug.temp.o
 .note.GNU-stack
                0x00000000        0x0 /tmp/ccVRdHJ0.debug.temp.o
 .debug_info    0x00000000      0x4f7 /tmp/ccTd8gWB.debug.temp.o
 .debug_abbrev  0x00000000       0xb9 /tmp/ccTd8gWB.debug.temp.o
 .debug_line    0x00000000       0x4c /tmp/ccTd8gWB.debug.temp.o
 .debug_str     0x00000000      0x3a3 /tmp/ccTd8gWB.debug.temp.o
 .debug_line_str
                0x00000000      0x13d /tmp/ccTd8gWB.debug.temp.o
 .comment       0x00000000       0x27 /tmp/ccTd8gWB.debug.temp.o
 .note.GNU-stack
                0x00000000        0x0 /tmp/ccTd8gWB.debug.temp.o
 .debug_info    0x00000000      0x1e0 /tmp/ccXoyojl.debug.temp.o
 .debug_abbrev  0x00000000       0xd5 /tmp/ccXoyojl.debug.temp.o
 .debug_line    0x00000000       0x4c /tmp/ccXoyojl.debug.temp.o
 .debug_str     0x00000000      0x238 /tmp/ccXoyojl.debug.temp.o
 .debug_line_str
                0x00000000      0x159 /tmp/ccXoyojl.debug.temp.o
 .comment       0x00000000       0x27 /tmp/ccXoyojl.debug.temp.o
 .note.GNU-stack
                0x00000000        0x0 /tmp/ccXoyojl.debug.temp.o
 .debug_info    0x00000000       0xda /tmp/ccE5jvrQ.debug.temp.o
 .debug_abbrev  0x00000000       0xbc /tmp/ccE5jvrQ.debug.temp.o
 .debug_line    0x00000000       0x51 /tmp/ccE5jvrQ.debug.temp.o
 .debug_str     0x00000000      0x1e6 /tmp/ccE5jvrQ.debug.temp.o
 .debug_line_str
                0x00000000      0x156 /tmp/ccE5jvrQ.debug.temp.o
 .comment       0x00000000       0x27 /tmp/ccE5jvrQ.debug.temp.o
 .note.GNU-stack
                0x00000000        0x0 /tmp/ccE5jvrQ.debug.temp.o
 .debug_info    0x00000000       0xd5 /tmp/ccHsKZ73.debug.temp.o
 .debug_abbrev  0x00000000       0xc2 /tmp/ccHsKZ73.debug.temp.o
 .debug_line    0x00000000       0x51 /tmp/ccHsKZ73.debug.temp.o
 .debug_str     0x00000000      0x1e5 /tmp/ccHsKZ73.debug.temp.o
 .debug_line_str
                0x00000000      0x15c /tmp/ccHsKZ73.debug.temp.o
 .comment       0x00000000       0x27 /tmp/ccHsKZ73.debug.temp.o
 .note.GNU-stack
                0x00000000        0x0 /tmp/ccHsKZ73.debug.temp.o
 .debug_info    0x00000000       0xd7 /tmp/cc4qhjhc.debug.temp.o
 .debug_abbrev  0x00000000       0x83 /tmp/cc4qhjhc.debug.temp.o
 .debug_line    0x00000000       0x48 /tmp/cc4qhjhc.debug.temp.o
 .debug_str     0x00000000      0x207 /tmp/cc4qhjhc.debug.temp.o
 .debug_line_str
                0x00000000      0x12d /tmp/cc4qhjhc.debug.temp.o
 .comment       0x00000000       0x27 /tmp/cc4qhjhc.debug.temp.o
 .note.GNU-stack
                0x00000000        0x0 /tmp/cc4qhjhc.debug.temp.o
 .debug_info    0x00000000       0xda /tmp/cc0bntwg.debug.temp.o
 .debug_abbrev  0x00000000       0x8b /tmp/cc0bntwg.debug.temp.o
 .debug_line    0x00000000       0x48 /tmp/cc0bntwg.debug.temp.o
 .debug_str     0x00000000      0x212 /tmp/cc0bntwg.debug.temp.o
 .debug_line_str
                0x00000000      0x12a /tmp/cc0bntwg.debug.temp.o
 .comment       0x00000000       0x27 /tmp/cc0bntwg.debug.temp.o
 .note.GNU-stack
                0x00000000        0x0 /tmp/cc0bntwg.debug.temp.o
 .debug_info    0x00000000       0xd7 /tmp/ccnLelnu.debug.temp.o
 .debug_abbrev  0x00000000       0x83 /tmp/ccnLelnu.debug.temp.o
 .debug_line    0x00000000       0x48 /tmp/ccnLelnu.debug.temp.o
 .debug_str     0x00000000      0x209 /tmp/ccnLelnu.debug.temp.o
 .debug_line_str
                0x00000000      0x12f /tmp/ccnLelnu.debug.temp.o
 .comment       0x00000000       0x27 /tmp/ccnLelnu.debug.temp.o
 .note.GNU-stack
                0x00000000        0x0 /tmp/ccnLelnu.debug.temp.o
 .debug_info    0x00000000       0xda /tmp/ccsDBmcU.debug.temp.o
 .debug_abbrev  0x00000000       0x8b /tmp/ccsDBmcU.debug.temp.o
 .debug_line    0x00000000       0x48 /tmp/ccsDBmcU.debug.temp.o
 .debug_str     0x00000000      0x214 /tmp/ccsDBmcU.debug.temp.o
 .debug_line_str
                0x00000000      0x12c /tmp/ccsDBmcU.debug.temp.o
 .comment       0x00000000       0x27 /tmp/ccsDBmcU.debug.temp.o
 .note.GNU-stack
                0x00000000        0x0 /tmp/ccsDBmcU.debug.temp.o
 .debug_info    0x00000000      0x121 /tmp/ccIVlxTZ.debug.temp.o
 .debug_abbrev  0x00000000       0x9b /tmp/ccIVlxTZ.debug.temp.o
 .debug_line    0x00000000       0x48 /tmp/ccIVlxTZ.debug.temp.o
 .debug_str     0x00000000      0x229 /tmp/ccIVlxTZ.debug.temp.o
 .debug_line_str
                0x00000000      0x11d /tmp/ccIVlxTZ.debug.temp.o
 .comment       0x00000000       0x27 /tmp/ccIVlxTZ.debug.temp.o
 .note.GNU-stack
                0x00000000        0x0 /tmp/ccIVlxTZ.debug.temp.o
 .debug_info    0x00000000      0x133 /tmp/ccK0bZyM.debug.temp.o
 .debug_abbrev  0x00000000       0x99 /tmp/ccK0bZyM.debug.temp.o
 .debug_line    0x00000000       0x4c /tmp/ccK0bZyM.debug.temp.o
 .debug_str     0x00000000      0x24c /tmp/ccK0bZyM.debug.temp.o
 .debug_line_str
                0x00000000      0x157 /tmp/ccK0bZyM.debug.temp.o
 .comment       0x00000000       0x27 /tmp/ccK0bZyM.debug.temp.o
 .note.GNU-stack
                0x00000000        0x0 /tmp/ccK0bZyM.debug.temp.o
 .debug_info    0x00000000       0xc7 /tmp/ccFd9w1i.debug.temp.o
 .debug_abbrev  0x00000000       0x9b /tmp/ccFd9w1i.debug.temp.o
 .debug_line    0x00000000       0x55 /tmp/ccFd9w1i.debug.temp.o
 .debug_str     0x00000000      0x207 /tmp/ccFd9w1i.debug.temp.o
 .debug_line_str
                0x00000000      0x1c3 /tmp/ccFd9w1i.debug.temp.o
 .comment       0x00000000       0x27 /tmp/ccFd9w1i.debug.temp.o
 .note.GNU-stack
                0x00000000        0x0 /tmp/ccFd9w1i.debug.temp.o
 .debug_info    0x00000000      0x13c /tmp/cci2EURr.debug.temp.o
 .debug_abbrev  0x00000000       0x97 /tmp/cci2EURr.debug.temp.o
 .debug_line    0x00000000       0x4c /tmp/cci2EURr.debug.temp.o
 .debug_str     0x00000000      0x20e /tmp/cci2EURr.debug.temp.o
 .debug_line_str
                0x00000000      0x13e /tmp/cci2EURr.debug.temp.o
 .comment       0x00000000       0x27 /tmp/cci2EURr.debug.temp.o
 .note.GNU-stack
                0x00000000        0x0 /tmp/cci2EURr.debug.temp.o
 .debug_info    0x00000000     0x2075 /tmp/ccLfKxmX.debug.temp.o
 .debug_abbrev  0x00000000      0x24e /tmp/ccLfKxmX.debug.temp.o
 .debug_line    0x00000000       0xa1 /tmp/ccLfKxmX.debug.temp.o
 .debug_str     0x00000000     0x187e /tmp/ccLfKxmX.debug.temp.o
 .debug_line_str
                0x00000000      0x300 /tmp/ccLfKxmX.debug.temp.o
 .comment       0x00000000       0x27 /tmp/ccLfKxmX.debug.temp.o
 .note.GNU-stack
                0x00000000        0x0 /tmp/ccLfKxmX.debug.temp.o
 .debug_info    0x00000000       0xd6 /tmp/ccU8dlVc.debug.temp.o
 .debug_abbrev  0x00000000       0x8c /tmp/ccU8dlVc.debug.temp.o
 .debug_line    0x00000000       0x48 /tmp/ccU8dlVc.debug.temp.o
 .debug_str     0x00000000      0x1ee /tmp/ccU8dlVc.debug.temp.o
 .debug_line_str
                0x00000000      0x15a /tmp/ccU8dlVc.debug.temp.o
 .comment       0x00000000       0x27 /tmp/ccU8dlVc.debug.temp.o
 .note.GNU-stack
                0x00000000        0x0 /tmp/ccU8dlVc.debug.temp.o
 .debug_info    0x00000000       0xcb /tmp/ccttCOr7.debug.temp.o
 .debug_abbrev  0x00000000       0x8c /tmp/ccttCOr7.debug.temp.o
 .debug_line    0x00000000       0x48 /tmp/ccttCOr7.debug.temp.o
 .debug_str     0x00000000      0x1e7 /tmp/ccttCOr7.debug.temp.o
 .debug_line_str
                0x00000000      0x15a /tmp/ccttCOr7.debug.temp.o
 .comment       0x00000000       0x27 /tmp/ccttCOr7.debug.temp.o
 .note.GNU-stack
                0x00000000        0x0 /tmp/ccttCOr7.debug.temp.o
 .debug_info    0x00000000       0xd6 /tmp/ccpZAJbC.debug.temp.o
 .debug_abbrev  0x00000000       0x8c /tmp/ccpZAJbC.debug.temp.o
 .debug_line    0x00000000       0x48 /tmp/ccpZAJbC.debug.temp.o
 .debug_str     0x00000000      0x1ee /tmp/ccpZAJbC.debug.temp.o
 .debug_line_str
                0x00000000      0x15a /tmp/ccpZAJbC.debug.temp.o
 .comment       0x00000000       0x27 /tmp/ccpZAJbC.debug.temp.o
 .note.GNU-stack
                0x00000000        0x0 /tmp/ccpZAJbC.debug.temp.o
 .debug_info    0x00000000      0x134 /tmp/ccjEeJo4.debug.temp.o
 .debug_abbrev  0x00000000       0xb8 /tmp/ccjEeJo4.debug.temp.o
 .debug_line    0x00000000       0x51 /tmp/ccjEeJo4.debug.temp.o
 .debug_str     0x00000000      0x205 /tmp/ccjEeJo4.debug.temp.o
 .debug_line_str
                0x00000000      0x197 /tmp/ccjEeJo4.debug.temp.o
 .comment       0x00000000       0x27 /tmp/ccjEeJo4.debug.temp.o
 .note.GNU-stack
                0x00000000        0x0 /tmp/ccjEeJo4.debug.temp.o
 .debug_info    0x00000000       0xb4 /tmp/ccLWR0BO.debug.temp.o
 .debug_abbrev  0x00000000       0x7e /tmp/ccLWR0BO.debug.temp.o
 .debug_line    0x00000000       0x48 /tmp/ccLWR0BO.debug.temp.o
 .debug_str     0x00000000      0x1dd /tmp/ccLWR0BO.debug.temp.o
 .debug_line_str
                0x00000000      0x156 /tmp/ccLWR0BO.debug.temp.o
 .comment       0x00000000       0x27 /tmp/ccLWR0BO.debug.temp.o
 .note.GNU-stack
                0x00000000        0x0 /tmp/ccLWR0BO.debug.temp.o
 .debug_info    0x00000000       0xdf /tmp/ccwkGpwU.debug.temp.o
 .debug_abbrev  0x00000000       0x85 /tmp/ccwkGpwU.debug.temp.o
 .debug_line    0x00000000       0x48 /tmp/ccwkGpwU.debug.temp.o
 .debug_str     0x00000000      0x206 /tmp/ccwkGpwU.debug.temp.o
 .debug_line_str
                0x00000000      0x15c /tmp/ccwkGpwU.debug.temp.o
 .comment       0x00000000       0x27 /tmp/ccwkGpwU.debug.temp.o
 .note.GNU-stack
                0x00000000        0x0 /tmp/ccwkGpwU.debug.temp.o
 .debug_info    0x00000000       0xcf /tmp/ccRVOQNO.debug.temp.o
 .debug_abbrev  0x00000000       0x7e /tmp/ccRVOQNO.debug.temp.o
 .debug_line    0x00000000       0x4c /tmp/ccRVOQNO.debug.temp.o
 .debug_str     0x00000000      0x1e0 /tmp/ccRVOQNO.debug.temp.o
 .debug_line_str
                0x00000000      0x183 /tmp/ccRVOQNO.debug.temp.o
 .comment       0x00000000       0x27 /tmp/ccRVOQNO.debug.temp.o
 .note.GNU-stack
                0x00000000        0x0 /tmp/ccRVOQNO.debug.temp.o
 .debug_info    0x00000000       0xcf /tmp/ccBqZL65.debug.temp.o
 .debug_abbrev  0x00000000       0x7e /tmp/ccBqZL65.debug.temp.o
 .debug_line    0x00000000       0x48 /tmp/ccBqZL65.debug.temp.o
 .debug_str     0x00000000      0x1ec /tmp/ccBqZL65.debug.temp.o
 .debug_line_str
                0x00000000      0x158 /tmp/ccBqZL65.debug.temp.o
 .comment       0x00000000       0x27 /tmp/ccBqZL65.debug.temp.o
 .note.GNU-stack
                0x00000000        0x0 /tmp/ccBqZL65.debug.temp.o
 .debug_info    0x00000000       0xc4 /tmp/cchp2QVJ.debug.temp.o
 .debug_abbrev  0x00000000       0x7e /tmp/cchp2QVJ.debug.temp.o
 .debug_line    0x00000000       0x48 /tmp/cchp2QVJ.debug.temp.o
 .debug_str     0x00000000      0x1e5 /tmp/cchp2QVJ.debug.temp.o
 .debug_line_str
                0x00000000      0x158 /tmp/cchp2QVJ.debug.temp.o
 .comment       0x00000000       0x27 /tmp/cchp2QVJ.debug.temp.o
 .note.GNU-stack
                0x00000000        0x0 /tmp/cchp2QVJ.debug.temp.o
 .debug_info    0x00000000       0xcf /tmp/ccePBmjx.debug.temp.o
 .debug_abbrev  0x00000000       0x7e /tmp/ccePBmjx.debug.temp.o
 .debug_line    0x00000000       0x48 /tmp/ccePBmjx.debug.temp.o
 .debug_str     0x00000000      0x1ec /tmp/ccePBmjx.debug.temp.o
 .debug_line_str
                0x00000000      0x158 /tmp/ccePBmjx.debug.temp.o
 .comment       0x00000000       0x27 /tmp/ccePBmjx.debug.temp.o
 .note.GNU-stack
                0x00000000        0x0 /tmp/ccePBmjx.debug.temp.o
 .debug_info    0x00000000       0xcf /tmp/ccxUq51b.debug.temp.o
 .debug_abbrev  0x00000000       0x7e /tmp/ccxUq51b.debug.temp.o
 .debug_line    0x00000000       0x48 /tmp/ccxUq51b.debug.temp.o
 .debug_str     0x00000000      0x1e7 /tmp/ccxUq51b.debug.temp.o
 .debug_line_str
                0x00000000      0x154 /tmp/ccxUq51b.debug.temp.o
 .comment       0x00000000       0x27 /tmp/ccxUq51b.debug.temp.o
 .note.GNU-stack
                0x00000000        0x0 /tmp/ccxUq51b.debug.temp.o
 .debug_info    0x00000000       0xcb /tmp/ccehwRlq.debug.temp.o
 .debug_abbrev  0x00000000       0x8c /tmp/ccehwRlq.debug.temp.o
 .debug_line    0x00000000       0x48 /tmp/ccehwRlq.debug.temp.o
 .debug_str     0x00000000      0x1f5 /tmp/ccehwRlq.debug.temp.o
 .debug_line_str
                0x00000000      0x156 /tmp/ccehwRlq.debug.temp.o
 .comment       0x00000000       0x27 /tmp/ccehwRlq.debug.temp.o
 .note.GNU-stack
                0x00000000        0x0 /tmp/ccehwRlq.debug.temp.o
 .debug_info    0x00000000       0xc4 /tmp/ccrJFcNK.debug.temp.o
 .debug_abbrev  0x00000000       0x85 /tmp/ccrJFcNK.debug.temp.o
 .debug_line    0x00000000       0x48 /tmp/ccrJFcNK.debug.temp.o
 .debug_str     0x00000000      0x1ef /tmp/ccrJFcNK.debug.temp.o
 .debug_line_str
                0x00000000      0x160 /tmp/ccrJFcNK.debug.temp.o
 .comment       0x00000000       0x27 /tmp/ccrJFcNK.debug.temp.o
 .note.GNU-stack
                0x00000000        0x0 /tmp/ccrJFcNK.debug.temp.o
 .debug_info    0x00000000      0x22e /tmp/ccaQekGj.debug.temp.o
 .debug_abbrev  0x00000000       0xdd /tmp/ccaQekGj.debug.temp.o
 .debug_line    0x00000000       0x55 /tmp/ccaQekGj.debug.temp.o
 .debug_str     0x00000000      0x2d4 /tmp/ccaQekGj.debug.temp.o
 .debug_line_str
                0x00000000      0x1a3 /tmp/ccaQekGj.debug.temp.o
 .comment       0x00000000       0x27 /tmp/ccaQekGj.debug.temp.o
 .note.GNU-stack
                0x00000000        0x0 /tmp/ccaQekGj.debug.temp.o
 .debug_info    0x00000000       0x97 /tmp/cceEDoXN.debug.temp.o
 .debug_abbrev  0x00000000       0x64 /tmp/cceEDoXN.debug.temp.o
 .debug_line    0x00000000       0x4c /tmp/cceEDoXN.debug.temp.o
 .debug_str     0x00000000      0x1f3 /tmp/cceEDoXN.debug.temp.o
 .debug_line_str
                0x00000000      0x178 /tmp/cceEDoXN.debug.temp.o
 .comment       0x00000000       0x27 /tmp/cceEDoXN.debug.temp.o
 .note.GNU-stack
                0x00000000        0x0 /tmp/cceEDoXN.debug.temp.o
 .debug_info    0x00000000       0xae /tmp/ccRDJvCY.debug.temp.o
 .debug_abbrev  0x00000000       0x87 /tmp/ccRDJvCY.debug.temp.o
 .debug_line    0x00000000       0x4c /tmp/ccRDJvCY.debug.temp.o
 .debug_str     0x00000000      0x21c /tmp/ccRDJvCY.debug.temp.o
 .debug_line_str
                0x00000000      0x20e /tmp/ccRDJvCY.debug.temp.o
 .comment       0x00000000       0x27 /tmp/ccRDJvCY.debug.temp.o
 .note.GNU-stack
                0x00000000        0x0 /tmp/ccRDJvCY.debug.temp.o
 .debug_info    0x00000000      0x741 /tmp/ccgbNjwx.debug.temp.o
 .debug_abbrev  0x00000000      0x175 /tmp/ccgbNjwx.debug.temp.o
 .debug_line    0x00000000       0x63 /tmp/ccgbNjwx.debug.temp.o
 .debug_str     0x00000000      0x5e1 /tmp/ccgbNjwx.debug.temp.o
 .debug_line_str
                0x00000000      0x218 /tmp/ccgbNjwx.debug.temp.o
 .comment       0x00000000       0x27 /tmp/ccgbNjwx.debug.temp.o
 .note.GNU-stack
                0x00000000        0x0 /tmp/ccgbNjwx.debug.temp.o
 .debug_info    0x00000000      0x54e /tmp/ccith9DU.debug.temp.o
 .debug_abbrev  0x00000000      0x130 /tmp/ccith9DU.debug.temp.o
 .debug_line    0x00000000       0x51 /tmp/ccith9DU.debug.temp.o
 .debug_str     0x00000000      0x3d1 /tmp/ccith9DU.debug.temp.o
 .debug_line_str
                0x00000000      0x15d /tmp/ccith9DU.debug.temp.o
 .comment       0x00000000       0x27 /tmp/ccith9DU.debug.temp.o
 .note.GNU-stack
                0x00000000        0x0 /tmp/ccith9DU.debug.temp.o
 .debug_info    0x00000000      0x371 /tmp/cceLZ7JS.debug.temp.o
 .debug_abbrev  0x00000000       0xf0 /tmp/cceLZ7JS.debug.temp.o
 .debug_line    0x00000000       0x4c /tmp/cceLZ7JS.debug.temp.o
 .debug_str     0x00000000      0x2d4 /tmp/cceLZ7JS.debug.temp.o
 .debug_line_str
                0x00000000      0x17c /tmp/cceLZ7JS.debug.temp.o
 .comment       0x00000000       0x27 /tmp/cceLZ7JS.debug.temp.o
 .note.GNU-stack
                0x00000000        0x0 /tmp/cceLZ7JS.debug.temp.o
 .debug_info    0x00000000     0x12e8 /tmp/ccmjaPYU.debug.temp.o
 .debug_abbrev  0x00000000       0xd0 /tmp/ccmjaPYU.debug.temp.o
 .debug_line    0x00000000       0x51 /tmp/ccmjaPYU.debug.temp.o
 .debug_str     0x00000000      0x7a9 /tmp/ccmjaPYU.debug.temp.o
 .debug_line_str
                0x00000000      0x17e /tmp/ccmjaPYU.debug.temp.o
 .comment       0x00000000       0x27 /tmp/ccmjaPYU.debug.temp.o
 .note.GNU-stack
                0x00000000        0x0 /tmp/ccmjaPYU.debug.temp.o
 .debug_info    0x00000000      0x2ef /tmp/ccfi1RuU.debug.temp.o
 .debug_abbrev  0x00000000       0xee /tmp/ccfi1RuU.debug.temp.o
 .debug_line    0x00000000       0x51 /tmp/ccfi1RuU.debug.temp.o
 .debug_str     0x00000000      0x2f6 /tmp/ccfi1RuU.debug.temp.o
 .debug_line_str
                0x00000000      0x185 /tmp/ccfi1RuU.debug.temp.o
 .comment       0x00000000       0x27 /tmp/ccfi1RuU.debug.temp.o
 .note.GNU-stack
                0x00000000        0x0 /tmp/ccfi1RuU.debug.temp.o
 .debug_info    0x00000000      0x3df /tmp/ccE8in6A.debug.temp.o
 .debug_abbrev  0x00000000      0x139 /tmp/ccE8in6A.debug.temp.o
 .debug_line    0x00000000       0x56 /tmp/ccE8in6A.debug.temp.o
 .debug_str     0x00000000      0x371 /tmp/ccE8in6A.debug.temp.o
 .debug_line_str
                0x00000000      0x189 /tmp/ccE8in6A.debug.temp.o
 .comment       0x00000000       0x27 /tmp/ccE8in6A.debug.temp.o
 .note.GNU-stack
                0x00000000        0x0 /tmp/ccE8in6A.debug.temp.o
 .debug_info    0x00000000      0x390 /tmp/cc5tocA1.debug.temp.o
 .debug_abbrev  0x00000000       0xd2 /tmp/cc5tocA1.debug.temp.o
 .debug_line    0x00000000       0x43 /tmp/cc5tocA1.debug.temp.o
 .debug_str     0x00000000      0x303 /tmp/cc5tocA1.debug.temp.o
 .debug_line_str
                0x00000000      0x14f /tmp/cc5tocA1.debug.temp.o
 .comment       0x00000000       0x27 /tmp/cc5tocA1.debug.temp.o
 .note.GNU-stack
                0x00000000        0x0 /tmp/cc5tocA1.debug.temp.o
 .debug_info    0x00000000       0xc8 /tmp/ccwKrw1Y.debug.temp.o
 .debug_abbrev  0x00000000       0x81 /tmp/ccwKrw1Y.debug.temp.o
 .debug_line    0x00000000       0x55 /tmp/ccwKrw1Y.debug.temp.o
 .debug_str     0x00000000      0x210 /tmp/ccwKrw1Y.debug.temp.o
 .debug_line_str
                0x00000000      0x213 /tmp/ccwKrw1Y.debug.temp.o
 .comment       0x00000000       0x27 /tmp/ccwKrw1Y.debug.temp.o
 .note.GNU-stack
                0x00000000        0x0 /tmp/ccwKrw1Y.debug.temp.o
 .debug_info    0x00000000      0x38c /tmp/ccb4bQiD.debug.temp.o
 .debug_abbrev  0x00000000      0x1b0 /tmp/ccb4bQiD.debug.temp.o
 .debug_line    0x00000000       0x77 /tmp/ccb4bQiD.debug.temp.o
 .debug_str     0x00000000      0x44d /tmp/ccb4bQiD.debug.temp.o
 .debug_line_str
                0x00000000      0x283 /tmp/ccb4bQiD.debug.temp.o
 .comment       0x00000000       0x27 /tmp/ccb4bQiD.debug.temp.o
 .note.GNU-stack
                0x00000000        0x0 /tmp/ccb4bQiD.debug.temp.o
 .debug_info    0x00000000       0xc0 /tmp/ccbVG6Kq.debug.temp.o
 .debug_abbrev  0x00000000       0x80 /tmp/ccbVG6Kq.debug.temp.o
 .debug_line    0x00000000       0x51 /tmp/ccbVG6Kq.debug.temp.o
 .debug_str     0x00000000      0x24b /tmp/ccbVG6Kq.debug.temp.o
 .debug_line_str
                0x00000000      0x192 /tmp/ccbVG6Kq.debug.temp.o
 .comment       0x00000000       0x27 /tmp/ccbVG6Kq.debug.temp.o
 .note.GNU-stack
                0x00000000        0x0 /tmp/ccbVG6Kq.debug.temp.o
 .comment       0x00000000       0x27 /tmp/ccmXLPCS.debug.temp.o
 .note.GNU-stack
                0x00000000        0x0 /tmp/ccmXLPCS.debug.temp.o
 .comment       0x00000000       0x27 /tmp/ccU6jUqH.debug.temp.o
 .note.GNU-stack
                0x00000000        0x0 /tmp/ccU6jUqH.debug.temp.o
 .text          0x00000000        0x8 /home/enyephy/edk2/edk2/Build/OvmfIa32/RELEASE_GCC5/IA32/MdePkg/Library/BaseLib/BaseLib/OUTPUT/BaseLib.lib(WriteTr.obj)
 .text          0x00000000        0x4 /home/enyephy/edk2/edk2/Build/OvmfIa32/RELEASE_GCC5/IA32/MdePkg/Library/BaseLib/BaseLib/OUTPUT/BaseLib.lib(Lfence.obj)
 .text          0x00000000      0x168 /home/enyephy/edk2/edk2/Build/OvmfIa32/RELEASE_GCC5/IA32/MdePkg/Library/BaseLib/BaseLib/OUTPUT/BaseLib.lib(Thunk16.obj)
 .data          0x00000000        0xa /home/enyephy/edk2/edk2/Build/OvmfIa32/RELEASE_GCC5/IA32/MdePkg/Library/BaseLib/BaseLib/OUTPUT/BaseLib.lib(Thunk16.obj)
 .text          0x00000000        0x3 /home/enyephy/edk2/edk2/Build/OvmfIa32/RELEASE_GCC5/IA32/MdePkg/Library/BaseLib/BaseLib/OUTPUT/BaseLib.lib(EnableDisableInterrupts.obj)
 .text          0x00000000       0x45 /home/enyephy/edk2/edk2/Build/OvmfIa32/RELEASE_GCC5/IA32/MdePkg/Library/BaseLib/BaseLib/OUTPUT/BaseLib.lib(EnablePaging64.obj)
 .text          0x00000000       0x25 /home/enyephy/edk2/edk2/Build/OvmfIa32/RELEASE_GCC5/IA32/MdePkg/Library/BaseLib/BaseLib/OUTPUT/BaseLib.lib(DisablePaging32.obj)
 .text          0x00000000       0x25 /home/enyephy/edk2/edk2/Build/OvmfIa32/RELEASE_GCC5/IA32/MdePkg/Library/BaseLib/BaseLib/OUTPUT/BaseLib.lib(EnablePaging32.obj)
 .text          0x00000000        0xc /home/enyephy/edk2/edk2/Build/OvmfIa32/RELEASE_GCC5/IA32/MdePkg/Library/BaseLib/BaseLib/OUTPUT/BaseLib.lib(Mwait.obj)
 .text          0x00000000       0x10 /home/enyephy/edk2/edk2/Build/OvmfIa32/RELEASE_GCC5/IA32/MdePkg/Library/BaseLib/BaseLib/OUTPUT/BaseLib.lib(Monitor.obj)
 .text          0x00000000       0x2f /home/enyephy/edk2/edk2/Build/OvmfIa32/RELEASE_GCC5/IA32/MdePkg/Library/BaseLib/BaseLib/OUTPUT/BaseLib.lib(CpuIdEx.obj)
 .text          0x00000000       0x2c /home/enyephy/edk2/edk2/Build/OvmfIa32/RELEASE_GCC5/IA32/MdePkg/Library/BaseLib/BaseLib/OUTPUT/BaseLib.lib(CpuId.obj)
 .text          0x00000000       0x3c /home/enyephy/edk2/edk2/Build/OvmfIa32/RELEASE_GCC5/IA32/MdePkg/Library/BaseLib/BaseLib/OUTPUT/BaseLib.lib(LongJump.obj)
 .text          0x00000000       0x4a /home/enyephy/edk2/edk2/Build/OvmfIa32/RELEASE_GCC5/IA32/MdePkg/Library/BaseLib/BaseLib/OUTPUT/BaseLib.lib(SetJump.obj)
 .text          0x00000000        0xd /home/enyephy/edk2/edk2/Build/OvmfIa32/RELEASE_GCC5/IA32/MdePkg/Library/BaseLib/BaseLib/OUTPUT/BaseLib.lib(SwapBytes64.obj)
 .text          0x00000000       0x79 /home/enyephy/edk2/edk2/Build/OvmfIa32/RELEASE_GCC5/IA32/MdePkg/Library/BaseLib/BaseLib/OUTPUT/BaseLib.lib(DivU64x64Remainder.obj)
 .text          0x00000000       0x1d /home/enyephy/edk2/edk2/Build/OvmfIa32/RELEASE_GCC5/IA32/MdePkg/Library/BaseLib/BaseLib/OUTPUT/BaseLib.lib(DivU64x32Remainder.obj)
 .text          0x00000000       0x15 /home/enyephy/edk2/edk2/Build/OvmfIa32/RELEASE_GCC5/IA32/MdePkg/Library/BaseLib/BaseLib/OUTPUT/BaseLib.lib(ModU64x32.obj)
 .text          0x00000000       0x15 /home/enyephy/edk2/edk2/Build/OvmfIa32/RELEASE_GCC5/IA32/MdePkg/Library/BaseLib/BaseLib/OUTPUT/BaseLib.lib(DivU64x32.obj)
 .text          0x00000000       0x1f /home/enyephy/edk2/edk2/Build/OvmfIa32/RELEASE_GCC5/IA32/MdePkg/Library/BaseLib/BaseLib/OUTPUT/BaseLib.lib(MultU64x64.obj)
 .text          0x00000000       0x12 /home/enyephy/edk2/edk2/Build/OvmfIa32/RELEASE_GCC5/IA32/MdePkg/Library/BaseLib/BaseLib/OUTPUT/BaseLib.lib(MultU64x32.obj)
 .text          0x00000000       0x25 /home/enyephy/edk2/edk2/Build/OvmfIa32/RELEASE_GCC5/IA32/MdePkg/Library/BaseLib/BaseLib/OUTPUT/BaseLib.lib(RRotU64.obj)
 .text          0x00000000       0x25 /home/enyephy/edk2/edk2/Build/OvmfIa32/RELEASE_GCC5/IA32/MdePkg/Library/BaseLib/BaseLib/OUTPUT/BaseLib.lib(LRotU64.obj)
 .text          0x00000000       0x1a /home/enyephy/edk2/edk2/Build/OvmfIa32/RELEASE_GCC5/IA32/MdePkg/Library/BaseLib/BaseLib/OUTPUT/BaseLib.lib(ARShiftU64.obj)
 .text          0x00000000       0x1b /home/enyephy/edk2/edk2/Build/OvmfIa32/RELEASE_GCC5/IA32/MdePkg/Library/BaseLib/BaseLib/OUTPUT/BaseLib.lib(RShiftU64.obj)
 .text          0x00000000       0x1b /home/enyephy/edk2/edk2/Build/OvmfIa32/RELEASE_GCC5/IA32/MdePkg/Library/BaseLib/BaseLib/OUTPUT/BaseLib.lib(LShiftU64.obj)
 .text          0x00000000       0x11 /home/enyephy/edk2/edk2/Build/OvmfIa32/RELEASE_GCC5/IA32/MdePkg/Library/BaseLib/BaseLib/OUTPUT/BaseLib.lib(EnableCache.obj)
 .text          0x00000000       0x11 /home/enyephy/edk2/edk2/Build/OvmfIa32/RELEASE_GCC5/IA32/MdePkg/Library/BaseLib/BaseLib/OUTPUT/BaseLib.lib(DisableCache.obj)
 .text          0x00000000       0x45 /home/enyephy/edk2/edk2/Build/OvmfIa32/RELEASE_GCC5/IA32/MdePkg/Library/BaseLib/BaseLib/OUTPUT/BaseLib.lib(RdRand.obj)
 .text          0x00000000        0x8 /home/enyephy/edk2/edk2/Build/OvmfIa32/RELEASE_GCC5/IA32/MdePkg/Library/BaseLib/BaseLib/OUTPUT/BaseLib.lib(XGetBv.obj)
 .text          0x00000000       0x10 /home/enyephy/edk2/edk2/Build/OvmfIa32/RELEASE_GCC5/IA32/MdePkg/Library/BaseLib/BaseLib/OUTPUT/BaseLib.lib(XSetBv.obj)
 .text          0x00000000        0x3 /home/enyephy/edk2/edk2/Build/OvmfIa32/RELEASE_GCC5/IA32/MdePkg/Library/BaseLib/BaseLib/OUTPUT/BaseLib.lib(VmgExit.obj)
 .text          0x00000000        0x3 /home/enyephy/edk2/edk2/Build/OvmfIa32/RELEASE_GCC5/IA32/MdePkg/Library/BaseLib/BaseLib/OUTPUT/BaseLib.lib(VmgExitSvsm.obj)
 .text          0x00000000       0x1b /home/enyephy/edk2/edk2/Build/OvmfIa32/RELEASE_GCC5/IA32/MdePkg/Library/BaseLib/BaseLib/OUTPUT/BaseLib.lib(InternalSwitchStack.obj)
 .text          0x00000000       0x2a /home/enyephy/edk2/edk2/Build/OvmfIa32/RELEASE_GCC5/IA32/MdePkg/Library/BaseMemoryLibRepStr/BaseMemoryLibRepStr/OUTPUT/BaseMemoryLibRepStr.lib(ScanMem64.obj)
 .text          0x00000000       0x18 /home/enyephy/edk2/edk2/Build/OvmfIa32/RELEASE_GCC5/IA32/MdePkg/Library/BaseMemoryLibRepStr/BaseMemoryLibRepStr/OUTPUT/BaseMemoryLibRepStr.lib(ScanMem32.obj)
 .text          0x00000000       0x19 /home/enyephy/edk2/edk2/Build/OvmfIa32/RELEASE_GCC5/IA32/MdePkg/Library/BaseMemoryLibRepStr/BaseMemoryLibRepStr/OUTPUT/BaseMemoryLibRepStr.lib(ScanMem16.obj)
 .text          0x00000000       0x18 /home/enyephy/edk2/edk2/Build/OvmfIa32/RELEASE_GCC5/IA32/MdePkg/Library/BaseMemoryLibRepStr/BaseMemoryLibRepStr/OUTPUT/BaseMemoryLibRepStr.lib(ScanMem8.obj)
 .text          0x00000000       0x1d /home/enyephy/edk2/edk2/Build/OvmfIa32/RELEASE_GCC5/IA32/MdePkg/Library/BaseMemoryLibRepStr/BaseMemoryLibRepStr/OUTPUT/BaseMemoryLibRepStr.lib(CompareMem.obj)
 .text          0x00000000       0x1d /home/enyephy/edk2/edk2/Build/OvmfIa32/RELEASE_GCC5/IA32/MdePkg/Library/BaseMemoryLibRepStr/BaseMemoryLibRepStr/OUTPUT/BaseMemoryLibRepStr.lib(ZeroMem.obj)
 .text          0x00000000       0x1f /home/enyephy/edk2/edk2/Build/OvmfIa32/RELEASE_GCC5/IA32/MdePkg/Library/BaseMemoryLibRepStr/BaseMemoryLibRepStr/OUTPUT/BaseMemoryLibRepStr.lib(SetMem64.obj)
 .text          0x00000000       0x15 /home/enyephy/edk2/edk2/Build/OvmfIa32/RELEASE_GCC5/IA32/MdePkg/Library/BaseMemoryLibRepStr/BaseMemoryLibRepStr/OUTPUT/BaseMemoryLibRepStr.lib(SetMem32.obj)
 .text          0x00000000       0x16 /home/enyephy/edk2/edk2/Build/OvmfIa32/RELEASE_GCC5/IA32/MdePkg/Library/BaseMemoryLibRepStr/BaseMemoryLibRepStr/OUTPUT/BaseMemoryLibRepStr.lib(SetMem16.obj)
 .text          0x00000000       0x15 /home/enyephy/edk2/edk2/Build/OvmfIa32/RELEASE_GCC5/IA32/MdePkg/Library/BaseMemoryLibRepStr/BaseMemoryLibRepStr/OUTPUT/BaseMemoryLibRepStr.lib(SetMem.obj)
 .text          0x00000000       0x39 /home/enyephy/edk2/edk2/Build/OvmfIa32/RELEASE_GCC5/IA32/MdePkg/Library/BaseMemoryLibRepStr/BaseMemoryLibRepStr/OUTPUT/BaseMemoryLibRepStr.lib(CopyMem.obj)
 .text          0x00000000       0x28 /home/enyephy/edk2/edk2/Build/OvmfIa32/RELEASE_GCC5/IA32/MdePkg/Library/BaseMemoryLibRepStr/BaseMemoryLibRepStr/OUTPUT/BaseMemoryLibRepStr.lib(IsZeroBuffer.obj)
 .text          0x00000000      0x132 /home/enyephy/edk2/edk2/Build/OvmfIa32/RELEASE_GCC5/IA32/MdePkg/Library/BaseIoLibIntrinsic/BaseIoLibIntrinsicSev/OUTPUT/BaseIoLibIntrinsicSev.lib(IoFifoSev.obj)
 .text          0x00000000        0x0 /home/enyephy/edk2/edk2/Build/OvmfIa32/RELEASE_GCC5/IA32/MdePkg/Library/StackCheckLibNull/StackCheckLibNull/OUTPUT/StackCheckLibNull.lib(StackCheckLibNullGcc.obj)
 .data          0x00000000        0x0 /home/enyephy/edk2/edk2/Build/OvmfIa32/RELEASE_GCC5/IA32/MdePkg/Library/StackCheckLibNull/StackCheckLibNull/OUTPUT/StackCheckLibNull.lib(StackCheckLibNullGcc.obj)
 .bss           0x00000000        0x0 /home/enyephy/edk2/edk2/Build/OvmfIa32/RELEASE_GCC5/IA32/MdePkg/Library/StackCheckLibNull/StackCheckLibNull/OUTPUT/StackCheckLibNull.lib(StackCheckLibNullGcc.obj)
 .text.__stack_chk_fail
                0x00000000        0x1 /home/enyephy/edk2/edk2/Build/OvmfIa32/RELEASE_GCC5/IA32/MdePkg/Library/StackCheckLibNull/StackCheckLibNull/OUTPUT/StackCheckLibNull.lib(StackCheckLibNullGcc.obj)
 .bss.__stack_chk_guard
                0x00000000        0x4 /home/enyephy/edk2/edk2/Build/OvmfIa32/RELEASE_GCC5/IA32/MdePkg/Library/StackCheckLibNull/StackCheckLibNull/OUTPUT/StackCheckLibNull.lib(StackCheckLibNullGcc.obj)
 .debug_info    0x00000000       0xa2 /home/enyephy/edk2/edk2/Build/OvmfIa32/RELEASE_GCC5/IA32/MdePkg/Library/StackCheckLibNull/StackCheckLibNull/OUTPUT/StackCheckLibNull.lib(StackCheckLibNullGcc.obj)
 .debug_abbrev  0x00000000       0x6d /home/enyephy/edk2/edk2/Build/OvmfIa32/RELEASE_GCC5/IA32/MdePkg/Library/StackCheckLibNull/StackCheckLibNull/OUTPUT/StackCheckLibNull.lib(StackCheckLibNullGcc.obj)
 .debug_aranges
                0x00000000       0x20 /home/enyephy/edk2/edk2/Build/OvmfIa32/RELEASE_GCC5/IA32/MdePkg/Library/StackCheckLibNull/StackCheckLibNull/OUTPUT/StackCheckLibNull.lib(StackCheckLibNullGcc.obj)
 .debug_rnglists
                0x00000000       0x13 /home/enyephy/edk2/edk2/Build/OvmfIa32/RELEASE_GCC5/IA32/MdePkg/Library/StackCheckLibNull/StackCheckLibNull/OUTPUT/StackCheckLibNull.lib(StackCheckLibNullGcc.obj)
 .debug_line    0x00000000       0x55 /home/enyephy/edk2/edk2/Build/OvmfIa32/RELEASE_GCC5/IA32/MdePkg/Library/StackCheckLibNull/StackCheckLibNull/OUTPUT/StackCheckLibNull.lib(StackCheckLibNullGcc.obj)
 .debug_str     0x00000000      0x1da /home/enyephy/edk2/edk2/Build/OvmfIa32/RELEASE_GCC5/IA32/MdePkg/Library/StackCheckLibNull/StackCheckLibNull/OUTPUT/StackCheckLibNull.lib(StackCheckLibNullGcc.obj)
 .debug_line_str
                0x00000000      0x1cb /home/enyephy/edk2/edk2/Build/OvmfIa32/RELEASE_GCC5/IA32/MdePkg/Library/StackCheckLibNull/StackCheckLibNull/OUTPUT/StackCheckLibNull.lib(StackCheckLibNullGcc.obj)
 .comment       0x00000000       0x27 /home/enyephy/edk2/edk2/Build/OvmfIa32/RELEASE_GCC5/IA32/MdePkg/Library/StackCheckLibNull/StackCheckLibNull/OUTPUT/StackCheckLibNull.lib(StackCheckLibNullGcc.obj)
 .note.GNU-stack
                0x00000000        0x0 /home/enyephy/edk2/edk2/Build/OvmfIa32/RELEASE_GCC5/IA32/MdePkg/Library/StackCheckLibNull/StackCheckLibNull/OUTPUT/StackCheckLibNull.lib(StackCheckLibNullGcc.obj)
 .debug_frame   0x00000000       0x24 /home/enyephy/edk2/edk2/Build/OvmfIa32/RELEASE_GCC5/IA32/MdePkg/Library/StackCheckLibNull/StackCheckLibNull/OUTPUT/StackCheckLibNull.lib(StackCheckLibNullGcc.obj)

Memory Configuration

Name             Origin             Length             Attributes
*default*        0x00000000         0xffffffff

Linker script and memory map

START GROUP
LOAD /tmp/ccSxlBtH.ltrans0.ltrans.o
LOAD /tmp/cc4yahB6.debug.temp.o
LOAD /tmp/ccB3JtGy.debug.temp.o
LOAD /tmp/ccx8czdE.debug.temp.o
LOAD /tmp/ccdaoRZe.debug.temp.o
LOAD /tmp/ccTVL531.debug.temp.o
LOAD /tmp/ccqJGE1b.debug.temp.o
LOAD /tmp/ccMUMBB8.debug.temp.o
LOAD /tmp/cc7bDg5l.debug.temp.o
LOAD /tmp/ccTB0LVw.debug.temp.o
LOAD /tmp/cc6ydta3.debug.temp.o
LOAD /tmp/ccpSHuc0.debug.temp.o
LOAD /tmp/ccc4KOkk.debug.temp.o
LOAD /tmp/ccw7XW5p.debug.temp.o
LOAD /tmp/cc3zLBft.debug.temp.o
LOAD /tmp/ccjenL2u.debug.temp.o
LOAD /tmp/ccY8890g.debug.temp.o
LOAD /tmp/ccgV9rzh.debug.temp.o
LOAD /tmp/ccO9DsAv.debug.temp.o
LOAD /tmp/ccj3livs.debug.temp.o
LOAD /tmp/ccZPYd6k.debug.temp.o
LOAD /tmp/ccaa5Xba.debug.temp.o
LOAD /tmp/cczVz2cb.debug.temp.o
LOAD /tmp/ccPFGjVF.debug.temp.o
LOAD /tmp/cchC6O7z.debug.temp.o
LOAD /tmp/ccwfLoVd.debug.temp.o
LOAD /tmp/ccI3cp3m.debug.temp.o
LOAD /tmp/cceRY97O.debug.temp.o
LOAD /tmp/cco9B7Pw.debug.temp.o
LOAD /tmp/ccGARCbH.debug.temp.o
LOAD /tmp/ccDAmTqS.debug.temp.o
LOAD /tmp/cc3mHpEw.debug.temp.o
LOAD /tmp/cc62JHYL.debug.temp.o
LOAD /tmp/ccqg5pVv.debug.temp.o
LOAD /tmp/ccDTPePR.debug.temp.o
LOAD /tmp/ccVyB3tP.debug.temp.o
LOAD /tmp/ccqgZxh4.debug.temp.o
LOAD /tmp/ccavYnNK.debug.temp.o
LOAD /tmp/cc3zOAtq.debug.temp.o
LOAD /tmp/ccErZ2zN.debug.temp.o
LOAD /tmp/ccd3o51L.debug.temp.o
LOAD /tmp/cc1i2JNE.debug.temp.o
LOAD /tmp/ccABMhVX.debug.temp.o
LOAD /tmp/ccSUfPKe.debug.temp.o
LOAD /tmp/ccCmhzeL.debug.temp.o
LOAD /tmp/cc9iUxPJ.debug.temp.o
LOAD /tmp/cchZGmUO.debug.temp.o
LOAD /tmp/ccmO3uOs.debug.temp.o
LOAD /tmp/ccj6aTun.debug.temp.o
LOAD /tmp/ccVRdHJ0.debug.temp.o
LOAD /tmp/ccTd8gWB.debug.temp.o
LOAD /tmp/ccXoyojl.debug.temp.o
LOAD /tmp/ccE5jvrQ.debug.temp.o
LOAD /tmp/ccHsKZ73.debug.temp.o
LOAD /tmp/cc4qhjhc.debug.temp.o
LOAD /tmp/cc0bntwg.debug.temp.o
LOAD /tmp/ccnLelnu.debug.temp.o
LOAD /tmp/ccsDBmcU.debug.temp.o
LOAD /tmp/ccIVlxTZ.debug.temp.o
LOAD /tmp/ccK0bZyM.debug.temp.o
LOAD /tmp/ccFd9w1i.debug.temp.o
LOAD /tmp/cci2EURr.debug.temp.o
LOAD /tmp/ccLfKxmX.debug.temp.o
LOAD /tmp/ccU8dlVc.debug.temp.o
LOAD /tmp/ccttCOr7.debug.temp.o
LOAD /tmp/ccpZAJbC.debug.temp.o
LOAD /tmp/ccjEeJo4.debug.temp.o
LOAD /tmp/ccLWR0BO.debug.temp.o
LOAD /tmp/ccwkGpwU.debug.temp.o
LOAD /tmp/ccRVOQNO.debug.temp.o
LOAD /tmp/ccBqZL65.debug.temp.o
LOAD /tmp/cchp2QVJ.debug.temp.o
LOAD /tmp/ccePBmjx.debug.temp.o
LOAD /tmp/ccxUq51b.debug.temp.o
LOAD /tmp/ccehwRlq.debug.temp.o
LOAD /tmp/ccrJFcNK.debug.temp.o
LOAD /tmp/ccaQekGj.debug.temp.o
LOAD /tmp/cceEDoXN.debug.temp.o
LOAD /tmp/ccRDJvCY.debug.temp.o
LOAD /tmp/ccgbNjwx.debug.temp.o
LOAD /tmp/ccith9DU.debug.temp.o
LOAD /tmp/cceLZ7JS.debug.temp.o
LOAD /tmp/ccmjaPYU.debug.temp.o
LOAD /tmp/ccfi1RuU.debug.temp.o
LOAD /tmp/ccE8in6A.debug.temp.o
LOAD /tmp/cc5tocA1.debug.temp.o
LOAD /tmp/ccwKrw1Y.debug.temp.o
LOAD /tmp/ccb4bQiD.debug.temp.o
LOAD /tmp/ccbVG6Kq.debug.temp.o
LOAD /tmp/ccmXLPCS.debug.temp.o
LOAD /tmp/ccU6jUqH.debug.temp.o
LOAD /home/enyephy/edk2/edk2/Build/OvmfIa32/RELEASE_GCC5/IA32/MdeModulePkg/Logo/LogoDxe/OUTPUT/LogoDxe.lib
LOAD /home/enyephy/edk2/edk2/Build/OvmfIa32/RELEASE_GCC5/IA32/MdePkg/Library/RegisterFilterLibNull/RegisterFilterLibNull/OUTPUT/FilterLibNull.lib
LOAD /home/enyephy/edk2/edk2/Build/OvmfIa32/RELEASE_GCC5/IA32/MdePkg/Library/BaseLib/BaseLib/OUTPUT/BaseLib.lib
LOAD /home/enyephy/edk2/edk2/Build/OvmfIa32/RELEASE_GCC5/IA32/MdePkg/Library/DxePcdLib/DxePcdLib/OUTPUT/DxePcdLib.lib
LOAD /home/enyephy/edk2/edk2/Build/OvmfIa32/RELEASE_GCC5/IA32/MdePkg/Library/BaseMemoryLibRepStr/BaseMemoryLibRepStr/OUTPUT/BaseMemoryLibRepStr.lib
LOAD /home/enyephy/edk2/edk2/Build/OvmfIa32/RELEASE_GCC5/IA32/MdePkg/Library/CcProbeLibNull/CcProbeLibNull/OUTPUT/CcProbeLibNull.lib
LOAD /home/enyephy/edk2/edk2/Build/OvmfIa32/RELEASE_GCC5/IA32/MdePkg/Library/BaseDebugPrintErrorLevelLib/BaseDebugPrintErrorLevelLib/OUTPUT/BaseDebugPrintErrorLevelLib.lib
LOAD /home/enyephy/edk2/edk2/Build/OvmfIa32/RELEASE_GCC5/IA32/MdePkg/Library/BasePrintLib/BasePrintLib/OUTPUT/BasePrintLib.lib
LOAD /home/enyephy/edk2/edk2/Build/OvmfIa32/RELEASE_GCC5/IA32/MdePkg/Library/BaseIoLibIntrinsic/BaseIoLibIntrinsicSev/OUTPUT/BaseIoLibIntrinsicSev.lib
LOAD /home/enyephy/edk2/edk2/Build/OvmfIa32/RELEASE_GCC5/IA32/OvmfPkg/Library/PlatformDebugLibIoPort/PlatformDebugLibIoPort/OUTPUT/PlatformDebugLibIoPort.lib
LOAD /home/enyephy/edk2/edk2/Build/OvmfIa32/RELEASE_GCC5/IA32/MdePkg/Library/UefiBootServicesTableLib/UefiBootServicesTableLib/OUTPUT/UefiBootServicesTableLib.lib
LOAD /home/enyephy/edk2/edk2/Build/OvmfIa32/RELEASE_GCC5/IA32/MdePkg/Library/UefiDriverEntryPoint/UefiDriverEntryPoint/OUTPUT/UefiDriverEntryPoint.lib
LOAD /home/enyephy/edk2/edk2/Build/OvmfIa32/RELEASE_GCC5/IA32/MdePkg/Library/StackCheckLibNull/StackCheckLibNull/OUTPUT/StackCheckLibNull.lib
LOAD /home/enyephy/edk2/edk2/Build/OvmfIa32/RELEASE_GCC5/IA32/MdeModulePkg/Logo/LogoDxe/OUTPUT/LogoDxehii.lib
END GROUP
                0x00000220                        PECOFF_HEADER_SIZE = 0x220
                0x00000220                        . = PECOFF_HEADER_SIZE

.text           0x00000240      0x12d
 *(.text .text.* .stub .gnu.linkonce.t.*)
 .text.GetImage
                0x00000240       0x86 /tmp/ccSxlBtH.ltrans0.ltrans.o
 .text._ModuleEntryPoint
                0x000002c6       0xa7 /tmp/ccSxlBtH.ltrans0.ltrans.o
                0x000002c6                _ModuleEntryPoint
 *(.rodata .rodata.* .gnu.linkonce.r.*)
 *(.got .got.*)
 .got           0x0000036d        0x0 /home/enyephy/edk2/edk2/Build/OvmfIa32/RELEASE_GCC5/IA32/MdePkg/Library/BaseLib/BaseLib/OUTPUT/BaseLib.lib(WriteTr.obj)
 .got.plt       0x0000036d        0x0 /home/enyephy/edk2/edk2/Build/OvmfIa32/RELEASE_GCC5/IA32/MdePkg/Library/BaseLib/BaseLib/OUTPUT/BaseLib.lib(WriteTr.obj)
 *:AutoGen.obj(.data.g*Guid)

.iplt           0x0000036d        0x0
 .iplt          0x0000036d        0x0 /home/enyephy/edk2/edk2/Build/OvmfIa32/RELEASE_GCC5/IA32/MdePkg/Library/BaseLib/BaseLib/OUTPUT/BaseLib.lib(WriteTr.obj)

.data           0x00000380       0x54
 *(.data .data.* .gnu.linkonce.d.*)
 .data.mPlatformLogo
                0x00000380        0x4 /tmp/ccSxlBtH.ltrans0.ltrans.o
 .data.gEdkiiPlatformLogoProtocolGuid
                0x00000384       0x10 /tmp/ccSxlBtH.ltrans0.ltrans.o
 .data.gEfiHiiPackageListProtocolGuid
                0x00000394       0x10 /tmp/ccSxlBtH.ltrans0.ltrans.o
 .data.gEfiHiiImageExProtocolGuid
                0x000003a4       0x10 /tmp/ccSxlBtH.ltrans0.ltrans.o
 .data.gEfiHiiDatabaseProtocolGuid
                0x000003b4       0x10 /tmp/ccSxlBtH.ltrans0.ltrans.o
 *(.bss .bss.*)
 .bss.gBS       0x000003c4        0x4 /tmp/ccSxlBtH.ltrans0.ltrans.o
 .bss.gST       0x000003c8        0x4 /tmp/ccSxlBtH.ltrans0.ltrans.o
 .bss.mHiiHandle
                0x000003cc        0x4 /tmp/ccSxlBtH.ltrans0.ltrans.o
 .bss.mHiiImageEx
                0x000003d0        0x4 /tmp/ccSxlBtH.ltrans0.ltrans.o

.igot.plt       0x000003d4        0x0
 .igot.plt      0x000003d4        0x0 /home/enyephy/edk2/edk2/Build/OvmfIa32/RELEASE_GCC5/IA32/MdePkg/Library/BaseLib/BaseLib/OUTPUT/BaseLib.lib(WriteTr.obj)

.rel.dyn        0x000003d4        0x0
 .rel.got       0x000003d4        0x0 /home/enyephy/edk2/edk2/Build/OvmfIa32/RELEASE_GCC5/IA32/MdePkg/Library/BaseLib/BaseLib/OUTPUT/BaseLib.lib(WriteTr.obj)
 .rel.iplt      0x000003d4        0x0 /home/enyephy/edk2/edk2/Build/OvmfIa32/RELEASE_GCC5/IA32/MdePkg/Library/BaseLib/BaseLib/OUTPUT/BaseLib.lib(WriteTr.obj)

.eh_frame
 *(.eh_frame)

.rela
 *(.rela .rela.*)

.hii            0x00000400     0x2f59
 *(.hii)
 .hii           0x00000400     0x2f59 /home/enyephy/edk2/edk2/Build/OvmfIa32/RELEASE_GCC5/IA32/MdeModulePkg/Logo/LogoDxe/OUTPUT/LogoDxehii.lib
                0x00000400                _binary__home_enyephy_edk2_edk2_Build_OvmfIa32_RELEASE_GCC5_IA32_MdeModulePkg_Logo_LogoDxe_OUTPUT_LogoDxehii_rc_start
                0x00003359                _binary__home_enyephy_edk2_edk2_Build_OvmfIa32_RELEASE_GCC5_IA32_MdeModulePkg_Logo_LogoDxe_OUTPUT_LogoDxehii_rc_end

.got
 *(.got)
                0x00000001                        ASSERT ((SIZEOF (.got) == 0x0), Unexpected GOT entries detected!)

.got.plt
 *(.got.plt)
                0x00000001                        ASSERT ((((SIZEOF (.got.plt) == 0x0) || (SIZEOF (.got.plt) == 0xc)) || (SIZEOF (.got.plt) == 0x18)), Unexpected GOT/PLT entries detected!)

.build-id       0x0000335c       0x24
 *(.note.gnu.build-id)
 .note.gnu.build-id
                0x0000335c       0x24 Logo.obj (symbol from plugin)

/DISCARD/
 *(.note.GNU-stack)
 *(.gnu_debuglink)
 *(.interp)
 *(.dynsym)
 *(.dynstr)
 *(.dynamic)
 *(.hash .gnu.hash)
 *(.comment)
OUTPUT(/home/enyephy/edk2/edk2/Build/OvmfIa32/RELEASE_GCC5/IA32/MdeModulePkg/Logo/LogoDxe/DEBUG/LogoDxe.dll elf32-i386)

.debug_info     0x00000000     0x70ed
 .debug_info    0x00000000      0x2d3 /tmp/ccSxlBtH.ltrans0.ltrans.o
 .debug_info    0x000002d3     0x2258 /tmp/cc4yahB6.debug.temp.o
                0x000002d3                Logo.c.68f9fe42
 .debug_info    0x0000252b     0x1a0e /tmp/ccB3JtGy.debug.temp.o
                0x0000252b                AutoGen.c.ecb53d67
 .debug_info    0x00003f39       0xec /tmp/cc6ydta3.debug.temp.o
                0x00003f39                SetJump.c.ae45b31f
 .debug_info    0x00004025       0xa1 /tmp/ccDTPePR.debug.temp.o
                0x00004025                CpuDeadLoop.c.108917f1
 .debug_info    0x000040c6     0x174f /tmp/ccmXLPCS.debug.temp.o
                0x000040c6                UefiBootServicesTableLib.c.b0af51fe
 .debug_info    0x00005815     0x18d8 /tmp/ccU6jUqH.debug.temp.o
                0x00005815                DriverEntryPoint.c.d2977ac0

.debug_abbrev   0x00000000      0x9aa
 .debug_abbrev  0x00000000       0xb0 /tmp/ccSxlBtH.ltrans0.ltrans.o
 .debug_abbrev  0x000000b0      0x210 /tmp/cc4yahB6.debug.temp.o
 .debug_abbrev  0x000002c0      0x23e /tmp/ccB3JtGy.debug.temp.o
 .debug_abbrev  0x000004fe       0x82 /tmp/cc6ydta3.debug.temp.o
 .debug_abbrev  0x00000580       0x71 /tmp/ccDTPePR.debug.temp.o
 .debug_abbrev  0x000005f1      0x1be /tmp/ccmXLPCS.debug.temp.o
 .debug_abbrev  0x000007af      0x1fb /tmp/ccU6jUqH.debug.temp.o

.debug_loclists
                0x00000000      0x19a
 .debug_loclists
                0x00000000      0x19a /tmp/ccSxlBtH.ltrans0.ltrans.o

.debug_aranges  0x00000000       0x38
 .debug_aranges
                0x00000000       0x38 /tmp/ccSxlBtH.ltrans0.ltrans.o

.debug_rnglists
                0x00000000       0x52
 .debug_rnglists
                0x00000000       0x52 /tmp/ccSxlBtH.ltrans0.ltrans.o

.debug_line     0x00000000      0x4ea
 .debug_line    0x00000000      0x21e /tmp/ccSxlBtH.ltrans0.ltrans.o
 .debug_line    0x0000021e       0xa6 /tmp/cc4yahB6.debug.temp.o
 .debug_line    0x000002c4       0x85 /tmp/ccB3JtGy.debug.temp.o
 .debug_line    0x00000349       0x4c /tmp/cc6ydta3.debug.temp.o
 .debug_line    0x00000395       0x4c /tmp/ccDTPePR.debug.temp.o
 .debug_line    0x000003e1       0x7b /tmp/ccmXLPCS.debug.temp.o
 .debug_line    0x0000045c       0x8e /tmp/ccU6jUqH.debug.temp.o

.debug_str      0x00000000     0x22df
 .debug_str     0x00000000     0x22df /tmp/ccSxlBtH.ltrans0.ltrans.o
                                0x171 (size before relaxing)
 .debug_str     0x000022df     0x1dea /tmp/cc4yahB6.debug.temp.o
 .debug_str     0x000022df     0x177c /tmp/ccB3JtGy.debug.temp.o
 .debug_str     0x000022df      0x1eb /tmp/cc6ydta3.debug.temp.o
 .debug_str     0x000022df      0x1e3 /tmp/ccDTPePR.debug.temp.o
 .debug_str     0x000022df     0x1333 /tmp/ccmXLPCS.debug.temp.o
 .debug_str     0x000022df     0x148d /tmp/ccU6jUqH.debug.temp.o

.debug_line_str
                0x00000000      0x73b
 .debug_line_str
                0x00000000      0x73b /tmp/ccSxlBtH.ltrans0.ltrans.o
                                0x237 (size before relaxing)
 .debug_line_str
                0x0000073b      0x31c /tmp/cc4yahB6.debug.temp.o
 .debug_line_str
                0x0000073b      0x2a1 /tmp/ccB3JtGy.debug.temp.o
 .debug_line_str
                0x0000073b      0x13f /tmp/cc6ydta3.debug.temp.o
 .debug_line_str
                0x0000073b      0x147 /tmp/ccDTPePR.debug.temp.o
 .debug_line_str
                0x0000073b      0x297 /tmp/ccmXLPCS.debug.temp.o
 .debug_line_str
                0x0000073b      0x31e /tmp/ccU6jUqH.debug.temp.o

.debug_frame    0x00000000       0x94
 .debug_frame   0x00000000       0x94 /tmp/ccSxlBtH.ltrans0.ltrans.o
