/home/enyephy/edk2/edk2/Build/OvmfX64/RELEASE_GCC5/X64/OvmfPkg/VirtioNetDxe/VirtioNet/OUTPUT/ComponentName.obj
/home/enyephy/edk2/edk2/Build/OvmfX64/RELEASE_GCC5/X64/OvmfPkg/VirtioNetDxe/VirtioNet/OUTPUT/DriverBinding.obj
/home/enyephy/edk2/edk2/Build/OvmfX64/RELEASE_GCC5/X64/OvmfPkg/VirtioNetDxe/VirtioNet/OUTPUT/EntryPoint.obj
/home/enyephy/edk2/edk2/Build/OvmfX64/RELEASE_GCC5/X64/OvmfPkg/VirtioNetDxe/VirtioNet/OUTPUT/Events.obj
/home/enyephy/edk2/edk2/Build/OvmfX64/RELEASE_GCC5/X64/OvmfPkg/VirtioNetDxe/VirtioNet/OUTPUT/SnpGetStatus.obj
/home/enyephy/edk2/edk2/Build/OvmfX64/RELEASE_GCC5/X64/OvmfPkg/VirtioNetDxe/VirtioNet/OUTPUT/SnpInitialize.obj
/home/enyephy/edk2/edk2/Build/OvmfX64/RELEASE_GCC5/X64/OvmfPkg/VirtioNetDxe/VirtioNet/OUTPUT/SnpMcastIpToMac.obj
/home/enyephy/edk2/edk2/Build/OvmfX64/RELEASE_GCC5/X64/OvmfPkg/VirtioNetDxe/VirtioNet/OUTPUT/SnpReceive.obj
/home/enyephy/edk2/edk2/Build/OvmfX64/RELEASE_GCC5/X64/OvmfPkg/VirtioNetDxe/VirtioNet/OUTPUT/SnpReceiveFilters.obj
/home/enyephy/edk2/edk2/Build/OvmfX64/RELEASE_GCC5/X64/OvmfPkg/VirtioNetDxe/VirtioNet/OUTPUT/SnpSharedHelpers.obj
/home/enyephy/edk2/edk2/Build/OvmfX64/RELEASE_GCC5/X64/OvmfPkg/VirtioNetDxe/VirtioNet/OUTPUT/SnpShutdown.obj
/home/enyephy/edk2/edk2/Build/OvmfX64/RELEASE_GCC5/X64/OvmfPkg/VirtioNetDxe/VirtioNet/OUTPUT/SnpStart.obj
/home/enyephy/edk2/edk2/Build/OvmfX64/RELEASE_GCC5/X64/OvmfPkg/VirtioNetDxe/VirtioNet/OUTPUT/SnpStop.obj
/home/enyephy/edk2/edk2/Build/OvmfX64/RELEASE_GCC5/X64/OvmfPkg/VirtioNetDxe/VirtioNet/OUTPUT/SnpTransmit.obj
/home/enyephy/edk2/edk2/Build/OvmfX64/RELEASE_GCC5/X64/OvmfPkg/VirtioNetDxe/VirtioNet/OUTPUT/SnpUnsupported.obj
/home/enyephy/edk2/edk2/Build/OvmfX64/RELEASE_GCC5/X64/OvmfPkg/VirtioNetDxe/VirtioNet/OUTPUT/AutoGen.obj