/home/enyephy/edk2/edk2/Build/EmulatorX64/DEBUG_GCC5/X64/EmulatorPkg/Unix/Host/Host/OUTPUT/Host.obj
/home/enyephy/edk2/edk2/Build/EmulatorX64/DEBUG_GCC5/X64/EmulatorPkg/Unix/Host/Host/OUTPUT/EmuThunk.obj
/home/enyephy/edk2/edk2/Build/EmulatorX64/DEBUG_GCC5/X64/EmulatorPkg/Unix/Host/Host/OUTPUT/X11GraphicsWindow.obj
/home/enyephy/edk2/edk2/Build/EmulatorX64/DEBUG_GCC5/X64/EmulatorPkg/Unix/Host/Host/OUTPUT/Pthreads.obj
/home/enyephy/edk2/edk2/Build/EmulatorX64/DEBUG_GCC5/X64/EmulatorPkg/Unix/Host/Host/OUTPUT/PosixFileSystem.obj
/home/enyephy/edk2/edk2/Build/EmulatorX64/DEBUG_GCC5/X64/EmulatorPkg/Unix/Host/Host/OUTPUT/BlockIo.obj
/home/enyephy/edk2/edk2/Build/EmulatorX64/DEBUG_GCC5/X64/EmulatorPkg/Unix/Host/Host/OUTPUT/LinuxPacketFilter.obj
/home/enyephy/edk2/edk2/Build/EmulatorX64/DEBUG_GCC5/X64/EmulatorPkg/Unix/Host/Host/OUTPUT/BerkeleyPacketFilter.obj
/home/enyephy/edk2/edk2/Build/EmulatorX64/DEBUG_GCC5/X64/EmulatorPkg/Unix/Host/Host/OUTPUT/MemoryAllocationLib.obj
/home/enyephy/edk2/edk2/Build/EmulatorX64/DEBUG_GCC5/X64/EmulatorPkg/Unix/Host/Host/OUTPUT/X64/Gasket.obj
/home/enyephy/edk2/edk2/Build/EmulatorX64/DEBUG_GCC5/X64/EmulatorPkg/Unix/Host/Host/OUTPUT/X64/SwitchStack.obj
/home/enyephy/edk2/edk2/Build/EmulatorX64/DEBUG_GCC5/X64/EmulatorPkg/Unix/Host/Host/OUTPUT/AutoGen.obj