/home/enyephy/edk2/edk2/Build/OvmfX64/DEBUG_GCC5/X64/NetworkPkg/Ip4Dxe/Ip4Dxe/OUTPUT/Ip4Driver.obj
/home/enyephy/edk2/edk2/Build/OvmfX64/DEBUG_GCC5/X64/NetworkPkg/Ip4Dxe/Ip4Dxe/OUTPUT/Ip4If.obj
/home/enyephy/edk2/edk2/Build/OvmfX64/DEBUG_GCC5/X64/NetworkPkg/Ip4Dxe/Ip4Dxe/OUTPUT/Ip4Output.obj
/home/enyephy/edk2/edk2/Build/OvmfX64/DEBUG_GCC5/X64/NetworkPkg/Ip4Dxe/Ip4Dxe/OUTPUT/Ip4Icmp.obj
/home/enyephy/edk2/edk2/Build/OvmfX64/DEBUG_GCC5/X64/NetworkPkg/Ip4Dxe/Ip4Dxe/OUTPUT/Ip4Igmp.obj
/home/enyephy/edk2/edk2/Build/OvmfX64/DEBUG_GCC5/X64/NetworkPkg/Ip4Dxe/Ip4Dxe/OUTPUT/Ip4Impl.obj
/home/enyephy/edk2/edk2/Build/OvmfX64/DEBUG_GCC5/X64/NetworkPkg/Ip4Dxe/Ip4Dxe/OUTPUT/Ip4Common.obj
/home/enyephy/edk2/edk2/Build/OvmfX64/DEBUG_GCC5/X64/NetworkPkg/Ip4Dxe/Ip4Dxe/OUTPUT/Ip4Option.obj
/home/enyephy/edk2/edk2/Build/OvmfX64/DEBUG_GCC5/X64/NetworkPkg/Ip4Dxe/Ip4Dxe/OUTPUT/ComponentName.obj
/home/enyephy/edk2/edk2/Build/OvmfX64/DEBUG_GCC5/X64/NetworkPkg/Ip4Dxe/Ip4Dxe/OUTPUT/Ip4Route.obj
/home/enyephy/edk2/edk2/Build/OvmfX64/DEBUG_GCC5/X64/NetworkPkg/Ip4Dxe/Ip4Dxe/OUTPUT/Ip4Input.obj
/home/enyephy/edk2/edk2/Build/OvmfX64/DEBUG_GCC5/X64/NetworkPkg/Ip4Dxe/Ip4Dxe/OUTPUT/Ip4Config2Impl.obj
/home/enyephy/edk2/edk2/Build/OvmfX64/DEBUG_GCC5/X64/NetworkPkg/Ip4Dxe/Ip4Dxe/OUTPUT/Ip4Config2.obj
/home/enyephy/edk2/edk2/Build/OvmfX64/DEBUG_GCC5/X64/NetworkPkg/Ip4Dxe/Ip4Dxe/OUTPUT/Ip4Config2Nv.obj
/home/enyephy/edk2/edk2/Build/OvmfX64/DEBUG_GCC5/X64/NetworkPkg/Ip4Dxe/Ip4Dxe/OUTPUT/AutoGen.obj