Archive member included to satisfy reference by file (symbol)

/home/enyephy/edk2/edk2/Build/OvmfIa32/RELEASE_GCC5/IA32/MdeModulePkg/Universal/MonotonicCounterRuntimeDxe/MonotonicCounterRuntimeDxe/OUTPUT/MonotonicCounterRuntimeDxe.lib(MonotonicCounter.obj)
                              (--whole-archive)
/home/enyephy/edk2/edk2/Build/OvmfIa32/RELEASE_GCC5/IA32/MdeModulePkg/Universal/MonotonicCounterRuntimeDxe/MonotonicCounterRuntimeDxe/OUTPUT/MonotonicCounterRuntimeDxe.lib(AutoGen.obj)
                              (--whole-archive)
/home/enyephy/edk2/edk2/Build/OvmfIa32/RELEASE_GCC5/IA32/MdePkg/Library/RegisterFilterLibNull/RegisterFilterLibNull/OUTPUT/FilterLibNull.lib(RegisterFilterLibNull.obj)
                              (--whole-archive)
/home/enyephy/edk2/edk2/Build/OvmfIa32/RELEASE_GCC5/IA32/MdePkg/Library/BaseMemoryLibRepStr/BaseMemoryLibRepStr/OUTPUT/BaseMemoryLibRepStr.lib(ScanMem64Wrapper.obj)
                              (--whole-archive)
/home/enyephy/edk2/edk2/Build/OvmfIa32/RELEASE_GCC5/IA32/MdePkg/Library/BaseMemoryLibRepStr/BaseMemoryLibRepStr/OUTPUT/BaseMemoryLibRepStr.lib(ScanMem32Wrapper.obj)
                              (--whole-archive)
/home/enyephy/edk2/edk2/Build/OvmfIa32/RELEASE_GCC5/IA32/MdePkg/Library/BaseMemoryLibRepStr/BaseMemoryLibRepStr/OUTPUT/BaseMemoryLibRepStr.lib(ScanMem16Wrapper.obj)
                              (--whole-archive)
/home/enyephy/edk2/edk2/Build/OvmfIa32/RELEASE_GCC5/IA32/MdePkg/Library/BaseMemoryLibRepStr/BaseMemoryLibRepStr/OUTPUT/BaseMemoryLibRepStr.lib(ScanMem8Wrapper.obj)
                              (--whole-archive)
/home/enyephy/edk2/edk2/Build/OvmfIa32/RELEASE_GCC5/IA32/MdePkg/Library/BaseMemoryLibRepStr/BaseMemoryLibRepStr/OUTPUT/BaseMemoryLibRepStr.lib(ZeroMemWrapper.obj)
                              (--whole-archive)
/home/enyephy/edk2/edk2/Build/OvmfIa32/RELEASE_GCC5/IA32/MdePkg/Library/BaseMemoryLibRepStr/BaseMemoryLibRepStr/OUTPUT/BaseMemoryLibRepStr.lib(CompareMemWrapper.obj)
                              (--whole-archive)
/home/enyephy/edk2/edk2/Build/OvmfIa32/RELEASE_GCC5/IA32/MdePkg/Library/BaseMemoryLibRepStr/BaseMemoryLibRepStr/OUTPUT/BaseMemoryLibRepStr.lib(SetMemNWrapper.obj)
                              (--whole-archive)
/home/enyephy/edk2/edk2/Build/OvmfIa32/RELEASE_GCC5/IA32/MdePkg/Library/BaseMemoryLibRepStr/BaseMemoryLibRepStr/OUTPUT/BaseMemoryLibRepStr.lib(SetMem64Wrapper.obj)
                              (--whole-archive)
/home/enyephy/edk2/edk2/Build/OvmfIa32/RELEASE_GCC5/IA32/MdePkg/Library/BaseMemoryLibRepStr/BaseMemoryLibRepStr/OUTPUT/BaseMemoryLibRepStr.lib(SetMem32Wrapper.obj)
                              (--whole-archive)
/home/enyephy/edk2/edk2/Build/OvmfIa32/RELEASE_GCC5/IA32/MdePkg/Library/BaseMemoryLibRepStr/BaseMemoryLibRepStr/OUTPUT/BaseMemoryLibRepStr.lib(SetMem16Wrapper.obj)
                              (--whole-archive)
/home/enyephy/edk2/edk2/Build/OvmfIa32/RELEASE_GCC5/IA32/MdePkg/Library/BaseMemoryLibRepStr/BaseMemoryLibRepStr/OUTPUT/BaseMemoryLibRepStr.lib(SetMemWrapper.obj)
                              (--whole-archive)
/home/enyephy/edk2/edk2/Build/OvmfIa32/RELEASE_GCC5/IA32/MdePkg/Library/BaseMemoryLibRepStr/BaseMemoryLibRepStr/OUTPUT/BaseMemoryLibRepStr.lib(CopyMemWrapper.obj)
                              (--whole-archive)
/home/enyephy/edk2/edk2/Build/OvmfIa32/RELEASE_GCC5/IA32/MdePkg/Library/BaseMemoryLibRepStr/BaseMemoryLibRepStr/OUTPUT/BaseMemoryLibRepStr.lib(IsZeroBufferWrapper.obj)
                              (--whole-archive)
/home/enyephy/edk2/edk2/Build/OvmfIa32/RELEASE_GCC5/IA32/MdePkg/Library/BaseMemoryLibRepStr/BaseMemoryLibRepStr/OUTPUT/BaseMemoryLibRepStr.lib(MemLibGuid.obj)
                              (--whole-archive)
/home/enyephy/edk2/edk2/Build/OvmfIa32/RELEASE_GCC5/IA32/MdePkg/Library/BaseMemoryLibRepStr/BaseMemoryLibRepStr/OUTPUT/BaseMemoryLibRepStr.lib(ScanMem64.obj)
                              (--whole-archive)
/home/enyephy/edk2/edk2/Build/OvmfIa32/RELEASE_GCC5/IA32/MdePkg/Library/BaseMemoryLibRepStr/BaseMemoryLibRepStr/OUTPUT/BaseMemoryLibRepStr.lib(ScanMem32.obj)
                              (--whole-archive)
/home/enyephy/edk2/edk2/Build/OvmfIa32/RELEASE_GCC5/IA32/MdePkg/Library/BaseMemoryLibRepStr/BaseMemoryLibRepStr/OUTPUT/BaseMemoryLibRepStr.lib(ScanMem16.obj)
                              (--whole-archive)
/home/enyephy/edk2/edk2/Build/OvmfIa32/RELEASE_GCC5/IA32/MdePkg/Library/BaseMemoryLibRepStr/BaseMemoryLibRepStr/OUTPUT/BaseMemoryLibRepStr.lib(ScanMem8.obj)
                              (--whole-archive)
/home/enyephy/edk2/edk2/Build/OvmfIa32/RELEASE_GCC5/IA32/MdePkg/Library/BaseMemoryLibRepStr/BaseMemoryLibRepStr/OUTPUT/BaseMemoryLibRepStr.lib(CompareMem.obj)
                              (--whole-archive)
/home/enyephy/edk2/edk2/Build/OvmfIa32/RELEASE_GCC5/IA32/MdePkg/Library/BaseMemoryLibRepStr/BaseMemoryLibRepStr/OUTPUT/BaseMemoryLibRepStr.lib(ZeroMem.obj)
                              (--whole-archive)
/home/enyephy/edk2/edk2/Build/OvmfIa32/RELEASE_GCC5/IA32/MdePkg/Library/BaseMemoryLibRepStr/BaseMemoryLibRepStr/OUTPUT/BaseMemoryLibRepStr.lib(SetMem64.obj)
                              (--whole-archive)
/home/enyephy/edk2/edk2/Build/OvmfIa32/RELEASE_GCC5/IA32/MdePkg/Library/BaseMemoryLibRepStr/BaseMemoryLibRepStr/OUTPUT/BaseMemoryLibRepStr.lib(SetMem32.obj)
                              (--whole-archive)
/home/enyephy/edk2/edk2/Build/OvmfIa32/RELEASE_GCC5/IA32/MdePkg/Library/BaseMemoryLibRepStr/BaseMemoryLibRepStr/OUTPUT/BaseMemoryLibRepStr.lib(SetMem16.obj)
                              (--whole-archive)
/home/enyephy/edk2/edk2/Build/OvmfIa32/RELEASE_GCC5/IA32/MdePkg/Library/BaseMemoryLibRepStr/BaseMemoryLibRepStr/OUTPUT/BaseMemoryLibRepStr.lib(SetMem.obj)
                              (--whole-archive)
/home/enyephy/edk2/edk2/Build/OvmfIa32/RELEASE_GCC5/IA32/MdePkg/Library/BaseMemoryLibRepStr/BaseMemoryLibRepStr/OUTPUT/BaseMemoryLibRepStr.lib(CopyMem.obj)
                              (--whole-archive)
/home/enyephy/edk2/edk2/Build/OvmfIa32/RELEASE_GCC5/IA32/MdePkg/Library/BaseMemoryLibRepStr/BaseMemoryLibRepStr/OUTPUT/BaseMemoryLibRepStr.lib(IsZeroBuffer.obj)
                              (--whole-archive)
/home/enyephy/edk2/edk2/Build/OvmfIa32/RELEASE_GCC5/IA32/MdePkg/Library/DxePcdLib/DxePcdLib/OUTPUT/DxePcdLib.lib(DxePcdLib.obj)
                              (--whole-archive)
/home/enyephy/edk2/edk2/Build/OvmfIa32/RELEASE_GCC5/IA32/MdePkg/Library/BaseLib/BaseLib/OUTPUT/BaseLib.lib(CheckSum.obj)
                              (--whole-archive)
/home/enyephy/edk2/edk2/Build/OvmfIa32/RELEASE_GCC5/IA32/MdePkg/Library/BaseLib/BaseLib/OUTPUT/BaseLib.lib(SwitchStack.obj)
                              (--whole-archive)
/home/enyephy/edk2/edk2/Build/OvmfIa32/RELEASE_GCC5/IA32/MdePkg/Library/BaseLib/BaseLib/OUTPUT/BaseLib.lib(SwapBytes64.obj)
                              (--whole-archive)
/home/enyephy/edk2/edk2/Build/OvmfIa32/RELEASE_GCC5/IA32/MdePkg/Library/BaseLib/BaseLib/OUTPUT/BaseLib.lib(SwapBytes32.obj)
                              (--whole-archive)
/home/enyephy/edk2/edk2/Build/OvmfIa32/RELEASE_GCC5/IA32/MdePkg/Library/BaseLib/BaseLib/OUTPUT/BaseLib.lib(SwapBytes16.obj)
                              (--whole-archive)
/home/enyephy/edk2/edk2/Build/OvmfIa32/RELEASE_GCC5/IA32/MdePkg/Library/BaseLib/BaseLib/OUTPUT/BaseLib.lib(LongJump.obj)
                              (--whole-archive)
/home/enyephy/edk2/edk2/Build/OvmfIa32/RELEASE_GCC5/IA32/MdePkg/Library/BaseLib/BaseLib/OUTPUT/BaseLib.lib(SetJump.obj)
                              (--whole-archive)
/home/enyephy/edk2/edk2/Build/OvmfIa32/RELEASE_GCC5/IA32/MdePkg/Library/BaseLib/BaseLib/OUTPUT/BaseLib.lib(QuickSort.obj)
                              (--whole-archive)
/home/enyephy/edk2/edk2/Build/OvmfIa32/RELEASE_GCC5/IA32/MdePkg/Library/BaseLib/BaseLib/OUTPUT/BaseLib.lib(RShiftU64.obj)
                              (--whole-archive)
/home/enyephy/edk2/edk2/Build/OvmfIa32/RELEASE_GCC5/IA32/MdePkg/Library/BaseLib/BaseLib/OUTPUT/BaseLib.lib(RRotU64.obj)
                              (--whole-archive)
/home/enyephy/edk2/edk2/Build/OvmfIa32/RELEASE_GCC5/IA32/MdePkg/Library/BaseLib/BaseLib/OUTPUT/BaseLib.lib(RRotU32.obj)
                              (--whole-archive)
/home/enyephy/edk2/edk2/Build/OvmfIa32/RELEASE_GCC5/IA32/MdePkg/Library/BaseLib/BaseLib/OUTPUT/BaseLib.lib(MultU64x64.obj)
                              (--whole-archive)
/home/enyephy/edk2/edk2/Build/OvmfIa32/RELEASE_GCC5/IA32/MdePkg/Library/BaseLib/BaseLib/OUTPUT/BaseLib.lib(MultU64x32.obj)
                              (--whole-archive)
/home/enyephy/edk2/edk2/Build/OvmfIa32/RELEASE_GCC5/IA32/MdePkg/Library/BaseLib/BaseLib/OUTPUT/BaseLib.lib(MultS64x64.obj)
                              (--whole-archive)
/home/enyephy/edk2/edk2/Build/OvmfIa32/RELEASE_GCC5/IA32/MdePkg/Library/BaseLib/BaseLib/OUTPUT/BaseLib.lib(ModU64x32.obj)
                              (--whole-archive)
/home/enyephy/edk2/edk2/Build/OvmfIa32/RELEASE_GCC5/IA32/MdePkg/Library/BaseLib/BaseLib/OUTPUT/BaseLib.lib(LShiftU64.obj)
                              (--whole-archive)
/home/enyephy/edk2/edk2/Build/OvmfIa32/RELEASE_GCC5/IA32/MdePkg/Library/BaseLib/BaseLib/OUTPUT/BaseLib.lib(LRotU64.obj)
                              (--whole-archive)
/home/enyephy/edk2/edk2/Build/OvmfIa32/RELEASE_GCC5/IA32/MdePkg/Library/BaseLib/BaseLib/OUTPUT/BaseLib.lib(LRotU32.obj)
                              (--whole-archive)
/home/enyephy/edk2/edk2/Build/OvmfIa32/RELEASE_GCC5/IA32/MdePkg/Library/BaseLib/BaseLib/OUTPUT/BaseLib.lib(LowBitSet64.obj)
                              (--whole-archive)
/home/enyephy/edk2/edk2/Build/OvmfIa32/RELEASE_GCC5/IA32/MdePkg/Library/BaseLib/BaseLib/OUTPUT/BaseLib.lib(LowBitSet32.obj)
                              (--whole-archive)
/home/enyephy/edk2/edk2/Build/OvmfIa32/RELEASE_GCC5/IA32/MdePkg/Library/BaseLib/BaseLib/OUTPUT/BaseLib.lib(HighBitSet64.obj)
                              (--whole-archive)
/home/enyephy/edk2/edk2/Build/OvmfIa32/RELEASE_GCC5/IA32/MdePkg/Library/BaseLib/BaseLib/OUTPUT/BaseLib.lib(HighBitSet32.obj)
                              (--whole-archive)
/home/enyephy/edk2/edk2/Build/OvmfIa32/RELEASE_GCC5/IA32/MdePkg/Library/BaseLib/BaseLib/OUTPUT/BaseLib.lib(GetPowerOfTwo64.obj)
                              (--whole-archive)
/home/enyephy/edk2/edk2/Build/OvmfIa32/RELEASE_GCC5/IA32/MdePkg/Library/BaseLib/BaseLib/OUTPUT/BaseLib.lib(GetPowerOfTwo32.obj)
                              (--whole-archive)
/home/enyephy/edk2/edk2/Build/OvmfIa32/RELEASE_GCC5/IA32/MdePkg/Library/BaseLib/BaseLib/OUTPUT/BaseLib.lib(DivU64x64Remainder.obj)
                              (--whole-archive)
/home/enyephy/edk2/edk2/Build/OvmfIa32/RELEASE_GCC5/IA32/MdePkg/Library/BaseLib/BaseLib/OUTPUT/BaseLib.lib(DivU64x32Remainder.obj)
                              (--whole-archive)
/home/enyephy/edk2/edk2/Build/OvmfIa32/RELEASE_GCC5/IA32/MdePkg/Library/BaseLib/BaseLib/OUTPUT/BaseLib.lib(DivU64x32.obj)
                              (--whole-archive)
/home/enyephy/edk2/edk2/Build/OvmfIa32/RELEASE_GCC5/IA32/MdePkg/Library/BaseLib/BaseLib/OUTPUT/BaseLib.lib(DivS64x64Remainder.obj)
                              (--whole-archive)
/home/enyephy/edk2/edk2/Build/OvmfIa32/RELEASE_GCC5/IA32/MdePkg/Library/BaseLib/BaseLib/OUTPUT/BaseLib.lib(ARShiftU64.obj)
                              (--whole-archive)
/home/enyephy/edk2/edk2/Build/OvmfIa32/RELEASE_GCC5/IA32/MdePkg/Library/BaseLib/BaseLib/OUTPUT/BaseLib.lib(BitField.obj)
                              (--whole-archive)
/home/enyephy/edk2/edk2/Build/OvmfIa32/RELEASE_GCC5/IA32/MdePkg/Library/BaseLib/BaseLib/OUTPUT/BaseLib.lib(CpuDeadLoop.obj)
                              (--whole-archive)
/home/enyephy/edk2/edk2/Build/OvmfIa32/RELEASE_GCC5/IA32/MdePkg/Library/BaseLib/BaseLib/OUTPUT/BaseLib.lib(Cpu.obj)
                              (--whole-archive)
/home/enyephy/edk2/edk2/Build/OvmfIa32/RELEASE_GCC5/IA32/MdePkg/Library/BaseLib/BaseLib/OUTPUT/BaseLib.lib(LinkedList.obj)
                              (--whole-archive)
/home/enyephy/edk2/edk2/Build/OvmfIa32/RELEASE_GCC5/IA32/MdePkg/Library/BaseLib/BaseLib/OUTPUT/BaseLib.lib(SafeString.obj)
                              (--whole-archive)
/home/enyephy/edk2/edk2/Build/OvmfIa32/RELEASE_GCC5/IA32/MdePkg/Library/BaseLib/BaseLib/OUTPUT/BaseLib.lib(String.obj)
                              (--whole-archive)
/home/enyephy/edk2/edk2/Build/OvmfIa32/RELEASE_GCC5/IA32/MdePkg/Library/BaseLib/BaseLib/OUTPUT/BaseLib.lib(FilePaths.obj)
                              (--whole-archive)
/home/enyephy/edk2/edk2/Build/OvmfIa32/RELEASE_GCC5/IA32/MdePkg/Library/BaseLib/BaseLib/OUTPUT/BaseLib.lib(WriteTr.obj)
                              (--whole-archive)
/home/enyephy/edk2/edk2/Build/OvmfIa32/RELEASE_GCC5/IA32/MdePkg/Library/BaseLib/BaseLib/OUTPUT/BaseLib.lib(Lfence.obj)
                              (--whole-archive)
/home/enyephy/edk2/edk2/Build/OvmfIa32/RELEASE_GCC5/IA32/MdePkg/Library/BaseLib/BaseLib/OUTPUT/BaseLib.lib(GccInline.obj)
                              (--whole-archive)
/home/enyephy/edk2/edk2/Build/OvmfIa32/RELEASE_GCC5/IA32/MdePkg/Library/BaseLib/BaseLib/OUTPUT/BaseLib.lib(GccInlinePriv.obj)
                              (--whole-archive)
/home/enyephy/edk2/edk2/Build/OvmfIa32/RELEASE_GCC5/IA32/MdePkg/Library/BaseLib/BaseLib/OUTPUT/BaseLib.lib(Thunk16.obj)
                              (--whole-archive)
/home/enyephy/edk2/edk2/Build/OvmfIa32/RELEASE_GCC5/IA32/MdePkg/Library/BaseLib/BaseLib/OUTPUT/BaseLib.lib(EnableDisableInterrupts.obj)
                              (--whole-archive)
/home/enyephy/edk2/edk2/Build/OvmfIa32/RELEASE_GCC5/IA32/MdePkg/Library/BaseLib/BaseLib/OUTPUT/BaseLib.lib(EnablePaging64.obj)
                              (--whole-archive)
/home/enyephy/edk2/edk2/Build/OvmfIa32/RELEASE_GCC5/IA32/MdePkg/Library/BaseLib/BaseLib/OUTPUT/BaseLib.lib(DisablePaging32.obj)
                              (--whole-archive)
/home/enyephy/edk2/edk2/Build/OvmfIa32/RELEASE_GCC5/IA32/MdePkg/Library/BaseLib/BaseLib/OUTPUT/BaseLib.lib(EnablePaging32.obj)
                              (--whole-archive)
/home/enyephy/edk2/edk2/Build/OvmfIa32/RELEASE_GCC5/IA32/MdePkg/Library/BaseLib/BaseLib/OUTPUT/BaseLib.lib(Mwait.obj)
                              (--whole-archive)
/home/enyephy/edk2/edk2/Build/OvmfIa32/RELEASE_GCC5/IA32/MdePkg/Library/BaseLib/BaseLib/OUTPUT/BaseLib.lib(Monitor.obj)
                              (--whole-archive)
/home/enyephy/edk2/edk2/Build/OvmfIa32/RELEASE_GCC5/IA32/MdePkg/Library/BaseLib/BaseLib/OUTPUT/BaseLib.lib(CpuIdEx.obj)
                              (--whole-archive)
/home/enyephy/edk2/edk2/Build/OvmfIa32/RELEASE_GCC5/IA32/MdePkg/Library/BaseLib/BaseLib/OUTPUT/BaseLib.lib(CpuId.obj)
                              (--whole-archive)
/home/enyephy/edk2/edk2/Build/OvmfIa32/RELEASE_GCC5/IA32/MdePkg/Library/BaseLib/BaseLib/OUTPUT/BaseLib.lib(LongJump.obj)
                              (--whole-archive)
/home/enyephy/edk2/edk2/Build/OvmfIa32/RELEASE_GCC5/IA32/MdePkg/Library/BaseLib/BaseLib/OUTPUT/BaseLib.lib(SetJump.obj)
                              (--whole-archive)
/home/enyephy/edk2/edk2/Build/OvmfIa32/RELEASE_GCC5/IA32/MdePkg/Library/BaseLib/BaseLib/OUTPUT/BaseLib.lib(SwapBytes64.obj)
                              (--whole-archive)
/home/enyephy/edk2/edk2/Build/OvmfIa32/RELEASE_GCC5/IA32/MdePkg/Library/BaseLib/BaseLib/OUTPUT/BaseLib.lib(DivU64x64Remainder.obj)
                              (--whole-archive)
/home/enyephy/edk2/edk2/Build/OvmfIa32/RELEASE_GCC5/IA32/MdePkg/Library/BaseLib/BaseLib/OUTPUT/BaseLib.lib(DivU64x32Remainder.obj)
                              (--whole-archive)
/home/enyephy/edk2/edk2/Build/OvmfIa32/RELEASE_GCC5/IA32/MdePkg/Library/BaseLib/BaseLib/OUTPUT/BaseLib.lib(ModU64x32.obj)
                              (--whole-archive)
/home/enyephy/edk2/edk2/Build/OvmfIa32/RELEASE_GCC5/IA32/MdePkg/Library/BaseLib/BaseLib/OUTPUT/BaseLib.lib(DivU64x32.obj)
                              (--whole-archive)
/home/enyephy/edk2/edk2/Build/OvmfIa32/RELEASE_GCC5/IA32/MdePkg/Library/BaseLib/BaseLib/OUTPUT/BaseLib.lib(MultU64x64.obj)
                              (--whole-archive)
/home/enyephy/edk2/edk2/Build/OvmfIa32/RELEASE_GCC5/IA32/MdePkg/Library/BaseLib/BaseLib/OUTPUT/BaseLib.lib(MultU64x32.obj)
                              (--whole-archive)
/home/enyephy/edk2/edk2/Build/OvmfIa32/RELEASE_GCC5/IA32/MdePkg/Library/BaseLib/BaseLib/OUTPUT/BaseLib.lib(RRotU64.obj)
                              (--whole-archive)
/home/enyephy/edk2/edk2/Build/OvmfIa32/RELEASE_GCC5/IA32/MdePkg/Library/BaseLib/BaseLib/OUTPUT/BaseLib.lib(LRotU64.obj)
                              (--whole-archive)
/home/enyephy/edk2/edk2/Build/OvmfIa32/RELEASE_GCC5/IA32/MdePkg/Library/BaseLib/BaseLib/OUTPUT/BaseLib.lib(ARShiftU64.obj)
                              (--whole-archive)
/home/enyephy/edk2/edk2/Build/OvmfIa32/RELEASE_GCC5/IA32/MdePkg/Library/BaseLib/BaseLib/OUTPUT/BaseLib.lib(RShiftU64.obj)
                              (--whole-archive)
/home/enyephy/edk2/edk2/Build/OvmfIa32/RELEASE_GCC5/IA32/MdePkg/Library/BaseLib/BaseLib/OUTPUT/BaseLib.lib(LShiftU64.obj)
                              (--whole-archive)
/home/enyephy/edk2/edk2/Build/OvmfIa32/RELEASE_GCC5/IA32/MdePkg/Library/BaseLib/BaseLib/OUTPUT/BaseLib.lib(EnableCache.obj)
                              (--whole-archive)
/home/enyephy/edk2/edk2/Build/OvmfIa32/RELEASE_GCC5/IA32/MdePkg/Library/BaseLib/BaseLib/OUTPUT/BaseLib.lib(DisableCache.obj)
                              (--whole-archive)
/home/enyephy/edk2/edk2/Build/OvmfIa32/RELEASE_GCC5/IA32/MdePkg/Library/BaseLib/BaseLib/OUTPUT/BaseLib.lib(RdRand.obj)
                              (--whole-archive)
/home/enyephy/edk2/edk2/Build/OvmfIa32/RELEASE_GCC5/IA32/MdePkg/Library/BaseLib/BaseLib/OUTPUT/BaseLib.lib(XGetBv.obj)
                              (--whole-archive)
/home/enyephy/edk2/edk2/Build/OvmfIa32/RELEASE_GCC5/IA32/MdePkg/Library/BaseLib/BaseLib/OUTPUT/BaseLib.lib(XSetBv.obj)
                              (--whole-archive)
/home/enyephy/edk2/edk2/Build/OvmfIa32/RELEASE_GCC5/IA32/MdePkg/Library/BaseLib/BaseLib/OUTPUT/BaseLib.lib(VmgExit.obj)
                              (--whole-archive)
/home/enyephy/edk2/edk2/Build/OvmfIa32/RELEASE_GCC5/IA32/MdePkg/Library/BaseLib/BaseLib/OUTPUT/BaseLib.lib(VmgExitSvsm.obj)
                              (--whole-archive)
/home/enyephy/edk2/edk2/Build/OvmfIa32/RELEASE_GCC5/IA32/MdePkg/Library/BaseLib/BaseLib/OUTPUT/BaseLib.lib(DivS64x64Remainder.obj)
                              (--whole-archive)
/home/enyephy/edk2/edk2/Build/OvmfIa32/RELEASE_GCC5/IA32/MdePkg/Library/BaseLib/BaseLib/OUTPUT/BaseLib.lib(InternalSwitchStack.obj)
                              (--whole-archive)
/home/enyephy/edk2/edk2/Build/OvmfIa32/RELEASE_GCC5/IA32/MdePkg/Library/BaseLib/BaseLib/OUTPUT/BaseLib.lib(Non-existing.obj)
                              (--whole-archive)
/home/enyephy/edk2/edk2/Build/OvmfIa32/RELEASE_GCC5/IA32/MdePkg/Library/BaseLib/BaseLib/OUTPUT/BaseLib.lib(Unaligned.obj)
                              (--whole-archive)
/home/enyephy/edk2/edk2/Build/OvmfIa32/RELEASE_GCC5/IA32/MdePkg/Library/BaseLib/BaseLib/OUTPUT/BaseLib.lib(X86WriteIdtr.obj)
                              (--whole-archive)
/home/enyephy/edk2/edk2/Build/OvmfIa32/RELEASE_GCC5/IA32/MdePkg/Library/BaseLib/BaseLib/OUTPUT/BaseLib.lib(X86WriteGdtr.obj)
                              (--whole-archive)
/home/enyephy/edk2/edk2/Build/OvmfIa32/RELEASE_GCC5/IA32/MdePkg/Library/BaseLib/BaseLib/OUTPUT/BaseLib.lib(X86Thunk.obj)
                              (--whole-archive)
/home/enyephy/edk2/edk2/Build/OvmfIa32/RELEASE_GCC5/IA32/MdePkg/Library/BaseLib/BaseLib/OUTPUT/BaseLib.lib(X86ReadIdtr.obj)
                              (--whole-archive)
/home/enyephy/edk2/edk2/Build/OvmfIa32/RELEASE_GCC5/IA32/MdePkg/Library/BaseLib/BaseLib/OUTPUT/BaseLib.lib(X86ReadGdtr.obj)
                              (--whole-archive)
/home/enyephy/edk2/edk2/Build/OvmfIa32/RELEASE_GCC5/IA32/MdePkg/Library/BaseLib/BaseLib/OUTPUT/BaseLib.lib(X86Msr.obj)
                              (--whole-archive)
/home/enyephy/edk2/edk2/Build/OvmfIa32/RELEASE_GCC5/IA32/MdePkg/Library/BaseLib/BaseLib/OUTPUT/BaseLib.lib(X86GetInterruptState.obj)
                              (--whole-archive)
/home/enyephy/edk2/edk2/Build/OvmfIa32/RELEASE_GCC5/IA32/MdePkg/Library/BaseLib/BaseLib/OUTPUT/BaseLib.lib(X86FxSave.obj)
                              (--whole-archive)
/home/enyephy/edk2/edk2/Build/OvmfIa32/RELEASE_GCC5/IA32/MdePkg/Library/BaseLib/BaseLib/OUTPUT/BaseLib.lib(X86FxRestore.obj)
                              (--whole-archive)
/home/enyephy/edk2/edk2/Build/OvmfIa32/RELEASE_GCC5/IA32/MdePkg/Library/BaseLib/BaseLib/OUTPUT/BaseLib.lib(X86EnablePaging64.obj)
                              (--whole-archive)
/home/enyephy/edk2/edk2/Build/OvmfIa32/RELEASE_GCC5/IA32/MdePkg/Library/BaseLib/BaseLib/OUTPUT/BaseLib.lib(X86EnablePaging32.obj)
                              (--whole-archive)
/home/enyephy/edk2/edk2/Build/OvmfIa32/RELEASE_GCC5/IA32/MdePkg/Library/BaseLib/BaseLib/OUTPUT/BaseLib.lib(X86DisablePaging64.obj)
                              (--whole-archive)
/home/enyephy/edk2/edk2/Build/OvmfIa32/RELEASE_GCC5/IA32/MdePkg/Library/BaseLib/BaseLib/OUTPUT/BaseLib.lib(X86DisablePaging32.obj)
                              (--whole-archive)
/home/enyephy/edk2/edk2/Build/OvmfIa32/RELEASE_GCC5/IA32/MdePkg/Library/BaseLib/BaseLib/OUTPUT/BaseLib.lib(X86RdRand.obj)
                              (--whole-archive)
/home/enyephy/edk2/edk2/Build/OvmfIa32/RELEASE_GCC5/IA32/MdePkg/Library/BaseLib/BaseLib/OUTPUT/BaseLib.lib(X86PatchInstruction.obj)
                              (--whole-archive)
/home/enyephy/edk2/edk2/Build/OvmfIa32/RELEASE_GCC5/IA32/MdePkg/Library/BaseLib/BaseLib/OUTPUT/BaseLib.lib(X86SpeculationBarrier.obj)
                              (--whole-archive)
/home/enyephy/edk2/edk2/Build/OvmfIa32/RELEASE_GCC5/IA32/MdePkg/Library/BaseLib/BaseLib/OUTPUT/BaseLib.lib(IntelTdxNull.obj)
                              (--whole-archive)
/home/enyephy/edk2/edk2/Build/OvmfIa32/RELEASE_GCC5/IA32/MdePkg/Library/CcProbeLibNull/CcProbeLibNull/OUTPUT/CcProbeLibNull.lib(CcProbeLibNull.obj)
                              (--whole-archive)
/home/enyephy/edk2/edk2/Build/OvmfIa32/RELEASE_GCC5/IA32/MdePkg/Library/BaseDebugPrintErrorLevelLib/BaseDebugPrintErrorLevelLib/OUTPUT/BaseDebugPrintErrorLevelLib.lib(BaseDebugPrintErrorLevelLib.obj)
                              (--whole-archive)
/home/enyephy/edk2/edk2/Build/OvmfIa32/RELEASE_GCC5/IA32/MdePkg/Library/BasePrintLib/BasePrintLib/OUTPUT/BasePrintLib.lib(PrintLibInternal.obj)
                              (--whole-archive)
/home/enyephy/edk2/edk2/Build/OvmfIa32/RELEASE_GCC5/IA32/MdePkg/Library/BasePrintLib/BasePrintLib/OUTPUT/BasePrintLib.lib(PrintLib.obj)
                              (--whole-archive)
/home/enyephy/edk2/edk2/Build/OvmfIa32/RELEASE_GCC5/IA32/MdePkg/Library/BaseIoLibIntrinsic/BaseIoLibIntrinsicSev/OUTPUT/BaseIoLibIntrinsicSev.lib(IoLibMmioBuffer.obj)
                              (--whole-archive)
/home/enyephy/edk2/edk2/Build/OvmfIa32/RELEASE_GCC5/IA32/MdePkg/Library/BaseIoLibIntrinsic/BaseIoLibIntrinsicSev/OUTPUT/BaseIoLibIntrinsicSev.lib(IoHighLevel.obj)
                              (--whole-archive)
/home/enyephy/edk2/edk2/Build/OvmfIa32/RELEASE_GCC5/IA32/MdePkg/Library/BaseIoLibIntrinsic/BaseIoLibIntrinsicSev/OUTPUT/BaseIoLibIntrinsicSev.lib(IoLibGcc.obj)
                              (--whole-archive)
/home/enyephy/edk2/edk2/Build/OvmfIa32/RELEASE_GCC5/IA32/MdePkg/Library/BaseIoLibIntrinsic/BaseIoLibIntrinsicSev/OUTPUT/BaseIoLibIntrinsicSev.lib(IoLib.obj)
                              (--whole-archive)
/home/enyephy/edk2/edk2/Build/OvmfIa32/RELEASE_GCC5/IA32/MdePkg/Library/BaseIoLibIntrinsic/BaseIoLibIntrinsicSev/OUTPUT/BaseIoLibIntrinsicSev.lib(IoLibInternalTdxNull.obj)
                              (--whole-archive)
/home/enyephy/edk2/edk2/Build/OvmfIa32/RELEASE_GCC5/IA32/MdePkg/Library/BaseIoLibIntrinsic/BaseIoLibIntrinsicSev/OUTPUT/BaseIoLibIntrinsicSev.lib(IoFifoSev.obj)
                              (--whole-archive)
/home/enyephy/edk2/edk2/Build/OvmfIa32/RELEASE_GCC5/IA32/OvmfPkg/Library/PlatformDebugLibIoPort/PlatformDebugLibIoPort/OUTPUT/PlatformDebugLibIoPort.lib(DebugIoPortQemu.obj)
                              (--whole-archive)
/home/enyephy/edk2/edk2/Build/OvmfIa32/RELEASE_GCC5/IA32/OvmfPkg/Library/PlatformDebugLibIoPort/PlatformDebugLibIoPort/OUTPUT/PlatformDebugLibIoPort.lib(DebugLib.obj)
                              (--whole-archive)
/home/enyephy/edk2/edk2/Build/OvmfIa32/RELEASE_GCC5/IA32/OvmfPkg/Library/PlatformDebugLibIoPort/PlatformDebugLibIoPort/OUTPUT/PlatformDebugLibIoPort.lib(DebugLibDetect.obj)
                              (--whole-archive)
/home/enyephy/edk2/edk2/Build/OvmfIa32/RELEASE_GCC5/IA32/MdePkg/Library/UefiBootServicesTableLib/UefiBootServicesTableLib/OUTPUT/UefiBootServicesTableLib.lib(UefiBootServicesTableLib.obj)
                              (--whole-archive)
/home/enyephy/edk2/edk2/Build/OvmfIa32/RELEASE_GCC5/IA32/MdePkg/Library/UefiRuntimeServicesTableLib/UefiRuntimeServicesTableLib/OUTPUT/UefiRuntimeServicesTableLib.lib(UefiRuntimeServicesTableLib.obj)
                              (--whole-archive)
/home/enyephy/edk2/edk2/Build/OvmfIa32/RELEASE_GCC5/IA32/MdePkg/Library/UefiRuntimeLib/UefiRuntimeLib/OUTPUT/UefiRuntimeLib.lib(RuntimeLib.obj)
                              (--whole-archive)
/home/enyephy/edk2/edk2/Build/OvmfIa32/RELEASE_GCC5/IA32/MdePkg/Library/UefiDriverEntryPoint/UefiDriverEntryPoint/OUTPUT/UefiDriverEntryPoint.lib(DriverEntryPoint.obj)
                              (--whole-archive)
/home/enyephy/edk2/edk2/Build/OvmfIa32/RELEASE_GCC5/IA32/MdePkg/Library/StackCheckLibNull/StackCheckLibNull/OUTPUT/StackCheckLibNull.lib(StackCheckLibNullGcc.obj)
                              (--whole-archive)

Discarded input sections

 .text          0x00000000        0x0 /tmp/ccEIdpWN.ltrans0.ltrans.o
 .data          0x00000000        0x0 /tmp/ccEIdpWN.ltrans0.ltrans.o
 .bss           0x00000000        0x0 /tmp/ccEIdpWN.ltrans0.ltrans.o
 .text.RuntimeDriverLibDeconstruct
                0x00000000       0x2a /tmp/ccEIdpWN.ltrans0.ltrans.o
 .text._DriverUnloadHandler
                0x00000000       0x18 /tmp/ccEIdpWN.ltrans0.ltrans.o
 .text.InternalAssertJumpBuffer
                0x00000000        0x1 /tmp/ccEIdpWN.ltrans0.ltrans.o
 .rodata._gPcd_FixedAtBuild_PcdControlFlowEnforcementPropertyMask
                0x00000000        0x4 /tmp/ccEIdpWN.ltrans0.ltrans.o
 .bss.mDeadLoopComparator
                0x00000000        0x4 /tmp/ccEIdpWN.ltrans0.ltrans.o
 .comment       0x00000000       0x27 /tmp/ccEIdpWN.ltrans0.ltrans.o
 .note.GNU-stack
                0x00000000        0x0 /tmp/ccEIdpWN.ltrans0.ltrans.o
 .comment       0x00000000       0x27 /tmp/ccqr97Vz.debug.temp.o
 .note.GNU-stack
                0x00000000        0x0 /tmp/ccqr97Vz.debug.temp.o
 .comment       0x00000000       0x27 /tmp/ccx3tby6.debug.temp.o
 .note.GNU-stack
                0x00000000        0x0 /tmp/ccx3tby6.debug.temp.o
 .debug_info    0x00000000      0x2c8 /tmp/ccM6cDX3.debug.temp.o
 .debug_abbrev  0x00000000       0xd3 /tmp/ccM6cDX3.debug.temp.o
 .debug_line    0x00000000       0x4c /tmp/ccM6cDX3.debug.temp.o
 .debug_str     0x00000000      0x31b /tmp/ccM6cDX3.debug.temp.o
 .debug_line_str
                0x00000000      0x19d /tmp/ccM6cDX3.debug.temp.o
 .comment       0x00000000       0x27 /tmp/ccM6cDX3.debug.temp.o
 .note.GNU-stack
                0x00000000        0x0 /tmp/ccM6cDX3.debug.temp.o
 .debug_info    0x00000000       0xd6 /tmp/ccd0lT25.debug.temp.o
 .debug_abbrev  0x00000000       0x8c /tmp/ccd0lT25.debug.temp.o
 .debug_line    0x00000000       0x48 /tmp/ccd0lT25.debug.temp.o
 .debug_str     0x00000000      0x1ee /tmp/ccd0lT25.debug.temp.o
 .debug_line_str
                0x00000000      0x15a /tmp/ccd0lT25.debug.temp.o
 .comment       0x00000000       0x27 /tmp/ccd0lT25.debug.temp.o
 .note.GNU-stack
                0x00000000        0x0 /tmp/ccd0lT25.debug.temp.o
 .debug_info    0x00000000       0xcb /tmp/cc71oiiS.debug.temp.o
 .debug_abbrev  0x00000000       0x8c /tmp/cc71oiiS.debug.temp.o
 .debug_line    0x00000000       0x48 /tmp/cc71oiiS.debug.temp.o
 .debug_str     0x00000000      0x1e7 /tmp/cc71oiiS.debug.temp.o
 .debug_line_str
                0x00000000      0x15a /tmp/cc71oiiS.debug.temp.o
 .comment       0x00000000       0x27 /tmp/cc71oiiS.debug.temp.o
 .note.GNU-stack
                0x00000000        0x0 /tmp/cc71oiiS.debug.temp.o
 .debug_info    0x00000000       0xd6 /tmp/ccf77bdt.debug.temp.o
 .debug_abbrev  0x00000000       0x8c /tmp/ccf77bdt.debug.temp.o
 .debug_line    0x00000000       0x48 /tmp/ccf77bdt.debug.temp.o
 .debug_str     0x00000000      0x1ee /tmp/ccf77bdt.debug.temp.o
 .debug_line_str
                0x00000000      0x15a /tmp/ccf77bdt.debug.temp.o
 .comment       0x00000000       0x27 /tmp/ccf77bdt.debug.temp.o
 .note.GNU-stack
                0x00000000        0x0 /tmp/ccf77bdt.debug.temp.o
 .debug_info    0x00000000      0x134 /tmp/ccMjF7uW.debug.temp.o
 .debug_abbrev  0x00000000       0xb8 /tmp/ccMjF7uW.debug.temp.o
 .debug_line    0x00000000       0x51 /tmp/ccMjF7uW.debug.temp.o
 .debug_str     0x00000000      0x205 /tmp/ccMjF7uW.debug.temp.o
 .debug_line_str
                0x00000000      0x197 /tmp/ccMjF7uW.debug.temp.o
 .comment       0x00000000       0x27 /tmp/ccMjF7uW.debug.temp.o
 .note.GNU-stack
                0x00000000        0x0 /tmp/ccMjF7uW.debug.temp.o
 .debug_info    0x00000000       0xb4 /tmp/ccKds00t.debug.temp.o
 .debug_abbrev  0x00000000       0x7e /tmp/ccKds00t.debug.temp.o
 .debug_line    0x00000000       0x48 /tmp/ccKds00t.debug.temp.o
 .debug_str     0x00000000      0x1dd /tmp/ccKds00t.debug.temp.o
 .debug_line_str
                0x00000000      0x156 /tmp/ccKds00t.debug.temp.o
 .comment       0x00000000       0x27 /tmp/ccKds00t.debug.temp.o
 .note.GNU-stack
                0x00000000        0x0 /tmp/ccKds00t.debug.temp.o
 .debug_info    0x00000000       0xdf /tmp/cceBoHlC.debug.temp.o
 .debug_abbrev  0x00000000       0x85 /tmp/cceBoHlC.debug.temp.o
 .debug_line    0x00000000       0x48 /tmp/cceBoHlC.debug.temp.o
 .debug_str     0x00000000      0x206 /tmp/cceBoHlC.debug.temp.o
 .debug_line_str
                0x00000000      0x15c /tmp/cceBoHlC.debug.temp.o
 .comment       0x00000000       0x27 /tmp/cceBoHlC.debug.temp.o
 .note.GNU-stack
                0x00000000        0x0 /tmp/cceBoHlC.debug.temp.o
 .debug_info    0x00000000       0xcf /tmp/cckdcsj4.debug.temp.o
 .debug_abbrev  0x00000000       0x7e /tmp/cckdcsj4.debug.temp.o
 .debug_line    0x00000000       0x4c /tmp/cckdcsj4.debug.temp.o
 .debug_str     0x00000000      0x1e0 /tmp/cckdcsj4.debug.temp.o
 .debug_line_str
                0x00000000      0x183 /tmp/cckdcsj4.debug.temp.o
 .comment       0x00000000       0x27 /tmp/cckdcsj4.debug.temp.o
 .note.GNU-stack
                0x00000000        0x0 /tmp/cckdcsj4.debug.temp.o
 .debug_info    0x00000000       0xcf /tmp/ccqGW6dl.debug.temp.o
 .debug_abbrev  0x00000000       0x7e /tmp/ccqGW6dl.debug.temp.o
 .debug_line    0x00000000       0x48 /tmp/ccqGW6dl.debug.temp.o
 .debug_str     0x00000000      0x1ec /tmp/ccqGW6dl.debug.temp.o
 .debug_line_str
                0x00000000      0x158 /tmp/ccqGW6dl.debug.temp.o
 .comment       0x00000000       0x27 /tmp/ccqGW6dl.debug.temp.o
 .note.GNU-stack
                0x00000000        0x0 /tmp/ccqGW6dl.debug.temp.o
 .debug_info    0x00000000       0xc4 /tmp/ccT2UF0t.debug.temp.o
 .debug_abbrev  0x00000000       0x7e /tmp/ccT2UF0t.debug.temp.o
 .debug_line    0x00000000       0x48 /tmp/ccT2UF0t.debug.temp.o
 .debug_str     0x00000000      0x1e5 /tmp/ccT2UF0t.debug.temp.o
 .debug_line_str
                0x00000000      0x158 /tmp/ccT2UF0t.debug.temp.o
 .comment       0x00000000       0x27 /tmp/ccT2UF0t.debug.temp.o
 .note.GNU-stack
                0x00000000        0x0 /tmp/ccT2UF0t.debug.temp.o
 .debug_info    0x00000000       0xcf /tmp/ccaHavcj.debug.temp.o
 .debug_abbrev  0x00000000       0x7e /tmp/ccaHavcj.debug.temp.o
 .debug_line    0x00000000       0x48 /tmp/ccaHavcj.debug.temp.o
 .debug_str     0x00000000      0x1ec /tmp/ccaHavcj.debug.temp.o
 .debug_line_str
                0x00000000      0x158 /tmp/ccaHavcj.debug.temp.o
 .comment       0x00000000       0x27 /tmp/ccaHavcj.debug.temp.o
 .note.GNU-stack
                0x00000000        0x0 /tmp/ccaHavcj.debug.temp.o
 .debug_info    0x00000000       0xcf /tmp/cc4Z5Svq.debug.temp.o
 .debug_abbrev  0x00000000       0x7e /tmp/cc4Z5Svq.debug.temp.o
 .debug_line    0x00000000       0x48 /tmp/cc4Z5Svq.debug.temp.o
 .debug_str     0x00000000      0x1e7 /tmp/cc4Z5Svq.debug.temp.o
 .debug_line_str
                0x00000000      0x154 /tmp/cc4Z5Svq.debug.temp.o
 .comment       0x00000000       0x27 /tmp/cc4Z5Svq.debug.temp.o
 .note.GNU-stack
                0x00000000        0x0 /tmp/cc4Z5Svq.debug.temp.o
 .debug_info    0x00000000       0xcb /tmp/cc3QfpyJ.debug.temp.o
 .debug_abbrev  0x00000000       0x8c /tmp/cc3QfpyJ.debug.temp.o
 .debug_line    0x00000000       0x48 /tmp/cc3QfpyJ.debug.temp.o
 .debug_str     0x00000000      0x1f5 /tmp/cc3QfpyJ.debug.temp.o
 .debug_line_str
                0x00000000      0x156 /tmp/cc3QfpyJ.debug.temp.o
 .comment       0x00000000       0x27 /tmp/cc3QfpyJ.debug.temp.o
 .note.GNU-stack
                0x00000000        0x0 /tmp/cc3QfpyJ.debug.temp.o
 .debug_info    0x00000000       0xc4 /tmp/ccpfyhOh.debug.temp.o
 .debug_abbrev  0x00000000       0x85 /tmp/ccpfyhOh.debug.temp.o
 .debug_line    0x00000000       0x48 /tmp/ccpfyhOh.debug.temp.o
 .debug_str     0x00000000      0x1ef /tmp/ccpfyhOh.debug.temp.o
 .debug_line_str
                0x00000000      0x160 /tmp/ccpfyhOh.debug.temp.o
 .comment       0x00000000       0x27 /tmp/ccpfyhOh.debug.temp.o
 .note.GNU-stack
                0x00000000        0x0 /tmp/ccpfyhOh.debug.temp.o
 .debug_info    0x00000000      0x22e /tmp/ccPx1bVg.debug.temp.o
 .debug_abbrev  0x00000000       0xdd /tmp/ccPx1bVg.debug.temp.o
 .debug_line    0x00000000       0x55 /tmp/ccPx1bVg.debug.temp.o
 .debug_str     0x00000000      0x2d4 /tmp/ccPx1bVg.debug.temp.o
 .debug_line_str
                0x00000000      0x1a3 /tmp/ccPx1bVg.debug.temp.o
 .comment       0x00000000       0x27 /tmp/ccPx1bVg.debug.temp.o
 .note.GNU-stack
                0x00000000        0x0 /tmp/ccPx1bVg.debug.temp.o
 .debug_info    0x00000000     0x2075 /tmp/ccvn28EF.debug.temp.o
 .debug_abbrev  0x00000000      0x24e /tmp/ccvn28EF.debug.temp.o
 .debug_line    0x00000000       0xa1 /tmp/ccvn28EF.debug.temp.o
 .debug_str     0x00000000     0x187e /tmp/ccvn28EF.debug.temp.o
 .debug_line_str
                0x00000000      0x300 /tmp/ccvn28EF.debug.temp.o
 .comment       0x00000000       0x27 /tmp/ccvn28EF.debug.temp.o
 .note.GNU-stack
                0x00000000        0x0 /tmp/ccvn28EF.debug.temp.o
 .debug_info    0x00000000      0x42a /tmp/ccM3fEjD.debug.temp.o
 .debug_abbrev  0x00000000      0x117 /tmp/ccM3fEjD.debug.temp.o
 .debug_line    0x00000000       0x43 /tmp/ccM3fEjD.debug.temp.o
 .debug_str     0x00000000      0x316 /tmp/ccM3fEjD.debug.temp.o
 .debug_line_str
                0x00000000      0x108 /tmp/ccM3fEjD.debug.temp.o
 .comment       0x00000000       0x27 /tmp/ccM3fEjD.debug.temp.o
 .note.GNU-stack
                0x00000000        0x0 /tmp/ccM3fEjD.debug.temp.o
 .debug_info    0x00000000      0x103 /tmp/ccmpusHL.debug.temp.o
 .debug_abbrev  0x00000000       0xaa /tmp/ccmpusHL.debug.temp.o
 .debug_line    0x00000000       0x51 /tmp/ccmpusHL.debug.temp.o
 .debug_str     0x00000000      0x227 /tmp/ccmpusHL.debug.temp.o
 .debug_line_str
                0x00000000      0x14c /tmp/ccmpusHL.debug.temp.o
 .comment       0x00000000       0x27 /tmp/ccmpusHL.debug.temp.o
 .note.GNU-stack
                0x00000000        0x0 /tmp/ccmpusHL.debug.temp.o
 .debug_info    0x00000000       0x99 /tmp/ccxwbN3k.debug.temp.o
 .debug_abbrev  0x00000000       0x75 /tmp/ccxwbN3k.debug.temp.o
 .debug_line    0x00000000       0x48 /tmp/ccxwbN3k.debug.temp.o
 .debug_str     0x00000000      0x1d8 /tmp/ccxwbN3k.debug.temp.o
 .debug_line_str
                0x00000000      0x121 /tmp/ccxwbN3k.debug.temp.o
 .comment       0x00000000       0x27 /tmp/ccxwbN3k.debug.temp.o
 .note.GNU-stack
                0x00000000        0x0 /tmp/ccxwbN3k.debug.temp.o
 .debug_info    0x00000000       0xb8 /tmp/ccSfF7tp.debug.temp.o
 .debug_abbrev  0x00000000       0x87 /tmp/ccSfF7tp.debug.temp.o
 .debug_line    0x00000000       0x4c /tmp/ccSfF7tp.debug.temp.o
 .debug_str     0x00000000      0x1ea /tmp/ccSfF7tp.debug.temp.o
 .debug_line_str
                0x00000000      0x147 /tmp/ccSfF7tp.debug.temp.o
 .comment       0x00000000       0x27 /tmp/ccSfF7tp.debug.temp.o
 .note.GNU-stack
                0x00000000        0x0 /tmp/ccSfF7tp.debug.temp.o
 .debug_info    0x00000000       0x83 /tmp/ccZxmlZY.debug.temp.o
 .debug_abbrev  0x00000000       0x57 /tmp/ccZxmlZY.debug.temp.o
 .debug_line    0x00000000       0x43 /tmp/ccZxmlZY.debug.temp.o
 .debug_str     0x00000000      0x1c0 /tmp/ccZxmlZY.debug.temp.o
 .debug_line_str
                0x00000000      0x10e /tmp/ccZxmlZY.debug.temp.o
 .comment       0x00000000       0x27 /tmp/ccZxmlZY.debug.temp.o
 .note.GNU-stack
                0x00000000        0x0 /tmp/ccZxmlZY.debug.temp.o
 .debug_info    0x00000000      0x125 /tmp/cckwS5lB.debug.temp.o
 .debug_abbrev  0x00000000       0x9f /tmp/cckwS5lB.debug.temp.o
 .debug_line    0x00000000       0x51 /tmp/cckwS5lB.debug.temp.o
 .debug_str     0x00000000      0x211 /tmp/cckwS5lB.debug.temp.o
 .debug_line_str
                0x00000000      0x154 /tmp/cckwS5lB.debug.temp.o
 .comment       0x00000000       0x27 /tmp/cckwS5lB.debug.temp.o
 .note.GNU-stack
                0x00000000        0x0 /tmp/cckwS5lB.debug.temp.o
 .comment       0x00000000       0x27 /tmp/ccUnyK9E.debug.temp.o
 .note.GNU-stack
                0x00000000        0x0 /tmp/ccUnyK9E.debug.temp.o
 .debug_info    0x00000000      0x149 /tmp/cce5I5bC.debug.temp.o
 .debug_abbrev  0x00000000       0xbc /tmp/cce5I5bC.debug.temp.o
 .debug_line    0x00000000       0x51 /tmp/cce5I5bC.debug.temp.o
 .debug_str     0x00000000      0x24a /tmp/cce5I5bC.debug.temp.o
 .debug_line_str
                0x00000000      0x153 /tmp/cce5I5bC.debug.temp.o
 .comment       0x00000000       0x27 /tmp/cce5I5bC.debug.temp.o
 .note.GNU-stack
                0x00000000        0x0 /tmp/cce5I5bC.debug.temp.o
 .comment       0x00000000       0x27 /tmp/ccF8EmYi.debug.temp.o
 .note.GNU-stack
                0x00000000        0x0 /tmp/ccF8EmYi.debug.temp.o
 .debug_info    0x00000000       0xbb /tmp/cc05WzBh.debug.temp.o
 .debug_abbrev  0x00000000       0x78 /tmp/cc05WzBh.debug.temp.o
 .debug_line    0x00000000       0x48 /tmp/cc05WzBh.debug.temp.o
 .debug_str     0x00000000      0x1e5 /tmp/cc05WzBh.debug.temp.o
 .debug_line_str
                0x00000000      0x119 /tmp/cc05WzBh.debug.temp.o
 .comment       0x00000000       0x27 /tmp/cc05WzBh.debug.temp.o
 .note.GNU-stack
                0x00000000        0x0 /tmp/cc05WzBh.debug.temp.o
 .debug_info    0x00000000       0x95 /tmp/ccqF0mDv.debug.temp.o
 .debug_abbrev  0x00000000       0x5a /tmp/ccqF0mDv.debug.temp.o
 .debug_line    0x00000000       0x43 /tmp/ccqF0mDv.debug.temp.o
 .debug_str     0x00000000      0x1ca /tmp/ccqF0mDv.debug.temp.o
 .debug_line_str
                0x00000000      0x106 /tmp/ccqF0mDv.debug.temp.o
 .comment       0x00000000       0x27 /tmp/ccqF0mDv.debug.temp.o
 .note.GNU-stack
                0x00000000        0x0 /tmp/ccqF0mDv.debug.temp.o
 .debug_info    0x00000000       0xb2 /tmp/ccKSEQbz.debug.temp.o
 .debug_abbrev  0x00000000       0x86 /tmp/ccKSEQbz.debug.temp.o
 .debug_line    0x00000000       0x48 /tmp/ccKSEQbz.debug.temp.o
 .debug_str     0x00000000      0x1ef /tmp/ccKSEQbz.debug.temp.o
 .debug_line_str
                0x00000000      0x11f /tmp/ccKSEQbz.debug.temp.o
 .comment       0x00000000       0x27 /tmp/ccKSEQbz.debug.temp.o
 .note.GNU-stack
                0x00000000        0x0 /tmp/ccKSEQbz.debug.temp.o
 .debug_info    0x00000000       0xbc /tmp/ccOvJRUH.debug.temp.o
 .debug_abbrev  0x00000000       0x87 /tmp/ccOvJRUH.debug.temp.o
 .debug_line    0x00000000       0x48 /tmp/ccOvJRUH.debug.temp.o
 .debug_str     0x00000000      0x1f6 /tmp/ccOvJRUH.debug.temp.o
 .debug_line_str
                0x00000000      0x11f /tmp/ccOvJRUH.debug.temp.o
 .comment       0x00000000       0x27 /tmp/ccOvJRUH.debug.temp.o
 .note.GNU-stack
                0x00000000        0x0 /tmp/ccOvJRUH.debug.temp.o
 .debug_info    0x00000000       0xb1 /tmp/ccoYTFqa.debug.temp.o
 .debug_abbrev  0x00000000       0x78 /tmp/ccoYTFqa.debug.temp.o
 .debug_line    0x00000000       0x4c /tmp/ccoYTFqa.debug.temp.o
 .debug_str     0x00000000      0x1e2 /tmp/ccoYTFqa.debug.temp.o
 .debug_line_str
                0x00000000      0x145 /tmp/ccoYTFqa.debug.temp.o
 .comment       0x00000000       0x27 /tmp/ccoYTFqa.debug.temp.o
 .note.GNU-stack
                0x00000000        0x0 /tmp/ccoYTFqa.debug.temp.o
 .debug_info    0x00000000       0xb0 /tmp/ccyfOplU.debug.temp.o
 .debug_abbrev  0x00000000       0x78 /tmp/ccyfOplU.debug.temp.o
 .debug_line    0x00000000       0x48 /tmp/ccyfOplU.debug.temp.o
 .debug_str     0x00000000      0x1e6 /tmp/ccyfOplU.debug.temp.o
 .debug_line_str
                0x00000000      0x11d /tmp/ccyfOplU.debug.temp.o
 .comment       0x00000000       0x27 /tmp/ccyfOplU.debug.temp.o
 .note.GNU-stack
                0x00000000        0x0 /tmp/ccyfOplU.debug.temp.o
 .comment       0x00000000       0x27 /tmp/ccnxGOhF.debug.temp.o
 .note.GNU-stack
                0x00000000        0x0 /tmp/ccnxGOhF.debug.temp.o
 .debug_info    0x00000000       0xbb /tmp/ccuZywZD.debug.temp.o
 .debug_abbrev  0x00000000       0x78 /tmp/ccuZywZD.debug.temp.o
 .debug_line    0x00000000       0x48 /tmp/ccuZywZD.debug.temp.o
 .debug_str     0x00000000      0x1e5 /tmp/ccuZywZD.debug.temp.o
 .debug_line_str
                0x00000000      0x119 /tmp/ccuZywZD.debug.temp.o
 .comment       0x00000000       0x27 /tmp/ccuZywZD.debug.temp.o
 .note.GNU-stack
                0x00000000        0x0 /tmp/ccuZywZD.debug.temp.o
 .debug_info    0x00000000       0x95 /tmp/ccCQ0pjO.debug.temp.o
 .debug_abbrev  0x00000000       0x5a /tmp/ccCQ0pjO.debug.temp.o
 .debug_line    0x00000000       0x43 /tmp/ccCQ0pjO.debug.temp.o
 .debug_str     0x00000000      0x1ca /tmp/ccCQ0pjO.debug.temp.o
 .debug_line_str
                0x00000000      0x106 /tmp/ccCQ0pjO.debug.temp.o
 .comment       0x00000000       0x27 /tmp/ccCQ0pjO.debug.temp.o
 .note.GNU-stack
                0x00000000        0x0 /tmp/ccCQ0pjO.debug.temp.o
 .debug_info    0x00000000       0xd6 /tmp/ccutcjNW.debug.temp.o
 .debug_abbrev  0x00000000       0x85 /tmp/ccutcjNW.debug.temp.o
 .debug_line    0x00000000       0x4c /tmp/ccutcjNW.debug.temp.o
 .debug_str     0x00000000      0x1ed /tmp/ccutcjNW.debug.temp.o
 .debug_line_str
                0x00000000      0x147 /tmp/ccutcjNW.debug.temp.o
 .comment       0x00000000       0x27 /tmp/ccutcjNW.debug.temp.o
 .note.GNU-stack
                0x00000000        0x0 /tmp/ccutcjNW.debug.temp.o
 .debug_info    0x00000000       0xa4 /tmp/ccoE0s6D.debug.temp.o
 .debug_abbrev  0x00000000       0x67 /tmp/ccoE0s6D.debug.temp.o
 .debug_line    0x00000000       0x43 /tmp/ccoE0s6D.debug.temp.o
 .debug_str     0x00000000      0x1d6 /tmp/ccoE0s6D.debug.temp.o
 .debug_line_str
                0x00000000      0x10e /tmp/ccoE0s6D.debug.temp.o
 .comment       0x00000000       0x27 /tmp/ccoE0s6D.debug.temp.o
 .note.GNU-stack
                0x00000000        0x0 /tmp/ccoE0s6D.debug.temp.o
 .debug_info    0x00000000       0xba /tmp/ccW73HbJ.debug.temp.o
 .debug_abbrev  0x00000000       0x76 /tmp/ccW73HbJ.debug.temp.o
 .debug_line    0x00000000       0x4c /tmp/ccW73HbJ.debug.temp.o
 .debug_str     0x00000000      0x1e2 /tmp/ccW73HbJ.debug.temp.o
 .debug_line_str
                0x00000000      0x149 /tmp/ccW73HbJ.debug.temp.o
 .comment       0x00000000       0x27 /tmp/ccW73HbJ.debug.temp.o
 .note.GNU-stack
                0x00000000        0x0 /tmp/ccW73HbJ.debug.temp.o
 .debug_info    0x00000000       0xa4 /tmp/ccbee84M.debug.temp.o
 .debug_abbrev  0x00000000       0x67 /tmp/ccbee84M.debug.temp.o
 .debug_line    0x00000000       0x43 /tmp/ccbee84M.debug.temp.o
 .debug_str     0x00000000      0x1d7 /tmp/ccbee84M.debug.temp.o
 .debug_line_str
                0x00000000      0x110 /tmp/ccbee84M.debug.temp.o
 .comment       0x00000000       0x27 /tmp/ccbee84M.debug.temp.o
 .note.GNU-stack
                0x00000000        0x0 /tmp/ccbee84M.debug.temp.o
 .debug_info    0x00000000       0xdd /tmp/ccOi8GCZ.debug.temp.o
 .debug_abbrev  0x00000000       0x78 /tmp/ccOi8GCZ.debug.temp.o
 .debug_line    0x00000000       0x4c /tmp/ccOi8GCZ.debug.temp.o
 .debug_str     0x00000000      0x1f5 /tmp/ccOi8GCZ.debug.temp.o
 .debug_line_str
                0x00000000      0x14f /tmp/ccOi8GCZ.debug.temp.o
 .comment       0x00000000       0x27 /tmp/ccOi8GCZ.debug.temp.o
 .note.GNU-stack
                0x00000000        0x0 /tmp/ccOi8GCZ.debug.temp.o
 .debug_info    0x00000000       0xaf /tmp/cc7sri2p.debug.temp.o
 .debug_abbrev  0x00000000       0x76 /tmp/cc7sri2p.debug.temp.o
 .debug_line    0x00000000       0x4c /tmp/cc7sri2p.debug.temp.o
 .debug_str     0x00000000      0x1de /tmp/cc7sri2p.debug.temp.o
 .debug_line_str
                0x00000000      0x14f /tmp/cc7sri2p.debug.temp.o
 .comment       0x00000000       0x27 /tmp/cc7sri2p.debug.temp.o
 .note.GNU-stack
                0x00000000        0x0 /tmp/cc7sri2p.debug.temp.o
 .debug_info    0x00000000       0xbf /tmp/ccL60B1B.debug.temp.o
 .debug_abbrev  0x00000000       0x7f /tmp/ccL60B1B.debug.temp.o
 .debug_line    0x00000000       0x48 /tmp/ccL60B1B.debug.temp.o
 .debug_str     0x00000000      0x1f5 /tmp/ccL60B1B.debug.temp.o
 .debug_line_str
                0x00000000      0x12f /tmp/ccL60B1B.debug.temp.o
 .comment       0x00000000       0x27 /tmp/ccL60B1B.debug.temp.o
 .note.GNU-stack
                0x00000000        0x0 /tmp/ccL60B1B.debug.temp.o
 .debug_info    0x00000000       0xc8 /tmp/ccetyzqx.debug.temp.o
 .debug_abbrev  0x00000000       0x80 /tmp/ccetyzqx.debug.temp.o
 .debug_line    0x00000000       0x48 /tmp/ccetyzqx.debug.temp.o
 .debug_str     0x00000000      0x1fc /tmp/ccetyzqx.debug.temp.o
 .debug_line_str
                0x00000000      0x12f /tmp/ccetyzqx.debug.temp.o
 .comment       0x00000000       0x27 /tmp/ccetyzqx.debug.temp.o
 .note.GNU-stack
                0x00000000        0x0 /tmp/ccetyzqx.debug.temp.o
 .debug_info    0x00000000       0xb0 /tmp/ccok0Gr8.debug.temp.o
 .debug_abbrev  0x00000000       0x78 /tmp/ccok0Gr8.debug.temp.o
 .debug_line    0x00000000       0x48 /tmp/ccok0Gr8.debug.temp.o
 .debug_str     0x00000000      0x1e6 /tmp/ccok0Gr8.debug.temp.o
 .debug_line_str
                0x00000000      0x11d /tmp/ccok0Gr8.debug.temp.o
 .comment       0x00000000       0x27 /tmp/ccok0Gr8.debug.temp.o
 .note.GNU-stack
                0x00000000        0x0 /tmp/ccok0Gr8.debug.temp.o
 .debug_info    0x00000000       0xbf /tmp/ccVRHmmc.debug.temp.o
 .debug_abbrev  0x00000000       0x7f /tmp/ccVRHmmc.debug.temp.o
 .debug_line    0x00000000       0x48 /tmp/ccVRHmmc.debug.temp.o
 .debug_str     0x00000000      0x1f4 /tmp/ccVRHmmc.debug.temp.o
 .debug_line_str
                0x00000000      0x12f /tmp/ccVRHmmc.debug.temp.o
 .comment       0x00000000       0x27 /tmp/ccVRHmmc.debug.temp.o
 .note.GNU-stack
                0x00000000        0x0 /tmp/ccVRHmmc.debug.temp.o
 .debug_info    0x00000000       0xbb /tmp/ccNfiRab.debug.temp.o
 .debug_abbrev  0x00000000       0x78 /tmp/ccNfiRab.debug.temp.o
 .debug_line    0x00000000       0x48 /tmp/ccNfiRab.debug.temp.o
 .debug_str     0x00000000      0x1eb /tmp/ccNfiRab.debug.temp.o
 .debug_line_str
                0x00000000      0x11f /tmp/ccNfiRab.debug.temp.o
 .comment       0x00000000       0x27 /tmp/ccNfiRab.debug.temp.o
 .note.GNU-stack
                0x00000000        0x0 /tmp/ccNfiRab.debug.temp.o
 .debug_info    0x00000000      0x6fd /tmp/ccSep8Ku.debug.temp.o
 .debug_abbrev  0x00000000       0xc9 /tmp/ccSep8Ku.debug.temp.o
 .debug_line    0x00000000       0x4c /tmp/ccSep8Ku.debug.temp.o
 .debug_str     0x00000000      0x3de /tmp/ccSep8Ku.debug.temp.o
 .debug_line_str
                0x00000000      0x141 /tmp/ccSep8Ku.debug.temp.o
 .comment       0x00000000       0x27 /tmp/ccSep8Ku.debug.temp.o
 .note.GNU-stack
                0x00000000        0x0 /tmp/ccSep8Ku.debug.temp.o
 .comment       0x00000000       0x27 /tmp/ccW5euYQ.debug.temp.o
 .note.GNU-stack
                0x00000000        0x0 /tmp/ccW5euYQ.debug.temp.o
 .debug_info    0x00000000       0xbb /tmp/cchErVLO.debug.temp.o
 .debug_abbrev  0x00000000       0xa5 /tmp/cchErVLO.debug.temp.o
 .debug_line    0x00000000       0x4c /tmp/cchErVLO.debug.temp.o
 .debug_str     0x00000000      0x21e /tmp/cchErVLO.debug.temp.o
 .debug_line_str
                0x00000000      0x137 /tmp/cchErVLO.debug.temp.o
 .comment       0x00000000       0x27 /tmp/cchErVLO.debug.temp.o
 .note.GNU-stack
                0x00000000        0x0 /tmp/cchErVLO.debug.temp.o
 .debug_info    0x00000000      0x2c7 /tmp/ccZ9JQtE.debug.temp.o
 .debug_abbrev  0x00000000      0x10f /tmp/ccZ9JQtE.debug.temp.o
 .debug_line    0x00000000       0x55 /tmp/ccZ9JQtE.debug.temp.o
 .debug_str     0x00000000      0x30d /tmp/ccZ9JQtE.debug.temp.o
 .debug_line_str
                0x00000000      0x1a2 /tmp/ccZ9JQtE.debug.temp.o
 .comment       0x00000000       0x27 /tmp/ccZ9JQtE.debug.temp.o
 .note.GNU-stack
                0x00000000        0x0 /tmp/ccZ9JQtE.debug.temp.o
 .debug_info    0x00000000      0xdf1 /tmp/ccWMTCbe.debug.temp.o
 .debug_abbrev  0x00000000      0x176 /tmp/ccWMTCbe.debug.temp.o
 .debug_line    0x00000000       0x68 /tmp/ccWMTCbe.debug.temp.o
 .debug_str     0x00000000      0x767 /tmp/ccWMTCbe.debug.temp.o
 .debug_line_str
                0x00000000      0x1fe /tmp/ccWMTCbe.debug.temp.o
 .comment       0x00000000       0x27 /tmp/ccWMTCbe.debug.temp.o
 .note.GNU-stack
                0x00000000        0x0 /tmp/ccWMTCbe.debug.temp.o
 .debug_info    0x00000000      0x77a /tmp/cc1K9GwP.debug.temp.o
 .debug_abbrev  0x00000000      0x12d /tmp/cc1K9GwP.debug.temp.o
 .debug_line    0x00000000       0x5e /tmp/cc1K9GwP.debug.temp.o
 .debug_str     0x00000000      0x667 /tmp/cc1K9GwP.debug.temp.o
 .debug_line_str
                0x00000000      0x1d3 /tmp/cc1K9GwP.debug.temp.o
 .comment       0x00000000       0x27 /tmp/cc1K9GwP.debug.temp.o
 .note.GNU-stack
                0x00000000        0x0 /tmp/cc1K9GwP.debug.temp.o
 .debug_info    0x00000000      0x187 /tmp/ccooyxad.debug.temp.o
 .debug_abbrev  0x00000000       0xd3 /tmp/ccooyxad.debug.temp.o
 .debug_line    0x00000000       0x51 /tmp/ccooyxad.debug.temp.o
 .debug_str     0x00000000      0x23e /tmp/ccooyxad.debug.temp.o
 .debug_line_str
                0x00000000      0x153 /tmp/ccooyxad.debug.temp.o
 .comment       0x00000000       0x27 /tmp/ccooyxad.debug.temp.o
 .note.GNU-stack
                0x00000000        0x0 /tmp/ccooyxad.debug.temp.o
 .debug_info    0x00000000      0x2d0 /tmp/cctji3vz.debug.temp.o
 .debug_abbrev  0x00000000      0x135 /tmp/cctji3vz.debug.temp.o
 .debug_line    0x00000000       0x4c /tmp/cctji3vz.debug.temp.o
 .debug_str     0x00000000      0x304 /tmp/cctji3vz.debug.temp.o
 .debug_line_str
                0x00000000      0x14d /tmp/cctji3vz.debug.temp.o
 .comment       0x00000000       0x27 /tmp/cctji3vz.debug.temp.o
 .note.GNU-stack
                0x00000000        0x0 /tmp/cctji3vz.debug.temp.o
 .debug_info    0x00000000      0x612 /tmp/cclzOxvY.debug.temp.o
 .debug_abbrev  0x00000000      0x197 /tmp/cclzOxvY.debug.temp.o
 .debug_line    0x00000000       0x51 /tmp/cclzOxvY.debug.temp.o
 .debug_str     0x00000000      0x4aa /tmp/cclzOxvY.debug.temp.o
 .debug_line_str
                0x00000000      0x169 /tmp/cclzOxvY.debug.temp.o
 .comment       0x00000000       0x27 /tmp/cclzOxvY.debug.temp.o
 .note.GNU-stack
                0x00000000        0x0 /tmp/cclzOxvY.debug.temp.o
 .debug_info    0x00000000       0xdd /tmp/ccudeBig.debug.temp.o
 .debug_abbrev  0x00000000       0x92 /tmp/ccudeBig.debug.temp.o
 .debug_line    0x00000000       0x4c /tmp/ccudeBig.debug.temp.o
 .debug_str     0x00000000      0x206 /tmp/ccudeBig.debug.temp.o
 .debug_line_str
                0x00000000      0x168 /tmp/ccudeBig.debug.temp.o
 .comment       0x00000000       0x27 /tmp/ccudeBig.debug.temp.o
 .note.GNU-stack
                0x00000000        0x0 /tmp/ccudeBig.debug.temp.o
 .debug_info    0x00000000       0xaf /tmp/cckwburN.debug.temp.o
 .debug_abbrev  0x00000000       0x58 /tmp/cckwburN.debug.temp.o
 .debug_line    0x00000000       0x43 /tmp/cckwburN.debug.temp.o
 .debug_str     0x00000000      0x203 /tmp/cckwburN.debug.temp.o
 .debug_line_str
                0x00000000      0x11a /tmp/cckwburN.debug.temp.o
 .comment       0x00000000       0x27 /tmp/cckwburN.debug.temp.o
 .note.GNU-stack
                0x00000000        0x0 /tmp/cckwburN.debug.temp.o
 .debug_info    0x00000000      0x1d9 /tmp/ccpiiIkg.debug.temp.o
 .debug_abbrev  0x00000000       0x8c /tmp/ccpiiIkg.debug.temp.o
 .debug_line    0x00000000       0x4c /tmp/ccpiiIkg.debug.temp.o
 .debug_str     0x00000000      0x263 /tmp/ccpiiIkg.debug.temp.o
 .debug_line_str
                0x00000000      0x143 /tmp/ccpiiIkg.debug.temp.o
 .comment       0x00000000       0x27 /tmp/ccpiiIkg.debug.temp.o
 .note.GNU-stack
                0x00000000        0x0 /tmp/ccpiiIkg.debug.temp.o
 .debug_info    0x00000000       0xe2 /tmp/ccdHP5JT.debug.temp.o
 .debug_abbrev  0x00000000       0xb3 /tmp/ccdHP5JT.debug.temp.o
 .debug_line    0x00000000       0x51 /tmp/ccdHP5JT.debug.temp.o
 .debug_str     0x00000000      0x1fd /tmp/ccdHP5JT.debug.temp.o
 .debug_line_str
                0x00000000      0x15c /tmp/ccdHP5JT.debug.temp.o
 .comment       0x00000000       0x27 /tmp/ccdHP5JT.debug.temp.o
 .note.GNU-stack
                0x00000000        0x0 /tmp/ccdHP5JT.debug.temp.o
 .debug_info    0x00000000       0xe2 /tmp/cc8B2T4Y.debug.temp.o
 .debug_abbrev  0x00000000       0xb3 /tmp/cc8B2T4Y.debug.temp.o
 .debug_line    0x00000000       0x51 /tmp/cc8B2T4Y.debug.temp.o
 .debug_str     0x00000000      0x1fd /tmp/cc8B2T4Y.debug.temp.o
 .debug_line_str
                0x00000000      0x15c /tmp/cc8B2T4Y.debug.temp.o
 .comment       0x00000000       0x27 /tmp/cc8B2T4Y.debug.temp.o
 .note.GNU-stack
                0x00000000        0x0 /tmp/cc8B2T4Y.debug.temp.o
 .debug_info    0x00000000      0x6db /tmp/ccVaUY6Y.debug.temp.o
 .debug_abbrev  0x00000000      0x17f /tmp/ccVaUY6Y.debug.temp.o
 .debug_line    0x00000000       0x51 /tmp/ccVaUY6Y.debug.temp.o
 .debug_str     0x00000000      0x428 /tmp/ccVaUY6Y.debug.temp.o
 .debug_line_str
                0x00000000      0x151 /tmp/ccVaUY6Y.debug.temp.o
 .comment       0x00000000       0x27 /tmp/ccVaUY6Y.debug.temp.o
 .note.GNU-stack
                0x00000000        0x0 /tmp/ccVaUY6Y.debug.temp.o
 .debug_info    0x00000000       0xdd /tmp/ccK7XQ7K.debug.temp.o
 .debug_abbrev  0x00000000       0xac /tmp/ccK7XQ7K.debug.temp.o
 .debug_line    0x00000000       0x51 /tmp/ccK7XQ7K.debug.temp.o
 .debug_str     0x00000000      0x1fb /tmp/ccK7XQ7K.debug.temp.o
 .debug_line_str
                0x00000000      0x15a /tmp/ccK7XQ7K.debug.temp.o
 .comment       0x00000000       0x27 /tmp/ccK7XQ7K.debug.temp.o
 .note.GNU-stack
                0x00000000        0x0 /tmp/ccK7XQ7K.debug.temp.o
 .debug_info    0x00000000       0xdd /tmp/ccCDr3I1.debug.temp.o
 .debug_abbrev  0x00000000       0xac /tmp/ccCDr3I1.debug.temp.o
 .debug_line    0x00000000       0x51 /tmp/ccCDr3I1.debug.temp.o
 .debug_str     0x00000000      0x1fb /tmp/ccCDr3I1.debug.temp.o
 .debug_line_str
                0x00000000      0x15a /tmp/ccCDr3I1.debug.temp.o
 .comment       0x00000000       0x27 /tmp/ccCDr3I1.debug.temp.o
 .note.GNU-stack
                0x00000000        0x0 /tmp/ccCDr3I1.debug.temp.o
 .debug_info    0x00000000      0x4f7 /tmp/ccNZJBTX.debug.temp.o
 .debug_abbrev  0x00000000       0xb9 /tmp/ccNZJBTX.debug.temp.o
 .debug_line    0x00000000       0x4c /tmp/ccNZJBTX.debug.temp.o
 .debug_str     0x00000000      0x3a3 /tmp/ccNZJBTX.debug.temp.o
 .debug_line_str
                0x00000000      0x13d /tmp/ccNZJBTX.debug.temp.o
 .comment       0x00000000       0x27 /tmp/ccNZJBTX.debug.temp.o
 .note.GNU-stack
                0x00000000        0x0 /tmp/ccNZJBTX.debug.temp.o
 .debug_info    0x00000000      0x1e0 /tmp/ccssHYrJ.debug.temp.o
 .debug_abbrev  0x00000000       0xd5 /tmp/ccssHYrJ.debug.temp.o
 .debug_line    0x00000000       0x4c /tmp/ccssHYrJ.debug.temp.o
 .debug_str     0x00000000      0x238 /tmp/ccssHYrJ.debug.temp.o
 .debug_line_str
                0x00000000      0x159 /tmp/ccssHYrJ.debug.temp.o
 .comment       0x00000000       0x27 /tmp/ccssHYrJ.debug.temp.o
 .note.GNU-stack
                0x00000000        0x0 /tmp/ccssHYrJ.debug.temp.o
 .debug_info    0x00000000       0xda /tmp/ccnrgbzP.debug.temp.o
 .debug_abbrev  0x00000000       0xbc /tmp/ccnrgbzP.debug.temp.o
 .debug_line    0x00000000       0x51 /tmp/ccnrgbzP.debug.temp.o
 .debug_str     0x00000000      0x1e6 /tmp/ccnrgbzP.debug.temp.o
 .debug_line_str
                0x00000000      0x156 /tmp/ccnrgbzP.debug.temp.o
 .comment       0x00000000       0x27 /tmp/ccnrgbzP.debug.temp.o
 .note.GNU-stack
                0x00000000        0x0 /tmp/ccnrgbzP.debug.temp.o
 .debug_info    0x00000000       0xd5 /tmp/cc0iNz0E.debug.temp.o
 .debug_abbrev  0x00000000       0xc2 /tmp/cc0iNz0E.debug.temp.o
 .debug_line    0x00000000       0x51 /tmp/cc0iNz0E.debug.temp.o
 .debug_str     0x00000000      0x1e5 /tmp/cc0iNz0E.debug.temp.o
 .debug_line_str
                0x00000000      0x15c /tmp/cc0iNz0E.debug.temp.o
 .comment       0x00000000       0x27 /tmp/cc0iNz0E.debug.temp.o
 .note.GNU-stack
                0x00000000        0x0 /tmp/cc0iNz0E.debug.temp.o
 .debug_info    0x00000000       0xd7 /tmp/ccBlfwTK.debug.temp.o
 .debug_abbrev  0x00000000       0x83 /tmp/ccBlfwTK.debug.temp.o
 .debug_line    0x00000000       0x48 /tmp/ccBlfwTK.debug.temp.o
 .debug_str     0x00000000      0x207 /tmp/ccBlfwTK.debug.temp.o
 .debug_line_str
                0x00000000      0x12d /tmp/ccBlfwTK.debug.temp.o
 .comment       0x00000000       0x27 /tmp/ccBlfwTK.debug.temp.o
 .note.GNU-stack
                0x00000000        0x0 /tmp/ccBlfwTK.debug.temp.o
 .debug_info    0x00000000       0xda /tmp/ccSHSOOZ.debug.temp.o
 .debug_abbrev  0x00000000       0x8b /tmp/ccSHSOOZ.debug.temp.o
 .debug_line    0x00000000       0x48 /tmp/ccSHSOOZ.debug.temp.o
 .debug_str     0x00000000      0x212 /tmp/ccSHSOOZ.debug.temp.o
 .debug_line_str
                0x00000000      0x12a /tmp/ccSHSOOZ.debug.temp.o
 .comment       0x00000000       0x27 /tmp/ccSHSOOZ.debug.temp.o
 .note.GNU-stack
                0x00000000        0x0 /tmp/ccSHSOOZ.debug.temp.o
 .debug_info    0x00000000       0xd7 /tmp/ccsIJH51.debug.temp.o
 .debug_abbrev  0x00000000       0x83 /tmp/ccsIJH51.debug.temp.o
 .debug_line    0x00000000       0x48 /tmp/ccsIJH51.debug.temp.o
 .debug_str     0x00000000      0x209 /tmp/ccsIJH51.debug.temp.o
 .debug_line_str
                0x00000000      0x12f /tmp/ccsIJH51.debug.temp.o
 .comment       0x00000000       0x27 /tmp/ccsIJH51.debug.temp.o
 .note.GNU-stack
                0x00000000        0x0 /tmp/ccsIJH51.debug.temp.o
 .debug_info    0x00000000       0xda /tmp/ccTotIAb.debug.temp.o
 .debug_abbrev  0x00000000       0x8b /tmp/ccTotIAb.debug.temp.o
 .debug_line    0x00000000       0x48 /tmp/ccTotIAb.debug.temp.o
 .debug_str     0x00000000      0x214 /tmp/ccTotIAb.debug.temp.o
 .debug_line_str
                0x00000000      0x12c /tmp/ccTotIAb.debug.temp.o
 .comment       0x00000000       0x27 /tmp/ccTotIAb.debug.temp.o
 .note.GNU-stack
                0x00000000        0x0 /tmp/ccTotIAb.debug.temp.o
 .debug_info    0x00000000      0x121 /tmp/cckiCDHr.debug.temp.o
 .debug_abbrev  0x00000000       0x9b /tmp/cckiCDHr.debug.temp.o
 .debug_line    0x00000000       0x48 /tmp/cckiCDHr.debug.temp.o
 .debug_str     0x00000000      0x229 /tmp/cckiCDHr.debug.temp.o
 .debug_line_str
                0x00000000      0x11d /tmp/cckiCDHr.debug.temp.o
 .comment       0x00000000       0x27 /tmp/cckiCDHr.debug.temp.o
 .note.GNU-stack
                0x00000000        0x0 /tmp/cckiCDHr.debug.temp.o
 .debug_info    0x00000000      0x133 /tmp/cck9Bs0n.debug.temp.o
 .debug_abbrev  0x00000000       0x99 /tmp/cck9Bs0n.debug.temp.o
 .debug_line    0x00000000       0x4c /tmp/cck9Bs0n.debug.temp.o
 .debug_str     0x00000000      0x24c /tmp/cck9Bs0n.debug.temp.o
 .debug_line_str
                0x00000000      0x157 /tmp/cck9Bs0n.debug.temp.o
 .comment       0x00000000       0x27 /tmp/cck9Bs0n.debug.temp.o
 .note.GNU-stack
                0x00000000        0x0 /tmp/cck9Bs0n.debug.temp.o
 .debug_info    0x00000000       0xc7 /tmp/ccCR4lKl.debug.temp.o
 .debug_abbrev  0x00000000       0x9b /tmp/ccCR4lKl.debug.temp.o
 .debug_line    0x00000000       0x55 /tmp/ccCR4lKl.debug.temp.o
 .debug_str     0x00000000      0x207 /tmp/ccCR4lKl.debug.temp.o
 .debug_line_str
                0x00000000      0x1c3 /tmp/ccCR4lKl.debug.temp.o
 .comment       0x00000000       0x27 /tmp/ccCR4lKl.debug.temp.o
 .note.GNU-stack
                0x00000000        0x0 /tmp/ccCR4lKl.debug.temp.o
 .debug_info    0x00000000      0x13c /tmp/ccGupt1P.debug.temp.o
 .debug_abbrev  0x00000000       0x97 /tmp/ccGupt1P.debug.temp.o
 .debug_line    0x00000000       0x4c /tmp/ccGupt1P.debug.temp.o
 .debug_str     0x00000000      0x20e /tmp/ccGupt1P.debug.temp.o
 .debug_line_str
                0x00000000      0x13e /tmp/ccGupt1P.debug.temp.o
 .comment       0x00000000       0x27 /tmp/ccGupt1P.debug.temp.o
 .note.GNU-stack
                0x00000000        0x0 /tmp/ccGupt1P.debug.temp.o
 .debug_info    0x00000000       0x97 /tmp/ccY1ztK7.debug.temp.o
 .debug_abbrev  0x00000000       0x64 /tmp/ccY1ztK7.debug.temp.o
 .debug_line    0x00000000       0x4c /tmp/ccY1ztK7.debug.temp.o
 .debug_str     0x00000000      0x1f3 /tmp/ccY1ztK7.debug.temp.o
 .debug_line_str
                0x00000000      0x178 /tmp/ccY1ztK7.debug.temp.o
 .comment       0x00000000       0x27 /tmp/ccY1ztK7.debug.temp.o
 .note.GNU-stack
                0x00000000        0x0 /tmp/ccY1ztK7.debug.temp.o
 .debug_info    0x00000000       0xae /tmp/ccEK7dnp.debug.temp.o
 .debug_abbrev  0x00000000       0x87 /tmp/ccEK7dnp.debug.temp.o
 .debug_line    0x00000000       0x4c /tmp/ccEK7dnp.debug.temp.o
 .debug_str     0x00000000      0x21c /tmp/ccEK7dnp.debug.temp.o
 .debug_line_str
                0x00000000      0x20e /tmp/ccEK7dnp.debug.temp.o
 .comment       0x00000000       0x27 /tmp/ccEK7dnp.debug.temp.o
 .note.GNU-stack
                0x00000000        0x0 /tmp/ccEK7dnp.debug.temp.o
 .debug_info    0x00000000      0x741 /tmp/ccf6SfZ5.debug.temp.o
 .debug_abbrev  0x00000000      0x175 /tmp/ccf6SfZ5.debug.temp.o
 .debug_line    0x00000000       0x63 /tmp/ccf6SfZ5.debug.temp.o
 .debug_str     0x00000000      0x5e1 /tmp/ccf6SfZ5.debug.temp.o
 .debug_line_str
                0x00000000      0x218 /tmp/ccf6SfZ5.debug.temp.o
 .comment       0x00000000       0x27 /tmp/ccf6SfZ5.debug.temp.o
 .note.GNU-stack
                0x00000000        0x0 /tmp/ccf6SfZ5.debug.temp.o
 .debug_info    0x00000000      0x54e /tmp/cc4zxlaW.debug.temp.o
 .debug_abbrev  0x00000000      0x130 /tmp/cc4zxlaW.debug.temp.o
 .debug_line    0x00000000       0x51 /tmp/cc4zxlaW.debug.temp.o
 .debug_str     0x00000000      0x3d1 /tmp/cc4zxlaW.debug.temp.o
 .debug_line_str
                0x00000000      0x15d /tmp/cc4zxlaW.debug.temp.o
 .comment       0x00000000       0x27 /tmp/cc4zxlaW.debug.temp.o
 .note.GNU-stack
                0x00000000        0x0 /tmp/cc4zxlaW.debug.temp.o
 .debug_info    0x00000000      0x371 /tmp/ccyrczlh.debug.temp.o
 .debug_abbrev  0x00000000       0xf0 /tmp/ccyrczlh.debug.temp.o
 .debug_line    0x00000000       0x4c /tmp/ccyrczlh.debug.temp.o
 .debug_str     0x00000000      0x2d4 /tmp/ccyrczlh.debug.temp.o
 .debug_line_str
                0x00000000      0x17c /tmp/ccyrczlh.debug.temp.o
 .comment       0x00000000       0x27 /tmp/ccyrczlh.debug.temp.o
 .note.GNU-stack
                0x00000000        0x0 /tmp/ccyrczlh.debug.temp.o
 .debug_info    0x00000000     0x12e8 /tmp/ccTQP2D3.debug.temp.o
 .debug_abbrev  0x00000000       0xd0 /tmp/ccTQP2D3.debug.temp.o
 .debug_line    0x00000000       0x51 /tmp/ccTQP2D3.debug.temp.o
 .debug_str     0x00000000      0x7a9 /tmp/ccTQP2D3.debug.temp.o
 .debug_line_str
                0x00000000      0x17e /tmp/ccTQP2D3.debug.temp.o
 .comment       0x00000000       0x27 /tmp/ccTQP2D3.debug.temp.o
 .note.GNU-stack
                0x00000000        0x0 /tmp/ccTQP2D3.debug.temp.o
 .debug_info    0x00000000      0x2ef /tmp/cc4AispF.debug.temp.o
 .debug_abbrev  0x00000000       0xee /tmp/cc4AispF.debug.temp.o
 .debug_line    0x00000000       0x51 /tmp/cc4AispF.debug.temp.o
 .debug_str     0x00000000      0x2f6 /tmp/cc4AispF.debug.temp.o
 .debug_line_str
                0x00000000      0x185 /tmp/cc4AispF.debug.temp.o
 .comment       0x00000000       0x27 /tmp/cc4AispF.debug.temp.o
 .note.GNU-stack
                0x00000000        0x0 /tmp/cc4AispF.debug.temp.o
 .debug_info    0x00000000      0x3df /tmp/cceiqicN.debug.temp.o
 .debug_abbrev  0x00000000      0x139 /tmp/cceiqicN.debug.temp.o
 .debug_line    0x00000000       0x56 /tmp/cceiqicN.debug.temp.o
 .debug_str     0x00000000      0x371 /tmp/cceiqicN.debug.temp.o
 .debug_line_str
                0x00000000      0x189 /tmp/cceiqicN.debug.temp.o
 .comment       0x00000000       0x27 /tmp/cceiqicN.debug.temp.o
 .note.GNU-stack
                0x00000000        0x0 /tmp/cceiqicN.debug.temp.o
 .debug_info    0x00000000      0x390 /tmp/ccuaxdOx.debug.temp.o
 .debug_abbrev  0x00000000       0xd2 /tmp/ccuaxdOx.debug.temp.o
 .debug_line    0x00000000       0x43 /tmp/ccuaxdOx.debug.temp.o
 .debug_str     0x00000000      0x303 /tmp/ccuaxdOx.debug.temp.o
 .debug_line_str
                0x00000000      0x14f /tmp/ccuaxdOx.debug.temp.o
 .comment       0x00000000       0x27 /tmp/ccuaxdOx.debug.temp.o
 .note.GNU-stack
                0x00000000        0x0 /tmp/ccuaxdOx.debug.temp.o
 .debug_info    0x00000000       0xc8 /tmp/ccDxvLGu.debug.temp.o
 .debug_abbrev  0x00000000       0x81 /tmp/ccDxvLGu.debug.temp.o
 .debug_line    0x00000000       0x55 /tmp/ccDxvLGu.debug.temp.o
 .debug_str     0x00000000      0x210 /tmp/ccDxvLGu.debug.temp.o
 .debug_line_str
                0x00000000      0x213 /tmp/ccDxvLGu.debug.temp.o
 .comment       0x00000000       0x27 /tmp/ccDxvLGu.debug.temp.o
 .note.GNU-stack
                0x00000000        0x0 /tmp/ccDxvLGu.debug.temp.o
 .debug_info    0x00000000      0x38c /tmp/cce5XRjE.debug.temp.o
 .debug_abbrev  0x00000000      0x1b0 /tmp/cce5XRjE.debug.temp.o
 .debug_line    0x00000000       0x77 /tmp/cce5XRjE.debug.temp.o
 .debug_str     0x00000000      0x44d /tmp/cce5XRjE.debug.temp.o
 .debug_line_str
                0x00000000      0x283 /tmp/cce5XRjE.debug.temp.o
 .comment       0x00000000       0x27 /tmp/cce5XRjE.debug.temp.o
 .note.GNU-stack
                0x00000000        0x0 /tmp/cce5XRjE.debug.temp.o
 .debug_info    0x00000000       0xc0 /tmp/cchqffSL.debug.temp.o
 .debug_abbrev  0x00000000       0x80 /tmp/cchqffSL.debug.temp.o
 .debug_line    0x00000000       0x51 /tmp/cchqffSL.debug.temp.o
 .debug_str     0x00000000      0x24b /tmp/cchqffSL.debug.temp.o
 .debug_line_str
                0x00000000      0x192 /tmp/cchqffSL.debug.temp.o
 .comment       0x00000000       0x27 /tmp/cchqffSL.debug.temp.o
 .note.GNU-stack
                0x00000000        0x0 /tmp/cchqffSL.debug.temp.o
 .comment       0x00000000       0x27 /tmp/ccs4GbT8.debug.temp.o
 .note.GNU-stack
                0x00000000        0x0 /tmp/ccs4GbT8.debug.temp.o
 .comment       0x00000000       0x27 /tmp/ccHgv3AB.debug.temp.o
 .note.GNU-stack
                0x00000000        0x0 /tmp/ccHgv3AB.debug.temp.o
 .comment       0x00000000       0x27 /tmp/ccxoKdlK.debug.temp.o
 .note.GNU-stack
                0x00000000        0x0 /tmp/ccxoKdlK.debug.temp.o
 .comment       0x00000000       0x27 /tmp/ccHZ0CNS.debug.temp.o
 .note.GNU-stack
                0x00000000        0x0 /tmp/ccHZ0CNS.debug.temp.o
 .text          0x00000000       0x2a /home/enyephy/edk2/edk2/Build/OvmfIa32/RELEASE_GCC5/IA32/MdePkg/Library/BaseMemoryLibRepStr/BaseMemoryLibRepStr/OUTPUT/BaseMemoryLibRepStr.lib(ScanMem64.obj)
 .text          0x00000000       0x18 /home/enyephy/edk2/edk2/Build/OvmfIa32/RELEASE_GCC5/IA32/MdePkg/Library/BaseMemoryLibRepStr/BaseMemoryLibRepStr/OUTPUT/BaseMemoryLibRepStr.lib(ScanMem32.obj)
 .text          0x00000000       0x19 /home/enyephy/edk2/edk2/Build/OvmfIa32/RELEASE_GCC5/IA32/MdePkg/Library/BaseMemoryLibRepStr/BaseMemoryLibRepStr/OUTPUT/BaseMemoryLibRepStr.lib(ScanMem16.obj)
 .text          0x00000000       0x18 /home/enyephy/edk2/edk2/Build/OvmfIa32/RELEASE_GCC5/IA32/MdePkg/Library/BaseMemoryLibRepStr/BaseMemoryLibRepStr/OUTPUT/BaseMemoryLibRepStr.lib(ScanMem8.obj)
 .text          0x00000000       0x1d /home/enyephy/edk2/edk2/Build/OvmfIa32/RELEASE_GCC5/IA32/MdePkg/Library/BaseMemoryLibRepStr/BaseMemoryLibRepStr/OUTPUT/BaseMemoryLibRepStr.lib(CompareMem.obj)
 .text          0x00000000       0x1d /home/enyephy/edk2/edk2/Build/OvmfIa32/RELEASE_GCC5/IA32/MdePkg/Library/BaseMemoryLibRepStr/BaseMemoryLibRepStr/OUTPUT/BaseMemoryLibRepStr.lib(ZeroMem.obj)
 .text          0x00000000       0x1f /home/enyephy/edk2/edk2/Build/OvmfIa32/RELEASE_GCC5/IA32/MdePkg/Library/BaseMemoryLibRepStr/BaseMemoryLibRepStr/OUTPUT/BaseMemoryLibRepStr.lib(SetMem64.obj)
 .text          0x00000000       0x15 /home/enyephy/edk2/edk2/Build/OvmfIa32/RELEASE_GCC5/IA32/MdePkg/Library/BaseMemoryLibRepStr/BaseMemoryLibRepStr/OUTPUT/BaseMemoryLibRepStr.lib(SetMem32.obj)
 .text          0x00000000       0x16 /home/enyephy/edk2/edk2/Build/OvmfIa32/RELEASE_GCC5/IA32/MdePkg/Library/BaseMemoryLibRepStr/BaseMemoryLibRepStr/OUTPUT/BaseMemoryLibRepStr.lib(SetMem16.obj)
 .text          0x00000000       0x15 /home/enyephy/edk2/edk2/Build/OvmfIa32/RELEASE_GCC5/IA32/MdePkg/Library/BaseMemoryLibRepStr/BaseMemoryLibRepStr/OUTPUT/BaseMemoryLibRepStr.lib(SetMem.obj)
 .text          0x00000000       0x39 /home/enyephy/edk2/edk2/Build/OvmfIa32/RELEASE_GCC5/IA32/MdePkg/Library/BaseMemoryLibRepStr/BaseMemoryLibRepStr/OUTPUT/BaseMemoryLibRepStr.lib(CopyMem.obj)
 .text          0x00000000       0x28 /home/enyephy/edk2/edk2/Build/OvmfIa32/RELEASE_GCC5/IA32/MdePkg/Library/BaseMemoryLibRepStr/BaseMemoryLibRepStr/OUTPUT/BaseMemoryLibRepStr.lib(IsZeroBuffer.obj)
 .text          0x00000000        0x8 /home/enyephy/edk2/edk2/Build/OvmfIa32/RELEASE_GCC5/IA32/MdePkg/Library/BaseLib/BaseLib/OUTPUT/BaseLib.lib(WriteTr.obj)
 .text          0x00000000        0x4 /home/enyephy/edk2/edk2/Build/OvmfIa32/RELEASE_GCC5/IA32/MdePkg/Library/BaseLib/BaseLib/OUTPUT/BaseLib.lib(Lfence.obj)
 .text          0x00000000      0x168 /home/enyephy/edk2/edk2/Build/OvmfIa32/RELEASE_GCC5/IA32/MdePkg/Library/BaseLib/BaseLib/OUTPUT/BaseLib.lib(Thunk16.obj)
 .data          0x00000000        0xa /home/enyephy/edk2/edk2/Build/OvmfIa32/RELEASE_GCC5/IA32/MdePkg/Library/BaseLib/BaseLib/OUTPUT/BaseLib.lib(Thunk16.obj)
 .text          0x00000000        0x3 /home/enyephy/edk2/edk2/Build/OvmfIa32/RELEASE_GCC5/IA32/MdePkg/Library/BaseLib/BaseLib/OUTPUT/BaseLib.lib(EnableDisableInterrupts.obj)
 .text          0x00000000       0x45 /home/enyephy/edk2/edk2/Build/OvmfIa32/RELEASE_GCC5/IA32/MdePkg/Library/BaseLib/BaseLib/OUTPUT/BaseLib.lib(EnablePaging64.obj)
 .text          0x00000000       0x25 /home/enyephy/edk2/edk2/Build/OvmfIa32/RELEASE_GCC5/IA32/MdePkg/Library/BaseLib/BaseLib/OUTPUT/BaseLib.lib(DisablePaging32.obj)
 .text          0x00000000       0x25 /home/enyephy/edk2/edk2/Build/OvmfIa32/RELEASE_GCC5/IA32/MdePkg/Library/BaseLib/BaseLib/OUTPUT/BaseLib.lib(EnablePaging32.obj)
 .text          0x00000000        0xc /home/enyephy/edk2/edk2/Build/OvmfIa32/RELEASE_GCC5/IA32/MdePkg/Library/BaseLib/BaseLib/OUTPUT/BaseLib.lib(Mwait.obj)
 .text          0x00000000       0x10 /home/enyephy/edk2/edk2/Build/OvmfIa32/RELEASE_GCC5/IA32/MdePkg/Library/BaseLib/BaseLib/OUTPUT/BaseLib.lib(Monitor.obj)
 .text          0x00000000       0x2f /home/enyephy/edk2/edk2/Build/OvmfIa32/RELEASE_GCC5/IA32/MdePkg/Library/BaseLib/BaseLib/OUTPUT/BaseLib.lib(CpuIdEx.obj)
 .text          0x00000000       0x2c /home/enyephy/edk2/edk2/Build/OvmfIa32/RELEASE_GCC5/IA32/MdePkg/Library/BaseLib/BaseLib/OUTPUT/BaseLib.lib(CpuId.obj)
 .text          0x00000000       0x3c /home/enyephy/edk2/edk2/Build/OvmfIa32/RELEASE_GCC5/IA32/MdePkg/Library/BaseLib/BaseLib/OUTPUT/BaseLib.lib(LongJump.obj)
 .text          0x00000000       0x4a /home/enyephy/edk2/edk2/Build/OvmfIa32/RELEASE_GCC5/IA32/MdePkg/Library/BaseLib/BaseLib/OUTPUT/BaseLib.lib(SetJump.obj)
 .text          0x00000000        0xd /home/enyephy/edk2/edk2/Build/OvmfIa32/RELEASE_GCC5/IA32/MdePkg/Library/BaseLib/BaseLib/OUTPUT/BaseLib.lib(SwapBytes64.obj)
 .text          0x00000000       0x79 /home/enyephy/edk2/edk2/Build/OvmfIa32/RELEASE_GCC5/IA32/MdePkg/Library/BaseLib/BaseLib/OUTPUT/BaseLib.lib(DivU64x64Remainder.obj)
 .text          0x00000000       0x1d /home/enyephy/edk2/edk2/Build/OvmfIa32/RELEASE_GCC5/IA32/MdePkg/Library/BaseLib/BaseLib/OUTPUT/BaseLib.lib(DivU64x32Remainder.obj)
 .text          0x00000000       0x15 /home/enyephy/edk2/edk2/Build/OvmfIa32/RELEASE_GCC5/IA32/MdePkg/Library/BaseLib/BaseLib/OUTPUT/BaseLib.lib(ModU64x32.obj)
 .text          0x00000000       0x15 /home/enyephy/edk2/edk2/Build/OvmfIa32/RELEASE_GCC5/IA32/MdePkg/Library/BaseLib/BaseLib/OUTPUT/BaseLib.lib(DivU64x32.obj)
 .text          0x00000000       0x1f /home/enyephy/edk2/edk2/Build/OvmfIa32/RELEASE_GCC5/IA32/MdePkg/Library/BaseLib/BaseLib/OUTPUT/BaseLib.lib(MultU64x64.obj)
 .text          0x00000000       0x12 /home/enyephy/edk2/edk2/Build/OvmfIa32/RELEASE_GCC5/IA32/MdePkg/Library/BaseLib/BaseLib/OUTPUT/BaseLib.lib(MultU64x32.obj)
 .text          0x00000000       0x25 /home/enyephy/edk2/edk2/Build/OvmfIa32/RELEASE_GCC5/IA32/MdePkg/Library/BaseLib/BaseLib/OUTPUT/BaseLib.lib(RRotU64.obj)
 .text          0x00000000       0x25 /home/enyephy/edk2/edk2/Build/OvmfIa32/RELEASE_GCC5/IA32/MdePkg/Library/BaseLib/BaseLib/OUTPUT/BaseLib.lib(LRotU64.obj)
 .text          0x00000000       0x1a /home/enyephy/edk2/edk2/Build/OvmfIa32/RELEASE_GCC5/IA32/MdePkg/Library/BaseLib/BaseLib/OUTPUT/BaseLib.lib(ARShiftU64.obj)
 .text          0x00000000       0x11 /home/enyephy/edk2/edk2/Build/OvmfIa32/RELEASE_GCC5/IA32/MdePkg/Library/BaseLib/BaseLib/OUTPUT/BaseLib.lib(EnableCache.obj)
 .text          0x00000000       0x11 /home/enyephy/edk2/edk2/Build/OvmfIa32/RELEASE_GCC5/IA32/MdePkg/Library/BaseLib/BaseLib/OUTPUT/BaseLib.lib(DisableCache.obj)
 .text          0x00000000       0x45 /home/enyephy/edk2/edk2/Build/OvmfIa32/RELEASE_GCC5/IA32/MdePkg/Library/BaseLib/BaseLib/OUTPUT/BaseLib.lib(RdRand.obj)
 .text          0x00000000        0x8 /home/enyephy/edk2/edk2/Build/OvmfIa32/RELEASE_GCC5/IA32/MdePkg/Library/BaseLib/BaseLib/OUTPUT/BaseLib.lib(XGetBv.obj)
 .text          0x00000000       0x10 /home/enyephy/edk2/edk2/Build/OvmfIa32/RELEASE_GCC5/IA32/MdePkg/Library/BaseLib/BaseLib/OUTPUT/BaseLib.lib(XSetBv.obj)
 .text          0x00000000        0x3 /home/enyephy/edk2/edk2/Build/OvmfIa32/RELEASE_GCC5/IA32/MdePkg/Library/BaseLib/BaseLib/OUTPUT/BaseLib.lib(VmgExit.obj)
 .text          0x00000000        0x3 /home/enyephy/edk2/edk2/Build/OvmfIa32/RELEASE_GCC5/IA32/MdePkg/Library/BaseLib/BaseLib/OUTPUT/BaseLib.lib(VmgExitSvsm.obj)
 .text          0x00000000       0x1b /home/enyephy/edk2/edk2/Build/OvmfIa32/RELEASE_GCC5/IA32/MdePkg/Library/BaseLib/BaseLib/OUTPUT/BaseLib.lib(InternalSwitchStack.obj)
 .text          0x00000000      0x132 /home/enyephy/edk2/edk2/Build/OvmfIa32/RELEASE_GCC5/IA32/MdePkg/Library/BaseIoLibIntrinsic/BaseIoLibIntrinsicSev/OUTPUT/BaseIoLibIntrinsicSev.lib(IoFifoSev.obj)
 .text          0x00000000        0x0 /home/enyephy/edk2/edk2/Build/OvmfIa32/RELEASE_GCC5/IA32/MdePkg/Library/StackCheckLibNull/StackCheckLibNull/OUTPUT/StackCheckLibNull.lib(StackCheckLibNullGcc.obj)
 .data          0x00000000        0x0 /home/enyephy/edk2/edk2/Build/OvmfIa32/RELEASE_GCC5/IA32/MdePkg/Library/StackCheckLibNull/StackCheckLibNull/OUTPUT/StackCheckLibNull.lib(StackCheckLibNullGcc.obj)
 .bss           0x00000000        0x0 /home/enyephy/edk2/edk2/Build/OvmfIa32/RELEASE_GCC5/IA32/MdePkg/Library/StackCheckLibNull/StackCheckLibNull/OUTPUT/StackCheckLibNull.lib(StackCheckLibNullGcc.obj)
 .text.__stack_chk_fail
                0x00000000        0x1 /home/enyephy/edk2/edk2/Build/OvmfIa32/RELEASE_GCC5/IA32/MdePkg/Library/StackCheckLibNull/StackCheckLibNull/OUTPUT/StackCheckLibNull.lib(StackCheckLibNullGcc.obj)
 .bss.__stack_chk_guard
                0x00000000        0x4 /home/enyephy/edk2/edk2/Build/OvmfIa32/RELEASE_GCC5/IA32/MdePkg/Library/StackCheckLibNull/StackCheckLibNull/OUTPUT/StackCheckLibNull.lib(StackCheckLibNullGcc.obj)
 .debug_info    0x00000000       0xa2 /home/enyephy/edk2/edk2/Build/OvmfIa32/RELEASE_GCC5/IA32/MdePkg/Library/StackCheckLibNull/StackCheckLibNull/OUTPUT/StackCheckLibNull.lib(StackCheckLibNullGcc.obj)
 .debug_abbrev  0x00000000       0x6d /home/enyephy/edk2/edk2/Build/OvmfIa32/RELEASE_GCC5/IA32/MdePkg/Library/StackCheckLibNull/StackCheckLibNull/OUTPUT/StackCheckLibNull.lib(StackCheckLibNullGcc.obj)
 .debug_aranges
                0x00000000       0x20 /home/enyephy/edk2/edk2/Build/OvmfIa32/RELEASE_GCC5/IA32/MdePkg/Library/StackCheckLibNull/StackCheckLibNull/OUTPUT/StackCheckLibNull.lib(StackCheckLibNullGcc.obj)
 .debug_rnglists
                0x00000000       0x13 /home/enyephy/edk2/edk2/Build/OvmfIa32/RELEASE_GCC5/IA32/MdePkg/Library/StackCheckLibNull/StackCheckLibNull/OUTPUT/StackCheckLibNull.lib(StackCheckLibNullGcc.obj)
 .debug_line    0x00000000       0x55 /home/enyephy/edk2/edk2/Build/OvmfIa32/RELEASE_GCC5/IA32/MdePkg/Library/StackCheckLibNull/StackCheckLibNull/OUTPUT/StackCheckLibNull.lib(StackCheckLibNullGcc.obj)
 .debug_str     0x00000000      0x1da /home/enyephy/edk2/edk2/Build/OvmfIa32/RELEASE_GCC5/IA32/MdePkg/Library/StackCheckLibNull/StackCheckLibNull/OUTPUT/StackCheckLibNull.lib(StackCheckLibNullGcc.obj)
 .debug_line_str
                0x00000000      0x1cb /home/enyephy/edk2/edk2/Build/OvmfIa32/RELEASE_GCC5/IA32/MdePkg/Library/StackCheckLibNull/StackCheckLibNull/OUTPUT/StackCheckLibNull.lib(StackCheckLibNullGcc.obj)
 .comment       0x00000000       0x27 /home/enyephy/edk2/edk2/Build/OvmfIa32/RELEASE_GCC5/IA32/MdePkg/Library/StackCheckLibNull/StackCheckLibNull/OUTPUT/StackCheckLibNull.lib(StackCheckLibNullGcc.obj)
 .note.GNU-stack
                0x00000000        0x0 /home/enyephy/edk2/edk2/Build/OvmfIa32/RELEASE_GCC5/IA32/MdePkg/Library/StackCheckLibNull/StackCheckLibNull/OUTPUT/StackCheckLibNull.lib(StackCheckLibNullGcc.obj)
 .debug_frame   0x00000000       0x24 /home/enyephy/edk2/edk2/Build/OvmfIa32/RELEASE_GCC5/IA32/MdePkg/Library/StackCheckLibNull/StackCheckLibNull/OUTPUT/StackCheckLibNull.lib(StackCheckLibNullGcc.obj)

Memory Configuration

Name             Origin             Length             Attributes
*default*        0x00000000         0xffffffff

Linker script and memory map

START GROUP
LOAD /tmp/ccEIdpWN.ltrans0.ltrans.o
LOAD /tmp/ccqr97Vz.debug.temp.o
LOAD /tmp/ccx3tby6.debug.temp.o
LOAD /tmp/ccM6cDX3.debug.temp.o
LOAD /tmp/ccd0lT25.debug.temp.o
LOAD /tmp/cc71oiiS.debug.temp.o
LOAD /tmp/ccf77bdt.debug.temp.o
LOAD /tmp/ccMjF7uW.debug.temp.o
LOAD /tmp/ccKds00t.debug.temp.o
LOAD /tmp/cceBoHlC.debug.temp.o
LOAD /tmp/cckdcsj4.debug.temp.o
LOAD /tmp/ccqGW6dl.debug.temp.o
LOAD /tmp/ccT2UF0t.debug.temp.o
LOAD /tmp/ccaHavcj.debug.temp.o
LOAD /tmp/cc4Z5Svq.debug.temp.o
LOAD /tmp/cc3QfpyJ.debug.temp.o
LOAD /tmp/ccpfyhOh.debug.temp.o
LOAD /tmp/ccPx1bVg.debug.temp.o
LOAD /tmp/ccvn28EF.debug.temp.o
LOAD /tmp/ccM3fEjD.debug.temp.o
LOAD /tmp/ccmpusHL.debug.temp.o
LOAD /tmp/ccxwbN3k.debug.temp.o
LOAD /tmp/ccSfF7tp.debug.temp.o
LOAD /tmp/ccZxmlZY.debug.temp.o
LOAD /tmp/cckwS5lB.debug.temp.o
LOAD /tmp/ccUnyK9E.debug.temp.o
LOAD /tmp/cce5I5bC.debug.temp.o
LOAD /tmp/ccF8EmYi.debug.temp.o
LOAD /tmp/cc05WzBh.debug.temp.o
LOAD /tmp/ccqF0mDv.debug.temp.o
LOAD /tmp/ccKSEQbz.debug.temp.o
LOAD /tmp/ccOvJRUH.debug.temp.o
LOAD /tmp/ccoYTFqa.debug.temp.o
LOAD /tmp/ccyfOplU.debug.temp.o
LOAD /tmp/ccnxGOhF.debug.temp.o
LOAD /tmp/ccuZywZD.debug.temp.o
LOAD /tmp/ccCQ0pjO.debug.temp.o
LOAD /tmp/ccutcjNW.debug.temp.o
LOAD /tmp/ccoE0s6D.debug.temp.o
LOAD /tmp/ccW73HbJ.debug.temp.o
LOAD /tmp/ccbee84M.debug.temp.o
LOAD /tmp/ccOi8GCZ.debug.temp.o
LOAD /tmp/cc7sri2p.debug.temp.o
LOAD /tmp/ccL60B1B.debug.temp.o
LOAD /tmp/ccetyzqx.debug.temp.o
LOAD /tmp/ccok0Gr8.debug.temp.o
LOAD /tmp/ccVRHmmc.debug.temp.o
LOAD /tmp/ccNfiRab.debug.temp.o
LOAD /tmp/ccSep8Ku.debug.temp.o
LOAD /tmp/ccW5euYQ.debug.temp.o
LOAD /tmp/cchErVLO.debug.temp.o
LOAD /tmp/ccZ9JQtE.debug.temp.o
LOAD /tmp/ccWMTCbe.debug.temp.o
LOAD /tmp/cc1K9GwP.debug.temp.o
LOAD /tmp/ccooyxad.debug.temp.o
LOAD /tmp/cctji3vz.debug.temp.o
LOAD /tmp/cclzOxvY.debug.temp.o
LOAD /tmp/ccudeBig.debug.temp.o
LOAD /tmp/cckwburN.debug.temp.o
LOAD /tmp/ccpiiIkg.debug.temp.o
LOAD /tmp/ccdHP5JT.debug.temp.o
LOAD /tmp/cc8B2T4Y.debug.temp.o
LOAD /tmp/ccVaUY6Y.debug.temp.o
LOAD /tmp/ccK7XQ7K.debug.temp.o
LOAD /tmp/ccCDr3I1.debug.temp.o
LOAD /tmp/ccNZJBTX.debug.temp.o
LOAD /tmp/ccssHYrJ.debug.temp.o
LOAD /tmp/ccnrgbzP.debug.temp.o
LOAD /tmp/cc0iNz0E.debug.temp.o
LOAD /tmp/ccBlfwTK.debug.temp.o
LOAD /tmp/ccSHSOOZ.debug.temp.o
LOAD /tmp/ccsIJH51.debug.temp.o
LOAD /tmp/ccTotIAb.debug.temp.o
LOAD /tmp/cckiCDHr.debug.temp.o
LOAD /tmp/cck9Bs0n.debug.temp.o
LOAD /tmp/ccCR4lKl.debug.temp.o
LOAD /tmp/ccGupt1P.debug.temp.o
LOAD /tmp/ccY1ztK7.debug.temp.o
LOAD /tmp/ccEK7dnp.debug.temp.o
LOAD /tmp/ccf6SfZ5.debug.temp.o
LOAD /tmp/cc4zxlaW.debug.temp.o
LOAD /tmp/ccyrczlh.debug.temp.o
LOAD /tmp/ccTQP2D3.debug.temp.o
LOAD /tmp/cc4AispF.debug.temp.o
LOAD /tmp/cceiqicN.debug.temp.o
LOAD /tmp/ccuaxdOx.debug.temp.o
LOAD /tmp/ccDxvLGu.debug.temp.o
LOAD /tmp/cce5XRjE.debug.temp.o
LOAD /tmp/cchqffSL.debug.temp.o
LOAD /tmp/ccs4GbT8.debug.temp.o
LOAD /tmp/ccHgv3AB.debug.temp.o
LOAD /tmp/ccxoKdlK.debug.temp.o
LOAD /tmp/ccHZ0CNS.debug.temp.o
LOAD /home/enyephy/edk2/edk2/Build/OvmfIa32/RELEASE_GCC5/IA32/MdeModulePkg/Universal/MonotonicCounterRuntimeDxe/MonotonicCounterRuntimeDxe/OUTPUT/MonotonicCounterRuntimeDxe.lib
LOAD /home/enyephy/edk2/edk2/Build/OvmfIa32/RELEASE_GCC5/IA32/MdePkg/Library/RegisterFilterLibNull/RegisterFilterLibNull/OUTPUT/FilterLibNull.lib
LOAD /home/enyephy/edk2/edk2/Build/OvmfIa32/RELEASE_GCC5/IA32/MdePkg/Library/BaseMemoryLibRepStr/BaseMemoryLibRepStr/OUTPUT/BaseMemoryLibRepStr.lib
LOAD /home/enyephy/edk2/edk2/Build/OvmfIa32/RELEASE_GCC5/IA32/MdePkg/Library/DxePcdLib/DxePcdLib/OUTPUT/DxePcdLib.lib
LOAD /home/enyephy/edk2/edk2/Build/OvmfIa32/RELEASE_GCC5/IA32/MdePkg/Library/BaseLib/BaseLib/OUTPUT/BaseLib.lib
LOAD /home/enyephy/edk2/edk2/Build/OvmfIa32/RELEASE_GCC5/IA32/MdePkg/Library/CcProbeLibNull/CcProbeLibNull/OUTPUT/CcProbeLibNull.lib
LOAD /home/enyephy/edk2/edk2/Build/OvmfIa32/RELEASE_GCC5/IA32/MdePkg/Library/BaseDebugPrintErrorLevelLib/BaseDebugPrintErrorLevelLib/OUTPUT/BaseDebugPrintErrorLevelLib.lib
LOAD /home/enyephy/edk2/edk2/Build/OvmfIa32/RELEASE_GCC5/IA32/MdePkg/Library/BasePrintLib/BasePrintLib/OUTPUT/BasePrintLib.lib
LOAD /home/enyephy/edk2/edk2/Build/OvmfIa32/RELEASE_GCC5/IA32/MdePkg/Library/BaseIoLibIntrinsic/BaseIoLibIntrinsicSev/OUTPUT/BaseIoLibIntrinsicSev.lib
LOAD /home/enyephy/edk2/edk2/Build/OvmfIa32/RELEASE_GCC5/IA32/OvmfPkg/Library/PlatformDebugLibIoPort/PlatformDebugLibIoPort/OUTPUT/PlatformDebugLibIoPort.lib
LOAD /home/enyephy/edk2/edk2/Build/OvmfIa32/RELEASE_GCC5/IA32/MdePkg/Library/UefiBootServicesTableLib/UefiBootServicesTableLib/OUTPUT/UefiBootServicesTableLib.lib
LOAD /home/enyephy/edk2/edk2/Build/OvmfIa32/RELEASE_GCC5/IA32/MdePkg/Library/UefiRuntimeServicesTableLib/UefiRuntimeServicesTableLib/OUTPUT/UefiRuntimeServicesTableLib.lib
LOAD /home/enyephy/edk2/edk2/Build/OvmfIa32/RELEASE_GCC5/IA32/MdePkg/Library/UefiRuntimeLib/UefiRuntimeLib/OUTPUT/UefiRuntimeLib.lib
LOAD /home/enyephy/edk2/edk2/Build/OvmfIa32/RELEASE_GCC5/IA32/MdePkg/Library/UefiDriverEntryPoint/UefiDriverEntryPoint/OUTPUT/UefiDriverEntryPoint.lib
LOAD /home/enyephy/edk2/edk2/Build/OvmfIa32/RELEASE_GCC5/IA32/MdePkg/Library/StackCheckLibNull/StackCheckLibNull/OUTPUT/StackCheckLibNull.lib
END GROUP
                0x00000220                        PECOFF_HEADER_SIZE = 0x220
                0x00000220                        . = PECOFF_HEADER_SIZE

.text           0x00001000      0x2c4
 *(.text .text.* .stub .gnu.linkonce.t.*)
 .text.MonotonicCounterDriverGetNextMonotonicCount
                0x00001000       0x81 /tmp/ccEIdpWN.ltrans0.ltrans.o
 .text.RuntimeLibExitBootServicesEvent
                0x00001081        0x8 /tmp/ccEIdpWN.ltrans0.ltrans.o
 .text.RuntimeLibVirtualNotifyEvent
                0x00001089       0x1a /tmp/ccEIdpWN.ltrans0.ltrans.o
 .text.MonotonicCounterDriverGetNextHighMonotonicCount
                0x000010a3       0xc3 /tmp/ccEIdpWN.ltrans0.ltrans.o
 .text.EfiMtcEventHandler
                0x00001166       0x14 /tmp/ccEIdpWN.ltrans0.ltrans.o
 .text._ModuleEntryPoint
                0x0000117a      0x102 /tmp/ccEIdpWN.ltrans0.ltrans.o
                0x0000117a                _ModuleEntryPoint
 *fill*         0x0000127c        0x4 
 .text          0x00001280       0x1b /home/enyephy/edk2/edk2/Build/OvmfIa32/RELEASE_GCC5/IA32/MdePkg/Library/BaseLib/BaseLib/OUTPUT/BaseLib.lib(RShiftU64.obj)
                0x00001280                InternalMathRShiftU64
 *fill*         0x0000129b        0x5 
 .text          0x000012a0       0x1b /home/enyephy/edk2/edk2/Build/OvmfIa32/RELEASE_GCC5/IA32/MdePkg/Library/BaseLib/BaseLib/OUTPUT/BaseLib.lib(LShiftU64.obj)
                0x000012a0                InternalMathLShiftU64
 *(.rodata .rodata.* .gnu.linkonce.r.*)
 *fill*         0x000012bb        0x1 
 .rodata.MonotonicCounterDriverGetNextHighMonotonicCount.str2.2
                0x000012bc        0x8 /tmp/ccEIdpWN.ltrans0.ltrans.o
 *(.got .got.*)
 .got           0x000012c4        0x0 /home/enyephy/edk2/edk2/Build/OvmfIa32/RELEASE_GCC5/IA32/MdePkg/Library/BaseMemoryLibRepStr/BaseMemoryLibRepStr/OUTPUT/BaseMemoryLibRepStr.lib(ScanMem64.obj)
 .got.plt       0x000012c4        0x0 /home/enyephy/edk2/edk2/Build/OvmfIa32/RELEASE_GCC5/IA32/MdePkg/Library/BaseMemoryLibRepStr/BaseMemoryLibRepStr/OUTPUT/BaseMemoryLibRepStr.lib(ScanMem64.obj)
 *:AutoGen.obj(.data.g*Guid)

.iplt           0x000012c4        0x0
 .iplt          0x000012c4        0x0 /home/enyephy/edk2/edk2/Build/OvmfIa32/RELEASE_GCC5/IA32/MdePkg/Library/BaseMemoryLibRepStr/BaseMemoryLibRepStr/OUTPUT/BaseMemoryLibRepStr.lib(ScanMem64.obj)

.data           0x00002000       0x4c
 *(.data .data.* .gnu.linkonce.d.*)
 .data.gEfiMonotonicCounterArchProtocolGuid
                0x00002000       0x10 /tmp/ccEIdpWN.ltrans0.ltrans.o
 .data.gMtcVendorGuid
                0x00002010       0x10 /tmp/ccEIdpWN.ltrans0.ltrans.o
 *(.bss .bss.*)
 .bss.mMonotonicCounterHandle
                0x00002020        0x4 /tmp/ccEIdpWN.ltrans0.ltrans.o
 .bss.gST       0x00002024        0x4 /tmp/ccEIdpWN.ltrans0.ltrans.o
 .bss.mEfiExitBootServicesEvent
                0x00002028        0x4 /tmp/ccEIdpWN.ltrans0.ltrans.o
 .bss.mEfiVirtualNotifyEvent
                0x0000202c        0x4 /tmp/ccEIdpWN.ltrans0.ltrans.o
 .bss.gRT       0x00002030        0x4 /tmp/ccEIdpWN.ltrans0.ltrans.o
 .bss.mInternalRT
                0x00002034        0x4 /tmp/ccEIdpWN.ltrans0.ltrans.o
 .bss.mEfiAtRuntime
                0x00002038        0x1 /tmp/ccEIdpWN.ltrans0.ltrans.o
 *fill*         0x00002039        0x3 
 .bss.mEfiMtcEvent
                0x0000203c        0x4 /tmp/ccEIdpWN.ltrans0.ltrans.o
 .bss.mEfiMtc   0x00002040        0x8 /tmp/ccEIdpWN.ltrans0.ltrans.o
 .bss.gBS       0x00002048        0x4 /tmp/ccEIdpWN.ltrans0.ltrans.o

.igot.plt       0x0000204c        0x0
 .igot.plt      0x0000204c        0x0 /home/enyephy/edk2/edk2/Build/OvmfIa32/RELEASE_GCC5/IA32/MdePkg/Library/BaseMemoryLibRepStr/BaseMemoryLibRepStr/OUTPUT/BaseMemoryLibRepStr.lib(ScanMem64.obj)

.rel.dyn        0x0000204c        0x0
 .rel.got       0x0000204c        0x0 /home/enyephy/edk2/edk2/Build/OvmfIa32/RELEASE_GCC5/IA32/MdePkg/Library/BaseMemoryLibRepStr/BaseMemoryLibRepStr/OUTPUT/BaseMemoryLibRepStr.lib(ScanMem64.obj)
 .rel.iplt      0x0000204c        0x0 /home/enyephy/edk2/edk2/Build/OvmfIa32/RELEASE_GCC5/IA32/MdePkg/Library/BaseMemoryLibRepStr/BaseMemoryLibRepStr/OUTPUT/BaseMemoryLibRepStr.lib(ScanMem64.obj)

.eh_frame
 *(.eh_frame)

.rela
 *(.rela .rela.*)

.hii
 *(.hii)

.got
 *(.got)
                0x00000001                        ASSERT ((SIZEOF (.got) == 0x0), Unexpected GOT entries detected!)

.got.plt
 *(.got.plt)
                0x00000001                        ASSERT ((((SIZEOF (.got.plt) == 0x0) || (SIZEOF (.got.plt) == 0xc)) || (SIZEOF (.got.plt) == 0x18)), Unexpected GOT/PLT entries detected!)

.build-id       0x00003000       0x24
 *(.note.gnu.build-id)
 .note.gnu.build-id
                0x00003000       0x24 MonotonicCounter.obj (symbol from plugin)

/DISCARD/
 *(.note.GNU-stack)
 *(.gnu_debuglink)
 *(.interp)
 *(.dynsym)
 *(.dynstr)
 *(.dynamic)
 *(.hash .gnu.hash)
 *(.comment)
OUTPUT(/home/enyephy/edk2/edk2/Build/OvmfIa32/RELEASE_GCC5/IA32/MdeModulePkg/Universal/MonotonicCounterRuntimeDxe/MonotonicCounterRuntimeDxe/DEBUG/MonotonicCounterRuntimeDxe.dll elf32-i386)

.debug_info     0x00000000     0x9fae
 .debug_info    0x00000000      0x710 /tmp/ccEIdpWN.ltrans0.ltrans.o
 .debug_info    0x00000710     0x1896 /tmp/ccqr97Vz.debug.temp.o
                0x00000710                MonotonicCounter.c.63976406
 .debug_info    0x00001fa6     0x1a3e /tmp/ccx3tby6.debug.temp.o
                0x00001fa6                AutoGen.c.77491699
 .debug_info    0x000039e4       0xec /tmp/ccUnyK9E.debug.temp.o
                0x000039e4                SetJump.c.ae45b31f
 .debug_info    0x00003ad0       0xbb /tmp/ccF8EmYi.debug.temp.o
                0x00003ad0                RShiftU64.c.8c277bf3
 .debug_info    0x00003b8b       0xbb /tmp/ccnxGOhF.debug.temp.o
                0x00003b8b                LShiftU64.c.70eaad83
 .debug_info    0x00003c46       0xa1 /tmp/ccW5euYQ.debug.temp.o
                0x00003c46                CpuDeadLoop.c.108917f1
 .debug_info    0x00003ce7     0x174f /tmp/ccs4GbT8.debug.temp.o
                0x00003ce7                UefiBootServicesTableLib.c.b0af51fe
 .debug_info    0x00005436     0x1726 /tmp/ccHgv3AB.debug.temp.o
                0x00005436                UefiRuntimeServicesTableLib.c.8344ba4c
 .debug_info    0x00006b5c     0x1b7a /tmp/ccxoKdlK.debug.temp.o
                0x00006b5c                RuntimeLib.c.9b20512a
 .debug_info    0x000086d6     0x18d8 /tmp/ccHZ0CNS.debug.temp.o
                0x000086d6                DriverEntryPoint.c.d2977ac0

.debug_abbrev   0x00000000      0xf01
 .debug_abbrev  0x00000000      0x137 /tmp/ccEIdpWN.ltrans0.ltrans.o
 .debug_abbrev  0x00000137      0x235 /tmp/ccqr97Vz.debug.temp.o
 .debug_abbrev  0x0000036c      0x240 /tmp/ccx3tby6.debug.temp.o
 .debug_abbrev  0x000005ac       0x82 /tmp/ccUnyK9E.debug.temp.o
 .debug_abbrev  0x0000062e       0x78 /tmp/ccF8EmYi.debug.temp.o
 .debug_abbrev  0x000006a6       0x78 /tmp/ccnxGOhF.debug.temp.o
 .debug_abbrev  0x0000071e       0x71 /tmp/ccW5euYQ.debug.temp.o
 .debug_abbrev  0x0000078f      0x1be /tmp/ccs4GbT8.debug.temp.o
 .debug_abbrev  0x0000094d      0x18e /tmp/ccHgv3AB.debug.temp.o
 .debug_abbrev  0x00000adb      0x22b /tmp/ccxoKdlK.debug.temp.o
 .debug_abbrev  0x00000d06      0x1fb /tmp/ccHZ0CNS.debug.temp.o

.debug_loclists
                0x00000000      0x342
 .debug_loclists
                0x00000000      0x342 /tmp/ccEIdpWN.ltrans0.ltrans.o

.debug_aranges  0x00000000       0x60
 .debug_aranges
                0x00000000       0x60 /tmp/ccEIdpWN.ltrans0.ltrans.o

.debug_rnglists
                0x00000000       0xed
 .debug_rnglists
                0x00000000       0xed /tmp/ccEIdpWN.ltrans0.ltrans.o

.debug_line     0x00000000      0x954
 .debug_line    0x00000000      0x519 /tmp/ccEIdpWN.ltrans0.ltrans.o
 .debug_line    0x00000519       0x93 /tmp/ccqr97Vz.debug.temp.o
 .debug_line    0x000005ac       0x85 /tmp/ccx3tby6.debug.temp.o
 .debug_line    0x00000631       0x4c /tmp/ccUnyK9E.debug.temp.o
 .debug_line    0x0000067d       0x48 /tmp/ccF8EmYi.debug.temp.o
 .debug_line    0x000006c5       0x48 /tmp/ccnxGOhF.debug.temp.o
 .debug_line    0x0000070d       0x4c /tmp/ccW5euYQ.debug.temp.o
 .debug_line    0x00000759       0x7b /tmp/ccs4GbT8.debug.temp.o
 .debug_line    0x000007d4       0x72 /tmp/ccHgv3AB.debug.temp.o
 .debug_line    0x00000846       0x80 /tmp/ccxoKdlK.debug.temp.o
 .debug_line    0x000008c6       0x8e /tmp/ccHZ0CNS.debug.temp.o

.debug_str      0x00000000     0x1c90
 .debug_str     0x00000000     0x1c90 /tmp/ccEIdpWN.ltrans0.ltrans.o
                                0x195 (size before relaxing)
 .debug_str     0x00001c90     0x1469 /tmp/ccqr97Vz.debug.temp.o
 .debug_str     0x00001c90     0x17aa /tmp/ccx3tby6.debug.temp.o
 .debug_str     0x00001c90      0x1eb /tmp/ccUnyK9E.debug.temp.o
 .debug_str     0x00001c90      0x1e9 /tmp/ccF8EmYi.debug.temp.o
 .debug_str     0x00001c90      0x1e9 /tmp/ccnxGOhF.debug.temp.o
 .debug_str     0x00001c90      0x1e3 /tmp/ccW5euYQ.debug.temp.o
 .debug_str     0x00001c90     0x1333 /tmp/ccs4GbT8.debug.temp.o
 .debug_str     0x00001c90     0x1329 /tmp/ccHgv3AB.debug.temp.o
 .debug_str     0x00001c90     0x16d5 /tmp/ccxoKdlK.debug.temp.o
 .debug_str     0x00001c90     0x148d /tmp/ccHZ0CNS.debug.temp.o

.debug_line_str
                0x00000000      0xa3e
 .debug_line_str
                0x00000000      0xa3e /tmp/ccEIdpWN.ltrans0.ltrans.o
                                0x3b8 (size before relaxing)
 .debug_line_str
                0x00000a3e      0x376 /tmp/ccqr97Vz.debug.temp.o
 .debug_line_str
                0x00000a3e      0x33a /tmp/ccx3tby6.debug.temp.o
 .debug_line_str
                0x00000a3e      0x13f /tmp/ccUnyK9E.debug.temp.o
 .debug_line_str
                0x00000a3e      0x11d /tmp/ccF8EmYi.debug.temp.o
 .debug_line_str
                0x00000a3e      0x11d /tmp/ccnxGOhF.debug.temp.o
 .debug_line_str
                0x00000a3e      0x147 /tmp/ccW5euYQ.debug.temp.o
 .debug_line_str
                0x00000a3e      0x297 /tmp/ccs4GbT8.debug.temp.o
 .debug_line_str
                0x00000a3e      0x25f /tmp/ccHgv3AB.debug.temp.o
 .debug_line_str
                0x00000a3e      0x271 /tmp/ccxoKdlK.debug.temp.o
 .debug_line_str
                0x00000a3e      0x31e /tmp/ccHZ0CNS.debug.temp.o

.debug_frame    0x00000000      0x124
 .debug_frame   0x00000000      0x124 /tmp/ccEIdpWN.ltrans0.ltrans.o
