Archive member included to satisfy reference by file (symbol)

/home/enyephy/edk2/edk2/Build/OvmfIa32/RELEASE_GCC5/IA32/OvmfPkg/LinuxInitrdDynamicShellCommand/LinuxInitrdDynamicShellCommand/OUTPUT/LinuxInitrdDynamicShellCommand.lib(LinuxInitrdDynamicShellCommand.obj)
                              (--whole-archive)
/home/enyephy/edk2/edk2/Build/OvmfIa32/RELEASE_GCC5/IA32/OvmfPkg/LinuxInitrdDynamicShellCommand/LinuxInitrdDynamicShellCommand/OUTPUT/LinuxInitrdDynamicShellCommand.lib(AutoGen.obj)
                              (--whole-archive)
/home/enyephy/edk2/edk2/Build/OvmfIa32/RELEASE_GCC5/IA32/MdePkg/Library/RegisterFilterLibNull/RegisterFilterLibNull/OUTPUT/FilterLibNull.lib(RegisterFilterLibNull.obj)
                              (--whole-archive)
/home/enyephy/edk2/edk2/Build/OvmfIa32/RELEASE_GCC5/IA32/MdePkg/Library/BaseMemoryLibRepStr/BaseMemoryLibRepStr/OUTPUT/BaseMemoryLibRepStr.lib(ScanMem64Wrapper.obj)
                              (--whole-archive)
/home/enyephy/edk2/edk2/Build/OvmfIa32/RELEASE_GCC5/IA32/MdePkg/Library/BaseMemoryLibRepStr/BaseMemoryLibRepStr/OUTPUT/BaseMemoryLibRepStr.lib(ScanMem32Wrapper.obj)
                              (--whole-archive)
/home/enyephy/edk2/edk2/Build/OvmfIa32/RELEASE_GCC5/IA32/MdePkg/Library/BaseMemoryLibRepStr/BaseMemoryLibRepStr/OUTPUT/BaseMemoryLibRepStr.lib(ScanMem16Wrapper.obj)
                              (--whole-archive)
/home/enyephy/edk2/edk2/Build/OvmfIa32/RELEASE_GCC5/IA32/MdePkg/Library/BaseMemoryLibRepStr/BaseMemoryLibRepStr/OUTPUT/BaseMemoryLibRepStr.lib(ScanMem8Wrapper.obj)
                              (--whole-archive)
/home/enyephy/edk2/edk2/Build/OvmfIa32/RELEASE_GCC5/IA32/MdePkg/Library/BaseMemoryLibRepStr/BaseMemoryLibRepStr/OUTPUT/BaseMemoryLibRepStr.lib(ZeroMemWrapper.obj)
                              (--whole-archive)
/home/enyephy/edk2/edk2/Build/OvmfIa32/RELEASE_GCC5/IA32/MdePkg/Library/BaseMemoryLibRepStr/BaseMemoryLibRepStr/OUTPUT/BaseMemoryLibRepStr.lib(CompareMemWrapper.obj)
                              (--whole-archive)
/home/enyephy/edk2/edk2/Build/OvmfIa32/RELEASE_GCC5/IA32/MdePkg/Library/BaseMemoryLibRepStr/BaseMemoryLibRepStr/OUTPUT/BaseMemoryLibRepStr.lib(SetMemNWrapper.obj)
                              (--whole-archive)
/home/enyephy/edk2/edk2/Build/OvmfIa32/RELEASE_GCC5/IA32/MdePkg/Library/BaseMemoryLibRepStr/BaseMemoryLibRepStr/OUTPUT/BaseMemoryLibRepStr.lib(SetMem64Wrapper.obj)
                              (--whole-archive)
/home/enyephy/edk2/edk2/Build/OvmfIa32/RELEASE_GCC5/IA32/MdePkg/Library/BaseMemoryLibRepStr/BaseMemoryLibRepStr/OUTPUT/BaseMemoryLibRepStr.lib(SetMem32Wrapper.obj)
                              (--whole-archive)
/home/enyephy/edk2/edk2/Build/OvmfIa32/RELEASE_GCC5/IA32/MdePkg/Library/BaseMemoryLibRepStr/BaseMemoryLibRepStr/OUTPUT/BaseMemoryLibRepStr.lib(SetMem16Wrapper.obj)
                              (--whole-archive)
/home/enyephy/edk2/edk2/Build/OvmfIa32/RELEASE_GCC5/IA32/MdePkg/Library/BaseMemoryLibRepStr/BaseMemoryLibRepStr/OUTPUT/BaseMemoryLibRepStr.lib(SetMemWrapper.obj)
                              (--whole-archive)
/home/enyephy/edk2/edk2/Build/OvmfIa32/RELEASE_GCC5/IA32/MdePkg/Library/BaseMemoryLibRepStr/BaseMemoryLibRepStr/OUTPUT/BaseMemoryLibRepStr.lib(CopyMemWrapper.obj)
                              (--whole-archive)
/home/enyephy/edk2/edk2/Build/OvmfIa32/RELEASE_GCC5/IA32/MdePkg/Library/BaseMemoryLibRepStr/BaseMemoryLibRepStr/OUTPUT/BaseMemoryLibRepStr.lib(IsZeroBufferWrapper.obj)
                              (--whole-archive)
/home/enyephy/edk2/edk2/Build/OvmfIa32/RELEASE_GCC5/IA32/MdePkg/Library/BaseMemoryLibRepStr/BaseMemoryLibRepStr/OUTPUT/BaseMemoryLibRepStr.lib(MemLibGuid.obj)
                              (--whole-archive)
/home/enyephy/edk2/edk2/Build/OvmfIa32/RELEASE_GCC5/IA32/MdePkg/Library/BaseMemoryLibRepStr/BaseMemoryLibRepStr/OUTPUT/BaseMemoryLibRepStr.lib(ScanMem64.obj)
                              (--whole-archive)
/home/enyephy/edk2/edk2/Build/OvmfIa32/RELEASE_GCC5/IA32/MdePkg/Library/BaseMemoryLibRepStr/BaseMemoryLibRepStr/OUTPUT/BaseMemoryLibRepStr.lib(ScanMem32.obj)
                              (--whole-archive)
/home/enyephy/edk2/edk2/Build/OvmfIa32/RELEASE_GCC5/IA32/MdePkg/Library/BaseMemoryLibRepStr/BaseMemoryLibRepStr/OUTPUT/BaseMemoryLibRepStr.lib(ScanMem16.obj)
                              (--whole-archive)
/home/enyephy/edk2/edk2/Build/OvmfIa32/RELEASE_GCC5/IA32/MdePkg/Library/BaseMemoryLibRepStr/BaseMemoryLibRepStr/OUTPUT/BaseMemoryLibRepStr.lib(ScanMem8.obj)
                              (--whole-archive)
/home/enyephy/edk2/edk2/Build/OvmfIa32/RELEASE_GCC5/IA32/MdePkg/Library/BaseMemoryLibRepStr/BaseMemoryLibRepStr/OUTPUT/BaseMemoryLibRepStr.lib(CompareMem.obj)
                              (--whole-archive)
/home/enyephy/edk2/edk2/Build/OvmfIa32/RELEASE_GCC5/IA32/MdePkg/Library/BaseMemoryLibRepStr/BaseMemoryLibRepStr/OUTPUT/BaseMemoryLibRepStr.lib(ZeroMem.obj)
                              (--whole-archive)
[...]
Memory Configuration

Name             Origin             Length             Attributes
*default*        0x00000000         0xffffffff

Linker script and memory map

START GROUP
LOAD /tmp/ccJPImp6.ltrans0.ltrans.o
LOAD /tmp/ccsQSM2s.debug.temp.o
LOAD /tmp/ccv58JD0.debug.temp.o
LOAD /tmp/cchxDGvq.debug.temp.o
LOAD /tmp/ccEwGXCj.debug.temp.o
LOAD /tmp/cc6E0JWV.debug.temp.o
LOAD /tmp/ccxYs2ba.debug.temp.o
LOAD /tmp/cc3XSAEL.debug.temp.o
LOAD /tmp/cc66M2M0.debug.temp.o
LOAD /tmp/cc3VBRBf.debug.temp.o
LOAD /tmp/ccFChknz.debug.temp.o
LOAD /tmp/ccpNDYKj.debug.temp.o
LOAD /tmp/ccZIZuKs.debug.temp.o
LOAD /tmp/ccpkYsBO.debug.temp.o
LOAD /tmp/ccwuJDTm.debug.temp.o
LOAD /tmp/ccDBDdyq.debug.temp.o
LOAD /tmp/ccV74hvb.debug.temp.o
LOAD /tmp/ccfSy6nH.debug.temp.o
LOAD /tmp/ccfYuRKG.debug.temp.o
LOAD /tmp/cc5dqa35.debug.temp.o
LOAD /tmp/ccJpOsHK.debug.temp.o
LOAD /tmp/ccN88XFR.debug.temp.o
LOAD /tmp/ccVLugwx.debug.temp.o
LOAD /tmp/ccGSZSbA.debug.temp.o
LOAD /tmp/ccoXNKfQ.debug.temp.o
LOAD /tmp/cc4Cremx.debug.temp.o
LOAD /tmp/cc59sBZU.debug.temp.o
LOAD /tmp/ccVFk3cO.debug.temp.o
LOAD /tmp/ccrkk3Aw.debug.temp.o
LOAD /tmp/ccLlisLc.debug.temp.o
LOAD /tmp/ccZC3ErW.debug.temp.o
LOAD /tmp/ccR0B4U9.debug.temp.o
LOAD /tmp/cc53uljs.debug.temp.o
LOAD /tmp/ccH2gyG0.debug.temp.o
LOAD /tmp/ccyU0pDl.debug.temp.o
LOAD /tmp/ccSak903.debug.temp.o
LOAD /tmp/cc4F2d11.debug.temp.o
LOAD /tmp/ccMyqGEE.debug.temp.o
LOAD /tmp/ccMP8R7D.debug.temp.o
LOAD /tmp/ccP4mKb8.debug.temp.o
LOAD /tmp/ccBDxt40.debug.temp.o
LOAD /tmp/ccL8yAZT.debug.temp.o
LOAD /tmp/ccHdsBMx.debug.temp.o
LOAD /tmp/ccfhuHfB.debug.temp.o
LOAD /tmp/cc6Nrcoa.debug.temp.o
LOAD /tmp/cc2Rznk2.debug.temp.o
LOAD /tmp/ccSyd9m3.debug.temp.o
LOAD /tmp/ccb7ym9S.debug.temp.o
LOAD /tmp/ccxXPbDY.debug.temp.o
LOAD /tmp/cc1OwJWh.debug.temp.o
LOAD /tmp/cch9FytZ.debug.temp.o
LOAD /tmp/ccnzFsFs.debug.temp.o
LOAD /tmp/ccppxabE.debug.temp.o
LOAD /tmp/ccTz51z9.debug.temp.o
LOAD /tmp/ccYAdyfA.debug.temp.o
LOAD /tmp/ccFqOCKH.debug.temp.o
LOAD /tmp/cc8CBMVT.debug.temp.o
LOAD /tmp/ccTcoOvL.debug.temp.o
LOAD /tmp/ccAlP9ZU.debug.temp.o
LOAD /tmp/ccZmwTXm.debug.temp.o
LOAD /tmp/cc7MaS0J.debug.temp.o
LOAD /tmp/ccQp9xLz.debug.temp.o
LOAD /tmp/cc9Jx9PV.debug.temp.o
LOAD /tmp/ccnBgrkP.debug.temp.o
LOAD /tmp/ccdv6umi.debug.temp.o
LOAD /tmp/cceVai6e.debug.temp.o
LOAD /tmp/ccPl82Q0.debug.temp.o
LOAD /tmp/ccLK6R8y.debug.temp.o
LOAD /tmp/ccILAG0g.debug.temp.o
LOAD /tmp/cck0xvYl.debug.temp.o
LOAD /tmp/ccqaYF3b.debug.temp.o
LOAD /tmp/ccqqmda5.debug.temp.o
LOAD /tmp/cc5L33C2.debug.temp.o
LOAD /tmp/ccldr7zx.debug.temp.o
LOAD /tmp/ccrA4vNc.debug.temp.o
LOAD /tmp/cc7eMszF.debug.temp.o
LOAD /tmp/ccOkkPMQ.debug.temp.o
LOAD /tmp/ccDzZ1SR.debug.temp.o
LOAD /tmp/cceJPHr5.debug.temp.o
LOAD /tmp/ccDz5bKV.debug.temp.o
LOAD /tmp/ccjNsY4J.debug.temp.o
LOAD /tmp/ccQP0d9t.debug.temp.o
LOAD /tmp/ccoE76g7.debug.temp.o
LOAD /tmp/ccUnyo27.debug.temp.o
LOAD /tmp/ccIFuc18.debug.temp.o
LOAD /tmp/ccAiW61K.debug.temp.o
LOAD /tmp/ccEEzee3.debug.temp.o
LOAD /tmp/ccq3VhhA.debug.temp.o
LOAD /tmp/cc50AKNW.debug.temp.o
LOAD /tmp/ccYDDNuh.debug.temp.o
LOAD /tmp/ccWZrIIr.debug.temp.o
LOAD /tmp/ccwQZQrT.debug.temp.o
LOAD /tmp/cc2mE4Tt.debug.temp.o
LOAD /tmp/cc0GzvEe.debug.temp.o
LOAD /tmp/ccJ7duFb.debug.temp.o
LOAD /tmp/ccO1OEph.debug.temp.o
LOAD /tmp/ccXXTmHI.debug.temp.o
LOAD /tmp/cc18JwUq.debug.temp.o
LOAD /tmp/ccVaWUZi.debug.temp.o
LOAD /tmp/ccXQotYS.debug.temp.o
LOAD /tmp/cc2Xnp1J.debug.temp.o
LOAD /tmp/ccPtEbH0.debug.temp.o
LOAD /tmp/ccgho257.debug.temp.o
LOAD /tmp/ccB2uuqy.debug.temp.o
LOAD /tmp/ccQkqsoJ.debug.temp.o
LOAD /tmp/ccOQJYnB.debug.temp.o
LOAD /tmp/cciKLBHD.debug.temp.o
LOAD /home/enyephy/edk2/edk2/Build/OvmfIa32/RELEASE_GCC5/IA32/OvmfPkg/LinuxInitrdDynamicShellCommand/LinuxInitrdDynamicShellCommand/OUTPUT/LinuxInitrdDynamicShellCommand.lib
LOAD /home/enyephy/edk2/edk2/Build/OvmfIa32/RELEASE_GCC5/IA32/MdePkg/Library/RegisterFilterLibNull/RegisterFilterLibNull/OUTPUT/FilterLibNull.lib
LOAD /home/enyephy/edk2/edk2/Build/OvmfIa32/RELEASE_GCC5/IA32/MdePkg/Library/BaseMemoryLibRepStr/BaseMemoryLibRepStr/OUTPUT/BaseMemoryLibRepStr.lib
LOAD /home/enyephy/edk2/edk2/Build/OvmfIa32/RELEASE_GCC5/IA32/MdePkg/Library/DxePcdLib/DxePcdLib/OUTPUT/DxePcdLib.lib
LOAD /home/enyephy/edk2/edk2/Build/OvmfIa32/RELEASE_GCC5/IA32/MdePkg/Library/BaseLib/BaseLib/OUTPUT/BaseLib.lib
LOAD /home/enyephy/edk2/edk2/Build/OvmfIa32/RELEASE_GCC5/IA32/MdePkg/Library/CcProbeLibNull/CcProbeLibNull/OUTPUT/CcProbeLibNull.lib
LOAD /home/enyephy/edk2/edk2/Build/OvmfIa32/RELEASE_GCC5/IA32/MdePkg/Library/BaseDebugPrintErrorLevelLib/BaseDebugPrintErrorLevelLib/OUTPUT/BaseDebugPrintErrorLevelLib.lib
LOAD /home/enyephy/edk2/edk2/Build/OvmfIa32/RELEASE_GCC5/IA32/MdePkg/Library/BaseIoLibIntrinsic/BaseIoLibIntrinsicSev/OUTPUT/BaseIoLibIntrinsicSev.lib
LOAD /home/enyephy/edk2/edk2/Build/OvmfIa32/RELEASE_GCC5/IA32/MdePkg/Library/BasePrintLib/BasePrintLib/OUTPUT/BasePrintLib.lib
LOAD /home/enyephy/edk2/edk2/Build/OvmfIa32/RELEASE_GCC5/IA32/OvmfPkg/Library/PlatformDebugLibIoPort/PlatformDebugLibIoPort/OUTPUT/PlatformDebugLibIoPort.lib
LOAD /home/enyephy/edk2/edk2/Build/OvmfIa32/RELEASE_GCC5/IA32/MdePkg/Library/UefiBootServicesTableLib/UefiBootServicesTableLib/OUTPUT/UefiBootServicesTableLib.lib
LOAD /home/enyephy/edk2/edk2/Build/OvmfIa32/RELEASE_GCC5/IA32/MdePkg/Library/UefiMemoryAllocationLib/UefiMemoryAllocationLib/OUTPUT/UefiMemoryAllocationLib.lib
LOAD /home/enyephy/edk2/edk2/Build/OvmfIa32/RELEASE_GCC5/IA32/MdePkg/Library/UefiRuntimeServicesTableLib/UefiRuntimeServicesTableLib/OUTPUT/UefiRuntimeServicesTableLib.lib
LOAD /home/enyephy/edk2/edk2/Build/OvmfIa32/RELEASE_GCC5/IA32/MdePkg/Library/UefiDevicePathLibDevicePathProtocol/UefiDevicePathLibDevicePathProtocol/OUTPUT/UefiDevicePathLibDevicePathProtocol.lib
LOAD /home/enyephy/edk2/edk2/Build/OvmfIa32/RELEASE_GCC5/IA32/MdePkg/Library/UefiLib/UefiLib/OUTPUT/UefiLib.lib
LOAD /home/enyephy/edk2/edk2/Build/OvmfIa32/RELEASE_GCC5/IA32/MdeModulePkg/Library/UefiHiiServicesLib/UefiHiiServicesLib/OUTPUT/UefiHiiServicesLib.lib
LOAD /home/enyephy/edk2/edk2/Build/OvmfIa32/RELEASE_GCC5/IA32/MdeModulePkg/Library/UefiSortLib/UefiSortLib/OUTPUT/UefiSortLib.lib
LOAD /home/enyephy/edk2/edk2/Build/OvmfIa32/RELEASE_GCC5/IA32/MdePkg/Library/UefiFileHandleLib/UefiFileHandleLib/OUTPUT/UefiFileHandleLib.lib
LOAD /home/enyephy/edk2/edk2/Build/OvmfIa32/RELEASE_GCC5/IA32/MdeModulePkg/Library/UefiHiiLib/UefiHiiLib/OUTPUT/UefiHiiLib.lib
LOAD /home/enyephy/edk2/edk2/Build/OvmfIa32/RELEASE_GCC5/IA32/ShellPkg/Library/UefiShellLib/UefiShellLib/OUTPUT/UefiShellLib.lib
LOAD /home/enyephy/edk2/edk2/Build/OvmfIa32/RELEASE_GCC5/IA32/MdePkg/Library/UefiDriverEntryPoint/UefiDriverEntryPoint/OUTPUT/UefiDriverEntryPoint.lib
LOAD /home/enyephy/edk2/edk2/Build/OvmfIa32/RELEASE_GCC5/IA32/MdePkg/Library/StackCheckLibNull/StackCheckLibNull/OUTPUT/StackCheckLibNull.lib
LOAD /home/enyephy/edk2/edk2/Build/OvmfIa32/RELEASE_GCC5/IA32/OvmfPkg/LinuxInitrdDynamicShellCommand/LinuxInitrdDynamicShellCommand/OUTPUT/LinuxInitrdDynamicShellCommandhii.lib
END GROUP
                0x00000220                        PECOFF_HEADER_SIZE = 0x220
                0x00000220                        . = PECOFF_HEADER_SIZE

.text           0x00000240     0x39ec
 *(.text .text.* .stub .gnu.linkonce.t.*)
 .text.InitrdLoadFile2
                0x00000240       0xdd /tmp/ccJPImp6.ltrans0.ltrans.o
 .text.UninstallLoadFile2Protocol
                0x0000031d       0x46 /tmp/ccJPImp6.ltrans0.ltrans.o
 .text.FreeInitrdFile
                0x00000363       0x40 /tmp/ccJPImp6.ltrans0.ltrans.o
 .text.InternalSafeStringNoStrOverlap
                0x000003a3       0x33 /tmp/ccJPImp6.ltrans0.ltrans.o
 .text.StrnLenS
                0x000003d6       0x2a /tmp/ccJPImp6.ltrans0.ltrans.o
 .text.StrCpyS  0x00000400       0x88 /tmp/ccJPImp6.ltrans0.ltrans.o
 .text.StrCatS  0x00000488       0xaa /tmp/ccJPImp6.ltrans0.ltrans.o
 .text.StrnCatS
                0x00000532       0xdd /tmp/ccJPImp6.ltrans0.ltrans.o
 .text.StrLen   0x0000060f       0x14 /tmp/ccJPImp6.ltrans0.ltrans.o
 .text.StrSize  0x00000623       0x16 /tmp/ccJPImp6.ltrans0.ltrans.o
 .text.StrCmp   0x00000639       0x24 /tmp/ccJPImp6.ltrans0.ltrans.o
 .text.StrnCmp  0x0000065d       0x46 /tmp/ccJPImp6.ltrans0.ltrans.o
 .text.StrStr   0x000006a3       0x43 /tmp/ccJPImp6.ltrans0.ltrans.o
 .text.PathRemoveLastItem
                0x000006e6       0x56 /tmp/ccJPImp6.ltrans0.ltrans.o
 .text.BasePrintLibFillBuffer
                0x0000073c       0x38 /tmp/ccJPImp6.ltrans0.ltrans.o
 .text.FreePool
                0x00000774        0x8 /tmp/ccJPImp6.ltrans0.ltrans.o
 .text.StringNoCaseCompare
                0x0000077c       0x3f /tmp/ccJPImp6.ltrans0.ltrans.o
 .text.FileHandleSetInfo
                0x000007bb       0x2c /tmp/ccJPImp6.ltrans0.ltrans.o
 .text.FileHandleRead
                0x000007e7       0x17 /tmp/ccJPImp6.ltrans0.ltrans.o
 .text.FileHandleWrite
                0x000007fe       0x17 /tmp/ccJPImp6.ltrans0.ltrans.o
 .text.FileHandleClose
                0x00000815       0x17 /tmp/ccJPImp6.ltrans0.ltrans.o
 .text.FileHandleDelete
                0x0000082c       0x17 /tmp/ccJPImp6.ltrans0.ltrans.o
 .text.FileHandleSetPosition
                0x00000843       0x17 /tmp/ccJPImp6.ltrans0.ltrans.o
 .text.FileHandleGetPosition
                0x0000085a       0x1d /tmp/ccJPImp6.ltrans0.ltrans.o
 .text.FileHandleFlush
                0x00000877       0x17 /tmp/ccJPImp6.ltrans0.ltrans.o
 .text.ShellLibDestructor
                0x0000088e       0xcf /tmp/ccJPImp6.ltrans0.ltrans.o
 .text.ShellCloseFile
                0x0000095d       0x12 /tmp/ccJPImp6.ltrans0.ltrans.o
 .text.ShellGetEnvironmentVariable
                0x0000096f       0x18 /tmp/ccJPImp6.ltrans0.ltrans.o
 .text.InternalIsFlag
                0x00000987       0xc1 /tmp/ccJPImp6.ltrans0.ltrans.o
 .text.ShellCommandLineFreeVarList
                0x00000a48       0x69 /tmp/ccJPImp6.ltrans0.ltrans.o
 .text.ShellCommandLineGetCount
                0x00000ab1       0x1f /tmp/ccJPImp6.ltrans0.ltrans.o
 .text.InternalPrintTo
                0x00000ad0       0x64 /tmp/ccJPImp6.ltrans0.ltrans.o
 .text._DriverUnloadHandler
                0x00000b34       0x5a /tmp/ccJPImp6.ltrans0.ltrans.o
 .text.InternalAllocatePool.constprop.0
                0x00000b8e       0x26 /tmp/ccJPImp6.ltrans0.ltrans.o
 .text.CopyMem  0x00000bb4       0x1b /tmp/ccJPImp6.ltrans0.ltrans.o
 .text.AllocateCopyPool
                0x00000bcf       0x24 /tmp/ccJPImp6.ltrans0.ltrans.o
 .text.ShellOpenFileByName
                0x00000bf3      0x478 /tmp/ccJPImp6.ltrans0.ltrans.o
 .text.ShellCreateDirectory
                0x0000106b       0x3d /tmp/ccJPImp6.ltrans0.ltrans.o
 .text.InternalAllocateZeroPool.constprop.0
                0x000010a8       0x25 /tmp/ccJPImp6.ltrans0.ltrans.o
 .text.AllocateZeroPool
                0x000010cd        0xc /tmp/ccJPImp6.ltrans0.ltrans.o
 .text.FileHandleGetInfo
                0x000010d9       0x6c /tmp/ccJPImp6.ltrans0.ltrans.o
 .text.FileHandleIsDirectory
                0x00001145       0x59 /tmp/ccJPImp6.ltrans0.ltrans.o
 .text.FileHandleGetSize
                0x0000119e       0x4f /tmp/ccJPImp6.ltrans0.ltrans.o
 .text.ShellLibConstructorWorker
                0x000011ed      0x33a /tmp/ccJPImp6.ltrans0.ltrans.o
 .text.GetBestLanguage.constprop.0
                0x00001527      0x120 /tmp/ccJPImp6.ltrans0.ltrans.o
 .text.HiiGetStringEx.constprop.0
                0x00001647      0x1e7 /tmp/ccJPImp6.ltrans0.ltrans.o
 .text.LinuxInitrdGetHelp
                0x0000182e       0x1a /tmp/ccJPImp6.ltrans0.ltrans.o
 .text.StrnCatGrow.constprop.0
                0x00001848       0x6f /tmp/ccJPImp6.ltrans0.ltrans.o
 .text.ShellCommandLineGetFlag
                0x000018b7       0xda /tmp/ccJPImp6.ltrans0.ltrans.o
 .text.InternalCommandLineParse.constprop.0
                0x00001991      0x4ed /tmp/ccJPImp6.ltrans0.ltrans.o
 .text.BasePrintLibSPrintMarker.constprop.0
                0x00001e7e      0xb20 /tmp/ccJPImp6.ltrans0.ltrans.o
 .text.ShellCopySearchAndReplace.constprop.0
                0x0000299e      0x169 /tmp/ccJPImp6.ltrans0.ltrans.o
 .text.ShellPrintHiiEx.constprop.0
                0x00002b07      0x2cb /tmp/ccJPImp6.ltrans0.ltrans.o
 .text.LinuxInitrdCommandHandler
                0x00002dd2      0x5f4 /tmp/ccJPImp6.ltrans0.ltrans.o
 .text.BasePrintLibSPrint.constprop.0
                0x000033c6       0x21 /tmp/ccJPImp6.ltrans0.ltrans.o
 .text._ModuleEntryPoint
                0x000033e7      0x197 /tmp/ccJPImp6.ltrans0.ltrans.o
                0x000033e7                _ModuleEntryPoint
 *fill*         0x0000357e        0x2 
 .text          0x00003580       0x1d /home/enyephy/edk2/edk2/Build/OvmfIa32/RELEASE_GCC5/IA32/MdePkg/Library/BaseMemoryLibRepStr/BaseMemoryLibRepStr/OUTPUT/BaseMemoryLibRepStr.lib(ZeroMem.obj)
                0x00003580                InternalMemZeroMem
 *fill*         0x0000359d        0x3 
 .text          0x000035a0       0x39 /home/enyephy/edk2/edk2/Build/OvmfIa32/RELEASE_GCC5/IA32/MdePkg/Library/BaseMemoryLibRepStr/BaseMemoryLibRepStr/OUTPUT/BaseMemoryLibRepStr.lib(CopyMem.obj)
                0x000035a0                InternalMemCopyMem
 *fill*         0x000035d9        0x7 
 .text          0x000035e0       0x1d /home/enyephy/edk2/edk2/Build/OvmfIa32/RELEASE_GCC5/IA32/MdePkg/Library/BaseLib/BaseLib/OUTPUT/BaseLib.lib(DivU64x32Remainder.obj)
                0x000035e0                InternalMathDivRemU64x32
 *(.rodata .rodata.* .gnu.linkonce.r.*)
 *fill*         0x000035fd        0x1 
 .rodata.ShellOpenFileByName.str2.2
                0x000035fe       0xae /tmp/ccJPImp6.ltrans0.ltrans.o
                                 0x2e (size before relaxing)
 .rodata.HiiGetStringEx.constprop.0.str1.1
                0x000036ac       0x7b /tmp/ccJPImp6.ltrans0.ltrans.o
                                  0x1 (size before relaxing)
 .rodata.HiiGetStringEx.constprop.0.str2.2
                0x00003727       0x1a /tmp/ccJPImp6.ltrans0.ltrans.o
 .rodata.InternalCommandLineParse.constprop.0.str2.2
                0x00003727       0x10 /tmp/ccJPImp6.ltrans0.ltrans.o
 .rodata.BasePrintLibSPrintMarker.constprop.0.str1.1
                0x00003727       0x7b /tmp/ccJPImp6.ltrans0.ltrans.o
 *fill*         0x00003727        0x1 
 .rodata.BasePrintLibSPrintMarker.constprop.0
                0x00003728       0xec /tmp/ccJPImp6.ltrans0.ltrans.o
 .rodata.ShellPrintHiiEx.constprop.0.str2.2
                0x00003814       0x4a /tmp/ccJPImp6.ltrans0.ltrans.o
 .rodata.LinuxInitrdCommandHandler.str2.2
                0x00003814       0x2e /tmp/ccJPImp6.ltrans0.ltrans.o
 .rodata.mHexStr
                0x00003814       0x10 /tmp/ccJPImp6.ltrans0.ltrans.o
 *fill*         0x00003824       0x1c 
 .rodata.mWarningString
                0x00003840       0xc8 /tmp/ccJPImp6.ltrans0.ltrans.o
 *fill*         0x00003908       0x18 
 .rodata.mErrorString
                0x00003920      0x2df /tmp/ccJPImp6.ltrans0.ltrans.o
 *fill*         0x00003bff        0x1 
 .rodata.ParamList
                0x00003c00       0x10 /tmp/ccJPImp6.ltrans0.ltrans.o
 .rodata.mInitrdLoadFile2
                0x00003c10        0x4 /tmp/ccJPImp6.ltrans0.ltrans.o
 .rodata.mInitrdDevicePath
                0x00003c14       0x18 /tmp/ccJPImp6.ltrans0.ltrans.o
 *(.got .got.*)
 .got           0x00003c2c        0x0 /home/enyephy/edk2/edk2/Build/OvmfIa32/RELEASE_GCC5/IA32/MdePkg/Library/BaseMemoryLibRepStr/BaseMemoryLibRepStr/OUTPUT/BaseMemoryLibRepStr.lib(ScanMem64.obj)
 .got.plt       0x00003c2c        0x0 /home/enyephy/edk2/edk2/Build/OvmfIa32/RELEASE_GCC5/IA32/MdePkg/Library/BaseMemoryLibRepStr/BaseMemoryLibRepStr/OUTPUT/BaseMemoryLibRepStr.lib(ScanMem64.obj)
 *:AutoGen.obj(.data.g*Guid)

.iplt           0x00003c2c        0x0
 .iplt          0x00003c2c        0x0 /home/enyephy/edk2/edk2/Build/OvmfIa32/RELEASE_GCC5/IA32/MdePkg/Library/BaseMemoryLibRepStr/BaseMemoryLibRepStr/OUTPUT/BaseMemoryLibRepStr.lib(ScanMem64.obj)

.data           0x00003c40      0x1e0
 *(.data .data.* .gnu.linkonce.d.*)
 .data.gEfiGlobalVariableGuid
                0x00003c40       0x10 /tmp/ccJPImp6.ltrans0.ltrans.o
 .data.gEfiDevicePathUtilitiesProtocolGuid
                0x00003c50       0x10 /tmp/ccJPImp6.ltrans0.ltrans.o
 .data.gEfiHiiImageProtocolGuid
                0x00003c60       0x10 /tmp/ccJPImp6.ltrans0.ltrans.o
 .data.gEfiHiiFontProtocolGuid
                0x00003c70       0x10 /tmp/ccJPImp6.ltrans0.ltrans.o
 .data.gEfiHiiConfigRoutingProtocolGuid
                0x00003c80       0x10 /tmp/ccJPImp6.ltrans0.ltrans.o
 .data.gEfiHiiDatabaseProtocolGuid
                0x00003c90       0x10 /tmp/ccJPImp6.ltrans0.ltrans.o
 .data.gEfiHiiStringProtocolGuid
                0x00003ca0       0x10 /tmp/ccJPImp6.ltrans0.ltrans.o
 .data.gEfiHiiPackageListProtocolGuid
                0x00003cb0       0x10 /tmp/ccJPImp6.ltrans0.ltrans.o
 .data.gEfiLoadedImageProtocolGuid
                0x00003cc0       0x10 /tmp/ccJPImp6.ltrans0.ltrans.o
 .data.mLinuxInitrdDynamicCommand
                0x00003cd0        0xc /tmp/ccJPImp6.ltrans0.ltrans.o
 .data.gEfiShellDynamicCommandProtocolGuid
                0x00003cdc       0x10 /tmp/ccJPImp6.ltrans0.ltrans.o
 .data.gEfiSimpleFileSystemProtocolGuid
                0x00003cec       0x10 /tmp/ccJPImp6.ltrans0.ltrans.o
 .data.gEfiShellEnvironment2ExtGuid
                0x00003cfc       0x10 /tmp/ccJPImp6.ltrans0.ltrans.o
 .data.gEfiShellEnvironment2Guid
                0x00003d0c       0x10 /tmp/ccJPImp6.ltrans0.ltrans.o
 .data.gEfiShellInterfaceGuid
                0x00003d1c       0x10 /tmp/ccJPImp6.ltrans0.ltrans.o
 .data.gEfiShellParametersProtocolGuid
                0x00003d2c       0x10 /tmp/ccJPImp6.ltrans0.ltrans.o
 .data.gEfiShellProtocolGuid
                0x00003d3c       0x10 /tmp/ccJPImp6.ltrans0.ltrans.o
 .data.gEfiFileInfoGuid
                0x00003d4c       0x10 /tmp/ccJPImp6.ltrans0.ltrans.o
 .data.gEfiUnicodeCollation2ProtocolGuid
                0x00003d5c       0x10 /tmp/ccJPImp6.ltrans0.ltrans.o
 .data.gEfiLoadFile2ProtocolGuid
                0x00003d6c       0x10 /tmp/ccJPImp6.ltrans0.ltrans.o
 .data.gEfiDevicePathProtocolGuid
                0x00003d7c       0x10 /tmp/ccJPImp6.ltrans0.ltrans.o
 *(.bss .bss.*)
 .bss.gRT       0x00003d8c        0x4 /tmp/ccJPImp6.ltrans0.ltrans.o
 .bss.mDevicePathLibDevicePathUtilities
                0x00003d90        0x4 /tmp/ccJPImp6.ltrans0.ltrans.o
 .bss.gHiiImage
                0x00003d94        0x4 /tmp/ccJPImp6.ltrans0.ltrans.o
 .bss.gHiiFont  0x00003d98        0x4 /tmp/ccJPImp6.ltrans0.ltrans.o
 .bss.gHiiConfigRouting
                0x00003d9c        0x4 /tmp/ccJPImp6.ltrans0.ltrans.o
 .bss.gHiiString
                0x00003da0        0x4 /tmp/ccJPImp6.ltrans0.ltrans.o
 .bss.gHiiDatabase
                0x00003da4        0x4 /tmp/ccJPImp6.ltrans0.ltrans.o
 .bss.mUnicodeCollationProtocol
                0x00003da8        0x4 /tmp/ccJPImp6.ltrans0.ltrans.o
 .bss.mEfiShellEnvironment2Handle
                0x00003dac        0x4 /tmp/ccJPImp6.ltrans0.ltrans.o
 *fill*         0x00003db0       0x10 
 .bss.FileFunctionMap
                0x00003dc0       0x28 /tmp/ccJPImp6.ltrans0.ltrans.o
 .bss.mEfiShellEnvironment2
                0x00003de8        0x4 /tmp/ccJPImp6.ltrans0.ltrans.o
 .bss.mUnicodeCollation
                0x00003dec        0x4 /tmp/ccJPImp6.ltrans0.ltrans.o
 .bss.gST       0x00003df0        0x4 /tmp/ccJPImp6.ltrans0.ltrans.o
 .bss.mEfiShellInterface
                0x00003df4        0x4 /tmp/ccJPImp6.ltrans0.ltrans.o
 .bss.mLinuxInitrdShellCommandHiiHandle
                0x00003df8        0x4 /tmp/ccJPImp6.ltrans0.ltrans.o
 .bss.gImageHandle
                0x00003dfc        0x4 /tmp/ccJPImp6.ltrans0.ltrans.o
 .bss.gEfiShellProtocol
                0x00003e00        0x4 /tmp/ccJPImp6.ltrans0.ltrans.o
 .bss.gEfiShellParametersProtocol
                0x00003e04        0x4 /tmp/ccJPImp6.ltrans0.ltrans.o
 .bss.mInitrdLoadFile2Handle
                0x00003e08        0x4 /tmp/ccJPImp6.ltrans0.ltrans.o
 *fill*         0x00003e0c        0x4 
 .bss.mInitrdFileAddress
                0x00003e10        0x8 /tmp/ccJPImp6.ltrans0.ltrans.o
 .bss.gBS       0x00003e18        0x4 /tmp/ccJPImp6.ltrans0.ltrans.o
 .bss.mInitrdFileSize
                0x00003e1c        0x4 /tmp/ccJPImp6.ltrans0.ltrans.o

.igot.plt       0x00003e20        0x0
 .igot.plt      0x00003e20        0x0 /home/enyephy/edk2/edk2/Build/OvmfIa32/RELEASE_GCC5/IA32/MdePkg/Library/BaseMemoryLibRepStr/BaseMemoryLibRepStr/OUTPUT/BaseMemoryLibRepStr.lib(ScanMem64.obj)

.rel.dyn        0x00003e20        0x0
 .rel.got       0x00003e20        0x0 /home/enyephy/edk2/edk2/Build/OvmfIa32/RELEASE_GCC5/IA32/MdePkg/Library/BaseMemoryLibRepStr/BaseMemoryLibRepStr/OUTPUT/BaseMemoryLibRepStr.lib(ScanMem64.obj)
 .rel.iplt      0x00003e20        0x0 /home/enyephy/edk2/edk2/Build/OvmfIa32/RELEASE_GCC5/IA32/MdePkg/Library/BaseMemoryLibRepStr/BaseMemoryLibRepStr/OUTPUT/BaseMemoryLibRepStr.lib(ScanMem64.obj)

.eh_frame
 *(.eh_frame)

.rela
 *(.rela .rela.*)

.hii            0x00003e40      0xb03
 *(.hii)
 .hii           0x00003e40      0xb03 /home/enyephy/edk2/edk2/Build/OvmfIa32/RELEASE_GCC5/IA32/OvmfPkg/LinuxInitrdDynamicShellCommand/LinuxInitrdDynamicShellCommand/OUTPUT/LinuxInitrdDynamicShellCommandhii.lib
                0x00003e40                _binary__home_enyephy_edk2_edk2_Build_OvmfIa32_RELEASE_GCC5_IA32_OvmfPkg_LinuxInitrdDynamicShellCommand_LinuxInitrdDynamicShellCommand_OUTPUT_LinuxInitrdDynamicShellCommandhii_rc_start
                0x00004943                _binary__home_enyephy_edk2_edk2_Build_OvmfIa32_RELEASE_GCC5_IA32_OvmfPkg_LinuxInitrdDynamicShellCommand_LinuxInitrdDynamicShellCommand_OUTPUT_LinuxInitrdDynamicShellCommandhii_rc_end

.got
 *(.got)
                0x00000001                        ASSERT ((SIZEOF (.got) == 0x0), Unexpected GOT entries detected!)

.got.plt
 *(.got.plt)
                0x00000001                        ASSERT ((((SIZEOF (.got.plt) == 0x0) || (SIZEOF (.got.plt) == 0xc)) || (SIZEOF (.got.plt) == 0x18)), Unexpected GOT/PLT entries detected!)

.build-id       0x00004944       0x24
 *(.note.gnu.build-id)
 .note.gnu.build-id
                0x00004944       0x24 LinuxInitrdDynamicShellCommand.obj (symbol from plugin)

/DISCARD/
 *(.note.GNU-stack)
 *(.gnu_debuglink)
 *(.interp)
 *(.dynsym)
 *(.dynstr)
 *(.dynamic)
 *(.hash .gnu.hash)
 *(.comment)
OUTPUT(/home/enyephy/edk2/edk2/Build/OvmfIa32/RELEASE_GCC5/IA32/OvmfPkg/LinuxInitrdDynamicShellCommand/LinuxInitrdDynamicShellCommand/DEBUG/LinuxInitrdDynamicShellCommand.dll elf32-i386)

.debug_info     0x00000000    0x221d5
 .debug_info    0x00000000     0x3654 /tmp/ccJPImp6.ltrans0.ltrans.o
 .debug_info    0x00003654     0x2c18 /tmp/ccsQSM2s.debug.temp.o
                0x00003654                LinuxInitrdDynamicShellCommand.c.98e27a6f
 .debug_info    0x0000626c     0x1de1 /tmp/ccv58JD0.debug.temp.o
                0x0000626c                AutoGen.c.7c9f1415
 .debug_info    0x0000804d       0xb4 /tmp/cc66M2M0.debug.temp.o
                0x0000804d                ZeroMemWrapper.c.900ed8c3
 .debug_info    0x00008101       0xcb /tmp/ccDBDdyq.debug.temp.o
                0x00008101                CopyMemWrapper.c.708cfb7e
 .debug_info    0x000081cc      0x22e /tmp/ccfSy6nH.debug.temp.o
                0x000081cc                MemLibGuid.c.111e7535
 .debug_info    0x000083fa       0xec /tmp/cc4Cremx.debug.temp.o
                0x000083fa                SetJump.c.ae45b31f
 .debug_info    0x000084e6       0xc8 /tmp/cc6Nrcoa.debug.temp.o
                0x000084e6                DivU64x32Remainder.c.41b980bf
 .debug_info    0x000085ae       0xa1 /tmp/cc1OwJWh.debug.temp.o
                0x000085ae                CpuDeadLoop.c.108917f1
 .debug_info    0x0000864f      0x2c7 /tmp/ccnzFsFs.debug.temp.o
                0x0000864f                LinkedList.c.5e91a5b2
 .debug_info    0x00008916      0xdf1 /tmp/ccppxabE.debug.temp.o
                0x00008916                SafeString.c.a5c30a58
 .debug_info    0x00009707      0x77a /tmp/ccTz51z9.debug.temp.o
                0x00009707                String.c.6979a02c
 .debug_info    0x00009e81      0x187 /tmp/ccYAdyfA.debug.temp.o
                0x00009e81                FilePaths.c.39244d20
 .debug_info    0x0000a008      0x1d9 /tmp/ccZmwTXm.debug.temp.o
                0x0000a008                Unaligned.c.ca1c985c
 .debug_info    0x0000a1e1      0x741 /tmp/ccIFuc18.debug.temp.o
                0x0000a1e1                PrintLibInternal.c.f38744fe
 .debug_info    0x0000a922      0x54e /tmp/ccAiW61K.debug.temp.o
                0x0000a922                PrintLib.c.7cf8c892
 .debug_info    0x0000ae70     0x174f /tmp/ccYDDNuh.debug.temp.o
                0x0000ae70                UefiBootServicesTableLib.c.b0af51fe
 .debug_info    0x0000c5bf     0x12df /tmp/ccWZrIIr.debug.temp.o
                0x0000c5bf                MemoryAllocationLib.c.dd7b5bf4
 .debug_info    0x0000d89e     0x1726 /tmp/ccwQZQrT.debug.temp.o
                0x0000d89e                UefiRuntimeServicesTableLib.c.8344ba4c
 .debug_info    0x0000efc4     0x1e95 /tmp/cc2mE4Tt.debug.temp.o
                0x0000efc4                UefiDevicePathLib.c.34b52c18
 .debug_info    0x00010e59     0x2552 /tmp/cc18JwUq.debug.temp.o
                0x00010e59                UefiLib.c.d50dca9b
 .debug_info    0x000133ab     0x2734 /tmp/ccXQotYS.debug.temp.o
                0x000133ab                UefiHiiServicesLib.c.71876de0
 .debug_info    0x00015adf     0x115e /tmp/cc2Xnp1J.debug.temp.o
                0x00015adf                UefiSortLib.c.59027ad0
 .debug_info    0x00016c3d      0xcc0 /tmp/ccPtEbH0.debug.temp.o
                0x00016c3d                UefiFileHandleLib.c.26e54ad5
 .debug_info    0x000178fd     0x3c4f /tmp/ccgho257.debug.temp.o
                0x000178fd                HiiLib.c.a2d818d9
 .debug_info    0x0001b54c      0x61e /tmp/ccB2uuqy.debug.temp.o
                0x0001b54c                HiiString.c.eaf90052
 .debug_info    0x0001bb6a      0x370 /tmp/ccQkqsoJ.debug.temp.o
                0x0001bb6a                HiiLanguage.c.fb10502f
 .debug_info    0x0001beda     0x4a23 /tmp/ccOQJYnB.debug.temp.o
                0x0001beda                UefiShellLib.c.da8ce366
 .debug_info    0x000208fd     0x18d8 /tmp/cciKLBHD.debug.temp.o
                0x000208fd                DriverEntryPoint.c.d2977ac0

.debug_abbrev   0x00000000     0x2d86
 .debug_abbrev  0x00000000      0x263 /tmp/ccJPImp6.ltrans0.ltrans.o
 .debug_abbrev  0x00000263      0x2d5 /tmp/ccsQSM2s.debug.temp.o
 .debug_abbrev  0x00000538      0x28d /tmp/ccv58JD0.debug.temp.o
 .debug_abbrev  0x000007c5       0x7e /tmp/cc66M2M0.debug.temp.o
 .debug_abbrev  0x00000843       0x8c /tmp/ccDBDdyq.debug.temp.o
 .debug_abbrev  0x000008cf       0xdd /tmp/ccfSy6nH.debug.temp.o
 .debug_abbrev  0x000009ac       0x82 /tmp/cc4Cremx.debug.temp.o
 .debug_abbrev  0x00000a2e       0x80 /tmp/cc6Nrcoa.debug.temp.o
 .debug_abbrev  0x00000aae       0x71 /tmp/cc1OwJWh.debug.temp.o
 .debug_abbrev  0x00000b1f      0x10f /tmp/ccnzFsFs.debug.temp.o
 .debug_abbrev  0x00000c2e      0x176 /tmp/ccppxabE.debug.temp.o
 .debug_abbrev  0x00000da4      0x12d /tmp/ccTz51z9.debug.temp.o
 .debug_abbrev  0x00000ed1       0xd3 /tmp/ccYAdyfA.debug.temp.o
 .debug_abbrev  0x00000fa4       0x8c /tmp/ccZmwTXm.debug.temp.o
 .debug_abbrev  0x00001030      0x175 /tmp/ccIFuc18.debug.temp.o
 .debug_abbrev  0x000011a5      0x130 /tmp/ccAiW61K.debug.temp.o
 .debug_abbrev  0x000012d5      0x1be /tmp/ccYDDNuh.debug.temp.o
 .debug_abbrev  0x00001493      0x1fc /tmp/ccWZrIIr.debug.temp.o
 .debug_abbrev  0x0000168f      0x18e /tmp/ccwQZQrT.debug.temp.o
 .debug_abbrev  0x0000181d      0x280 /tmp/cc2mE4Tt.debug.temp.o
 .debug_abbrev  0x00001a9d      0x286 /tmp/cc18JwUq.debug.temp.o
 .debug_abbrev  0x00001d23      0x1f4 /tmp/ccXQotYS.debug.temp.o
 .debug_abbrev  0x00001f17      0x1d4 /tmp/cc2Xnp1J.debug.temp.o
 .debug_abbrev  0x000020eb      0x1ee /tmp/ccPtEbH0.debug.temp.o
 .debug_abbrev  0x000022d9      0x311 /tmp/ccgho257.debug.temp.o
 .debug_abbrev  0x000025ea      0x18a /tmp/ccB2uuqy.debug.temp.o
 .debug_abbrev  0x00002774      0x122 /tmp/ccQkqsoJ.debug.temp.o
 .debug_abbrev  0x00002896      0x2f5 /tmp/ccOQJYnB.debug.temp.o
 .debug_abbrev  0x00002b8b      0x1fb /tmp/cciKLBHD.debug.temp.o

.debug_loclists
                0x00000000     0x2f02
 .debug_loclists
                0x00000000     0x2f02 /tmp/ccJPImp6.ltrans0.ltrans.o

.debug_aranges  0x00000000      0x1e8
 .debug_aranges
                0x00000000      0x1e8 /tmp/ccJPImp6.ltrans0.ltrans.o

.debug_rnglists
                0x00000000      0x35b
 .debug_rnglists
                0x00000000      0x35b /tmp/ccJPImp6.ltrans0.ltrans.o

.debug_line     0x00000000     0x4170
 .debug_line    0x00000000     0x3435 /tmp/ccJPImp6.ltrans0.ltrans.o
 .debug_line    0x00003435       0xcc /tmp/ccsQSM2s.debug.temp.o
 .debug_line    0x00003501       0x85 /tmp/ccv58JD0.debug.temp.o
 .debug_line    0x00003586       0x48 /tmp/cc66M2M0.debug.temp.o
 .debug_line    0x000035ce       0x48 /tmp/ccDBDdyq.debug.temp.o
 .debug_line    0x00003616       0x55 /tmp/ccfSy6nH.debug.temp.o
 .debug_line    0x0000366b       0x4c /tmp/cc4Cremx.debug.temp.o
 .debug_line    0x000036b7       0x48 /tmp/cc6Nrcoa.debug.temp.o
 .debug_line    0x000036ff       0x4c /tmp/cc1OwJWh.debug.temp.o
 .debug_line    0x0000374b       0x55 /tmp/ccnzFsFs.debug.temp.o
 .debug_line    0x000037a0       0x68 /tmp/ccppxabE.debug.temp.o
 .debug_line    0x00003808       0x5e /tmp/ccTz51z9.debug.temp.o
 .debug_line    0x00003866       0x51 /tmp/ccYAdyfA.debug.temp.o
 .debug_line    0x000038b7       0x4c /tmp/ccZmwTXm.debug.temp.o
 .debug_line    0x00003903       0x63 /tmp/ccIFuc18.debug.temp.o
 .debug_line    0x00003966       0x51 /tmp/ccAiW61K.debug.temp.o
 .debug_line    0x000039b7       0x7b /tmp/ccYDDNuh.debug.temp.o
 .debug_line    0x00003a32       0x76 /tmp/ccWZrIIr.debug.temp.o
 .debug_line    0x00003aa8       0x72 /tmp/ccwQZQrT.debug.temp.o
 .debug_line    0x00003b1a       0xa2 /tmp/cc2mE4Tt.debug.temp.o
 .debug_line    0x00003bbc       0xa7 /tmp/cc18JwUq.debug.temp.o
 .debug_line    0x00003c63       0xb0 /tmp/ccXQotYS.debug.temp.o
 .debug_line    0x00003d13       0x97 /tmp/cc2Xnp1J.debug.temp.o
 .debug_line    0x00003daa       0x8d /tmp/ccPtEbH0.debug.temp.o
 .debug_line    0x00003e37       0xb5 /tmp/ccgho257.debug.temp.o
 .debug_line    0x00003eec       0x89 /tmp/ccB2uuqy.debug.temp.o
 .debug_line    0x00003f75       0x7a /tmp/ccQkqsoJ.debug.temp.o
 .debug_line    0x00003fef       0xf3 /tmp/ccOQJYnB.debug.temp.o
 .debug_line    0x000040e2       0x8e /tmp/cciKLBHD.debug.temp.o

.debug_str      0x00000000     0x73ae
 .debug_str     0x00000000     0x73ae /tmp/ccJPImp6.ltrans0.ltrans.o
                                0x1a3 (size before relaxing)
 .debug_str     0x000073ae     0x25f5 /tmp/ccsQSM2s.debug.temp.o
 .debug_str     0x000073ae     0x1e09 /tmp/ccv58JD0.debug.temp.o
 .debug_str     0x000073ae      0x1dd /tmp/cc66M2M0.debug.temp.o
 .debug_str     0x000073ae      0x1f5 /tmp/ccDBDdyq.debug.temp.o
 .debug_str     0x000073ae      0x2d4 /tmp/ccfSy6nH.debug.temp.o
 .debug_str     0x000073ae      0x1eb /tmp/cc4Cremx.debug.temp.o
 .debug_str     0x000073ae      0x1fc /tmp/cc6Nrcoa.debug.temp.o
 .debug_str     0x000073ae      0x1e3 /tmp/cc1OwJWh.debug.temp.o
 .debug_str     0x000073ae      0x30d /tmp/ccnzFsFs.debug.temp.o
 .debug_str     0x000073ae      0x767 /tmp/ccppxabE.debug.temp.o
 .debug_str     0x000073ae      0x667 /tmp/ccTz51z9.debug.temp.o
 .debug_str     0x000073ae      0x23e /tmp/ccYAdyfA.debug.temp.o
 .debug_str     0x000073ae      0x263 /tmp/ccZmwTXm.debug.temp.o
 .debug_str     0x000073ae      0x5e1 /tmp/ccIFuc18.debug.temp.o
 .debug_str     0x000073ae      0x3d1 /tmp/ccAiW61K.debug.temp.o
 .debug_str     0x000073ae     0x1333 /tmp/ccYDDNuh.debug.temp.o
 .debug_str     0x000073ae      0xf2a /tmp/ccWZrIIr.debug.temp.o
 .debug_str     0x000073ae     0x1329 /tmp/ccwQZQrT.debug.temp.o
 .debug_str     0x000073ae     0x19d5 /tmp/cc2mE4Tt.debug.temp.o
 .debug_str     0x000073ae     0x1bbe /tmp/cc18JwUq.debug.temp.o
 .debug_str     0x000073ae     0x1f6b /tmp/ccXQotYS.debug.temp.o
 .debug_str     0x000073ae      0xf1e /tmp/cc2Xnp1J.debug.temp.o
 .debug_str     0x000073ae      0x861 /tmp/ccPtEbH0.debug.temp.o
 .debug_str     0x000073ae     0x2565 /tmp/ccgho257.debug.temp.o
 .debug_str     0x000073ae      0x50d /tmp/ccB2uuqy.debug.temp.o
 .debug_str     0x000073ae      0x3a7 /tmp/ccQkqsoJ.debug.temp.o
 .debug_str     0x000073ae     0x373c /tmp/ccOQJYnB.debug.temp.o
 .debug_str     0x000073ae     0x148d /tmp/cciKLBHD.debug.temp.o

.debug_line_str
                0x00000000     0x1bb3
 .debug_line_str
                0x00000000     0x1bb3 /tmp/ccJPImp6.ltrans0.ltrans.o
                                0x6cd (size before relaxing)
 .debug_line_str
                0x00001bb3      0x48c /tmp/ccsQSM2s.debug.temp.o
 .debug_line_str
                0x00001bb3      0x325 /tmp/ccv58JD0.debug.temp.o
 .debug_line_str
                0x00001bb3      0x156 /tmp/cc66M2M0.debug.temp.o
 .debug_line_str
                0x00001bb3      0x156 /tmp/ccDBDdyq.debug.temp.o
 .debug_line_str
                0x00001bb3      0x1a3 /tmp/ccfSy6nH.debug.temp.o
 .debug_line_str
                0x00001bb3      0x13f /tmp/cc4Cremx.debug.temp.o
 .debug_line_str
                0x00001bb3      0x12f /tmp/cc6Nrcoa.debug.temp.o
 .debug_line_str
                0x00001bb3      0x147 /tmp/cc1OwJWh.debug.temp.o
 .debug_line_str
                0x00001bb3      0x1a2 /tmp/ccnzFsFs.debug.temp.o
 .debug_line_str
                0x00001bb3      0x1fe /tmp/ccppxabE.debug.temp.o
 .debug_line_str
                0x00001bb3      0x1d3 /tmp/ccTz51z9.debug.temp.o
 .debug_line_str
                0x00001bb3      0x153 /tmp/ccYAdyfA.debug.temp.o
 .debug_line_str
                0x00001bb3      0x143 /tmp/ccZmwTXm.debug.temp.o
 .debug_line_str
                0x00001bb3      0x218 /tmp/ccIFuc18.debug.temp.o
 .debug_line_str
                0x00001bb3      0x15d /tmp/ccAiW61K.debug.temp.o
 .debug_line_str
                0x00001bb3      0x297 /tmp/ccYDDNuh.debug.temp.o
 .debug_line_str
                0x00001bb3      0x27a /tmp/ccWZrIIr.debug.temp.o
 .debug_line_str
                0x00001bb3      0x25f /tmp/ccwQZQrT.debug.temp.o
 .debug_line_str
                0x00001bb3      0x3c3 /tmp/cc2mE4Tt.debug.temp.o
 .debug_line_str
                0x00001bb3      0x314 /tmp/cc18JwUq.debug.temp.o
 .debug_line_str
                0x00001bb3      0x3c7 /tmp/ccXQotYS.debug.temp.o
 .debug_line_str
                0x00001bb3      0x334 /tmp/cc2Xnp1J.debug.temp.o
 .debug_line_str
                0x00001bb3      0x31b /tmp/ccPtEbH0.debug.temp.o
 .debug_line_str
                0x00001bb3      0x391 /tmp/ccgho257.debug.temp.o
 .debug_line_str
                0x00001bb3      0x2a4 /tmp/ccB2uuqy.debug.temp.o
 .debug_line_str
                0x00001bb3      0x28b /tmp/ccQkqsoJ.debug.temp.o
 .debug_line_str
                0x00001bb3      0x4b4 /tmp/ccOQJYnB.debug.temp.o
 .debug_line_str
                0x00001bb3      0x31e /tmp/cciKLBHD.debug.temp.o

.debug_frame    0x00000000      0x8b0
 .debug_frame   0x00000000      0x8b0 /tmp/ccJPImp6.ltrans0.ltrans.o
