/home/enyephy/edk2/edk2/Build/OvmfIa32/RELEASE_GCC5/IA32/ShellPkg/Application/Shell/Shell/OUTPUT/Shell.obj
/home/enyephy/edk2/edk2/Build/OvmfIa32/RELEASE_GCC5/IA32/ShellPkg/Application/Shell/Shell/OUTPUT/ShellParametersProtocol.obj
/home/enyephy/edk2/edk2/Build/OvmfIa32/RELEASE_GCC5/IA32/ShellPkg/Application/Shell/Shell/OUTPUT/ShellProtocol.obj
/home/enyephy/edk2/edk2/Build/OvmfIa32/RELEASE_GCC5/IA32/ShellPkg/Application/Shell/Shell/OUTPUT/FileHandleWrappers.obj
/home/enyephy/edk2/edk2/Build/OvmfIa32/RELEASE_GCC5/IA32/ShellPkg/Application/Shell/Shell/OUTPUT/ShellEnvVar.obj
/home/enyephy/edk2/edk2/Build/OvmfIa32/RELEASE_GCC5/IA32/ShellPkg/Application/Shell/Shell/OUTPUT/ShellManParser.obj
/home/enyephy/edk2/edk2/Build/OvmfIa32/RELEASE_GCC5/IA32/ShellPkg/Application/Shell/Shell/OUTPUT/ConsoleLogger.obj
/home/enyephy/edk2/edk2/Build/OvmfIa32/RELEASE_GCC5/IA32/ShellPkg/Application/Shell/Shell/OUTPUT/ConsoleWrappers.obj
/home/enyephy/edk2/edk2/Build/OvmfIa32/RELEASE_GCC5/IA32/ShellPkg/Application/Shell/Shell/OUTPUT/AutoGen.obj