Archive member included to satisfy reference by file (symbol)

/home/enyephy/edk2/edk2/Build/OvmfIa32/RELEASE_GCC5/IA32/NetworkPkg/DpcDxe/DpcDxe/OUTPUT/DpcDxe.lib(Dpc.obj)
                              (--whole-archive)
/home/enyephy/edk2/edk2/Build/OvmfIa32/RELEASE_GCC5/IA32/NetworkPkg/DpcDxe/DpcDxe/OUTPUT/DpcDxe.lib(AutoGen.obj)
                              (--whole-archive)
/home/enyephy/edk2/edk2/Build/OvmfIa32/RELEASE_GCC5/IA32/MdePkg/Library/RegisterFilterLibNull/RegisterFilterLibNull/OUTPUT/FilterLibNull.lib(RegisterFilterLibNull.obj)
                              (--whole-archive)
/home/enyephy/edk2/edk2/Build/OvmfIa32/RELEASE_GCC5/IA32/MdePkg/Library/DxePcdLib/DxePcdLib/OUTPUT/DxePcdLib.lib(DxePcdLib.obj)
                              (--whole-archive)
/home/enyephy/edk2/edk2/Build/OvmfIa32/RELEASE_GCC5/IA32/MdePkg/Library/BaseMemoryLibRepStr/BaseMemoryLibRepStr/OUTPUT/BaseMemoryLibRepStr.lib(ScanMem64Wrapper.obj)
                              (--whole-archive)
/home/enyephy/edk2/edk2/Build/OvmfIa32/RELEASE_GCC5/IA32/MdePkg/Library/BaseMemoryLibRepStr/BaseMemoryLibRepStr/OUTPUT/BaseMemoryLibRepStr.lib(ScanMem32Wrapper.obj)
                              (--whole-archive)
/home/enyephy/edk2/edk2/Build/OvmfIa32/RELEASE_GCC5/IA32/MdePkg/Library/BaseMemoryLibRepStr/BaseMemoryLibRepStr/OUTPUT/BaseMemoryLibRepStr.lib(ScanMem16Wrapper.obj)
                              (--whole-archive)
/home/enyephy/edk2/edk2/Build/OvmfIa32/RELEASE_GCC5/IA32/MdePkg/Library/BaseMemoryLibRepStr/BaseMemoryLibRepStr/OUTPUT/BaseMemoryLibRepStr.lib(ScanMem8Wrapper.obj)
                              (--whole-archive)
/home/enyephy/edk2/edk2/Build/OvmfIa32/RELEASE_GCC5/IA32/MdePkg/Library/BaseMemoryLibRepStr/BaseMemoryLibRepStr/OUTPUT/BaseMemoryLibRepStr.lib(ZeroMemWrapper.obj)
                              (--whole-archive)
/home/enyephy/edk2/edk2/Build/OvmfIa32/RELEASE_GCC5/IA32/MdePkg/Library/BaseMemoryLibRepStr/BaseMemoryLibRepStr/OUTPUT/BaseMemoryLibRepStr.lib(CompareMemWrapper.obj)
                              (--whole-archive)
/home/enyephy/edk2/edk2/Build/OvmfIa32/RELEASE_GCC5/IA32/MdePkg/Library/BaseMemoryLibRepStr/BaseMemoryLibRepStr/OUTPUT/BaseMemoryLibRepStr.lib(SetMemNWrapper.obj)
                              (--whole-archive)
/home/enyephy/edk2/edk2/Build/OvmfIa32/RELEASE_GCC5/IA32/MdePkg/Library/BaseMemoryLibRepStr/BaseMemoryLibRepStr/OUTPUT/BaseMemoryLibRepStr.lib(SetMem64Wrapper.obj)
                              (--whole-archive)
/home/enyephy/edk2/edk2/Build/OvmfIa32/RELEASE_GCC5/IA32/MdePkg/Library/BaseMemoryLibRepStr/BaseMemoryLibRepStr/OUTPUT/BaseMemoryLibRepStr.lib(SetMem32Wrapper.obj)
                              (--whole-archive)
/home/enyephy/edk2/edk2/Build/OvmfIa32/RELEASE_GCC5/IA32/MdePkg/Library/BaseMemoryLibRepStr/BaseMemoryLibRepStr/OUTPUT/BaseMemoryLibRepStr.lib(SetMem16Wrapper.obj)
                              (--whole-archive)
/home/enyephy/edk2/edk2/Build/OvmfIa32/RELEASE_GCC5/IA32/MdePkg/Library/BaseMemoryLibRepStr/BaseMemoryLibRepStr/OUTPUT/BaseMemoryLibRepStr.lib(SetMemWrapper.obj)
                              (--whole-archive)
/home/enyephy/edk2/edk2/Build/OvmfIa32/RELEASE_GCC5/IA32/MdePkg/Library/BaseMemoryLibRepStr/BaseMemoryLibRepStr/OUTPUT/BaseMemoryLibRepStr.lib(CopyMemWrapper.obj)
                              (--whole-archive)
/home/enyephy/edk2/edk2/Build/OvmfIa32/RELEASE_GCC5/IA32/MdePkg/Library/BaseMemoryLibRepStr/BaseMemoryLibRepStr/OUTPUT/BaseMemoryLibRepStr.lib(IsZeroBufferWrapper.obj)
                              (--whole-archive)
/home/enyephy/edk2/edk2/Build/OvmfIa32/RELEASE_GCC5/IA32/MdePkg/Library/BaseMemoryLibRepStr/BaseMemoryLibRepStr/OUTPUT/BaseMemoryLibRepStr.lib(MemLibGuid.obj)
                              (--whole-archive)
/home/enyephy/edk2/edk2/Build/OvmfIa32/RELEASE_GCC5/IA32/MdePkg/Library/BaseMemoryLibRepStr/BaseMemoryLibRepStr/OUTPUT/BaseMemoryLibRepStr.lib(ScanMem64.obj)
                              (--whole-archive)
/home/enyephy/edk2/edk2/Build/OvmfIa32/RELEASE_GCC5/IA32/MdePkg/Library/BaseMemoryLibRepStr/BaseMemoryLibRepStr/OUTPUT/BaseMemoryLibRepStr.lib(ScanMem32.obj)
                              (--whole-archive)
/home/enyephy/edk2/edk2/Build/OvmfIa32/RELEASE_GCC5/IA32/MdePkg/Library/BaseMemoryLibRepStr/BaseMemoryLibRepStr/OUTPUT/BaseMemoryLibRepStr.lib(ScanMem16.obj)
                              (--whole-archive)
/home/enyephy/edk2/edk2/Build/OvmfIa32/RELEASE_GCC5/IA32/MdePkg/Library/BaseMemoryLibRepStr/BaseMemoryLibRepStr/OUTPUT/BaseMemoryLibRepStr.lib(ScanMem8.obj)
                              (--whole-archive)
/home/enyephy/edk2/edk2/Build/OvmfIa32/RELEASE_GCC5/IA32/MdePkg/Library/BaseMemoryLibRepStr/BaseMemoryLibRepStr/OUTPUT/BaseMemoryLibRepStr.lib(CompareMem.obj)
                              (--whole-archive)
/home/enyephy/edk2/edk2/Build/OvmfIa32/RELEASE_GCC5/IA32/MdePkg/Library/BaseMemoryLibRepStr/BaseMemoryLibRepStr/OUTPUT/BaseMemoryLibRepStr.lib(ZeroMem.obj)
                              (--whole-archive)
/home/enyephy/edk2/edk2/Build/OvmfIa32/RELEASE_GCC5/IA32/MdePkg/Library/BaseMemoryLibRepStr/BaseMemoryLibRepStr/OUTPUT/BaseMemoryLibRepStr.lib(SetMem64.obj)
                              (--whole-archive)
/home/enyephy/edk2/edk2/Build/OvmfIa32/RELEASE_GCC5/IA32/MdePkg/Library/BaseMemoryLibRepStr/BaseMemoryLibRepStr/OUTPUT/BaseMemoryLibRepStr.lib(SetMem32.obj)
                              (--whole-archive)
/home/enyephy/edk2/edk2/Build/OvmfIa32/RELEASE_GCC5/IA32/MdePkg/Library/BaseMemoryLibRepStr/BaseMemoryLibRepStr/OUTPUT/BaseMemoryLibRepStr.lib(SetMem16.obj)
                              (--whole-archive)
/home/enyephy/edk2/edk2/Build/OvmfIa32/RELEASE_GCC5/IA32/MdePkg/Library/BaseMemoryLibRepStr/BaseMemoryLibRepStr/OUTPUT/BaseMemoryLibRepStr.lib(SetMem.obj)
                              (--whole-archive)
/home/enyephy/edk2/edk2/Build/OvmfIa32/RELEASE_GCC5/IA32/MdePkg/Library/BaseMemoryLibRepStr/BaseMemoryLibRepStr/OUTPUT/BaseMemoryLibRepStr.lib(CopyMem.obj)
                              (--whole-archive)
/home/enyephy/edk2/edk2/Build/OvmfIa32/RELEASE_GCC5/IA32/MdePkg/Library/BaseMemoryLibRepStr/BaseMemoryLibRepStr/OUTPUT/BaseMemoryLibRepStr.lib(IsZeroBuffer.obj)
                              (--whole-archive)
/home/enyephy/edk2/edk2/Build/OvmfIa32/RELEASE_GCC5/IA32/MdePkg/Library/BaseLib/BaseLib/OUTPUT/BaseLib.lib(CheckSum.obj)
                              (--whole-archive)
/home/enyephy/edk2/edk2/Build/OvmfIa32/RELEASE_GCC5/IA32/MdePkg/Library/BaseLib/BaseLib/OUTPUT/BaseLib.lib(SwitchStack.obj)
                              (--whole-archive)
/home/enyephy/edk2/edk2/Build/OvmfIa32/RELEASE_GCC5/IA32/MdePkg/Library/BaseLib/BaseLib/OUTPUT/BaseLib.lib(SwapBytes64.obj)
                              (--whole-archive)
/home/enyephy/edk2/edk2/Build/OvmfIa32/RELEASE_GCC5/IA32/MdePkg/Library/BaseLib/BaseLib/OUTPUT/BaseLib.lib(SwapBytes32.obj)
                              (--whole-archive)
/home/enyephy/edk2/edk2/Build/OvmfIa32/RELEASE_GCC5/IA32/MdePkg/Library/BaseLib/BaseLib/OUTPUT/BaseLib.lib(SwapBytes16.obj)
                              (--whole-archive)
/home/enyephy/edk2/edk2/Build/OvmfIa32/RELEASE_GCC5/IA32/MdePkg/Library/BaseLib/BaseLib/OUTPUT/BaseLib.lib(LongJump.obj)
                              (--whole-archive)
/home/enyephy/edk2/edk2/Build/OvmfIa32/RELEASE_GCC5/IA32/MdePkg/Library/BaseLib/BaseLib/OUTPUT/BaseLib.lib(SetJump.obj)
                              (--whole-archive)
/home/enyephy/edk2/edk2/Build/OvmfIa32/RELEASE_GCC5/IA32/MdePkg/Library/BaseLib/BaseLib/OUTPUT/BaseLib.lib(QuickSort.obj)
                              (--whole-archive)
/home/enyephy/edk2/edk2/Build/OvmfIa32/RELEASE_GCC5/IA32/MdePkg/Library/BaseLib/BaseLib/OUTPUT/BaseLib.lib(RShiftU64.obj)
                              (--whole-archive)
/home/enyephy/edk2/edk2/Build/OvmfIa32/RELEASE_GCC5/IA32/MdePkg/Library/BaseLib/BaseLib/OUTPUT/BaseLib.lib(RRotU64.obj)
                              (--whole-archive)
/home/enyephy/edk2/edk2/Build/OvmfIa32/RELEASE_GCC5/IA32/MdePkg/Library/BaseLib/BaseLib/OUTPUT/BaseLib.lib(RRotU32.obj)
                              (--whole-archive)
/home/enyephy/edk2/edk2/Build/OvmfIa32/RELEASE_GCC5/IA32/MdePkg/Library/BaseLib/BaseLib/OUTPUT/BaseLib.lib(MultU64x64.obj)
                              (--whole-archive)
/home/enyephy/edk2/edk2/Build/OvmfIa32/RELEASE_GCC5/IA32/MdePkg/Library/BaseLib/BaseLib/OUTPUT/BaseLib.lib(MultU64x32.obj)
                              (--whole-archive)
/home/enyephy/edk2/edk2/Build/OvmfIa32/RELEASE_GCC5/IA32/MdePkg/Library/BaseLib/BaseLib/OUTPUT/BaseLib.lib(MultS64x64.obj)
                              (--whole-archive)
/home/enyephy/edk2/edk2/Build/OvmfIa32/RELEASE_GCC5/IA32/MdePkg/Library/BaseLib/BaseLib/OUTPUT/BaseLib.lib(ModU64x32.obj)
                              (--whole-archive)
/home/enyephy/edk2/edk2/Build/OvmfIa32/RELEASE_GCC5/IA32/MdePkg/Library/BaseLib/BaseLib/OUTPUT/BaseLib.lib(LShiftU64.obj)
                              (--whole-archive)
/home/enyephy/edk2/edk2/Build/OvmfIa32/RELEASE_GCC5/IA32/MdePkg/Library/BaseLib/BaseLib/OUTPUT/BaseLib.lib(LRotU64.obj)
                              (--whole-archive)
/home/enyephy/edk2/edk2/Build/OvmfIa32/RELEASE_GCC5/IA32/MdePkg/Library/BaseLib/BaseLib/OUTPUT/BaseLib.lib(LRotU32.obj)
                              (--whole-archive)
/home/enyephy/edk2/edk2/Build/OvmfIa32/RELEASE_GCC5/IA32/MdePkg/Library/BaseLib/BaseLib/OUTPUT/BaseLib.lib(LowBitSet64.obj)
                              (--whole-archive)
/home/enyephy/edk2/edk2/Build/OvmfIa32/RELEASE_GCC5/IA32/MdePkg/Library/BaseLib/BaseLib/OUTPUT/BaseLib.lib(LowBitSet32.obj)
                              (--whole-archive)
/home/enyephy/edk2/edk2/Build/OvmfIa32/RELEASE_GCC5/IA32/MdePkg/Library/BaseLib/BaseLib/OUTPUT/BaseLib.lib(HighBitSet64.obj)
                              (--whole-archive)
/home/enyephy/edk2/edk2/Build/OvmfIa32/RELEASE_GCC5/IA32/MdePkg/Library/BaseLib/BaseLib/OUTPUT/BaseLib.lib(HighBitSet32.obj)
                              (--whole-archive)
/home/enyephy/edk2/edk2/Build/OvmfIa32/RELEASE_GCC5/IA32/MdePkg/Library/BaseLib/BaseLib/OUTPUT/BaseLib.lib(GetPowerOfTwo64.obj)
                              (--whole-archive)
/home/enyephy/edk2/edk2/Build/OvmfIa32/RELEASE_GCC5/IA32/MdePkg/Library/BaseLib/BaseLib/OUTPUT/BaseLib.lib(GetPowerOfTwo32.obj)
                              (--whole-archive)
/home/enyephy/edk2/edk2/Build/OvmfIa32/RELEASE_GCC5/IA32/MdePkg/Library/BaseLib/BaseLib/OUTPUT/BaseLib.lib(DivU64x64Remainder.obj)
                              (--whole-archive)
/home/enyephy/edk2/edk2/Build/OvmfIa32/RELEASE_GCC5/IA32/MdePkg/Library/BaseLib/BaseLib/OUTPUT/BaseLib.lib(DivU64x32Remainder.obj)
                              (--whole-archive)
/home/enyephy/edk2/edk2/Build/OvmfIa32/RELEASE_GCC5/IA32/MdePkg/Library/BaseLib/BaseLib/OUTPUT/BaseLib.lib(DivU64x32.obj)
                              (--whole-archive)
/home/enyephy/edk2/edk2/Build/OvmfIa32/RELEASE_GCC5/IA32/MdePkg/Library/BaseLib/BaseLib/OUTPUT/BaseLib.lib(DivS64x64Remainder.obj)
                              (--whole-archive)
/home/enyephy/edk2/edk2/Build/OvmfIa32/RELEASE_GCC5/IA32/MdePkg/Library/BaseLib/BaseLib/OUTPUT/BaseLib.lib(ARShiftU64.obj)
                              (--whole-archive)
/home/enyephy/edk2/edk2/Build/OvmfIa32/RELEASE_GCC5/IA32/MdePkg/Library/BaseLib/BaseLib/OUTPUT/BaseLib.lib(BitField.obj)
                              (--whole-archive)
/home/enyephy/edk2/edk2/Build/OvmfIa32/RELEASE_GCC5/IA32/MdePkg/Library/BaseLib/BaseLib/OUTPUT/BaseLib.lib(CpuDeadLoop.obj)
                              (--whole-archive)
/home/enyephy/edk2/edk2/Build/OvmfIa32/RELEASE_GCC5/IA32/MdePkg/Library/BaseLib/BaseLib/OUTPUT/BaseLib.lib(Cpu.obj)
                              (--whole-archive)
/home/enyephy/edk2/edk2/Build/OvmfIa32/RELEASE_GCC5/IA32/MdePkg/Library/BaseLib/BaseLib/OUTPUT/BaseLib.lib(LinkedList.obj)
                              (--whole-archive)
/home/enyephy/edk2/edk2/Build/OvmfIa32/RELEASE_GCC5/IA32/MdePkg/Library/BaseLib/BaseLib/OUTPUT/BaseLib.lib(SafeString.obj)
                              (--whole-archive)
/home/enyephy/edk2/edk2/Build/OvmfIa32/RELEASE_GCC5/IA32/MdePkg/Library/BaseLib/BaseLib/OUTPUT/BaseLib.lib(String.obj)
                              (--whole-archive)
/home/enyephy/edk2/edk2/Build/OvmfIa32/RELEASE_GCC5/IA32/MdePkg/Library/BaseLib/BaseLib/OUTPUT/BaseLib.lib(FilePaths.obj)
                              (--whole-archive)
/home/enyephy/edk2/edk2/Build/OvmfIa32/RELEASE_GCC5/IA32/MdePkg/Library/BaseLib/BaseLib/OUTPUT/BaseLib.lib(WriteTr.obj)
                              (--whole-archive)
/home/enyephy/edk2/edk2/Build/OvmfIa32/RELEASE_GCC5/IA32/MdePkg/Library/BaseLib/BaseLib/OUTPUT/BaseLib.lib(Lfence.obj)
                              (--whole-archive)
/home/enyephy/edk2/edk2/Build/OvmfIa32/RELEASE_GCC5/IA32/MdePkg/Library/BaseLib/BaseLib/OUTPUT/BaseLib.lib(GccInline.obj)
                              (--whole-archive)
/home/enyephy/edk2/edk2/Build/OvmfIa32/RELEASE_GCC5/IA32/MdePkg/Library/BaseLib/BaseLib/OUTPUT/BaseLib.lib(GccInlinePriv.obj)
                              (--whole-archive)
/home/enyephy/edk2/edk2/Build/OvmfIa32/RELEASE_GCC5/IA32/MdePkg/Library/BaseLib/BaseLib/OUTPUT/BaseLib.lib(Thunk16.obj)
                              (--whole-archive)
/home/enyephy/edk2/edk2/Build/OvmfIa32/RELEASE_GCC5/IA32/MdePkg/Library/BaseLib/BaseLib/OUTPUT/BaseLib.lib(EnableDisableInterrupts.obj)
                              (--whole-archive)
/home/enyephy/edk2/edk2/Build/OvmfIa32/RELEASE_GCC5/IA32/MdePkg/Library/BaseLib/BaseLib/OUTPUT/BaseLib.lib(EnablePaging64.obj)
                              (--whole-archive)
/home/enyephy/edk2/edk2/Build/OvmfIa32/RELEASE_GCC5/IA32/MdePkg/Library/BaseLib/BaseLib/OUTPUT/BaseLib.lib(DisablePaging32.obj)
                              (--whole-archive)
/home/enyephy/edk2/edk2/Build/OvmfIa32/RELEASE_GCC5/IA32/MdePkg/Library/BaseLib/BaseLib/OUTPUT/BaseLib.lib(EnablePaging32.obj)
                              (--whole-archive)
/home/enyephy/edk2/edk2/Build/OvmfIa32/RELEASE_GCC5/IA32/MdePkg/Library/BaseLib/BaseLib/OUTPUT/BaseLib.lib(Mwait.obj)
                              (--whole-archive)
/home/enyephy/edk2/edk2/Build/OvmfIa32/RELEASE_GCC5/IA32/MdePkg/Library/BaseLib/BaseLib/OUTPUT/BaseLib.lib(Monitor.obj)
                              (--whole-archive)
/home/enyephy/edk2/edk2/Build/OvmfIa32/RELEASE_GCC5/IA32/MdePkg/Library/BaseLib/BaseLib/OUTPUT/BaseLib.lib(CpuIdEx.obj)
                              (--whole-archive)
/home/enyephy/edk2/edk2/Build/OvmfIa32/RELEASE_GCC5/IA32/MdePkg/Library/BaseLib/BaseLib/OUTPUT/BaseLib.lib(CpuId.obj)
                              (--whole-archive)
/home/enyephy/edk2/edk2/Build/OvmfIa32/RELEASE_GCC5/IA32/MdePkg/Library/BaseLib/BaseLib/OUTPUT/BaseLib.lib(LongJump.obj)
                              (--whole-archive)
/home/enyephy/edk2/edk2/Build/OvmfIa32/RELEASE_GCC5/IA32/MdePkg/Library/BaseLib/BaseLib/OUTPUT/BaseLib.lib(SetJump.obj)
                              (--whole-archive)
/home/enyephy/edk2/edk2/Build/OvmfIa32/RELEASE_GCC5/IA32/MdePkg/Library/BaseLib/BaseLib/OUTPUT/BaseLib.lib(SwapBytes64.obj)
                              (--whole-archive)
/home/enyephy/edk2/edk2/Build/OvmfIa32/RELEASE_GCC5/IA32/MdePkg/Library/BaseLib/BaseLib/OUTPUT/BaseLib.lib(DivU64x64Remainder.obj)
                              (--whole-archive)
/home/enyephy/edk2/edk2/Build/OvmfIa32/RELEASE_GCC5/IA32/MdePkg/Library/BaseLib/BaseLib/OUTPUT/BaseLib.lib(DivU64x32Remainder.obj)
                              (--whole-archive)
/home/enyephy/edk2/edk2/Build/OvmfIa32/RELEASE_GCC5/IA32/MdePkg/Library/BaseLib/BaseLib/OUTPUT/BaseLib.lib(ModU64x32.obj)
                              (--whole-archive)
/home/enyephy/edk2/edk2/Build/OvmfIa32/RELEASE_GCC5/IA32/MdePkg/Library/BaseLib/BaseLib/OUTPUT/BaseLib.lib(DivU64x32.obj)
                              (--whole-archive)
/home/enyephy/edk2/edk2/Build/OvmfIa32/RELEASE_GCC5/IA32/MdePkg/Library/BaseLib/BaseLib/OUTPUT/BaseLib.lib(MultU64x64.obj)
                              (--whole-archive)
/home/enyephy/edk2/edk2/Build/OvmfIa32/RELEASE_GCC5/IA32/MdePkg/Library/BaseLib/BaseLib/OUTPUT/BaseLib.lib(MultU64x32.obj)
                              (--whole-archive)
/home/enyephy/edk2/edk2/Build/OvmfIa32/RELEASE_GCC5/IA32/MdePkg/Library/BaseLib/BaseLib/OUTPUT/BaseLib.lib(RRotU64.obj)
                              (--whole-archive)
/home/enyephy/edk2/edk2/Build/OvmfIa32/RELEASE_GCC5/IA32/MdePkg/Library/BaseLib/BaseLib/OUTPUT/BaseLib.lib(LRotU64.obj)
                              (--whole-archive)
/home/enyephy/edk2/edk2/Build/OvmfIa32/RELEASE_GCC5/IA32/MdePkg/Library/BaseLib/BaseLib/OUTPUT/BaseLib.lib(ARShiftU64.obj)
                              (--whole-archive)
/home/enyephy/edk2/edk2/Build/OvmfIa32/RELEASE_GCC5/IA32/MdePkg/Library/BaseLib/BaseLib/OUTPUT/BaseLib.lib(RShiftU64.obj)
                              (--whole-archive)
/home/enyephy/edk2/edk2/Build/OvmfIa32/RELEASE_GCC5/IA32/MdePkg/Library/BaseLib/BaseLib/OUTPUT/BaseLib.lib(LShiftU64.obj)
                              (--whole-archive)
/home/enyephy/edk2/edk2/Build/OvmfIa32/RELEASE_GCC5/IA32/MdePkg/Library/BaseLib/BaseLib/OUTPUT/BaseLib.lib(EnableCache.obj)
                              (--whole-archive)
/home/enyephy/edk2/edk2/Build/OvmfIa32/RELEASE_GCC5/IA32/MdePkg/Library/BaseLib/BaseLib/OUTPUT/BaseLib.lib(DisableCache.obj)
                              (--whole-archive)
/home/enyephy/edk2/edk2/Build/OvmfIa32/RELEASE_GCC5/IA32/MdePkg/Library/BaseLib/BaseLib/OUTPUT/BaseLib.lib(RdRand.obj)
                              (--whole-archive)
/home/enyephy/edk2/edk2/Build/OvmfIa32/RELEASE_GCC5/IA32/MdePkg/Library/BaseLib/BaseLib/OUTPUT/BaseLib.lib(XGetBv.obj)
                              (--whole-archive)
/home/enyephy/edk2/edk2/Build/OvmfIa32/RELEASE_GCC5/IA32/MdePkg/Library/BaseLib/BaseLib/OUTPUT/BaseLib.lib(XSetBv.obj)
                              (--whole-archive)
/home/enyephy/edk2/edk2/Build/OvmfIa32/RELEASE_GCC5/IA32/MdePkg/Library/BaseLib/BaseLib/OUTPUT/BaseLib.lib(VmgExit.obj)
                              (--whole-archive)
/home/enyephy/edk2/edk2/Build/OvmfIa32/RELEASE_GCC5/IA32/MdePkg/Library/BaseLib/BaseLib/OUTPUT/BaseLib.lib(VmgExitSvsm.obj)
                              (--whole-archive)
/home/enyephy/edk2/edk2/Build/OvmfIa32/RELEASE_GCC5/IA32/MdePkg/Library/BaseLib/BaseLib/OUTPUT/BaseLib.lib(DivS64x64Remainder.obj)
                              (--whole-archive)
/home/enyephy/edk2/edk2/Build/OvmfIa32/RELEASE_GCC5/IA32/MdePkg/Library/BaseLib/BaseLib/OUTPUT/BaseLib.lib(InternalSwitchStack.obj)
                              (--whole-archive)
/home/enyephy/edk2/edk2/Build/OvmfIa32/RELEASE_GCC5/IA32/MdePkg/Library/BaseLib/BaseLib/OUTPUT/BaseLib.lib(Non-existing.obj)
                              (--whole-archive)
/home/enyephy/edk2/edk2/Build/OvmfIa32/RELEASE_GCC5/IA32/MdePkg/Library/BaseLib/BaseLib/OUTPUT/BaseLib.lib(Unaligned.obj)
                              (--whole-archive)
/home/enyephy/edk2/edk2/Build/OvmfIa32/RELEASE_GCC5/IA32/MdePkg/Library/BaseLib/BaseLib/OUTPUT/BaseLib.lib(X86WriteIdtr.obj)
                              (--whole-archive)
/home/enyephy/edk2/edk2/Build/OvmfIa32/RELEASE_GCC5/IA32/MdePkg/Library/BaseLib/BaseLib/OUTPUT/BaseLib.lib(X86WriteGdtr.obj)
                              (--whole-archive)
/home/enyephy/edk2/edk2/Build/OvmfIa32/RELEASE_GCC5/IA32/MdePkg/Library/BaseLib/BaseLib/OUTPUT/BaseLib.lib(X86Thunk.obj)
                              (--whole-archive)
/home/enyephy/edk2/edk2/Build/OvmfIa32/RELEASE_GCC5/IA32/MdePkg/Library/BaseLib/BaseLib/OUTPUT/BaseLib.lib(X86ReadIdtr.obj)
                              (--whole-archive)
/home/enyephy/edk2/edk2/Build/OvmfIa32/RELEASE_GCC5/IA32/MdePkg/Library/BaseLib/BaseLib/OUTPUT/BaseLib.lib(X86ReadGdtr.obj)
                              (--whole-archive)
/home/enyephy/edk2/edk2/Build/OvmfIa32/RELEASE_GCC5/IA32/MdePkg/Library/BaseLib/BaseLib/OUTPUT/BaseLib.lib(X86Msr.obj)
                              (--whole-archive)
/home/enyephy/edk2/edk2/Build/OvmfIa32/RELEASE_GCC5/IA32/MdePkg/Library/BaseLib/BaseLib/OUTPUT/BaseLib.lib(X86GetInterruptState.obj)
                              (--whole-archive)
/home/enyephy/edk2/edk2/Build/OvmfIa32/RELEASE_GCC5/IA32/MdePkg/Library/BaseLib/BaseLib/OUTPUT/BaseLib.lib(X86FxSave.obj)
                              (--whole-archive)
/home/enyephy/edk2/edk2/Build/OvmfIa32/RELEASE_GCC5/IA32/MdePkg/Library/BaseLib/BaseLib/OUTPUT/BaseLib.lib(X86FxRestore.obj)
                              (--whole-archive)
/home/enyephy/edk2/edk2/Build/OvmfIa32/RELEASE_GCC5/IA32/MdePkg/Library/BaseLib/BaseLib/OUTPUT/BaseLib.lib(X86EnablePaging64.obj)
                              (--whole-archive)
/home/enyephy/edk2/edk2/Build/OvmfIa32/RELEASE_GCC5/IA32/MdePkg/Library/BaseLib/BaseLib/OUTPUT/BaseLib.lib(X86EnablePaging32.obj)
                              (--whole-archive)
/home/enyephy/edk2/edk2/Build/OvmfIa32/RELEASE_GCC5/IA32/MdePkg/Library/BaseLib/BaseLib/OUTPUT/BaseLib.lib(X86DisablePaging64.obj)
                              (--whole-archive)
/home/enyephy/edk2/edk2/Build/OvmfIa32/RELEASE_GCC5/IA32/MdePkg/Library/BaseLib/BaseLib/OUTPUT/BaseLib.lib(X86DisablePaging32.obj)
                              (--whole-archive)
/home/enyephy/edk2/edk2/Build/OvmfIa32/RELEASE_GCC5/IA32/MdePkg/Library/BaseLib/BaseLib/OUTPUT/BaseLib.lib(X86RdRand.obj)
                              (--whole-archive)
/home/enyephy/edk2/edk2/Build/OvmfIa32/RELEASE_GCC5/IA32/MdePkg/Library/BaseLib/BaseLib/OUTPUT/BaseLib.lib(X86PatchInstruction.obj)
                              (--whole-archive)
/home/enyephy/edk2/edk2/Build/OvmfIa32/RELEASE_GCC5/IA32/MdePkg/Library/BaseLib/BaseLib/OUTPUT/BaseLib.lib(X86SpeculationBarrier.obj)
                              (--whole-archive)
/home/enyephy/edk2/edk2/Build/OvmfIa32/RELEASE_GCC5/IA32/MdePkg/Library/BaseLib/BaseLib/OUTPUT/BaseLib.lib(IntelTdxNull.obj)
                              (--whole-archive)
/home/enyephy/edk2/edk2/Build/OvmfIa32/RELEASE_GCC5/IA32/MdePkg/Library/CcProbeLibNull/CcProbeLibNull/OUTPUT/CcProbeLibNull.lib(CcProbeLibNull.obj)
                              (--whole-archive)
/home/enyephy/edk2/edk2/Build/OvmfIa32/RELEASE_GCC5/IA32/MdePkg/Library/BaseDebugPrintErrorLevelLib/BaseDebugPrintErrorLevelLib/OUTPUT/BaseDebugPrintErrorLevelLib.lib(BaseDebugPrintErrorLevelLib.obj)
                              (--whole-archive)
/home/enyephy/edk2/edk2/Build/OvmfIa32/RELEASE_GCC5/IA32/MdePkg/Library/BasePrintLib/BasePrintLib/OUTPUT/BasePrintLib.lib(PrintLibInternal.obj)
                              (--whole-archive)
/home/enyephy/edk2/edk2/Build/OvmfIa32/RELEASE_GCC5/IA32/MdePkg/Library/BasePrintLib/BasePrintLib/OUTPUT/BasePrintLib.lib(PrintLib.obj)
                              (--whole-archive)
/home/enyephy/edk2/edk2/Build/OvmfIa32/RELEASE_GCC5/IA32/MdePkg/Library/BaseIoLibIntrinsic/BaseIoLibIntrinsicSev/OUTPUT/BaseIoLibIntrinsicSev.lib(IoLibMmioBuffer.obj)
                              (--whole-archive)
/home/enyephy/edk2/edk2/Build/OvmfIa32/RELEASE_GCC5/IA32/MdePkg/Library/BaseIoLibIntrinsic/BaseIoLibIntrinsicSev/OUTPUT/BaseIoLibIntrinsicSev.lib(IoHighLevel.obj)
                              (--whole-archive)
/home/enyephy/edk2/edk2/Build/OvmfIa32/RELEASE_GCC5/IA32/MdePkg/Library/BaseIoLibIntrinsic/BaseIoLibIntrinsicSev/OUTPUT/BaseIoLibIntrinsicSev.lib(IoLibGcc.obj)
                              (--whole-archive)
/home/enyephy/edk2/edk2/Build/OvmfIa32/RELEASE_GCC5/IA32/MdePkg/Library/BaseIoLibIntrinsic/BaseIoLibIntrinsicSev/OUTPUT/BaseIoLibIntrinsicSev.lib(IoLib.obj)
                              (--whole-archive)
/home/enyephy/edk2/edk2/Build/OvmfIa32/RELEASE_GCC5/IA32/MdePkg/Library/BaseIoLibIntrinsic/BaseIoLibIntrinsicSev/OUTPUT/BaseIoLibIntrinsicSev.lib(IoLibInternalTdxNull.obj)
                              (--whole-archive)
/home/enyephy/edk2/edk2/Build/OvmfIa32/RELEASE_GCC5/IA32/MdePkg/Library/BaseIoLibIntrinsic/BaseIoLibIntrinsicSev/OUTPUT/BaseIoLibIntrinsicSev.lib(IoFifoSev.obj)
                              (--whole-archive)
/home/enyephy/edk2/edk2/Build/OvmfIa32/RELEASE_GCC5/IA32/OvmfPkg/Library/PlatformDebugLibIoPort/PlatformDebugLibIoPort/OUTPUT/PlatformDebugLibIoPort.lib(DebugIoPortQemu.obj)
                              (--whole-archive)
/home/enyephy/edk2/edk2/Build/OvmfIa32/RELEASE_GCC5/IA32/OvmfPkg/Library/PlatformDebugLibIoPort/PlatformDebugLibIoPort/OUTPUT/PlatformDebugLibIoPort.lib(DebugLib.obj)
                              (--whole-archive)
/home/enyephy/edk2/edk2/Build/OvmfIa32/RELEASE_GCC5/IA32/OvmfPkg/Library/PlatformDebugLibIoPort/PlatformDebugLibIoPort/OUTPUT/PlatformDebugLibIoPort.lib(DebugLibDetect.obj)
                              (--whole-archive)
/home/enyephy/edk2/edk2/Build/OvmfIa32/RELEASE_GCC5/IA32/MdePkg/Library/UefiBootServicesTableLib/UefiBootServicesTableLib/OUTPUT/UefiBootServicesTableLib.lib(UefiBootServicesTableLib.obj)
                              (--whole-archive)
/home/enyephy/edk2/edk2/Build/OvmfIa32/RELEASE_GCC5/IA32/MdePkg/Library/UefiDriverEntryPoint/UefiDriverEntryPoint/OUTPUT/UefiDriverEntryPoint.lib(DriverEntryPoint.obj)
                              (--whole-archive)
/home/enyephy/edk2/edk2/Build/OvmfIa32/RELEASE_GCC5/IA32/MdePkg/Library/UefiMemoryAllocationLib/UefiMemoryAllocationLib/OUTPUT/UefiMemoryAllocationLib.lib(MemoryAllocationLib.obj)
                              (--whole-archive)
/home/enyephy/edk2/edk2/Build/OvmfIa32/RELEASE_GCC5/IA32/MdePkg/Library/StackCheckLibNull/StackCheckLibNull/OUTPUT/StackCheckLibNull.lib(StackCheckLibNullGcc.obj)
                              (--whole-archive)

Discarded input sections

 .text          0x00000000        0x0 /tmp/ccjYSLUG.ltrans0.ltrans.o
 .data          0x00000000        0x0 /tmp/ccjYSLUG.ltrans0.ltrans.o
 .bss           0x00000000        0x0 /tmp/ccjYSLUG.ltrans0.ltrans.o
 .text._DriverUnloadHandler
                0x00000000        0x3 /tmp/ccjYSLUG.ltrans0.ltrans.o
 .text.InternalAssertJumpBuffer
                0x00000000        0x1 /tmp/ccjYSLUG.ltrans0.ltrans.o
 .rodata._gPcd_FixedAtBuild_PcdControlFlowEnforcementPropertyMask
                0x00000000        0x4 /tmp/ccjYSLUG.ltrans0.ltrans.o
 .bss.mDeadLoopComparator
                0x00000000        0x4 /tmp/ccjYSLUG.ltrans0.ltrans.o
 .comment       0x00000000       0x27 /tmp/ccjYSLUG.ltrans0.ltrans.o
 .note.GNU-stack
                0x00000000        0x0 /tmp/ccjYSLUG.ltrans0.ltrans.o
 .comment       0x00000000       0x27 /tmp/ccJAEK74.debug.temp.o
 .note.GNU-stack
                0x00000000        0x0 /tmp/ccJAEK74.debug.temp.o
 .comment       0x00000000       0x27 /tmp/cc6N6BL4.debug.temp.o
 .note.GNU-stack
                0x00000000        0x0 /tmp/cc6N6BL4.debug.temp.o
 .debug_info    0x00000000      0x2c8 /tmp/ccfsDdEg.debug.temp.o
 .debug_abbrev  0x00000000       0xd3 /tmp/ccfsDdEg.debug.temp.o
 .debug_line    0x00000000       0x4c /tmp/ccfsDdEg.debug.temp.o
 .debug_str     0x00000000      0x31b /tmp/ccfsDdEg.debug.temp.o
 .debug_line_str
                0x00000000      0x19d /tmp/ccfsDdEg.debug.temp.o
 .comment       0x00000000       0x27 /tmp/ccfsDdEg.debug.temp.o
 .note.GNU-stack
                0x00000000        0x0 /tmp/ccfsDdEg.debug.temp.o
 .debug_info    0x00000000     0x2075 /tmp/cc0LOiUi.debug.temp.o
 .debug_abbrev  0x00000000      0x24e /tmp/cc0LOiUi.debug.temp.o
 .debug_line    0x00000000       0xa1 /tmp/cc0LOiUi.debug.temp.o
 .debug_str     0x00000000     0x187e /tmp/cc0LOiUi.debug.temp.o
 .debug_line_str
                0x00000000      0x300 /tmp/cc0LOiUi.debug.temp.o
 .comment       0x00000000       0x27 /tmp/cc0LOiUi.debug.temp.o
 .note.GNU-stack
                0x00000000        0x0 /tmp/cc0LOiUi.debug.temp.o
 .debug_info    0x00000000       0xd6 /tmp/cc69lR0O.debug.temp.o
 .debug_abbrev  0x00000000       0x8c /tmp/cc69lR0O.debug.temp.o
 .debug_line    0x00000000       0x48 /tmp/cc69lR0O.debug.temp.o
 .debug_str     0x00000000      0x1ee /tmp/cc69lR0O.debug.temp.o
 .debug_line_str
                0x00000000      0x15a /tmp/cc69lR0O.debug.temp.o
 .comment       0x00000000       0x27 /tmp/cc69lR0O.debug.temp.o
 .note.GNU-stack
                0x00000000        0x0 /tmp/cc69lR0O.debug.temp.o
 .debug_info    0x00000000       0xcb /tmp/cchQNqmv.debug.temp.o
 .debug_abbrev  0x00000000       0x8c /tmp/cchQNqmv.debug.temp.o
 .debug_line    0x00000000       0x48 /tmp/cchQNqmv.debug.temp.o
 .debug_str     0x00000000      0x1e7 /tmp/cchQNqmv.debug.temp.o
 .debug_line_str
                0x00000000      0x15a /tmp/cchQNqmv.debug.temp.o
 .comment       0x00000000       0x27 /tmp/cchQNqmv.debug.temp.o
 .note.GNU-stack
                0x00000000        0x0 /tmp/cchQNqmv.debug.temp.o
 .debug_info    0x00000000       0xd6 /tmp/ccmbAl3Y.debug.temp.o
 .debug_abbrev  0x00000000       0x8c /tmp/ccmbAl3Y.debug.temp.o
 .debug_line    0x00000000       0x48 /tmp/ccmbAl3Y.debug.temp.o
 .debug_str     0x00000000      0x1ee /tmp/ccmbAl3Y.debug.temp.o
 .debug_line_str
                0x00000000      0x15a /tmp/ccmbAl3Y.debug.temp.o
 .comment       0x00000000       0x27 /tmp/ccmbAl3Y.debug.temp.o
 .note.GNU-stack
                0x00000000        0x0 /tmp/ccmbAl3Y.debug.temp.o
 .debug_info    0x00000000      0x134 /tmp/cch2EhDR.debug.temp.o
 .debug_abbrev  0x00000000       0xb8 /tmp/cch2EhDR.debug.temp.o
 .debug_line    0x00000000       0x51 /tmp/cch2EhDR.debug.temp.o
 .debug_str     0x00000000      0x205 /tmp/cch2EhDR.debug.temp.o
 .debug_line_str
                0x00000000      0x197 /tmp/cch2EhDR.debug.temp.o
 .comment       0x00000000       0x27 /tmp/cch2EhDR.debug.temp.o
 .note.GNU-stack
                0x00000000        0x0 /tmp/cch2EhDR.debug.temp.o
 .debug_info    0x00000000       0xb4 /tmp/ccIxF0SP.debug.temp.o
 .debug_abbrev  0x00000000       0x7e /tmp/ccIxF0SP.debug.temp.o
 .debug_line    0x00000000       0x48 /tmp/ccIxF0SP.debug.temp.o
 .debug_str     0x00000000      0x1dd /tmp/ccIxF0SP.debug.temp.o
 .debug_line_str
                0x00000000      0x156 /tmp/ccIxF0SP.debug.temp.o
 .comment       0x00000000       0x27 /tmp/ccIxF0SP.debug.temp.o
 .note.GNU-stack
                0x00000000        0x0 /tmp/ccIxF0SP.debug.temp.o
 .debug_info    0x00000000       0xdf /tmp/ccYz7Rcd.debug.temp.o
 .debug_abbrev  0x00000000       0x85 /tmp/ccYz7Rcd.debug.temp.o
 .debug_line    0x00000000       0x48 /tmp/ccYz7Rcd.debug.temp.o
 .debug_str     0x00000000      0x206 /tmp/ccYz7Rcd.debug.temp.o
 .debug_line_str
                0x00000000      0x15c /tmp/ccYz7Rcd.debug.temp.o
 .comment       0x00000000       0x27 /tmp/ccYz7Rcd.debug.temp.o
 .note.GNU-stack
                0x00000000        0x0 /tmp/ccYz7Rcd.debug.temp.o
 .debug_info    0x00000000       0xcf /tmp/cclGnX7E.debug.temp.o
 .debug_abbrev  0x00000000       0x7e /tmp/cclGnX7E.debug.temp.o
 .debug_line    0x00000000       0x4c /tmp/cclGnX7E.debug.temp.o
 .debug_str     0x00000000      0x1e0 /tmp/cclGnX7E.debug.temp.o
 .debug_line_str
                0x00000000      0x183 /tmp/cclGnX7E.debug.temp.o
 .comment       0x00000000       0x27 /tmp/cclGnX7E.debug.temp.o
 .note.GNU-stack
                0x00000000        0x0 /tmp/cclGnX7E.debug.temp.o
 .debug_info    0x00000000       0xcf /tmp/cc2sLX0t.debug.temp.o
 .debug_abbrev  0x00000000       0x7e /tmp/cc2sLX0t.debug.temp.o
 .debug_line    0x00000000       0x48 /tmp/cc2sLX0t.debug.temp.o
 .debug_str     0x00000000      0x1ec /tmp/cc2sLX0t.debug.temp.o
 .debug_line_str
                0x00000000      0x158 /tmp/cc2sLX0t.debug.temp.o
 .comment       0x00000000       0x27 /tmp/cc2sLX0t.debug.temp.o
 .note.GNU-stack
                0x00000000        0x0 /tmp/cc2sLX0t.debug.temp.o
 .debug_info    0x00000000       0xc4 /tmp/cc8hXLcO.debug.temp.o
 .debug_abbrev  0x00000000       0x7e /tmp/cc8hXLcO.debug.temp.o
 .debug_line    0x00000000       0x48 /tmp/cc8hXLcO.debug.temp.o
 .debug_str     0x00000000      0x1e5 /tmp/cc8hXLcO.debug.temp.o
 .debug_line_str
                0x00000000      0x158 /tmp/cc8hXLcO.debug.temp.o
 .comment       0x00000000       0x27 /tmp/cc8hXLcO.debug.temp.o
 .note.GNU-stack
                0x00000000        0x0 /tmp/cc8hXLcO.debug.temp.o
 .debug_info    0x00000000       0xcf /tmp/ccB2gCZb.debug.temp.o
 .debug_abbrev  0x00000000       0x7e /tmp/ccB2gCZb.debug.temp.o
 .debug_line    0x00000000       0x48 /tmp/ccB2gCZb.debug.temp.o
 .debug_str     0x00000000      0x1ec /tmp/ccB2gCZb.debug.temp.o
 .debug_line_str
                0x00000000      0x158 /tmp/ccB2gCZb.debug.temp.o
 .comment       0x00000000       0x27 /tmp/ccB2gCZb.debug.temp.o
 .note.GNU-stack
                0x00000000        0x0 /tmp/ccB2gCZb.debug.temp.o
 .debug_info    0x00000000       0xcf /tmp/ccd3ry9U.debug.temp.o
 .debug_abbrev  0x00000000       0x7e /tmp/ccd3ry9U.debug.temp.o
 .debug_line    0x00000000       0x48 /tmp/ccd3ry9U.debug.temp.o
 .debug_str     0x00000000      0x1e7 /tmp/ccd3ry9U.debug.temp.o
 .debug_line_str
                0x00000000      0x154 /tmp/ccd3ry9U.debug.temp.o
 .comment       0x00000000       0x27 /tmp/ccd3ry9U.debug.temp.o
 .note.GNU-stack
                0x00000000        0x0 /tmp/ccd3ry9U.debug.temp.o
 .debug_info    0x00000000       0xcb /tmp/ccUxtAYK.debug.temp.o
 .debug_abbrev  0x00000000       0x8c /tmp/ccUxtAYK.debug.temp.o
 .debug_line    0x00000000       0x48 /tmp/ccUxtAYK.debug.temp.o
 .debug_str     0x00000000      0x1f5 /tmp/ccUxtAYK.debug.temp.o
 .debug_line_str
                0x00000000      0x156 /tmp/ccUxtAYK.debug.temp.o
 .comment       0x00000000       0x27 /tmp/ccUxtAYK.debug.temp.o
 .note.GNU-stack
                0x00000000        0x0 /tmp/ccUxtAYK.debug.temp.o
 .debug_info    0x00000000       0xc4 /tmp/ccGABN2h.debug.temp.o
 .debug_abbrev  0x00000000       0x85 /tmp/ccGABN2h.debug.temp.o
 .debug_line    0x00000000       0x48 /tmp/ccGABN2h.debug.temp.o
 .debug_str     0x00000000      0x1ef /tmp/ccGABN2h.debug.temp.o
 .debug_line_str
                0x00000000      0x160 /tmp/ccGABN2h.debug.temp.o
 .comment       0x00000000       0x27 /tmp/ccGABN2h.debug.temp.o
 .note.GNU-stack
                0x00000000        0x0 /tmp/ccGABN2h.debug.temp.o
 .debug_info    0x00000000      0x22e /tmp/ccXE1OrW.debug.temp.o
 .debug_abbrev  0x00000000       0xdd /tmp/ccXE1OrW.debug.temp.o
 .debug_line    0x00000000       0x55 /tmp/ccXE1OrW.debug.temp.o
 .debug_str     0x00000000      0x2d4 /tmp/ccXE1OrW.debug.temp.o
 .debug_line_str
                0x00000000      0x1a3 /tmp/ccXE1OrW.debug.temp.o
 .comment       0x00000000       0x27 /tmp/ccXE1OrW.debug.temp.o
 .note.GNU-stack
                0x00000000        0x0 /tmp/ccXE1OrW.debug.temp.o
 .debug_info    0x00000000      0x42a /tmp/cctdFjud.debug.temp.o
 .debug_abbrev  0x00000000      0x117 /tmp/cctdFjud.debug.temp.o
 .debug_line    0x00000000       0x43 /tmp/cctdFjud.debug.temp.o
 .debug_str     0x00000000      0x316 /tmp/cctdFjud.debug.temp.o
 .debug_line_str
                0x00000000      0x108 /tmp/cctdFjud.debug.temp.o
 .comment       0x00000000       0x27 /tmp/cctdFjud.debug.temp.o
 .note.GNU-stack
                0x00000000        0x0 /tmp/cctdFjud.debug.temp.o
 .debug_info    0x00000000      0x103 /tmp/ccnaWSNU.debug.temp.o
 .debug_abbrev  0x00000000       0xaa /tmp/ccnaWSNU.debug.temp.o
 .debug_line    0x00000000       0x51 /tmp/ccnaWSNU.debug.temp.o
 .debug_str     0x00000000      0x227 /tmp/ccnaWSNU.debug.temp.o
 .debug_line_str
                0x00000000      0x14c /tmp/ccnaWSNU.debug.temp.o
 .comment       0x00000000       0x27 /tmp/ccnaWSNU.debug.temp.o
 .note.GNU-stack
                0x00000000        0x0 /tmp/ccnaWSNU.debug.temp.o
 .debug_info    0x00000000       0x99 /tmp/cc457MW2.debug.temp.o
 .debug_abbrev  0x00000000       0x75 /tmp/cc457MW2.debug.temp.o
 .debug_line    0x00000000       0x48 /tmp/cc457MW2.debug.temp.o
 .debug_str     0x00000000      0x1d8 /tmp/cc457MW2.debug.temp.o
 .debug_line_str
                0x00000000      0x121 /tmp/cc457MW2.debug.temp.o
 .comment       0x00000000       0x27 /tmp/cc457MW2.debug.temp.o
 .note.GNU-stack
                0x00000000        0x0 /tmp/cc457MW2.debug.temp.o
 .debug_info    0x00000000       0xb8 /tmp/cciXYDT2.debug.temp.o
 .debug_abbrev  0x00000000       0x87 /tmp/cciXYDT2.debug.temp.o
 .debug_line    0x00000000       0x4c /tmp/cciXYDT2.debug.temp.o
 .debug_str     0x00000000      0x1ea /tmp/cciXYDT2.debug.temp.o
 .debug_line_str
                0x00000000      0x147 /tmp/cciXYDT2.debug.temp.o
 .comment       0x00000000       0x27 /tmp/cciXYDT2.debug.temp.o
 .note.GNU-stack
                0x00000000        0x0 /tmp/cciXYDT2.debug.temp.o
 .debug_info    0x00000000       0x83 /tmp/ccaIVoCX.debug.temp.o
 .debug_abbrev  0x00000000       0x57 /tmp/ccaIVoCX.debug.temp.o
 .debug_line    0x00000000       0x43 /tmp/ccaIVoCX.debug.temp.o
 .debug_str     0x00000000      0x1c0 /tmp/ccaIVoCX.debug.temp.o
 .debug_line_str
                0x00000000      0x10e /tmp/ccaIVoCX.debug.temp.o
 .comment       0x00000000       0x27 /tmp/ccaIVoCX.debug.temp.o
 .note.GNU-stack
                0x00000000        0x0 /tmp/ccaIVoCX.debug.temp.o
 .debug_info    0x00000000      0x125 /tmp/cc4Mp0kW.debug.temp.o
 .debug_abbrev  0x00000000       0x9f /tmp/cc4Mp0kW.debug.temp.o
 .debug_line    0x00000000       0x51 /tmp/cc4Mp0kW.debug.temp.o
 .debug_str     0x00000000      0x211 /tmp/cc4Mp0kW.debug.temp.o
 .debug_line_str
                0x00000000      0x154 /tmp/cc4Mp0kW.debug.temp.o
 .comment       0x00000000       0x27 /tmp/cc4Mp0kW.debug.temp.o
 .note.GNU-stack
                0x00000000        0x0 /tmp/cc4Mp0kW.debug.temp.o
 .comment       0x00000000       0x27 /tmp/ccI5JRJg.debug.temp.o
 .note.GNU-stack
                0x00000000        0x0 /tmp/ccI5JRJg.debug.temp.o
 .debug_info    0x00000000      0x149 /tmp/ccid6fab.debug.temp.o
 .debug_abbrev  0x00000000       0xbc /tmp/ccid6fab.debug.temp.o
 .debug_line    0x00000000       0x51 /tmp/ccid6fab.debug.temp.o
 .debug_str     0x00000000      0x24a /tmp/ccid6fab.debug.temp.o
 .debug_line_str
                0x00000000      0x153 /tmp/ccid6fab.debug.temp.o
 .comment       0x00000000       0x27 /tmp/ccid6fab.debug.temp.o
 .note.GNU-stack
                0x00000000        0x0 /tmp/ccid6fab.debug.temp.o
 .debug_info    0x00000000       0xbb /tmp/ccc4HUtz.debug.temp.o
 .debug_abbrev  0x00000000       0x78 /tmp/ccc4HUtz.debug.temp.o
 .debug_line    0x00000000       0x48 /tmp/ccc4HUtz.debug.temp.o
 .debug_str     0x00000000      0x1e9 /tmp/ccc4HUtz.debug.temp.o
 .debug_line_str
                0x00000000      0x11d /tmp/ccc4HUtz.debug.temp.o
 .comment       0x00000000       0x27 /tmp/ccc4HUtz.debug.temp.o
 .note.GNU-stack
                0x00000000        0x0 /tmp/ccc4HUtz.debug.temp.o
 .debug_info    0x00000000       0xbb /tmp/ccu5N6t8.debug.temp.o
 .debug_abbrev  0x00000000       0x78 /tmp/ccu5N6t8.debug.temp.o
 .debug_line    0x00000000       0x48 /tmp/ccu5N6t8.debug.temp.o
 .debug_str     0x00000000      0x1e5 /tmp/ccu5N6t8.debug.temp.o
 .debug_line_str
                0x00000000      0x119 /tmp/ccu5N6t8.debug.temp.o
 .comment       0x00000000       0x27 /tmp/ccu5N6t8.debug.temp.o
 .note.GNU-stack
                0x00000000        0x0 /tmp/ccu5N6t8.debug.temp.o
 .debug_info    0x00000000       0x95 /tmp/cc0ykUTR.debug.temp.o
 .debug_abbrev  0x00000000       0x5a /tmp/cc0ykUTR.debug.temp.o
 .debug_line    0x00000000       0x43 /tmp/cc0ykUTR.debug.temp.o
 .debug_str     0x00000000      0x1ca /tmp/cc0ykUTR.debug.temp.o
 .debug_line_str
                0x00000000      0x106 /tmp/cc0ykUTR.debug.temp.o
 .comment       0x00000000       0x27 /tmp/cc0ykUTR.debug.temp.o
 .note.GNU-stack
                0x00000000        0x0 /tmp/cc0ykUTR.debug.temp.o
 .debug_info    0x00000000       0xb2 /tmp/ccdzUFkQ.debug.temp.o
 .debug_abbrev  0x00000000       0x86 /tmp/ccdzUFkQ.debug.temp.o
 .debug_line    0x00000000       0x48 /tmp/ccdzUFkQ.debug.temp.o
 .debug_str     0x00000000      0x1ef /tmp/ccdzUFkQ.debug.temp.o
 .debug_line_str
                0x00000000      0x11f /tmp/ccdzUFkQ.debug.temp.o
 .comment       0x00000000       0x27 /tmp/ccdzUFkQ.debug.temp.o
 .note.GNU-stack
                0x00000000        0x0 /tmp/ccdzUFkQ.debug.temp.o
 .debug_info    0x00000000       0xbc /tmp/ccqGMIUx.debug.temp.o
 .debug_abbrev  0x00000000       0x87 /tmp/ccqGMIUx.debug.temp.o
 .debug_line    0x00000000       0x48 /tmp/ccqGMIUx.debug.temp.o
 .debug_str     0x00000000      0x1f6 /tmp/ccqGMIUx.debug.temp.o
 .debug_line_str
                0x00000000      0x11f /tmp/ccqGMIUx.debug.temp.o
 .comment       0x00000000       0x27 /tmp/ccqGMIUx.debug.temp.o
 .note.GNU-stack
                0x00000000        0x0 /tmp/ccqGMIUx.debug.temp.o
 .debug_info    0x00000000       0xb1 /tmp/ccBwtVnI.debug.temp.o
 .debug_abbrev  0x00000000       0x78 /tmp/ccBwtVnI.debug.temp.o
 .debug_line    0x00000000       0x4c /tmp/ccBwtVnI.debug.temp.o
 .debug_str     0x00000000      0x1e2 /tmp/ccBwtVnI.debug.temp.o
 .debug_line_str
                0x00000000      0x145 /tmp/ccBwtVnI.debug.temp.o
 .comment       0x00000000       0x27 /tmp/ccBwtVnI.debug.temp.o
 .note.GNU-stack
                0x00000000        0x0 /tmp/ccBwtVnI.debug.temp.o
 .debug_info    0x00000000       0xb0 /tmp/ccdSEEwF.debug.temp.o
 .debug_abbrev  0x00000000       0x78 /tmp/ccdSEEwF.debug.temp.o
 .debug_line    0x00000000       0x48 /tmp/ccdSEEwF.debug.temp.o
 .debug_str     0x00000000      0x1e6 /tmp/ccdSEEwF.debug.temp.o
 .debug_line_str
                0x00000000      0x11d /tmp/ccdSEEwF.debug.temp.o
 .comment       0x00000000       0x27 /tmp/ccdSEEwF.debug.temp.o
 .note.GNU-stack
                0x00000000        0x0 /tmp/ccdSEEwF.debug.temp.o
 .debug_info    0x00000000       0xbb /tmp/ccA9dyTQ.debug.temp.o
 .debug_abbrev  0x00000000       0x78 /tmp/ccA9dyTQ.debug.temp.o
 .debug_line    0x00000000       0x48 /tmp/ccA9dyTQ.debug.temp.o
 .debug_str     0x00000000      0x1e9 /tmp/ccA9dyTQ.debug.temp.o
 .debug_line_str
                0x00000000      0x11d /tmp/ccA9dyTQ.debug.temp.o
 .comment       0x00000000       0x27 /tmp/ccA9dyTQ.debug.temp.o
 .note.GNU-stack
                0x00000000        0x0 /tmp/ccA9dyTQ.debug.temp.o
 .debug_info    0x00000000       0xbb /tmp/ccjR3LOm.debug.temp.o
 .debug_abbrev  0x00000000       0x78 /tmp/ccjR3LOm.debug.temp.o
 .debug_line    0x00000000       0x48 /tmp/ccjR3LOm.debug.temp.o
 .debug_str     0x00000000      0x1e5 /tmp/ccjR3LOm.debug.temp.o
 .debug_line_str
                0x00000000      0x119 /tmp/ccjR3LOm.debug.temp.o
 .comment       0x00000000       0x27 /tmp/ccjR3LOm.debug.temp.o
 .note.GNU-stack
                0x00000000        0x0 /tmp/ccjR3LOm.debug.temp.o
 .debug_info    0x00000000       0x95 /tmp/ccQzPayr.debug.temp.o
 .debug_abbrev  0x00000000       0x5a /tmp/ccQzPayr.debug.temp.o
 .debug_line    0x00000000       0x43 /tmp/ccQzPayr.debug.temp.o
 .debug_str     0x00000000      0x1ca /tmp/ccQzPayr.debug.temp.o
 .debug_line_str
                0x00000000      0x106 /tmp/ccQzPayr.debug.temp.o
 .comment       0x00000000       0x27 /tmp/ccQzPayr.debug.temp.o
 .note.GNU-stack
                0x00000000        0x0 /tmp/ccQzPayr.debug.temp.o
 .debug_info    0x00000000       0xd6 /tmp/cc4IUfCd.debug.temp.o
 .debug_abbrev  0x00000000       0x85 /tmp/cc4IUfCd.debug.temp.o
 .debug_line    0x00000000       0x4c /tmp/cc4IUfCd.debug.temp.o
 .debug_str     0x00000000      0x1ed /tmp/cc4IUfCd.debug.temp.o
 .debug_line_str
                0x00000000      0x147 /tmp/cc4IUfCd.debug.temp.o
 .comment       0x00000000       0x27 /tmp/cc4IUfCd.debug.temp.o
 .note.GNU-stack
                0x00000000        0x0 /tmp/cc4IUfCd.debug.temp.o
 .debug_info    0x00000000       0xa4 /tmp/ccsXahJi.debug.temp.o
 .debug_abbrev  0x00000000       0x67 /tmp/ccsXahJi.debug.temp.o
 .debug_line    0x00000000       0x43 /tmp/ccsXahJi.debug.temp.o
 .debug_str     0x00000000      0x1d6 /tmp/ccsXahJi.debug.temp.o
 .debug_line_str
                0x00000000      0x10e /tmp/ccsXahJi.debug.temp.o
 .comment       0x00000000       0x27 /tmp/ccsXahJi.debug.temp.o
 .note.GNU-stack
                0x00000000        0x0 /tmp/ccsXahJi.debug.temp.o
 .debug_info    0x00000000       0xba /tmp/cc2MieYM.debug.temp.o
 .debug_abbrev  0x00000000       0x76 /tmp/cc2MieYM.debug.temp.o
 .debug_line    0x00000000       0x4c /tmp/cc2MieYM.debug.temp.o
 .debug_str     0x00000000      0x1e2 /tmp/cc2MieYM.debug.temp.o
 .debug_line_str
                0x00000000      0x149 /tmp/cc2MieYM.debug.temp.o
 .comment       0x00000000       0x27 /tmp/cc2MieYM.debug.temp.o
 .note.GNU-stack
                0x00000000        0x0 /tmp/cc2MieYM.debug.temp.o
 .debug_info    0x00000000       0xa4 /tmp/ccv9pkfM.debug.temp.o
 .debug_abbrev  0x00000000       0x67 /tmp/ccv9pkfM.debug.temp.o
 .debug_line    0x00000000       0x43 /tmp/ccv9pkfM.debug.temp.o
 .debug_str     0x00000000      0x1d7 /tmp/ccv9pkfM.debug.temp.o
 .debug_line_str
                0x00000000      0x110 /tmp/ccv9pkfM.debug.temp.o
 .comment       0x00000000       0x27 /tmp/ccv9pkfM.debug.temp.o
 .note.GNU-stack
                0x00000000        0x0 /tmp/ccv9pkfM.debug.temp.o
 .debug_info    0x00000000       0xdd /tmp/ccdfgXBW.debug.temp.o
 .debug_abbrev  0x00000000       0x78 /tmp/ccdfgXBW.debug.temp.o
 .debug_line    0x00000000       0x4c /tmp/ccdfgXBW.debug.temp.o
 .debug_str     0x00000000      0x1f5 /tmp/ccdfgXBW.debug.temp.o
 .debug_line_str
                0x00000000      0x14f /tmp/ccdfgXBW.debug.temp.o
 .comment       0x00000000       0x27 /tmp/ccdfgXBW.debug.temp.o
 .note.GNU-stack
                0x00000000        0x0 /tmp/ccdfgXBW.debug.temp.o
 .debug_info    0x00000000       0xaf /tmp/ccx7tNJD.debug.temp.o
 .debug_abbrev  0x00000000       0x76 /tmp/ccx7tNJD.debug.temp.o
 .debug_line    0x00000000       0x4c /tmp/ccx7tNJD.debug.temp.o
 .debug_str     0x00000000      0x1de /tmp/ccx7tNJD.debug.temp.o
 .debug_line_str
                0x00000000      0x14f /tmp/ccx7tNJD.debug.temp.o
 .comment       0x00000000       0x27 /tmp/ccx7tNJD.debug.temp.o
 .note.GNU-stack
                0x00000000        0x0 /tmp/ccx7tNJD.debug.temp.o
 .debug_info    0x00000000       0xbf /tmp/ccQLxgJE.debug.temp.o
 .debug_abbrev  0x00000000       0x7f /tmp/ccQLxgJE.debug.temp.o
 .debug_line    0x00000000       0x48 /tmp/ccQLxgJE.debug.temp.o
 .debug_str     0x00000000      0x1f5 /tmp/ccQLxgJE.debug.temp.o
 .debug_line_str
                0x00000000      0x12f /tmp/ccQLxgJE.debug.temp.o
 .comment       0x00000000       0x27 /tmp/ccQLxgJE.debug.temp.o
 .note.GNU-stack
                0x00000000        0x0 /tmp/ccQLxgJE.debug.temp.o
 .debug_info    0x00000000       0xc8 /tmp/ccDn3bzO.debug.temp.o
 .debug_abbrev  0x00000000       0x80 /tmp/ccDn3bzO.debug.temp.o
 .debug_line    0x00000000       0x48 /tmp/ccDn3bzO.debug.temp.o
 .debug_str     0x00000000      0x1fc /tmp/ccDn3bzO.debug.temp.o
 .debug_line_str
                0x00000000      0x12f /tmp/ccDn3bzO.debug.temp.o
 .comment       0x00000000       0x27 /tmp/ccDn3bzO.debug.temp.o
 .note.GNU-stack
                0x00000000        0x0 /tmp/ccDn3bzO.debug.temp.o
 .debug_info    0x00000000       0xb0 /tmp/ccdvcVRV.debug.temp.o
 .debug_abbrev  0x00000000       0x78 /tmp/ccdvcVRV.debug.temp.o
 .debug_line    0x00000000       0x48 /tmp/ccdvcVRV.debug.temp.o
 .debug_str     0x00000000      0x1e6 /tmp/ccdvcVRV.debug.temp.o
 .debug_line_str
                0x00000000      0x11d /tmp/ccdvcVRV.debug.temp.o
 .comment       0x00000000       0x27 /tmp/ccdvcVRV.debug.temp.o
 .note.GNU-stack
                0x00000000        0x0 /tmp/ccdvcVRV.debug.temp.o
 .debug_info    0x00000000       0xbf /tmp/ccUtqNWq.debug.temp.o
 .debug_abbrev  0x00000000       0x7f /tmp/ccUtqNWq.debug.temp.o
 .debug_line    0x00000000       0x48 /tmp/ccUtqNWq.debug.temp.o
 .debug_str     0x00000000      0x1f4 /tmp/ccUtqNWq.debug.temp.o
 .debug_line_str
                0x00000000      0x12f /tmp/ccUtqNWq.debug.temp.o
 .comment       0x00000000       0x27 /tmp/ccUtqNWq.debug.temp.o
 .note.GNU-stack
                0x00000000        0x0 /tmp/ccUtqNWq.debug.temp.o
 .debug_info    0x00000000       0xbb /tmp/cc7DvFHq.debug.temp.o
 .debug_abbrev  0x00000000       0x78 /tmp/cc7DvFHq.debug.temp.o
 .debug_line    0x00000000       0x48 /tmp/cc7DvFHq.debug.temp.o
 .debug_str     0x00000000      0x1eb /tmp/cc7DvFHq.debug.temp.o
 .debug_line_str
                0x00000000      0x11f /tmp/cc7DvFHq.debug.temp.o
 .comment       0x00000000       0x27 /tmp/cc7DvFHq.debug.temp.o
 .note.GNU-stack
                0x00000000        0x0 /tmp/cc7DvFHq.debug.temp.o
 .debug_info    0x00000000      0x6fd /tmp/cch2s2VB.debug.temp.o
 .debug_abbrev  0x00000000       0xc9 /tmp/cch2s2VB.debug.temp.o
 .debug_line    0x00000000       0x4c /tmp/cch2s2VB.debug.temp.o
 .debug_str     0x00000000      0x3de /tmp/cch2s2VB.debug.temp.o
 .debug_line_str
                0x00000000      0x141 /tmp/cch2s2VB.debug.temp.o
 .comment       0x00000000       0x27 /tmp/cch2s2VB.debug.temp.o
 .note.GNU-stack
                0x00000000        0x0 /tmp/cch2s2VB.debug.temp.o
 .comment       0x00000000       0x27 /tmp/cciUGK0h.debug.temp.o
 .note.GNU-stack
                0x00000000        0x0 /tmp/cciUGK0h.debug.temp.o
 .debug_info    0x00000000       0xbb /tmp/cczkKboR.debug.temp.o
 .debug_abbrev  0x00000000       0xa5 /tmp/cczkKboR.debug.temp.o
 .debug_line    0x00000000       0x4c /tmp/cczkKboR.debug.temp.o
 .debug_str     0x00000000      0x21e /tmp/cczkKboR.debug.temp.o
 .debug_line_str
                0x00000000      0x137 /tmp/cczkKboR.debug.temp.o
 .comment       0x00000000       0x27 /tmp/cczkKboR.debug.temp.o
 .note.GNU-stack
                0x00000000        0x0 /tmp/cczkKboR.debug.temp.o
 .comment       0x00000000       0x27 /tmp/ccnSg4df.debug.temp.o
 .note.GNU-stack
                0x00000000        0x0 /tmp/ccnSg4df.debug.temp.o
 .debug_info    0x00000000      0xdf1 /tmp/cc3T7J9t.debug.temp.o
 .debug_abbrev  0x00000000      0x176 /tmp/cc3T7J9t.debug.temp.o
 .debug_line    0x00000000       0x68 /tmp/cc3T7J9t.debug.temp.o
 .debug_str     0x00000000      0x767 /tmp/cc3T7J9t.debug.temp.o
 .debug_line_str
                0x00000000      0x1fe /tmp/cc3T7J9t.debug.temp.o
 .comment       0x00000000       0x27 /tmp/cc3T7J9t.debug.temp.o
 .note.GNU-stack
                0x00000000        0x0 /tmp/cc3T7J9t.debug.temp.o
 .debug_info    0x00000000      0x77a /tmp/cc9nQUwC.debug.temp.o
 .debug_abbrev  0x00000000      0x12d /tmp/cc9nQUwC.debug.temp.o
 .debug_line    0x00000000       0x5e /tmp/cc9nQUwC.debug.temp.o
 .debug_str     0x00000000      0x667 /tmp/cc9nQUwC.debug.temp.o
 .debug_line_str
                0x00000000      0x1d3 /tmp/cc9nQUwC.debug.temp.o
 .comment       0x00000000       0x27 /tmp/cc9nQUwC.debug.temp.o
 .note.GNU-stack
                0x00000000        0x0 /tmp/cc9nQUwC.debug.temp.o
 .debug_info    0x00000000      0x187 /tmp/ccQtYNNL.debug.temp.o
 .debug_abbrev  0x00000000       0xd3 /tmp/ccQtYNNL.debug.temp.o
 .debug_line    0x00000000       0x51 /tmp/ccQtYNNL.debug.temp.o
 .debug_str     0x00000000      0x23e /tmp/ccQtYNNL.debug.temp.o
 .debug_line_str
                0x00000000      0x153 /tmp/ccQtYNNL.debug.temp.o
 .comment       0x00000000       0x27 /tmp/ccQtYNNL.debug.temp.o
 .note.GNU-stack
                0x00000000        0x0 /tmp/ccQtYNNL.debug.temp.o
 .debug_info    0x00000000      0x2d0 /tmp/ccGpRRNP.debug.temp.o
 .debug_abbrev  0x00000000      0x135 /tmp/ccGpRRNP.debug.temp.o
 .debug_line    0x00000000       0x4c /tmp/ccGpRRNP.debug.temp.o
 .debug_str     0x00000000      0x304 /tmp/ccGpRRNP.debug.temp.o
 .debug_line_str
                0x00000000      0x14d /tmp/ccGpRRNP.debug.temp.o
 .comment       0x00000000       0x27 /tmp/ccGpRRNP.debug.temp.o
 .note.GNU-stack
                0x00000000        0x0 /tmp/ccGpRRNP.debug.temp.o
 .debug_info    0x00000000      0x612 /tmp/ccAOYg3g.debug.temp.o
 .debug_abbrev  0x00000000      0x197 /tmp/ccAOYg3g.debug.temp.o
 .debug_line    0x00000000       0x51 /tmp/ccAOYg3g.debug.temp.o
 .debug_str     0x00000000      0x4aa /tmp/ccAOYg3g.debug.temp.o
 .debug_line_str
                0x00000000      0x169 /tmp/ccAOYg3g.debug.temp.o
 .comment       0x00000000       0x27 /tmp/ccAOYg3g.debug.temp.o
 .note.GNU-stack
                0x00000000        0x0 /tmp/ccAOYg3g.debug.temp.o
 .debug_info    0x00000000       0xdd /tmp/cc2ZcBAZ.debug.temp.o
 .debug_abbrev  0x00000000       0x92 /tmp/cc2ZcBAZ.debug.temp.o
 .debug_line    0x00000000       0x4c /tmp/cc2ZcBAZ.debug.temp.o
 .debug_str     0x00000000      0x206 /tmp/cc2ZcBAZ.debug.temp.o
 .debug_line_str
                0x00000000      0x168 /tmp/cc2ZcBAZ.debug.temp.o
 .comment       0x00000000       0x27 /tmp/cc2ZcBAZ.debug.temp.o
 .note.GNU-stack
                0x00000000        0x0 /tmp/cc2ZcBAZ.debug.temp.o
 .debug_info    0x00000000       0xaf /tmp/ccn7fvM9.debug.temp.o
 .debug_abbrev  0x00000000       0x58 /tmp/ccn7fvM9.debug.temp.o
 .debug_line    0x00000000       0x43 /tmp/ccn7fvM9.debug.temp.o
 .debug_str     0x00000000      0x203 /tmp/ccn7fvM9.debug.temp.o
 .debug_line_str
                0x00000000      0x11a /tmp/ccn7fvM9.debug.temp.o
 .comment       0x00000000       0x27 /tmp/ccn7fvM9.debug.temp.o
 .note.GNU-stack
                0x00000000        0x0 /tmp/ccn7fvM9.debug.temp.o
 .debug_info    0x00000000      0x1d9 /tmp/cc2uehhP.debug.temp.o
 .debug_abbrev  0x00000000       0x8c /tmp/cc2uehhP.debug.temp.o
 .debug_line    0x00000000       0x4c /tmp/cc2uehhP.debug.temp.o
 .debug_str     0x00000000      0x263 /tmp/cc2uehhP.debug.temp.o
 .debug_line_str
                0x00000000      0x143 /tmp/cc2uehhP.debug.temp.o
 .comment       0x00000000       0x27 /tmp/cc2uehhP.debug.temp.o
 .note.GNU-stack
                0x00000000        0x0 /tmp/cc2uehhP.debug.temp.o
 .debug_info    0x00000000       0xe2 /tmp/ccmRh9da.debug.temp.o
 .debug_abbrev  0x00000000       0xb3 /tmp/ccmRh9da.debug.temp.o
 .debug_line    0x00000000       0x51 /tmp/ccmRh9da.debug.temp.o
 .debug_str     0x00000000      0x1fd /tmp/ccmRh9da.debug.temp.o
 .debug_line_str
                0x00000000      0x15c /tmp/ccmRh9da.debug.temp.o
 .comment       0x00000000       0x27 /tmp/ccmRh9da.debug.temp.o
 .note.GNU-stack
                0x00000000        0x0 /tmp/ccmRh9da.debug.temp.o
 .debug_info    0x00000000       0xe2 /tmp/ccEdOj6x.debug.temp.o
 .debug_abbrev  0x00000000       0xb3 /tmp/ccEdOj6x.debug.temp.o
 .debug_line    0x00000000       0x51 /tmp/ccEdOj6x.debug.temp.o
 .debug_str     0x00000000      0x1fd /tmp/ccEdOj6x.debug.temp.o
 .debug_line_str
                0x00000000      0x15c /tmp/ccEdOj6x.debug.temp.o
 .comment       0x00000000       0x27 /tmp/ccEdOj6x.debug.temp.o
 .note.GNU-stack
                0x00000000        0x0 /tmp/ccEdOj6x.debug.temp.o
 .debug_info    0x00000000      0x6db /tmp/ccJvNyJO.debug.temp.o
 .debug_abbrev  0x00000000      0x17f /tmp/ccJvNyJO.debug.temp.o
 .debug_line    0x00000000       0x51 /tmp/ccJvNyJO.debug.temp.o
 .debug_str     0x00000000      0x428 /tmp/ccJvNyJO.debug.temp.o
 .debug_line_str
                0x00000000      0x151 /tmp/ccJvNyJO.debug.temp.o
 .comment       0x00000000       0x27 /tmp/ccJvNyJO.debug.temp.o
 .note.GNU-stack
                0x00000000        0x0 /tmp/ccJvNyJO.debug.temp.o
 .debug_info    0x00000000       0xdd /tmp/ccqJKhBN.debug.temp.o
 .debug_abbrev  0x00000000       0xac /tmp/ccqJKhBN.debug.temp.o
 .debug_line    0x00000000       0x51 /tmp/ccqJKhBN.debug.temp.o
 .debug_str     0x00000000      0x1fb /tmp/ccqJKhBN.debug.temp.o
 .debug_line_str
                0x00000000      0x15a /tmp/ccqJKhBN.debug.temp.o
 .comment       0x00000000       0x27 /tmp/ccqJKhBN.debug.temp.o
 .note.GNU-stack
                0x00000000        0x0 /tmp/ccqJKhBN.debug.temp.o
 .debug_info    0x00000000       0xdd /tmp/cc2CCCrg.debug.temp.o
 .debug_abbrev  0x00000000       0xac /tmp/cc2CCCrg.debug.temp.o
 .debug_line    0x00000000       0x51 /tmp/cc2CCCrg.debug.temp.o
 .debug_str     0x00000000      0x1fb /tmp/cc2CCCrg.debug.temp.o
 .debug_line_str
                0x00000000      0x15a /tmp/cc2CCCrg.debug.temp.o
 .comment       0x00000000       0x27 /tmp/cc2CCCrg.debug.temp.o
 .note.GNU-stack
                0x00000000        0x0 /tmp/cc2CCCrg.debug.temp.o
 .debug_info    0x00000000      0x4f7 /tmp/ccr6fUH9.debug.temp.o
 .debug_abbrev  0x00000000       0xb9 /tmp/ccr6fUH9.debug.temp.o
 .debug_line    0x00000000       0x4c /tmp/ccr6fUH9.debug.temp.o
 .debug_str     0x00000000      0x3a3 /tmp/ccr6fUH9.debug.temp.o
 .debug_line_str
                0x00000000      0x13d /tmp/ccr6fUH9.debug.temp.o
 .comment       0x00000000       0x27 /tmp/ccr6fUH9.debug.temp.o
 .note.GNU-stack
                0x00000000        0x0 /tmp/ccr6fUH9.debug.temp.o
 .debug_info    0x00000000      0x1e0 /tmp/ccIvIfXN.debug.temp.o
 .debug_abbrev  0x00000000       0xd5 /tmp/ccIvIfXN.debug.temp.o
 .debug_line    0x00000000       0x4c /tmp/ccIvIfXN.debug.temp.o
 .debug_str     0x00000000      0x238 /tmp/ccIvIfXN.debug.temp.o
 .debug_line_str
                0x00000000      0x159 /tmp/ccIvIfXN.debug.temp.o
 .comment       0x00000000       0x27 /tmp/ccIvIfXN.debug.temp.o
 .note.GNU-stack
                0x00000000        0x0 /tmp/ccIvIfXN.debug.temp.o
 .debug_info    0x00000000       0xda /tmp/ccaBJpTK.debug.temp.o
 .debug_abbrev  0x00000000       0xbc /tmp/ccaBJpTK.debug.temp.o
 .debug_line    0x00000000       0x51 /tmp/ccaBJpTK.debug.temp.o
 .debug_str     0x00000000      0x1e6 /tmp/ccaBJpTK.debug.temp.o
 .debug_line_str
                0x00000000      0x156 /tmp/ccaBJpTK.debug.temp.o
 .comment       0x00000000       0x27 /tmp/ccaBJpTK.debug.temp.o
 .note.GNU-stack
                0x00000000        0x0 /tmp/ccaBJpTK.debug.temp.o
 .debug_info    0x00000000       0xd5 /tmp/ccxNykYO.debug.temp.o
 .debug_abbrev  0x00000000       0xc2 /tmp/ccxNykYO.debug.temp.o
 .debug_line    0x00000000       0x51 /tmp/ccxNykYO.debug.temp.o
 .debug_str     0x00000000      0x1e5 /tmp/ccxNykYO.debug.temp.o
 .debug_line_str
                0x00000000      0x15c /tmp/ccxNykYO.debug.temp.o
 .comment       0x00000000       0x27 /tmp/ccxNykYO.debug.temp.o
 .note.GNU-stack
                0x00000000        0x0 /tmp/ccxNykYO.debug.temp.o
 .debug_info    0x00000000       0xd7 /tmp/cc7YIPur.debug.temp.o
 .debug_abbrev  0x00000000       0x83 /tmp/cc7YIPur.debug.temp.o
 .debug_line    0x00000000       0x48 /tmp/cc7YIPur.debug.temp.o
 .debug_str     0x00000000      0x207 /tmp/cc7YIPur.debug.temp.o
 .debug_line_str
                0x00000000      0x12d /tmp/cc7YIPur.debug.temp.o
 .comment       0x00000000       0x27 /tmp/cc7YIPur.debug.temp.o
 .note.GNU-stack
                0x00000000        0x0 /tmp/cc7YIPur.debug.temp.o
 .debug_info    0x00000000       0xda /tmp/cclSn4Z3.debug.temp.o
 .debug_abbrev  0x00000000       0x8b /tmp/cclSn4Z3.debug.temp.o
 .debug_line    0x00000000       0x48 /tmp/cclSn4Z3.debug.temp.o
 .debug_str     0x00000000      0x212 /tmp/cclSn4Z3.debug.temp.o
 .debug_line_str
                0x00000000      0x12a /tmp/cclSn4Z3.debug.temp.o
 .comment       0x00000000       0x27 /tmp/cclSn4Z3.debug.temp.o
 .note.GNU-stack
                0x00000000        0x0 /tmp/cclSn4Z3.debug.temp.o
 .debug_info    0x00000000       0xd7 /tmp/ccxOJNLp.debug.temp.o
 .debug_abbrev  0x00000000       0x83 /tmp/ccxOJNLp.debug.temp.o
 .debug_line    0x00000000       0x48 /tmp/ccxOJNLp.debug.temp.o
 .debug_str     0x00000000      0x209 /tmp/ccxOJNLp.debug.temp.o
 .debug_line_str
                0x00000000      0x12f /tmp/ccxOJNLp.debug.temp.o
 .comment       0x00000000       0x27 /tmp/ccxOJNLp.debug.temp.o
 .note.GNU-stack
                0x00000000        0x0 /tmp/ccxOJNLp.debug.temp.o
 .debug_info    0x00000000       0xda /tmp/ccK6HsWz.debug.temp.o
 .debug_abbrev  0x00000000       0x8b /tmp/ccK6HsWz.debug.temp.o
 .debug_line    0x00000000       0x48 /tmp/ccK6HsWz.debug.temp.o
 .debug_str     0x00000000      0x214 /tmp/ccK6HsWz.debug.temp.o
 .debug_line_str
                0x00000000      0x12c /tmp/ccK6HsWz.debug.temp.o
 .comment       0x00000000       0x27 /tmp/ccK6HsWz.debug.temp.o
 .note.GNU-stack
                0x00000000        0x0 /tmp/ccK6HsWz.debug.temp.o
 .debug_info    0x00000000      0x121 /tmp/ccgoN8x0.debug.temp.o
 .debug_abbrev  0x00000000       0x9b /tmp/ccgoN8x0.debug.temp.o
 .debug_line    0x00000000       0x48 /tmp/ccgoN8x0.debug.temp.o
 .debug_str     0x00000000      0x229 /tmp/ccgoN8x0.debug.temp.o
 .debug_line_str
                0x00000000      0x11d /tmp/ccgoN8x0.debug.temp.o
 .comment       0x00000000       0x27 /tmp/ccgoN8x0.debug.temp.o
 .note.GNU-stack
                0x00000000        0x0 /tmp/ccgoN8x0.debug.temp.o
 .debug_info    0x00000000      0x133 /tmp/cccBX5ir.debug.temp.o
 .debug_abbrev  0x00000000       0x99 /tmp/cccBX5ir.debug.temp.o
 .debug_line    0x00000000       0x4c /tmp/cccBX5ir.debug.temp.o
 .debug_str     0x00000000      0x24c /tmp/cccBX5ir.debug.temp.o
 .debug_line_str
                0x00000000      0x157 /tmp/cccBX5ir.debug.temp.o
 .comment       0x00000000       0x27 /tmp/cccBX5ir.debug.temp.o
 .note.GNU-stack
                0x00000000        0x0 /tmp/cccBX5ir.debug.temp.o
 .debug_info    0x00000000       0xc7 /tmp/cciAn4qQ.debug.temp.o
 .debug_abbrev  0x00000000       0x9b /tmp/cciAn4qQ.debug.temp.o
 .debug_line    0x00000000       0x55 /tmp/cciAn4qQ.debug.temp.o
 .debug_str     0x00000000      0x207 /tmp/cciAn4qQ.debug.temp.o
 .debug_line_str
                0x00000000      0x1c3 /tmp/cciAn4qQ.debug.temp.o
 .comment       0x00000000       0x27 /tmp/cciAn4qQ.debug.temp.o
 .note.GNU-stack
                0x00000000        0x0 /tmp/cciAn4qQ.debug.temp.o
 .debug_info    0x00000000      0x13c /tmp/ccYajsMw.debug.temp.o
 .debug_abbrev  0x00000000       0x97 /tmp/ccYajsMw.debug.temp.o
 .debug_line    0x00000000       0x4c /tmp/ccYajsMw.debug.temp.o
 .debug_str     0x00000000      0x20e /tmp/ccYajsMw.debug.temp.o
 .debug_line_str
                0x00000000      0x13e /tmp/ccYajsMw.debug.temp.o
 .comment       0x00000000       0x27 /tmp/ccYajsMw.debug.temp.o
 .note.GNU-stack
                0x00000000        0x0 /tmp/ccYajsMw.debug.temp.o
 .debug_info    0x00000000       0x97 /tmp/ccbvnI53.debug.temp.o
 .debug_abbrev  0x00000000       0x64 /tmp/ccbvnI53.debug.temp.o
 .debug_line    0x00000000       0x4c /tmp/ccbvnI53.debug.temp.o
 .debug_str     0x00000000      0x1f3 /tmp/ccbvnI53.debug.temp.o
 .debug_line_str
                0x00000000      0x178 /tmp/ccbvnI53.debug.temp.o
 .comment       0x00000000       0x27 /tmp/ccbvnI53.debug.temp.o
 .note.GNU-stack
                0x00000000        0x0 /tmp/ccbvnI53.debug.temp.o
 .debug_info    0x00000000       0xae /tmp/ccGHLzxW.debug.temp.o
 .debug_abbrev  0x00000000       0x87 /tmp/ccGHLzxW.debug.temp.o
 .debug_line    0x00000000       0x4c /tmp/ccGHLzxW.debug.temp.o
 .debug_str     0x00000000      0x21c /tmp/ccGHLzxW.debug.temp.o
 .debug_line_str
                0x00000000      0x20e /tmp/ccGHLzxW.debug.temp.o
 .comment       0x00000000       0x27 /tmp/ccGHLzxW.debug.temp.o
 .note.GNU-stack
                0x00000000        0x0 /tmp/ccGHLzxW.debug.temp.o
 .debug_info    0x00000000      0x741 /tmp/ccHakKwW.debug.temp.o
 .debug_abbrev  0x00000000      0x175 /tmp/ccHakKwW.debug.temp.o
 .debug_line    0x00000000       0x63 /tmp/ccHakKwW.debug.temp.o
 .debug_str     0x00000000      0x5e1 /tmp/ccHakKwW.debug.temp.o
 .debug_line_str
                0x00000000      0x218 /tmp/ccHakKwW.debug.temp.o
 .comment       0x00000000       0x27 /tmp/ccHakKwW.debug.temp.o
 .note.GNU-stack
                0x00000000        0x0 /tmp/ccHakKwW.debug.temp.o
 .debug_info    0x00000000      0x54e /tmp/ccktuqad.debug.temp.o
 .debug_abbrev  0x00000000      0x130 /tmp/ccktuqad.debug.temp.o
 .debug_line    0x00000000       0x51 /tmp/ccktuqad.debug.temp.o
 .debug_str     0x00000000      0x3d1 /tmp/ccktuqad.debug.temp.o
 .debug_line_str
                0x00000000      0x15d /tmp/ccktuqad.debug.temp.o
 .comment       0x00000000       0x27 /tmp/ccktuqad.debug.temp.o
 .note.GNU-stack
                0x00000000        0x0 /tmp/ccktuqad.debug.temp.o
 .debug_info    0x00000000      0x371 /tmp/ccFExQ7L.debug.temp.o
 .debug_abbrev  0x00000000       0xf0 /tmp/ccFExQ7L.debug.temp.o
 .debug_line    0x00000000       0x4c /tmp/ccFExQ7L.debug.temp.o
 .debug_str     0x00000000      0x2d4 /tmp/ccFExQ7L.debug.temp.o
 .debug_line_str
                0x00000000      0x17c /tmp/ccFExQ7L.debug.temp.o
 .comment       0x00000000       0x27 /tmp/ccFExQ7L.debug.temp.o
 .note.GNU-stack
                0x00000000        0x0 /tmp/ccFExQ7L.debug.temp.o
 .debug_info    0x00000000     0x12e8 /tmp/ccxY1scA.debug.temp.o
 .debug_abbrev  0x00000000       0xd0 /tmp/ccxY1scA.debug.temp.o
 .debug_line    0x00000000       0x51 /tmp/ccxY1scA.debug.temp.o
 .debug_str     0x00000000      0x7a9 /tmp/ccxY1scA.debug.temp.o
 .debug_line_str
                0x00000000      0x17e /tmp/ccxY1scA.debug.temp.o
 .comment       0x00000000       0x27 /tmp/ccxY1scA.debug.temp.o
 .note.GNU-stack
                0x00000000        0x0 /tmp/ccxY1scA.debug.temp.o
 .debug_info    0x00000000      0x2ef /tmp/ccV9QdJM.debug.temp.o
 .debug_abbrev  0x00000000       0xee /tmp/ccV9QdJM.debug.temp.o
 .debug_line    0x00000000       0x51 /tmp/ccV9QdJM.debug.temp.o
 .debug_str     0x00000000      0x2f6 /tmp/ccV9QdJM.debug.temp.o
 .debug_line_str
                0x00000000      0x185 /tmp/ccV9QdJM.debug.temp.o
 .comment       0x00000000       0x27 /tmp/ccV9QdJM.debug.temp.o
 .note.GNU-stack
                0x00000000        0x0 /tmp/ccV9QdJM.debug.temp.o
 .debug_info    0x00000000      0x3df /tmp/ccgkQfzu.debug.temp.o
 .debug_abbrev  0x00000000      0x139 /tmp/ccgkQfzu.debug.temp.o
 .debug_line    0x00000000       0x56 /tmp/ccgkQfzu.debug.temp.o
 .debug_str     0x00000000      0x371 /tmp/ccgkQfzu.debug.temp.o
 .debug_line_str
                0x00000000      0x189 /tmp/ccgkQfzu.debug.temp.o
 .comment       0x00000000       0x27 /tmp/ccgkQfzu.debug.temp.o
 .note.GNU-stack
                0x00000000        0x0 /tmp/ccgkQfzu.debug.temp.o
 .debug_info    0x00000000      0x390 /tmp/ccOnsA8O.debug.temp.o
 .debug_abbrev  0x00000000       0xd2 /tmp/ccOnsA8O.debug.temp.o
 .debug_line    0x00000000       0x43 /tmp/ccOnsA8O.debug.temp.o
 .debug_str     0x00000000      0x303 /tmp/ccOnsA8O.debug.temp.o
 .debug_line_str
                0x00000000      0x14f /tmp/ccOnsA8O.debug.temp.o
 .comment       0x00000000       0x27 /tmp/ccOnsA8O.debug.temp.o
 .note.GNU-stack
                0x00000000        0x0 /tmp/ccOnsA8O.debug.temp.o
 .debug_info    0x00000000       0xc8 /tmp/cchff0uj.debug.temp.o
 .debug_abbrev  0x00000000       0x81 /tmp/cchff0uj.debug.temp.o
 .debug_line    0x00000000       0x55 /tmp/cchff0uj.debug.temp.o
 .debug_str     0x00000000      0x210 /tmp/cchff0uj.debug.temp.o
 .debug_line_str
                0x00000000      0x213 /tmp/cchff0uj.debug.temp.o
 .comment       0x00000000       0x27 /tmp/cchff0uj.debug.temp.o
 .note.GNU-stack
                0x00000000        0x0 /tmp/cchff0uj.debug.temp.o
 .debug_info    0x00000000      0x38c /tmp/cc0kNwmU.debug.temp.o
 .debug_abbrev  0x00000000      0x1b0 /tmp/cc0kNwmU.debug.temp.o
 .debug_line    0x00000000       0x77 /tmp/cc0kNwmU.debug.temp.o
 .debug_str     0x00000000      0x44d /tmp/cc0kNwmU.debug.temp.o
 .debug_line_str
                0x00000000      0x283 /tmp/cc0kNwmU.debug.temp.o
 .comment       0x00000000       0x27 /tmp/cc0kNwmU.debug.temp.o
 .note.GNU-stack
                0x00000000        0x0 /tmp/cc0kNwmU.debug.temp.o
 .debug_info    0x00000000       0xc0 /tmp/ccLWayaj.debug.temp.o
 .debug_abbrev  0x00000000       0x80 /tmp/ccLWayaj.debug.temp.o
 .debug_line    0x00000000       0x51 /tmp/ccLWayaj.debug.temp.o
 .debug_str     0x00000000      0x24b /tmp/ccLWayaj.debug.temp.o
 .debug_line_str
                0x00000000      0x192 /tmp/ccLWayaj.debug.temp.o
 .comment       0x00000000       0x27 /tmp/ccLWayaj.debug.temp.o
 .note.GNU-stack
                0x00000000        0x0 /tmp/ccLWayaj.debug.temp.o
 .comment       0x00000000       0x27 /tmp/ccfeAEba.debug.temp.o
 .note.GNU-stack
                0x00000000        0x0 /tmp/ccfeAEba.debug.temp.o
 .comment       0x00000000       0x27 /tmp/ccSy6fvz.debug.temp.o
 .note.GNU-stack
                0x00000000        0x0 /tmp/ccSy6fvz.debug.temp.o
 .comment       0x00000000       0x27 /tmp/ccyPzkKd.debug.temp.o
 .note.GNU-stack
                0x00000000        0x0 /tmp/ccyPzkKd.debug.temp.o
 .text          0x00000000       0x2a /home/enyephy/edk2/edk2/Build/OvmfIa32/RELEASE_GCC5/IA32/MdePkg/Library/BaseMemoryLibRepStr/BaseMemoryLibRepStr/OUTPUT/BaseMemoryLibRepStr.lib(ScanMem64.obj)
 .text          0x00000000       0x18 /home/enyephy/edk2/edk2/Build/OvmfIa32/RELEASE_GCC5/IA32/MdePkg/Library/BaseMemoryLibRepStr/BaseMemoryLibRepStr/OUTPUT/BaseMemoryLibRepStr.lib(ScanMem32.obj)
 .text          0x00000000       0x19 /home/enyephy/edk2/edk2/Build/OvmfIa32/RELEASE_GCC5/IA32/MdePkg/Library/BaseMemoryLibRepStr/BaseMemoryLibRepStr/OUTPUT/BaseMemoryLibRepStr.lib(ScanMem16.obj)
 .text          0x00000000       0x18 /home/enyephy/edk2/edk2/Build/OvmfIa32/RELEASE_GCC5/IA32/MdePkg/Library/BaseMemoryLibRepStr/BaseMemoryLibRepStr/OUTPUT/BaseMemoryLibRepStr.lib(ScanMem8.obj)
 .text          0x00000000       0x1d /home/enyephy/edk2/edk2/Build/OvmfIa32/RELEASE_GCC5/IA32/MdePkg/Library/BaseMemoryLibRepStr/BaseMemoryLibRepStr/OUTPUT/BaseMemoryLibRepStr.lib(CompareMem.obj)
 .text          0x00000000       0x1d /home/enyephy/edk2/edk2/Build/OvmfIa32/RELEASE_GCC5/IA32/MdePkg/Library/BaseMemoryLibRepStr/BaseMemoryLibRepStr/OUTPUT/BaseMemoryLibRepStr.lib(ZeroMem.obj)
 .text          0x00000000       0x1f /home/enyephy/edk2/edk2/Build/OvmfIa32/RELEASE_GCC5/IA32/MdePkg/Library/BaseMemoryLibRepStr/BaseMemoryLibRepStr/OUTPUT/BaseMemoryLibRepStr.lib(SetMem64.obj)
 .text          0x00000000       0x15 /home/enyephy/edk2/edk2/Build/OvmfIa32/RELEASE_GCC5/IA32/MdePkg/Library/BaseMemoryLibRepStr/BaseMemoryLibRepStr/OUTPUT/BaseMemoryLibRepStr.lib(SetMem32.obj)
 .text          0x00000000       0x16 /home/enyephy/edk2/edk2/Build/OvmfIa32/RELEASE_GCC5/IA32/MdePkg/Library/BaseMemoryLibRepStr/BaseMemoryLibRepStr/OUTPUT/BaseMemoryLibRepStr.lib(SetMem16.obj)
 .text          0x00000000       0x15 /home/enyephy/edk2/edk2/Build/OvmfIa32/RELEASE_GCC5/IA32/MdePkg/Library/BaseMemoryLibRepStr/BaseMemoryLibRepStr/OUTPUT/BaseMemoryLibRepStr.lib(SetMem.obj)
 .text          0x00000000       0x39 /home/enyephy/edk2/edk2/Build/OvmfIa32/RELEASE_GCC5/IA32/MdePkg/Library/BaseMemoryLibRepStr/BaseMemoryLibRepStr/OUTPUT/BaseMemoryLibRepStr.lib(CopyMem.obj)
 .text          0x00000000       0x28 /home/enyephy/edk2/edk2/Build/OvmfIa32/RELEASE_GCC5/IA32/MdePkg/Library/BaseMemoryLibRepStr/BaseMemoryLibRepStr/OUTPUT/BaseMemoryLibRepStr.lib(IsZeroBuffer.obj)
 .text          0x00000000        0x8 /home/enyephy/edk2/edk2/Build/OvmfIa32/RELEASE_GCC5/IA32/MdePkg/Library/BaseLib/BaseLib/OUTPUT/BaseLib.lib(WriteTr.obj)
 .text          0x00000000        0x4 /home/enyephy/edk2/edk2/Build/OvmfIa32/RELEASE_GCC5/IA32/MdePkg/Library/BaseLib/BaseLib/OUTPUT/BaseLib.lib(Lfence.obj)
 .text          0x00000000      0x168 /home/enyephy/edk2/edk2/Build/OvmfIa32/RELEASE_GCC5/IA32/MdePkg/Library/BaseLib/BaseLib/OUTPUT/BaseLib.lib(Thunk16.obj)
 .data          0x00000000        0xa /home/enyephy/edk2/edk2/Build/OvmfIa32/RELEASE_GCC5/IA32/MdePkg/Library/BaseLib/BaseLib/OUTPUT/BaseLib.lib(Thunk16.obj)
 .text          0x00000000        0x3 /home/enyephy/edk2/edk2/Build/OvmfIa32/RELEASE_GCC5/IA32/MdePkg/Library/BaseLib/BaseLib/OUTPUT/BaseLib.lib(EnableDisableInterrupts.obj)
 .text          0x00000000       0x45 /home/enyephy/edk2/edk2/Build/OvmfIa32/RELEASE_GCC5/IA32/MdePkg/Library/BaseLib/BaseLib/OUTPUT/BaseLib.lib(EnablePaging64.obj)
 .text          0x00000000       0x25 /home/enyephy/edk2/edk2/Build/OvmfIa32/RELEASE_GCC5/IA32/MdePkg/Library/BaseLib/BaseLib/OUTPUT/BaseLib.lib(DisablePaging32.obj)
 .text          0x00000000       0x25 /home/enyephy/edk2/edk2/Build/OvmfIa32/RELEASE_GCC5/IA32/MdePkg/Library/BaseLib/BaseLib/OUTPUT/BaseLib.lib(EnablePaging32.obj)
 .text          0x00000000        0xc /home/enyephy/edk2/edk2/Build/OvmfIa32/RELEASE_GCC5/IA32/MdePkg/Library/BaseLib/BaseLib/OUTPUT/BaseLib.lib(Mwait.obj)
 .text          0x00000000       0x10 /home/enyephy/edk2/edk2/Build/OvmfIa32/RELEASE_GCC5/IA32/MdePkg/Library/BaseLib/BaseLib/OUTPUT/BaseLib.lib(Monitor.obj)
 .text          0x00000000       0x2f /home/enyephy/edk2/edk2/Build/OvmfIa32/RELEASE_GCC5/IA32/MdePkg/Library/BaseLib/BaseLib/OUTPUT/BaseLib.lib(CpuIdEx.obj)
 .text          0x00000000       0x2c /home/enyephy/edk2/edk2/Build/OvmfIa32/RELEASE_GCC5/IA32/MdePkg/Library/BaseLib/BaseLib/OUTPUT/BaseLib.lib(CpuId.obj)
 .text          0x00000000       0x3c /home/enyephy/edk2/edk2/Build/OvmfIa32/RELEASE_GCC5/IA32/MdePkg/Library/BaseLib/BaseLib/OUTPUT/BaseLib.lib(LongJump.obj)
 .text          0x00000000       0x4a /home/enyephy/edk2/edk2/Build/OvmfIa32/RELEASE_GCC5/IA32/MdePkg/Library/BaseLib/BaseLib/OUTPUT/BaseLib.lib(SetJump.obj)
 .text          0x00000000        0xd /home/enyephy/edk2/edk2/Build/OvmfIa32/RELEASE_GCC5/IA32/MdePkg/Library/BaseLib/BaseLib/OUTPUT/BaseLib.lib(SwapBytes64.obj)
 .text          0x00000000       0x79 /home/enyephy/edk2/edk2/Build/OvmfIa32/RELEASE_GCC5/IA32/MdePkg/Library/BaseLib/BaseLib/OUTPUT/BaseLib.lib(DivU64x64Remainder.obj)
 .text          0x00000000       0x1d /home/enyephy/edk2/edk2/Build/OvmfIa32/RELEASE_GCC5/IA32/MdePkg/Library/BaseLib/BaseLib/OUTPUT/BaseLib.lib(DivU64x32Remainder.obj)
 .text          0x00000000       0x15 /home/enyephy/edk2/edk2/Build/OvmfIa32/RELEASE_GCC5/IA32/MdePkg/Library/BaseLib/BaseLib/OUTPUT/BaseLib.lib(ModU64x32.obj)
 .text          0x00000000       0x15 /home/enyephy/edk2/edk2/Build/OvmfIa32/RELEASE_GCC5/IA32/MdePkg/Library/BaseLib/BaseLib/OUTPUT/BaseLib.lib(DivU64x32.obj)
 .text          0x00000000       0x1f /home/enyephy/edk2/edk2/Build/OvmfIa32/RELEASE_GCC5/IA32/MdePkg/Library/BaseLib/BaseLib/OUTPUT/BaseLib.lib(MultU64x64.obj)
 .text          0x00000000       0x12 /home/enyephy/edk2/edk2/Build/OvmfIa32/RELEASE_GCC5/IA32/MdePkg/Library/BaseLib/BaseLib/OUTPUT/BaseLib.lib(MultU64x32.obj)
 .text          0x00000000       0x25 /home/enyephy/edk2/edk2/Build/OvmfIa32/RELEASE_GCC5/IA32/MdePkg/Library/BaseLib/BaseLib/OUTPUT/BaseLib.lib(RRotU64.obj)
 .text          0x00000000       0x25 /home/enyephy/edk2/edk2/Build/OvmfIa32/RELEASE_GCC5/IA32/MdePkg/Library/BaseLib/BaseLib/OUTPUT/BaseLib.lib(LRotU64.obj)
 .text          0x00000000       0x1a /home/enyephy/edk2/edk2/Build/OvmfIa32/RELEASE_GCC5/IA32/MdePkg/Library/BaseLib/BaseLib/OUTPUT/BaseLib.lib(ARShiftU64.obj)
 .text          0x00000000       0x1b /home/enyephy/edk2/edk2/Build/OvmfIa32/RELEASE_GCC5/IA32/MdePkg/Library/BaseLib/BaseLib/OUTPUT/BaseLib.lib(RShiftU64.obj)
 .text          0x00000000       0x1b /home/enyephy/edk2/edk2/Build/OvmfIa32/RELEASE_GCC5/IA32/MdePkg/Library/BaseLib/BaseLib/OUTPUT/BaseLib.lib(LShiftU64.obj)
 .text          0x00000000       0x11 /home/enyephy/edk2/edk2/Build/OvmfIa32/RELEASE_GCC5/IA32/MdePkg/Library/BaseLib/BaseLib/OUTPUT/BaseLib.lib(EnableCache.obj)
 .text          0x00000000       0x11 /home/enyephy/edk2/edk2/Build/OvmfIa32/RELEASE_GCC5/IA32/MdePkg/Library/BaseLib/BaseLib/OUTPUT/BaseLib.lib(DisableCache.obj)
 .text          0x00000000       0x45 /home/enyephy/edk2/edk2/Build/OvmfIa32/RELEASE_GCC5/IA32/MdePkg/Library/BaseLib/BaseLib/OUTPUT/BaseLib.lib(RdRand.obj)
 .text          0x00000000        0x8 /home/enyephy/edk2/edk2/Build/OvmfIa32/RELEASE_GCC5/IA32/MdePkg/Library/BaseLib/BaseLib/OUTPUT/BaseLib.lib(XGetBv.obj)
 .text          0x00000000       0x10 /home/enyephy/edk2/edk2/Build/OvmfIa32/RELEASE_GCC5/IA32/MdePkg/Library/BaseLib/BaseLib/OUTPUT/BaseLib.lib(XSetBv.obj)
 .text          0x00000000        0x3 /home/enyephy/edk2/edk2/Build/OvmfIa32/RELEASE_GCC5/IA32/MdePkg/Library/BaseLib/BaseLib/OUTPUT/BaseLib.lib(VmgExit.obj)
 .text          0x00000000        0x3 /home/enyephy/edk2/edk2/Build/OvmfIa32/RELEASE_GCC5/IA32/MdePkg/Library/BaseLib/BaseLib/OUTPUT/BaseLib.lib(VmgExitSvsm.obj)
 .text          0x00000000       0x1b /home/enyephy/edk2/edk2/Build/OvmfIa32/RELEASE_GCC5/IA32/MdePkg/Library/BaseLib/BaseLib/OUTPUT/BaseLib.lib(InternalSwitchStack.obj)
 .text          0x00000000      0x132 /home/enyephy/edk2/edk2/Build/OvmfIa32/RELEASE_GCC5/IA32/MdePkg/Library/BaseIoLibIntrinsic/BaseIoLibIntrinsicSev/OUTPUT/BaseIoLibIntrinsicSev.lib(IoFifoSev.obj)
 .text          0x00000000        0x0 /home/enyephy/edk2/edk2/Build/OvmfIa32/RELEASE_GCC5/IA32/MdePkg/Library/StackCheckLibNull/StackCheckLibNull/OUTPUT/StackCheckLibNull.lib(StackCheckLibNullGcc.obj)
 .data          0x00000000        0x0 /home/enyephy/edk2/edk2/Build/OvmfIa32/RELEASE_GCC5/IA32/MdePkg/Library/StackCheckLibNull/StackCheckLibNull/OUTPUT/StackCheckLibNull.lib(StackCheckLibNullGcc.obj)
 .bss           0x00000000        0x0 /home/enyephy/edk2/edk2/Build/OvmfIa32/RELEASE_GCC5/IA32/MdePkg/Library/StackCheckLibNull/StackCheckLibNull/OUTPUT/StackCheckLibNull.lib(StackCheckLibNullGcc.obj)
 .text.__stack_chk_fail
                0x00000000        0x1 /home/enyephy/edk2/edk2/Build/OvmfIa32/RELEASE_GCC5/IA32/MdePkg/Library/StackCheckLibNull/StackCheckLibNull/OUTPUT/StackCheckLibNull.lib(StackCheckLibNullGcc.obj)
 .bss.__stack_chk_guard
                0x00000000        0x4 /home/enyephy/edk2/edk2/Build/OvmfIa32/RELEASE_GCC5/IA32/MdePkg/Library/StackCheckLibNull/StackCheckLibNull/OUTPUT/StackCheckLibNull.lib(StackCheckLibNullGcc.obj)
 .debug_info    0x00000000       0xa2 /home/enyephy/edk2/edk2/Build/OvmfIa32/RELEASE_GCC5/IA32/MdePkg/Library/StackCheckLibNull/StackCheckLibNull/OUTPUT/StackCheckLibNull.lib(StackCheckLibNullGcc.obj)
 .debug_abbrev  0x00000000       0x6d /home/enyephy/edk2/edk2/Build/OvmfIa32/RELEASE_GCC5/IA32/MdePkg/Library/StackCheckLibNull/StackCheckLibNull/OUTPUT/StackCheckLibNull.lib(StackCheckLibNullGcc.obj)
 .debug_aranges
                0x00000000       0x20 /home/enyephy/edk2/edk2/Build/OvmfIa32/RELEASE_GCC5/IA32/MdePkg/Library/StackCheckLibNull/StackCheckLibNull/OUTPUT/StackCheckLibNull.lib(StackCheckLibNullGcc.obj)
 .debug_rnglists
                0x00000000       0x13 /home/enyephy/edk2/edk2/Build/OvmfIa32/RELEASE_GCC5/IA32/MdePkg/Library/StackCheckLibNull/StackCheckLibNull/OUTPUT/StackCheckLibNull.lib(StackCheckLibNullGcc.obj)
 .debug_line    0x00000000       0x55 /home/enyephy/edk2/edk2/Build/OvmfIa32/RELEASE_GCC5/IA32/MdePkg/Library/StackCheckLibNull/StackCheckLibNull/OUTPUT/StackCheckLibNull.lib(StackCheckLibNullGcc.obj)
 .debug_str     0x00000000      0x1da /home/enyephy/edk2/edk2/Build/OvmfIa32/RELEASE_GCC5/IA32/MdePkg/Library/StackCheckLibNull/StackCheckLibNull/OUTPUT/StackCheckLibNull.lib(StackCheckLibNullGcc.obj)
 .debug_line_str
                0x00000000      0x1cb /home/enyephy/edk2/edk2/Build/OvmfIa32/RELEASE_GCC5/IA32/MdePkg/Library/StackCheckLibNull/StackCheckLibNull/OUTPUT/StackCheckLibNull.lib(StackCheckLibNullGcc.obj)
 .comment       0x00000000       0x27 /home/enyephy/edk2/edk2/Build/OvmfIa32/RELEASE_GCC5/IA32/MdePkg/Library/StackCheckLibNull/StackCheckLibNull/OUTPUT/StackCheckLibNull.lib(StackCheckLibNullGcc.obj)
 .note.GNU-stack
                0x00000000        0x0 /home/enyephy/edk2/edk2/Build/OvmfIa32/RELEASE_GCC5/IA32/MdePkg/Library/StackCheckLibNull/StackCheckLibNull/OUTPUT/StackCheckLibNull.lib(StackCheckLibNullGcc.obj)
 .debug_frame   0x00000000       0x24 /home/enyephy/edk2/edk2/Build/OvmfIa32/RELEASE_GCC5/IA32/MdePkg/Library/StackCheckLibNull/StackCheckLibNull/OUTPUT/StackCheckLibNull.lib(StackCheckLibNullGcc.obj)

Memory Configuration

Name             Origin             Length             Attributes
*default*        0x00000000         0xffffffff

Linker script and memory map

START GROUP
LOAD /tmp/ccjYSLUG.ltrans0.ltrans.o
LOAD /tmp/ccJAEK74.debug.temp.o
LOAD /tmp/cc6N6BL4.debug.temp.o
LOAD /tmp/ccfsDdEg.debug.temp.o
LOAD /tmp/cc0LOiUi.debug.temp.o
LOAD /tmp/cc69lR0O.debug.temp.o
LOAD /tmp/cchQNqmv.debug.temp.o
LOAD /tmp/ccmbAl3Y.debug.temp.o
LOAD /tmp/cch2EhDR.debug.temp.o
LOAD /tmp/ccIxF0SP.debug.temp.o
LOAD /tmp/ccYz7Rcd.debug.temp.o
LOAD /tmp/cclGnX7E.debug.temp.o
LOAD /tmp/cc2sLX0t.debug.temp.o
LOAD /tmp/cc8hXLcO.debug.temp.o
LOAD /tmp/ccB2gCZb.debug.temp.o
LOAD /tmp/ccd3ry9U.debug.temp.o
LOAD /tmp/ccUxtAYK.debug.temp.o
LOAD /tmp/ccGABN2h.debug.temp.o
LOAD /tmp/ccXE1OrW.debug.temp.o
LOAD /tmp/cctdFjud.debug.temp.o
LOAD /tmp/ccnaWSNU.debug.temp.o
LOAD /tmp/cc457MW2.debug.temp.o
LOAD /tmp/cciXYDT2.debug.temp.o
LOAD /tmp/ccaIVoCX.debug.temp.o
LOAD /tmp/cc4Mp0kW.debug.temp.o
LOAD /tmp/ccI5JRJg.debug.temp.o
LOAD /tmp/ccid6fab.debug.temp.o
LOAD /tmp/ccc4HUtz.debug.temp.o
LOAD /tmp/ccu5N6t8.debug.temp.o
LOAD /tmp/cc0ykUTR.debug.temp.o
LOAD /tmp/ccdzUFkQ.debug.temp.o
LOAD /tmp/ccqGMIUx.debug.temp.o
LOAD /tmp/ccBwtVnI.debug.temp.o
LOAD /tmp/ccdSEEwF.debug.temp.o
LOAD /tmp/ccA9dyTQ.debug.temp.o
LOAD /tmp/ccjR3LOm.debug.temp.o
LOAD /tmp/ccQzPayr.debug.temp.o
LOAD /tmp/cc4IUfCd.debug.temp.o
LOAD /tmp/ccsXahJi.debug.temp.o
LOAD /tmp/cc2MieYM.debug.temp.o
LOAD /tmp/ccv9pkfM.debug.temp.o
LOAD /tmp/ccdfgXBW.debug.temp.o
LOAD /tmp/ccx7tNJD.debug.temp.o
LOAD /tmp/ccQLxgJE.debug.temp.o
LOAD /tmp/ccDn3bzO.debug.temp.o
LOAD /tmp/ccdvcVRV.debug.temp.o
LOAD /tmp/ccUtqNWq.debug.temp.o
LOAD /tmp/cc7DvFHq.debug.temp.o
LOAD /tmp/cch2s2VB.debug.temp.o
LOAD /tmp/cciUGK0h.debug.temp.o
LOAD /tmp/cczkKboR.debug.temp.o
LOAD /tmp/ccnSg4df.debug.temp.o
LOAD /tmp/cc3T7J9t.debug.temp.o
LOAD /tmp/cc9nQUwC.debug.temp.o
LOAD /tmp/ccQtYNNL.debug.temp.o
LOAD /tmp/ccGpRRNP.debug.temp.o
LOAD /tmp/ccAOYg3g.debug.temp.o
LOAD /tmp/cc2ZcBAZ.debug.temp.o
LOAD /tmp/ccn7fvM9.debug.temp.o
LOAD /tmp/cc2uehhP.debug.temp.o
LOAD /tmp/ccmRh9da.debug.temp.o
LOAD /tmp/ccEdOj6x.debug.temp.o
LOAD /tmp/ccJvNyJO.debug.temp.o
LOAD /tmp/ccqJKhBN.debug.temp.o
LOAD /tmp/cc2CCCrg.debug.temp.o
LOAD /tmp/ccr6fUH9.debug.temp.o
LOAD /tmp/ccIvIfXN.debug.temp.o
LOAD /tmp/ccaBJpTK.debug.temp.o
LOAD /tmp/ccxNykYO.debug.temp.o
LOAD /tmp/cc7YIPur.debug.temp.o
LOAD /tmp/cclSn4Z3.debug.temp.o
LOAD /tmp/ccxOJNLp.debug.temp.o
LOAD /tmp/ccK6HsWz.debug.temp.o
LOAD /tmp/ccgoN8x0.debug.temp.o
LOAD /tmp/cccBX5ir.debug.temp.o
LOAD /tmp/cciAn4qQ.debug.temp.o
LOAD /tmp/ccYajsMw.debug.temp.o
LOAD /tmp/ccbvnI53.debug.temp.o
LOAD /tmp/ccGHLzxW.debug.temp.o
LOAD /tmp/ccHakKwW.debug.temp.o
LOAD /tmp/ccktuqad.debug.temp.o
LOAD /tmp/ccFExQ7L.debug.temp.o
LOAD /tmp/ccxY1scA.debug.temp.o
LOAD /tmp/ccV9QdJM.debug.temp.o
LOAD /tmp/ccgkQfzu.debug.temp.o
LOAD /tmp/ccOnsA8O.debug.temp.o
LOAD /tmp/cchff0uj.debug.temp.o
LOAD /tmp/cc0kNwmU.debug.temp.o
LOAD /tmp/ccLWayaj.debug.temp.o
LOAD /tmp/ccfeAEba.debug.temp.o
LOAD /tmp/ccSy6fvz.debug.temp.o
LOAD /tmp/ccyPzkKd.debug.temp.o
LOAD /home/enyephy/edk2/edk2/Build/OvmfIa32/RELEASE_GCC5/IA32/NetworkPkg/DpcDxe/DpcDxe/OUTPUT/DpcDxe.lib
LOAD /home/enyephy/edk2/edk2/Build/OvmfIa32/RELEASE_GCC5/IA32/MdePkg/Library/RegisterFilterLibNull/RegisterFilterLibNull/OUTPUT/FilterLibNull.lib
LOAD /home/enyephy/edk2/edk2/Build/OvmfIa32/RELEASE_GCC5/IA32/MdePkg/Library/DxePcdLib/DxePcdLib/OUTPUT/DxePcdLib.lib
LOAD /home/enyephy/edk2/edk2/Build/OvmfIa32/RELEASE_GCC5/IA32/MdePkg/Library/BaseMemoryLibRepStr/BaseMemoryLibRepStr/OUTPUT/BaseMemoryLibRepStr.lib
LOAD /home/enyephy/edk2/edk2/Build/OvmfIa32/RELEASE_GCC5/IA32/MdePkg/Library/BaseLib/BaseLib/OUTPUT/BaseLib.lib
LOAD /home/enyephy/edk2/edk2/Build/OvmfIa32/RELEASE_GCC5/IA32/MdePkg/Library/CcProbeLibNull/CcProbeLibNull/OUTPUT/CcProbeLibNull.lib
LOAD /home/enyephy/edk2/edk2/Build/OvmfIa32/RELEASE_GCC5/IA32/MdePkg/Library/BaseDebugPrintErrorLevelLib/BaseDebugPrintErrorLevelLib/OUTPUT/BaseDebugPrintErrorLevelLib.lib
LOAD /home/enyephy/edk2/edk2/Build/OvmfIa32/RELEASE_GCC5/IA32/MdePkg/Library/BasePrintLib/BasePrintLib/OUTPUT/BasePrintLib.lib
LOAD /home/enyephy/edk2/edk2/Build/OvmfIa32/RELEASE_GCC5/IA32/MdePkg/Library/BaseIoLibIntrinsic/BaseIoLibIntrinsicSev/OUTPUT/BaseIoLibIntrinsicSev.lib
LOAD /home/enyephy/edk2/edk2/Build/OvmfIa32/RELEASE_GCC5/IA32/OvmfPkg/Library/PlatformDebugLibIoPort/PlatformDebugLibIoPort/OUTPUT/PlatformDebugLibIoPort.lib
LOAD /home/enyephy/edk2/edk2/Build/OvmfIa32/RELEASE_GCC5/IA32/MdePkg/Library/UefiBootServicesTableLib/UefiBootServicesTableLib/OUTPUT/UefiBootServicesTableLib.lib
LOAD /home/enyephy/edk2/edk2/Build/OvmfIa32/RELEASE_GCC5/IA32/MdePkg/Library/UefiDriverEntryPoint/UefiDriverEntryPoint/OUTPUT/UefiDriverEntryPoint.lib
LOAD /home/enyephy/edk2/edk2/Build/OvmfIa32/RELEASE_GCC5/IA32/MdePkg/Library/UefiMemoryAllocationLib/UefiMemoryAllocationLib/OUTPUT/UefiMemoryAllocationLib.lib
LOAD /home/enyephy/edk2/edk2/Build/OvmfIa32/RELEASE_GCC5/IA32/MdePkg/Library/StackCheckLibNull/StackCheckLibNull/OUTPUT/StackCheckLibNull.lib
END GROUP
                0x00000220                        PECOFF_HEADER_SIZE = 0x220
                0x00000220                        . = PECOFF_HEADER_SIZE

.text           0x00000240      0x23a
 *(.text .text.* .stub .gnu.linkonce.t.*)
 .text.DpcQueueDpc
                0x00000240      0x13c /tmp/ccjYSLUG.ltrans0.ltrans.o
 .text.DpcDispatchDpc
                0x0000037c       0xba /tmp/ccjYSLUG.ltrans0.ltrans.o
 .text._ModuleEntryPoint
                0x00000436       0x44 /tmp/ccjYSLUG.ltrans0.ltrans.o
                0x00000436                _ModuleEntryPoint
 *(.rodata .rodata.* .gnu.linkonce.r.*)
 *(.got .got.*)
 .got           0x0000047a        0x0 /home/enyephy/edk2/edk2/Build/OvmfIa32/RELEASE_GCC5/IA32/MdePkg/Library/BaseMemoryLibRepStr/BaseMemoryLibRepStr/OUTPUT/BaseMemoryLibRepStr.lib(ScanMem64.obj)
 .got.plt       0x0000047a        0x0 /home/enyephy/edk2/edk2/Build/OvmfIa32/RELEASE_GCC5/IA32/MdePkg/Library/BaseMemoryLibRepStr/BaseMemoryLibRepStr/OUTPUT/BaseMemoryLibRepStr.lib(ScanMem64.obj)
 *:AutoGen.obj(.data.g*Guid)

.iplt           0x0000047a        0x0
 .iplt          0x0000047a        0x0 /home/enyephy/edk2/edk2/Build/OvmfIa32/RELEASE_GCC5/IA32/MdePkg/Library/BaseMemoryLibRepStr/BaseMemoryLibRepStr/OUTPUT/BaseMemoryLibRepStr.lib(ScanMem64.obj)

.data           0x00000480      0x144
 *(.data .data.* .gnu.linkonce.d.*)
 .data.mDpc     0x00000480        0x8 /tmp/ccjYSLUG.ltrans0.ltrans.o
 .data.gEfiDpcProtocolGuid
                0x00000488       0x10 /tmp/ccjYSLUG.ltrans0.ltrans.o
 .data.mDpcEntryFreeList
                0x00000498        0x8 /tmp/ccjYSLUG.ltrans0.ltrans.o
 *(.bss .bss.*)
 .bss.mDpcHandle
                0x000004a0        0x4 /tmp/ccjYSLUG.ltrans0.ltrans.o
 .bss.gST       0x000004a4        0x4 /tmp/ccjYSLUG.ltrans0.ltrans.o
 .bss.mMaxDpcQueueDepth
                0x000004a8        0x4 /tmp/ccjYSLUG.ltrans0.ltrans.o
 .bss.mDpcQueueDepth
                0x000004ac        0x4 /tmp/ccjYSLUG.ltrans0.ltrans.o
 *fill*         0x000004b0       0x10 
 .bss.mDpcQueue
                0x000004c0      0x100 /tmp/ccjYSLUG.ltrans0.ltrans.o
 .bss.gBS       0x000005c0        0x4 /tmp/ccjYSLUG.ltrans0.ltrans.o

.igot.plt       0x000005c4        0x0
 .igot.plt      0x000005c4        0x0 /home/enyephy/edk2/edk2/Build/OvmfIa32/RELEASE_GCC5/IA32/MdePkg/Library/BaseMemoryLibRepStr/BaseMemoryLibRepStr/OUTPUT/BaseMemoryLibRepStr.lib(ScanMem64.obj)

.rel.dyn        0x000005c4        0x0
 .rel.got       0x000005c4        0x0 /home/enyephy/edk2/edk2/Build/OvmfIa32/RELEASE_GCC5/IA32/MdePkg/Library/BaseMemoryLibRepStr/BaseMemoryLibRepStr/OUTPUT/BaseMemoryLibRepStr.lib(ScanMem64.obj)
 .rel.iplt      0x000005c4        0x0 /home/enyephy/edk2/edk2/Build/OvmfIa32/RELEASE_GCC5/IA32/MdePkg/Library/BaseMemoryLibRepStr/BaseMemoryLibRepStr/OUTPUT/BaseMemoryLibRepStr.lib(ScanMem64.obj)

.eh_frame
 *(.eh_frame)

.rela
 *(.rela .rela.*)

.hii
 *(.hii)

.got
 *(.got)
                0x00000001                        ASSERT ((SIZEOF (.got) == 0x0), Unexpected GOT entries detected!)

.got.plt
 *(.got.plt)
                0x00000001                        ASSERT ((((SIZEOF (.got.plt) == 0x0) || (SIZEOF (.got.plt) == 0xc)) || (SIZEOF (.got.plt) == 0x18)), Unexpected GOT/PLT entries detected!)

.build-id       0x00000600       0x24
 *(.note.gnu.build-id)
 .note.gnu.build-id
                0x00000600       0x24 Dpc.obj (symbol from plugin)

/DISCARD/
 *(.note.GNU-stack)
 *(.gnu_debuglink)
 *(.interp)
 *(.dynsym)
 *(.dynstr)
 *(.dynamic)
 *(.hash .gnu.hash)
 *(.comment)
OUTPUT(/home/enyephy/edk2/edk2/Build/OvmfIa32/RELEASE_GCC5/IA32/NetworkPkg/DpcDxe/DpcDxe/DEBUG/DpcDxe.dll elf32-i386)

.debug_info     0x00000000     0x8061
 .debug_info    0x00000000      0x532 /tmp/ccjYSLUG.ltrans0.ltrans.o
 .debug_info    0x00000532     0x1a00 /tmp/ccJAEK74.debug.temp.o
                0x00000532                Dpc.c.7c40e517
 .debug_info    0x00001f32     0x19d5 /tmp/cc6N6BL4.debug.temp.o
                0x00001f32                AutoGen.c.2b132d1f
 .debug_info    0x00003907       0xec /tmp/ccI5JRJg.debug.temp.o
                0x00003907                SetJump.c.ae45b31f
 .debug_info    0x000039f3       0xa1 /tmp/cciUGK0h.debug.temp.o
                0x000039f3                CpuDeadLoop.c.108917f1
 .debug_info    0x00003a94      0x2c7 /tmp/ccnSg4df.debug.temp.o
                0x00003a94                LinkedList.c.5e91a5b2
 .debug_info    0x00003d5b     0x174f /tmp/ccfeAEba.debug.temp.o
                0x00003d5b                UefiBootServicesTableLib.c.b0af51fe
 .debug_info    0x000054aa     0x18d8 /tmp/ccSy6fvz.debug.temp.o
                0x000054aa                DriverEntryPoint.c.d2977ac0
 .debug_info    0x00006d82     0x12df /tmp/ccyPzkKd.debug.temp.o
                0x00006d82                MemoryAllocationLib.c.dd7b5bf4

.debug_abbrev   0x00000000      0xd5c
 .debug_abbrev  0x00000000      0x10a /tmp/ccjYSLUG.ltrans0.ltrans.o
 .debug_abbrev  0x0000010a      0x25d /tmp/ccJAEK74.debug.temp.o
 .debug_abbrev  0x00000367      0x23e /tmp/cc6N6BL4.debug.temp.o
 .debug_abbrev  0x000005a5       0x82 /tmp/ccI5JRJg.debug.temp.o
 .debug_abbrev  0x00000627       0x71 /tmp/cciUGK0h.debug.temp.o
 .debug_abbrev  0x00000698      0x10f /tmp/ccnSg4df.debug.temp.o
 .debug_abbrev  0x000007a7      0x1be /tmp/ccfeAEba.debug.temp.o
 .debug_abbrev  0x00000965      0x1fb /tmp/ccSy6fvz.debug.temp.o
 .debug_abbrev  0x00000b60      0x1fc /tmp/ccyPzkKd.debug.temp.o

.debug_loclists
                0x00000000      0x380
 .debug_loclists
                0x00000000      0x380 /tmp/ccjYSLUG.ltrans0.ltrans.o

.debug_aranges  0x00000000       0x40
 .debug_aranges
                0x00000000       0x40 /tmp/ccjYSLUG.ltrans0.ltrans.o

.debug_rnglists
                0x00000000       0x75
 .debug_rnglists
                0x00000000       0x75 /tmp/ccjYSLUG.ltrans0.ltrans.o

.debug_line     0x00000000      0x85b
 .debug_line    0x00000000      0x4ce /tmp/ccjYSLUG.ltrans0.ltrans.o
 .debug_line    0x000004ce       0x9c /tmp/ccJAEK74.debug.temp.o
 .debug_line    0x0000056a       0x85 /tmp/cc6N6BL4.debug.temp.o
 .debug_line    0x000005ef       0x4c /tmp/ccI5JRJg.debug.temp.o
 .debug_line    0x0000063b       0x4c /tmp/cciUGK0h.debug.temp.o
 .debug_line    0x00000687       0x55 /tmp/ccnSg4df.debug.temp.o
 .debug_line    0x000006dc       0x7b /tmp/ccfeAEba.debug.temp.o
 .debug_line    0x00000757       0x8e /tmp/ccSy6fvz.debug.temp.o
 .debug_line    0x000007e5       0x76 /tmp/ccyPzkKd.debug.temp.o

.debug_str      0x00000000     0x1d19
 .debug_str     0x00000000     0x1d19 /tmp/ccjYSLUG.ltrans0.ltrans.o
                                0x171 (size before relaxing)
 .debug_str     0x00001d19     0x14e6 /tmp/ccJAEK74.debug.temp.o
 .debug_str     0x00001d19     0x1720 /tmp/cc6N6BL4.debug.temp.o
 .debug_str     0x00001d19      0x1eb /tmp/ccI5JRJg.debug.temp.o
 .debug_str     0x00001d19      0x1e3 /tmp/cciUGK0h.debug.temp.o
 .debug_str     0x00001d19      0x30d /tmp/ccnSg4df.debug.temp.o
 .debug_str     0x00001d19     0x1333 /tmp/ccfeAEba.debug.temp.o
 .debug_str     0x00001d19     0x148d /tmp/ccSy6fvz.debug.temp.o
 .debug_str     0x00001d19      0xf2a /tmp/ccyPzkKd.debug.temp.o

.debug_line_str
                0x00000000      0x8a0
 .debug_line_str
                0x00000000      0x8a0 /tmp/ccjYSLUG.ltrans0.ltrans.o
                                0x295 (size before relaxing)
 .debug_line_str
                0x000008a0      0x2d5 /tmp/ccJAEK74.debug.temp.o
 .debug_line_str
                0x000008a0      0x29e /tmp/cc6N6BL4.debug.temp.o
 .debug_line_str
                0x000008a0      0x13f /tmp/ccI5JRJg.debug.temp.o
 .debug_line_str
                0x000008a0      0x147 /tmp/cciUGK0h.debug.temp.o
 .debug_line_str
                0x000008a0      0x1a2 /tmp/ccnSg4df.debug.temp.o
 .debug_line_str
                0x000008a0      0x297 /tmp/ccfeAEba.debug.temp.o
 .debug_line_str
                0x000008a0      0x31e /tmp/ccSy6fvz.debug.temp.o
 .debug_line_str
                0x000008a0      0x27a /tmp/ccyPzkKd.debug.temp.o

.debug_frame    0x00000000       0xac
 .debug_frame   0x00000000       0xac /tmp/ccjYSLUG.ltrans0.ltrans.o
