Archive member included to satisfy reference by file (symbol)

/home/enyephy/edk2/edk2/Build/OvmfX64/DEBUG_GCC5/X64/OvmfPkg/Tcg/TdTcg2Dxe/TdTcg2Dxe/OUTPUT/TdTcg2Dxe.lib(TdTcg2Dxe.obj)
                              (--whole-archive)
/home/enyephy/edk2/edk2/Build/OvmfX64/DEBUG_GCC5/X64/OvmfPkg/Tcg/TdTcg2Dxe/TdTcg2Dxe/OUTPUT/TdTcg2Dxe.lib(MeasureBootPeCoff.obj)
                              (--whole-archive)
/home/enyephy/edk2/edk2/Build/OvmfX64/DEBUG_GCC5/X64/OvmfPkg/Tcg/TdTcg2Dxe/TdTcg2Dxe/OUTPUT/TdTcg2Dxe.lib(AutoGen.obj)
                              (--whole-archive)
/home/enyephy/edk2/edk2/Build/OvmfX64/DEBUG_GCC5/X64/MdePkg/Library/RegisterFilterLibNull/RegisterFilterLibNull/OUTPUT/FilterLibNull.lib(RegisterFilterLibNull.obj)
                              (--whole-archive)
/home/enyephy/edk2/edk2/Build/OvmfX64/DEBUG_GCC5/X64/MdePkg/Library/DxePcdLib/DxePcdLib/OUTPUT/DxePcdLib.lib(DxePcdLib.obj)
                              (--whole-archive)
/home/enyephy/edk2/edk2/Build/OvmfX64/DEBUG_GCC5/X64/MdePkg/Library/BaseMemoryLibRepStr/BaseMemoryLibRepStr/OUTPUT/BaseMemoryLibRepStr.lib(ScanMem64Wrapper.obj)
                              (--whole-archive)
/home/enyephy/edk2/edk2/Build/OvmfX64/DEBUG_GCC5/X64/MdePkg/Library/BaseMemoryLibRepStr/BaseMemoryLibRepStr/OUTPUT/BaseMemoryLibRepStr.lib(ScanMem32Wrapper.obj)
                              (--whole-archive)
/home/enyephy/edk2/edk2/Build/OvmfX64/DEBUG_GCC5/X64/MdePkg/Library/BaseMemoryLibRepStr/BaseMemoryLibRepStr/OUTPUT/BaseMemoryLibRepStr.lib(ScanMem16Wrapper.obj)
                              (--whole-archive)
/home/enyephy/edk2/edk2/Build/OvmfX64/DEBUG_GCC5/X64/MdePkg/Library/BaseMemoryLibRepStr/BaseMemoryLibRepStr/OUTPUT/BaseMemoryLibRepStr.lib(ScanMem8Wrapper.obj)
                              (--whole-archive)
/home/enyephy/edk2/edk2/Build/OvmfX64/DEBUG_GCC5/X64/MdePkg/Library/BaseMemoryLibRepStr/BaseMemoryLibRepStr/OUTPUT/BaseMemoryLibRepStr.lib(ZeroMemWrapper.obj)
                              (--whole-archive)
/home/enyephy/edk2/edk2/Build/OvmfX64/DEBUG_GCC5/X64/MdePkg/Library/BaseMemoryLibRepStr/BaseMemoryLibRepStr/OUTPUT/BaseMemoryLibRepStr.lib(CompareMemWrapper.obj)
                              (--whole-archive)
/home/enyephy/edk2/edk2/Build/OvmfX64/DEBUG_GCC5/X64/MdePkg/Library/BaseMemoryLibRepStr/BaseMemoryLibRepStr/OUTPUT/BaseMemoryLibRepStr.lib(SetMemNWrapper.obj)
                              (--whole-archive)
/home/enyephy/edk2/edk2/Build/OvmfX64/DEBUG_GCC5/X64/MdePkg/Library/BaseMemoryLibRepStr/BaseMemoryLibRepStr/OUTPUT/BaseMemoryLibRepStr.lib(SetMem64Wrapper.obj)
                              (--whole-archive)
/home/enyephy/edk2/edk2/Build/OvmfX64/DEBUG_GCC5/X64/MdePkg/Library/BaseMemoryLibRepStr/BaseMemoryLibRepStr/OUTPUT/BaseMemoryLibRepStr.lib(SetMem32Wrapper.obj)
                              (--whole-archive)
/home/enyephy/edk2/edk2/Build/OvmfX64/DEBUG_GCC5/X64/MdePkg/Library/BaseMemoryLibRepStr/BaseMemoryLibRepStr/OUTPUT/BaseMemoryLibRepStr.lib(SetMem16Wrapper.obj)
                              (--whole-archive)
/home/enyephy/edk2/edk2/Build/OvmfX64/DEBUG_GCC5/X64/MdePkg/Library/BaseMemoryLibRepStr/BaseMemoryLibRepStr/OUTPUT/BaseMemoryLibRepStr.lib(SetMemWrapper.obj)
                              (--whole-archive)
/home/enyephy/edk2/edk2/Build/OvmfX64/DEBUG_GCC5/X64/MdePkg/Library/BaseMemoryLibRepStr/BaseMemoryLibRepStr/OUTPUT/BaseMemoryLibRepStr.lib(CopyMemWrapper.obj)
                              (--whole-archive)
/home/enyephy/edk2/edk2/Build/OvmfX64/DEBUG_GCC5/X64/MdePkg/Library/BaseMemoryLibRepStr/BaseMemoryLibRepStr/OUTPUT/BaseMemoryLibRepStr.lib(IsZeroBufferWrapper.obj)
                              (--whole-archive)
/home/enyephy/edk2/edk2/Build/OvmfX64/DEBUG_GCC5/X64/MdePkg/Library/BaseMemoryLibRepStr/BaseMemoryLibRepStr/OUTPUT/BaseMemoryLibRepStr.lib(MemLibGuid.obj)
                              (--whole-archive)
/home/enyephy/edk2/edk2/Build/OvmfX64/DEBUG_GCC5/X64/MdePkg/Library/BaseMemoryLibRepStr/BaseMemoryLibRepStr/OUTPUT/BaseMemoryLibRepStr.lib(ScanMem64.obj)
                              (--whole-archive)
/home/enyephy/edk2/edk2/Build/OvmfX64/DEBUG_GCC5/X64/MdePkg/Library/BaseMemoryLibRepStr/BaseMemoryLibRepStr/OUTPUT/BaseMemoryLibRepStr.lib(ScanMem32.obj)
                              (--whole-archive)
/home/enyephy/edk2/edk2/Build/OvmfX64/DEBUG_GCC5/X64/MdePkg/Library/BaseMemoryLibRepStr/BaseMemoryLibRepStr/OUTPUT/BaseMemoryLibRepStr.lib(ScanMem16.obj)
                              (--whole-archive)
/home/enyephy/edk2/edk2/Build/OvmfX64/DEBUG_GCC5/X64/MdePkg/Library/BaseMemoryLibRepStr/BaseMemoryLibRepStr/OUTPUT/BaseMemoryLibRepStr.lib(ScanMem8.obj)
                              (--whole-archive)
/home/enyephy/edk2/edk2/Build/OvmfX64/DEBUG_GCC5/X64/MdePkg/Library/BaseMemoryLibRepStr/BaseMemoryLibRepStr/OUTPUT/BaseMemoryLibRepStr.lib(CompareMem.obj)
                              (--whole-archive)
[...]
Memory Configuration

Name             Origin             Length             Attributes
*default*        0x0000000000000000 0xffffffffffffffff

Linker script and memory map

START GROUP
LOAD /tmp/ccxLfAqx.ltrans0.ltrans.o
LOAD /tmp/ccznnSc6.debug.temp.o
LOAD /tmp/cctEHrCP.debug.temp.o
LOAD /tmp/cc8iLWfq.debug.temp.o
LOAD /tmp/ccHOoo3L.debug.temp.o
LOAD /tmp/cco0Nynh.debug.temp.o
LOAD /tmp/ccUFkn5X.debug.temp.o
LOAD /tmp/ccwyV38L.debug.temp.o
LOAD /tmp/ccUOVfpM.debug.temp.o
LOAD /tmp/ccGpaAuh.debug.temp.o
LOAD /tmp/ccqqWlw8.debug.temp.o
LOAD /tmp/ccDSgJkC.debug.temp.o
LOAD /tmp/cccMmc1B.debug.temp.o
LOAD /tmp/cciGwOVi.debug.temp.o
LOAD /tmp/ccAqffR1.debug.temp.o
LOAD /tmp/cctHfvPd.debug.temp.o
LOAD /tmp/cceIpCs6.debug.temp.o
LOAD /tmp/ccOgmLcc.debug.temp.o
LOAD /tmp/ccTkYIjk.debug.temp.o
LOAD /tmp/ccQ7L2hf.debug.temp.o
LOAD /tmp/ccrsx8cY.debug.temp.o
LOAD /tmp/ccynOP32.debug.temp.o
LOAD /tmp/cci8BZRc.debug.temp.o
LOAD /tmp/ccoQsSOK.debug.temp.o
LOAD /tmp/ccXUWHrp.debug.temp.o
LOAD /tmp/ccXV5wz2.debug.temp.o
LOAD /tmp/ccsRpwS6.debug.temp.o
LOAD /tmp/ccG8SXx9.debug.temp.o
LOAD /tmp/cc7WPdiQ.debug.temp.o
LOAD /tmp/ccjia2Z3.debug.temp.o
LOAD /tmp/ccC8PzVa.debug.temp.o
LOAD /tmp/ccFi3XmW.debug.temp.o
LOAD /tmp/ccZ7smh1.debug.temp.o
LOAD /tmp/ccZlSOLS.debug.temp.o
LOAD /tmp/ccUG0MSK.debug.temp.o
LOAD /tmp/cc6QIV66.debug.temp.o
LOAD /tmp/ccPcPhCn.debug.temp.o
LOAD /tmp/ccQEIiI7.debug.temp.o
LOAD /tmp/ccElxcci.debug.temp.o
LOAD /tmp/cc3ZxbTC.debug.temp.o
LOAD /tmp/ccihVlro.debug.temp.o
LOAD /tmp/ccbbMT2c.debug.temp.o
LOAD /tmp/ccPbaxoz.debug.temp.o
LOAD /tmp/ccKCMrRy.debug.temp.o
LOAD /tmp/ccDpm76V.debug.temp.o
LOAD /tmp/ccV7Xho7.debug.temp.o
LOAD /tmp/cc1jEZcw.debug.temp.o
LOAD /tmp/ccWbbe8I.debug.temp.o
LOAD /tmp/ccbPrvdv.debug.temp.o
LOAD /tmp/ccYOgrL8.debug.temp.o
LOAD /tmp/cc3cAdtU.debug.temp.o
LOAD /tmp/ccUhHIQr.debug.temp.o
LOAD /tmp/ccQrPUuU.debug.temp.o
LOAD /tmp/cce5CkrF.debug.temp.o
LOAD /tmp/ccRLWkm5.debug.temp.o
LOAD /tmp/cctMdPjY.debug.temp.o
LOAD /tmp/ccxAEy76.debug.temp.o
LOAD /tmp/ccCXZCbk.debug.temp.o
LOAD /tmp/ccIsid7O.debug.temp.o
LOAD /tmp/cckAHs7R.debug.temp.o
LOAD /tmp/ccXLSdkK.debug.temp.o
LOAD /tmp/ccrtGtBv.debug.temp.o
LOAD /tmp/ccjMh9vI.debug.temp.o
LOAD /tmp/ccQVYiOl.debug.temp.o
LOAD /tmp/ccZD7pmR.debug.temp.o
LOAD /tmp/ccmvL7zo.debug.temp.o
LOAD /tmp/cc21EEos.debug.temp.o
LOAD /tmp/ccJZEvqD.debug.temp.o
LOAD /tmp/ccRP6B9L.debug.temp.o
LOAD /tmp/ccDkIHNw.debug.temp.o
LOAD /tmp/ccfLHAu1.debug.temp.o
LOAD /tmp/cce9keqc.debug.temp.o
LOAD /tmp/ccB9faZz.debug.temp.o
LOAD /tmp/cc1Wecip.debug.temp.o
LOAD /tmp/cczPfCi9.debug.temp.o
LOAD /tmp/cchbf58w.debug.temp.o
LOAD /tmp/ccwAxJHq.debug.temp.o
LOAD /tmp/ccjWqdc2.debug.temp.o
LOAD /tmp/ccbLdyMv.debug.temp.o
LOAD /tmp/ccnBSC5g.debug.temp.o
LOAD /tmp/ccQNldae.debug.temp.o
LOAD /tmp/ccNygmVN.debug.temp.o
LOAD /tmp/ccueLLLM.debug.temp.o
LOAD /tmp/cck13eN0.debug.temp.o
LOAD /tmp/ccEYeh1E.debug.temp.o
LOAD /tmp/ccWlOGdQ.debug.temp.o
LOAD /tmp/ccj23Dqh.debug.temp.o
LOAD /tmp/cc3TbjIk.debug.temp.o
LOAD /tmp/cciV4iYO.debug.temp.o
LOAD /tmp/ccv8JZ0n.debug.temp.o
LOAD /tmp/cc7BgK4g.debug.temp.o
LOAD /tmp/ccHuImVY.debug.temp.o
LOAD /tmp/cckdHgLe.debug.temp.o
LOAD /tmp/ccxf6XDE.debug.temp.o
LOAD /tmp/ccWD2eXo.debug.temp.o
LOAD /tmp/ccYnnw4p.debug.temp.o
LOAD /tmp/ccmaQC5D.debug.temp.o
LOAD /tmp/ccgqksSv.debug.temp.o
LOAD /tmp/cctN6QGU.debug.temp.o
LOAD /tmp/ccvifubb.debug.temp.o
LOAD /tmp/ccgvRYWz.debug.temp.o
LOAD /tmp/cckKLtwh.debug.temp.o
LOAD /tmp/ccLIbl2L.debug.temp.o
LOAD /tmp/ccZFWa61.debug.temp.o
LOAD /tmp/ccLgiO1C.debug.temp.o
LOAD /tmp/ccbskKGh.debug.temp.o
LOAD /tmp/ccxy1uM0.debug.temp.o
LOAD /tmp/ccbSJHmn.debug.temp.o
LOAD /tmp/ccRukRma.debug.temp.o
LOAD /tmp/cctRPdV9.debug.temp.o
LOAD /tmp/ccEpVYtU.debug.temp.o
LOAD /tmp/ccUja41d.debug.temp.o
LOAD /tmp/cc8LfjZE.debug.temp.o
LOAD /tmp/ccZzDDnm.debug.temp.o
LOAD /tmp/ccOzxMLu.debug.temp.o
LOAD /tmp/ccq0I3yJ.debug.temp.o
LOAD /tmp/ccYcPWk8.debug.temp.o
LOAD /tmp/ccRiGvva.debug.temp.o
LOAD /tmp/cc0wWE72.debug.temp.o
LOAD /tmp/ccV9BUT3.debug.temp.o
LOAD /tmp/ccjZwoIU.debug.temp.o
LOAD /tmp/ccm9KbtY.debug.temp.o
LOAD /tmp/ccD2W3Kt.debug.temp.o
LOAD /tmp/ccMEj50B.debug.temp.o
LOAD /tmp/ccE4QmYT.debug.temp.o
LOAD /tmp/ccnXR5PF.debug.temp.o
LOAD /tmp/ccUTNFUN.debug.temp.o
LOAD /tmp/cc3SGaKe.debug.temp.o
LOAD /tmp/ccWa2ZCW.debug.temp.o
LOAD /tmp/ccbPkHb0.debug.temp.o
LOAD /tmp/ccQuVNo0.debug.temp.o
LOAD /tmp/ccGKyPHn.debug.temp.o
LOAD /tmp/ccOh0B4F.debug.temp.o
LOAD /tmp/ccmIqbyj.debug.temp.o
LOAD /tmp/ccmbMv4H.debug.temp.o
LOAD /tmp/ccrYkiaj.debug.temp.o
LOAD /tmp/cc5U47eE.debug.temp.o
LOAD /tmp/ccNYQPCQ.debug.temp.o
LOAD /tmp/ccJJTHXH.debug.temp.o
LOAD /tmp/ccAjRPyd.debug.temp.o
LOAD /tmp/ccM4BJ9E.debug.temp.o
LOAD /tmp/cc9SF1Zj.debug.temp.o
LOAD /tmp/ccQ0TZ3y.debug.temp.o
LOAD /tmp/ccyt55eZ.debug.temp.o
LOAD /tmp/ccGgs38e.debug.temp.o
LOAD /tmp/ccpGi4HT.debug.temp.o
LOAD /tmp/ccTv4L2X.debug.temp.o
LOAD /tmp/ccrKsIKE.debug.temp.o
LOAD /tmp/cc1MbkYF.debug.temp.o
LOAD /tmp/ccdDJeuJ.debug.temp.o
LOAD /tmp/ccBB2Pd7.debug.temp.o
LOAD /tmp/cc7C5iHd.debug.temp.o
LOAD /tmp/ccDbI1Vj.debug.temp.o
LOAD /tmp/cc4Xvs3k.debug.temp.o
LOAD /tmp/cczb6TcM.debug.temp.o
LOAD /tmp/ccKPmg1i.debug.temp.o
LOAD /tmp/cceNkCxF.debug.temp.o
LOAD /tmp/ccULbEzp.debug.temp.o
LOAD /tmp/ccuuo7SQ.debug.temp.o
LOAD /tmp/cc76O97g.debug.temp.o
LOAD /tmp/cc3iuM4M.debug.temp.o
LOAD /tmp/ccEYR0TA.debug.temp.o
LOAD /tmp/cchcuA8T.debug.temp.o
LOAD /tmp/cchdIbOX.debug.temp.o
LOAD /tmp/cc2YWgwF.debug.temp.o
LOAD /tmp/ccQwUVQX.debug.temp.o
LOAD /tmp/cctJwk2D.debug.temp.o
LOAD /tmp/cckSoxRQ.debug.temp.o
LOAD /tmp/ccmmGXqZ.debug.temp.o
LOAD /tmp/ccAUnaJ3.debug.temp.o
LOAD /tmp/ccG8ilk7.debug.temp.o
LOAD /tmp/ccOJlEkn.debug.temp.o
LOAD /tmp/ccANRyws.debug.temp.o
LOAD /tmp/ccYDtf7d.debug.temp.o
LOAD /tmp/ccVATjN5.debug.temp.o
LOAD /tmp/ccVpTzDk.debug.temp.o
LOAD /tmp/cckG5OY9.debug.temp.o
LOAD /tmp/ccM71S1L.debug.temp.o
LOAD /tmp/ccbzHRk4.debug.temp.o
LOAD /tmp/ccPVDD49.debug.temp.o
LOAD /tmp/ccDJ5CXX.debug.temp.o
LOAD /tmp/ccpwdyC6.debug.temp.o
LOAD /tmp/ccqVTP21.debug.temp.o
LOAD /tmp/ccBIakwI.debug.temp.o
LOAD /tmp/ccurtaAW.debug.temp.o
LOAD /tmp/ccJX2hIm.debug.temp.o
LOAD /tmp/ccuakULL.debug.temp.o
LOAD /tmp/ccVM7lB5.debug.temp.o
LOAD /tmp/cc700yiW.debug.temp.o
LOAD /tmp/cc5hFwsO.debug.temp.o
LOAD /tmp/ccQiY17u.debug.temp.o
LOAD /tmp/cc0QYYr1.debug.temp.o
LOAD /tmp/cczr1sQU.debug.temp.o
LOAD /tmp/cctfeSJC.debug.temp.o
LOAD /tmp/ccNcgFbO.debug.temp.o
LOAD /tmp/cc9ELVwj.debug.temp.o
LOAD /tmp/ccP5DDmf.debug.temp.o
LOAD /tmp/ccqPe5Bv.debug.temp.o
LOAD /tmp/ccqZ23dE.debug.temp.o
LOAD /tmp/cckPeKCB.debug.temp.o
LOAD /tmp/ccwEMs7q.debug.temp.o
LOAD /tmp/ccKIvDV5.debug.temp.o
LOAD /tmp/ccBlmfxi.debug.temp.o
LOAD /tmp/cck75yio.debug.temp.o
LOAD /tmp/ccHJzxBW.debug.temp.o
LOAD /tmp/ccP7dZ4d.debug.temp.o
LOAD /tmp/ccBDEqdR.debug.temp.o
LOAD /tmp/ccdPv5kS.debug.temp.o
LOAD /tmp/ccoWQRFt.debug.temp.o
LOAD /tmp/ccLgopLj.debug.temp.o
LOAD /tmp/ccbRXnNg.debug.temp.o
LOAD /tmp/cc6E7CFg.debug.temp.o
LOAD /tmp/cc0FjF3L.debug.temp.o
LOAD /tmp/ccfv2I6U.debug.temp.o
LOAD /tmp/ccYwIxmJ.debug.temp.o
LOAD /tmp/ccCQw8Az.debug.temp.o
LOAD /tmp/ccoTapA1.debug.temp.o
LOAD /tmp/ccGmkAy9.debug.temp.o
LOAD /tmp/ccFUj4eJ.debug.temp.o
LOAD /tmp/ccD1VNXv.debug.temp.o
LOAD /tmp/ccfG2eCP.debug.temp.o
LOAD /tmp/ccCwHua1.debug.temp.o
LOAD /tmp/ccLmTrTo.debug.temp.o
LOAD /tmp/ccOJmJQr.debug.temp.o
LOAD /tmp/ccyGDqCm.debug.temp.o
LOAD /tmp/ccW8F2ek.debug.temp.o
LOAD /tmp/ccohHbB4.debug.temp.o
LOAD /tmp/ccDEhTPJ.debug.temp.o
LOAD /tmp/cc9cW0xm.debug.temp.o
LOAD /tmp/ccca4mlU.debug.temp.o
LOAD /tmp/ccszBKkG.debug.temp.o
LOAD /tmp/cc0TfDOK.debug.temp.o
LOAD /tmp/cclFVrcp.debug.temp.o
LOAD /tmp/ccfe6nps.debug.temp.o
LOAD /tmp/cczSlP0d.debug.temp.o
LOAD /tmp/ccNVuCth.debug.temp.o
LOAD /tmp/ccwB2jjQ.debug.temp.o
LOAD /tmp/cc8qflqv.debug.temp.o
LOAD /tmp/ccwxOSAG.debug.temp.o
LOAD /tmp/ccOzSnCU.debug.temp.o
LOAD /tmp/ccgX9a9M.debug.temp.o
LOAD /tmp/ccbChkyE.debug.temp.o
LOAD /tmp/cc9alJ26.debug.temp.o
LOAD /tmp/ccBlTiHU.debug.temp.o
LOAD /tmp/cciCt7Z1.debug.temp.o
LOAD /tmp/ccvw01WI.debug.temp.o
LOAD /tmp/ccMB8c5z.debug.temp.o
LOAD /tmp/cc9N2xJU.debug.temp.o
LOAD /tmp/ccXarJOD.debug.temp.o
LOAD /tmp/ccyjZ9yf.debug.temp.o
LOAD /tmp/ccVfWJjG.debug.temp.o
LOAD /tmp/ccS6dA8V.debug.temp.o
LOAD /tmp/ccBcRUrO.debug.temp.o
LOAD /tmp/ccPTYLgG.debug.temp.o
LOAD /tmp/ccaTZoGy.debug.temp.o
LOAD /tmp/ccLcN3W1.debug.temp.o
LOAD /tmp/ccU1ox98.debug.temp.o
LOAD /tmp/cc9PwGY6.debug.temp.o
LOAD /tmp/ccBZh8AQ.debug.temp.o
LOAD /tmp/cctsp9cX.debug.temp.o
LOAD /tmp/ccJAgQB2.debug.temp.o
LOAD /tmp/ccSLbskQ.debug.temp.o
LOAD /tmp/ccrQzM1l.debug.temp.o
LOAD /tmp/cc6vgmkc.debug.temp.o
LOAD /tmp/ccTTvggI.debug.temp.o
LOAD /tmp/ccNnJVJk.debug.temp.o
LOAD /tmp/cc4DqZXm.debug.temp.o
LOAD /tmp/ccWHbZtC.debug.temp.o
LOAD /tmp/ccKrGezp.debug.temp.o
LOAD /tmp/cca1TBqT.debug.temp.o
LOAD /tmp/ccrtR9HY.debug.temp.o
LOAD /tmp/cc4cWf2F.debug.temp.o
LOAD /tmp/ccRMtgRk.debug.temp.o
LOAD /tmp/ccR6Mg9S.debug.temp.o
LOAD /tmp/ccHl0P12.debug.temp.o
LOAD /tmp/cciSXX2S.debug.temp.o
LOAD /tmp/cceQI5sk.debug.temp.o
LOAD /tmp/cchBMIB9.debug.temp.o
LOAD /tmp/ccgAhTCU.debug.temp.o
LOAD /tmp/ccgm3lPF.debug.temp.o
LOAD /tmp/ccXGazLW.debug.temp.o
LOAD /tmp/ccIOQZBv.debug.temp.o
LOAD /tmp/ccoYOmZ7.debug.temp.o
LOAD /tmp/ccYIxxkc.debug.temp.o
LOAD /tmp/ccemwOcV.debug.temp.o
LOAD /tmp/cce2fN5x.debug.temp.o
LOAD /tmp/cc6GA6wU.debug.temp.o
LOAD /tmp/ccdOtFLd.debug.temp.o
LOAD /tmp/ccD6oMja.debug.temp.o
LOAD /tmp/ccx83mgR.debug.temp.o
LOAD /tmp/cc8IGTmI.debug.temp.o
LOAD /tmp/ccEvviJF.debug.temp.o
LOAD /tmp/ccTnkp8h.debug.temp.o
LOAD /tmp/ccJMpSYy.debug.temp.o
LOAD /tmp/ccAJQ4jF.debug.temp.o
LOAD /tmp/ccCQg4Cj.debug.temp.o
LOAD /tmp/ccJVAxo1.debug.temp.o
LOAD /tmp/ccYKBNje.debug.temp.o
LOAD /tmp/ccsbBXe6.debug.temp.o
LOAD /tmp/ccKeXDGj.debug.temp.o
LOAD /tmp/ccPPmRR6.debug.temp.o
LOAD /tmp/cc9qTEiT.debug.temp.o
LOAD /tmp/ccQkBpUp.debug.temp.o
LOAD /tmp/ccJJuNpH.debug.temp.o
LOAD /tmp/cctFI8U3.debug.temp.o
LOAD /tmp/cc1dsJ7f.debug.temp.o
LOAD /tmp/ccl2sb0A.debug.temp.o
LOAD /tmp/cc5D2Z20.debug.temp.o
LOAD /tmp/cc3Y3dDw.debug.temp.o
LOAD /tmp/cc2Jn95A.debug.temp.o
LOAD /tmp/ccQq11eR.debug.temp.o
LOAD /tmp/cc8Jnxiz.debug.temp.o
LOAD /tmp/ccIxuf1u.debug.temp.o
LOAD /tmp/ccntsp4w.debug.temp.o
LOAD /tmp/ccjrXnXg.debug.temp.o
LOAD /tmp/ccCortke.debug.temp.o
LOAD /tmp/cchAdn11.debug.temp.o
LOAD /tmp/ccj2AGVT.debug.temp.o
LOAD /tmp/cc2FXdxt.debug.temp.o
LOAD /tmp/ccCK5ofq.debug.temp.o
LOAD /tmp/ccrWaqNz.debug.temp.o
LOAD /tmp/ccCxIlZY.debug.temp.o
LOAD /tmp/ccv9qzEI.debug.temp.o
LOAD /tmp/ccWltHyd.debug.temp.o
LOAD /tmp/ccOBNV09.debug.temp.o
LOAD /tmp/ccZewVfT.debug.temp.o
LOAD /tmp/cchvXZFj.debug.temp.o
LOAD /tmp/cc0P0Fc9.debug.temp.o
LOAD /tmp/ccSO1wnh.debug.temp.o
LOAD /tmp/ccnNeYa2.debug.temp.o
LOAD /tmp/cc9Z7CLo.debug.temp.o
LOAD /tmp/ccTEIWao.debug.temp.o
LOAD /tmp/ccyUdyu7.debug.temp.o
LOAD /tmp/cchGSlyB.debug.temp.o
LOAD /tmp/cctDhEHB.debug.temp.o
LOAD /tmp/ccSplJBh.debug.temp.o
LOAD /tmp/ccLTZuff.debug.temp.o
LOAD /tmp/ccmvGSS7.debug.temp.o
LOAD /tmp/ccWASGIa.debug.temp.o
LOAD /tmp/cc026QIx.debug.temp.o
LOAD /tmp/cchLPRti.debug.temp.o
LOAD /tmp/ccxFlv7Q.debug.temp.o
LOAD /tmp/cc2Jt2BK.debug.temp.o
LOAD /tmp/ccp0rcb0.debug.temp.o
LOAD /tmp/cc2Io85p.debug.temp.o
LOAD /tmp/ccWw5SI7.debug.temp.o
LOAD /tmp/ccwKpCsY.debug.temp.o
LOAD /tmp/ccHVu5wY.debug.temp.o
LOAD /tmp/ccoYCgUA.debug.temp.o
LOAD /tmp/ccVu4eoQ.debug.temp.o
LOAD /tmp/ccHqEHMi.debug.temp.o
LOAD /tmp/ccLvILzf.debug.temp.o
LOAD /tmp/cccAbwGS.debug.temp.o
LOAD /tmp/ccLV4IG1.debug.temp.o
LOAD /tmp/ccuw6kSi.debug.temp.o
LOAD /tmp/ccen2TLf.debug.temp.o
LOAD /tmp/cc30c7Zp.debug.temp.o
LOAD /tmp/ccNBHgiP.debug.temp.o
LOAD /tmp/ccZ7TBxc.debug.temp.o
LOAD /tmp/ccPz6BEH.debug.temp.o
LOAD /tmp/ccWNArm7.debug.temp.o
LOAD /tmp/ccxtJ0yY.debug.temp.o
LOAD /tmp/ccAHuzYe.debug.temp.o
LOAD /tmp/ccTxE0ek.debug.temp.o
LOAD /tmp/cc5Gi2yQ.debug.temp.o
LOAD /tmp/ccYlFX1X.debug.temp.o
LOAD /tmp/ccMPYeF8.debug.temp.o
LOAD /tmp/cczUrd0S.debug.temp.o
LOAD /tmp/cc3WSkOf.debug.temp.o
LOAD /tmp/cc16PsQ7.debug.temp.o
LOAD /tmp/ccxzBTtU.debug.temp.o
LOAD /tmp/ccti8Fc9.debug.temp.o
LOAD /tmp/cc2bxZmR.debug.temp.o
LOAD /tmp/ccAqPzfP.debug.temp.o
LOAD /tmp/ccSwrhwj.debug.temp.o
LOAD /tmp/ccniMMN9.debug.temp.o
LOAD /tmp/ccr6crhn.debug.temp.o
LOAD /tmp/cch2FdNZ.debug.temp.o
LOAD /tmp/cc54aYpD.debug.temp.o
LOAD /tmp/ccWYWRC8.debug.temp.o
LOAD /tmp/ccKxrjYQ.debug.temp.o
LOAD /tmp/cc8j6hDd.debug.temp.o
LOAD /tmp/ccFNLDVH.debug.temp.o
LOAD /tmp/cc8eYDzT.debug.temp.o
LOAD /tmp/ccqAxThn.debug.temp.o
LOAD /tmp/ccXdpwN8.debug.temp.o
LOAD /tmp/ccNdZbHL.debug.temp.o
LOAD /tmp/cch0PnbE.debug.temp.o
LOAD /tmp/ccu1VYOo.debug.temp.o
LOAD /tmp/ccedSMgx.debug.temp.o
LOAD /tmp/ccxKmcPH.debug.temp.o
LOAD /tmp/cclB750M.debug.temp.o
LOAD /tmp/ccxkNqUK.debug.temp.o
LOAD /tmp/cc0s8SOT.debug.temp.o
LOAD /tmp/ccJxnF5m.debug.temp.o
LOAD /tmp/cc6ZULVJ.debug.temp.o
LOAD /tmp/ccGAP17I.debug.temp.o
LOAD /tmp/ccdOokVi.debug.temp.o
LOAD /tmp/ccmFDo5P.debug.temp.o
LOAD /tmp/ccpkdnYj.debug.temp.o
LOAD /tmp/ccl6fwrn.debug.temp.o
LOAD /tmp/ccl8bIA9.debug.temp.o
LOAD /tmp/cckNz1f8.debug.temp.o
LOAD /tmp/cc7wnudq.debug.temp.o
LOAD /tmp/ccbGx3Nq.debug.temp.o
LOAD /tmp/ccs7oMvg.debug.temp.o
LOAD /tmp/ccW5mZTp.debug.temp.o
LOAD /tmp/cc8gx8ud.debug.temp.o
LOAD /tmp/ccrmLGiO.debug.temp.o
LOAD /tmp/ccYOb3JW.debug.temp.o
LOAD /tmp/ccKZTAXh.debug.temp.o
LOAD /tmp/ccdXXxho.debug.temp.o
LOAD /tmp/ccl4tNCg.debug.temp.o
LOAD /tmp/cc8eN0kE.debug.temp.o
LOAD /tmp/ccFGVEeV.debug.temp.o
LOAD /tmp/ccCr9xhN.debug.temp.o
LOAD /tmp/ccKQZLcA.debug.temp.o
LOAD /tmp/cc1UDp80.debug.temp.o
LOAD /tmp/ccSsD6dp.debug.temp.o
LOAD /tmp/ccQ04x9g.debug.temp.o
LOAD /tmp/ccmhycX8.debug.temp.o
LOAD /tmp/ccaHXi2t.debug.temp.o
LOAD /tmp/ccgapkcl.debug.temp.o
LOAD /tmp/ccofUb5u.debug.temp.o
LOAD /tmp/cclBmZPS.debug.temp.o
LOAD /tmp/cc8HDVHb.debug.temp.o
LOAD /tmp/ccq1N9ok.debug.temp.o
LOAD /tmp/cczq7U5O.debug.temp.o
LOAD /tmp/ccKSSUSE.debug.temp.o
LOAD /tmp/ccj427RE.debug.temp.o
LOAD /tmp/ccYYliG3.debug.temp.o
LOAD /tmp/ccWMDkzQ.debug.temp.o
LOAD /tmp/ccy4LhLE.debug.temp.o
LOAD /tmp/ccVVaKvN.debug.temp.o
LOAD /tmp/ccbGNuPw.debug.temp.o
LOAD /tmp/ccft6hZ5.debug.temp.o
LOAD /tmp/cc9yWNmq.debug.temp.o
LOAD /tmp/ccjH2pn0.debug.temp.o
LOAD /tmp/ccCXh22b.debug.temp.o
LOAD /tmp/ccGtSB7E.debug.temp.o
LOAD /tmp/ccBeIdd0.debug.temp.o
LOAD /tmp/cctYy2Hk.debug.temp.o
LOAD /tmp/ccoDht7q.debug.temp.o
LOAD /tmp/ccMwKP6y.debug.temp.o
LOAD /tmp/ccLbVNwO.debug.temp.o
LOAD /tmp/ccLpLm5O.debug.temp.o
LOAD /tmp/ccYcl6AQ.debug.temp.o
LOAD /tmp/ccQ5n925.debug.temp.o
LOAD /tmp/ccxkMLJE.debug.temp.o
LOAD /tmp/ccJ6xBfv.debug.temp.o
LOAD /tmp/ccgljU1N.debug.temp.o
LOAD /tmp/ccYh5BYx.debug.temp.o
LOAD /tmp/cctioB70.debug.temp.o
LOAD /tmp/ccfFDxGf.debug.temp.o
LOAD /tmp/ccBLXNVi.debug.temp.o
LOAD /tmp/cc7h3KWu.debug.temp.o
LOAD /tmp/ccbIY79W.debug.temp.o
LOAD /tmp/ccOgoic5.debug.temp.o
LOAD /tmp/ccFTVgsj.debug.temp.o
LOAD /tmp/ccIclQuZ.debug.temp.o
LOAD /tmp/ccPgbuIf.debug.temp.o
LOAD /tmp/ccP66h0d.debug.temp.o
LOAD /tmp/ccxPzJrM.debug.temp.o
LOAD /tmp/cctsX1lc.debug.temp.o
LOAD /tmp/ccZZx14w.debug.temp.o
LOAD /tmp/ccRCHIZY.debug.temp.o
LOAD /tmp/ccmL5XEt.debug.temp.o
LOAD /tmp/cc3DZPtN.debug.temp.o
LOAD /tmp/ccbkI4PM.debug.temp.o
LOAD /tmp/ccGfpDyh.debug.temp.o
LOAD /tmp/ccdOXll6.debug.temp.o
LOAD /tmp/ccJkPPLl.debug.temp.o
LOAD /tmp/ccyU4MQT.debug.temp.o
LOAD /tmp/ccWWmZPP.debug.temp.o
LOAD /tmp/cc5EZNdC.debug.temp.o
LOAD /tmp/ccw90Hc6.debug.temp.o
LOAD /tmp/ccmgXLvS.debug.temp.o
LOAD /tmp/ccaKb3P1.debug.temp.o
LOAD /tmp/ccrFeU2I.debug.temp.o
LOAD /tmp/ccHVVOvg.debug.temp.o
LOAD /tmp/ccTyg7Px.debug.temp.o
LOAD /tmp/ccUuuD5r.debug.temp.o
LOAD /tmp/ccx8HyDD.debug.temp.o
LOAD /tmp/cclZLK2N.debug.temp.o
LOAD /tmp/ccGkjVsp.debug.temp.o
LOAD /tmp/ccKrc2nk.debug.temp.o
LOAD /tmp/ccRieimT.debug.temp.o
LOAD /tmp/ccOXkDFb.debug.temp.o
LOAD /tmp/cc9lzatg.debug.temp.o
LOAD /tmp/ccIdX37B.debug.temp.o
LOAD /tmp/ccNp92GO.debug.temp.o
LOAD /tmp/cc20vuuK.debug.temp.o
LOAD /tmp/ccMsxdX7.debug.temp.o
LOAD /tmp/ccSmbqTa.debug.temp.o
LOAD /tmp/cc1Ttfkb.debug.temp.o
LOAD /tmp/ccjpaFrL.debug.temp.o
LOAD /tmp/ccPma820.debug.temp.o
LOAD /tmp/cc5tDj6v.debug.temp.o
LOAD /tmp/ccAw54a6.debug.temp.o
LOAD /tmp/ccWsCBbL.debug.temp.o
LOAD /tmp/ccdE4SYZ.debug.temp.o
LOAD /tmp/cc5QFtg8.debug.temp.o
LOAD /tmp/cctGmeSF.debug.temp.o
LOAD /tmp/ccyiWiU3.debug.temp.o
LOAD /tmp/cce6Cd4Y.debug.temp.o
LOAD /tmp/cc7gDYci.debug.temp.o
LOAD /tmp/ccHnKmF8.debug.temp.o
LOAD /tmp/ccH5Dtij.debug.temp.o
LOAD /tmp/cc7UWACa.debug.temp.o
LOAD /tmp/cccM6sx8.debug.temp.o
LOAD /tmp/ccXYEDGa.debug.temp.o
LOAD /tmp/cch2DtSB.debug.temp.o
LOAD /tmp/ccD0tn1S.debug.temp.o
LOAD /tmp/ccf0ED6H.debug.temp.o
LOAD /tmp/ccDuOFlA.debug.temp.o
LOAD /tmp/cchwjOaW.debug.temp.o
LOAD /tmp/ccK2ePW6.debug.temp.o
LOAD /tmp/ccCfCuw3.debug.temp.o
LOAD /tmp/ccVTLdkj.debug.temp.o
LOAD /tmp/ccZ4jIba.debug.temp.o
LOAD /tmp/ccrCXfPR.debug.temp.o
LOAD /tmp/ccujP0gd.debug.temp.o
LOAD /tmp/cc2aBDCw.debug.temp.o
LOAD /tmp/ccAJl8ZS.debug.temp.o
LOAD /tmp/ccIgSr2n.debug.temp.o
LOAD /tmp/ccso6cFy.debug.temp.o
LOAD /tmp/cckP0Gvd.debug.temp.o
LOAD /tmp/cctnvdU7.debug.temp.o
LOAD /tmp/cc2PGJWZ.debug.temp.o
LOAD /tmp/ccEcHstz.debug.temp.o
LOAD /tmp/ccT4EUBv.debug.temp.o
LOAD /tmp/cc92kEWD.debug.temp.o
LOAD /tmp/ccn4sckA.debug.temp.o
LOAD /tmp/ccmGao9D.debug.temp.o
LOAD /tmp/ccEH9O72.debug.temp.o
LOAD /tmp/ccCZxRMc.debug.temp.o
LOAD /tmp/cctw27sB.debug.temp.o
LOAD /tmp/cc764jI8.debug.temp.o
LOAD /tmp/ccJMPMhy.debug.temp.o
LOAD /tmp/ccFQjYct.debug.temp.o
LOAD /tmp/ccw4u8j4.debug.temp.o
LOAD /tmp/ccLPCLUU.debug.temp.o
LOAD /tmp/ccVJD2Em.debug.temp.o
LOAD /tmp/ccRcPvWW.debug.temp.o
LOAD /tmp/cck3xdes.debug.temp.o
LOAD /tmp/cc1WXIiE.debug.temp.o
LOAD /tmp/ccnnecF7.debug.temp.o
LOAD /tmp/cckRsSd5.debug.temp.o
LOAD /tmp/ccW9ldar.debug.temp.o
LOAD /tmp/ccxZU9KE.debug.temp.o
LOAD /tmp/ccdGGSvF.debug.temp.o
LOAD /tmp/ccMHDGnR.debug.temp.o
LOAD /tmp/ccQvvYFs.debug.temp.o
LOAD /tmp/ccHedI1g.debug.temp.o
LOAD /tmp/ccbyX62p.debug.temp.o
LOAD /tmp/ccVRh0t9.debug.temp.o
LOAD /tmp/ccUmm4vX.debug.temp.o
LOAD /tmp/ccHo9YHX.debug.temp.o
LOAD /tmp/ccNupuA3.debug.temp.o
LOAD /tmp/ccx6jlNJ.debug.temp.o
LOAD /tmp/ccO2AwdX.debug.temp.o
LOAD /tmp/ccQPtask.debug.temp.o
LOAD /tmp/ccijrYIb.debug.temp.o
LOAD /tmp/cc9O3I7k.debug.temp.o
LOAD /tmp/ccue2jAu.debug.temp.o
LOAD /tmp/ccjFCCjC.debug.temp.o
LOAD /tmp/cc8cVTsk.debug.temp.o
LOAD /tmp/ccEwZtHc.debug.temp.o
LOAD /tmp/ccNergjb.debug.temp.o
LOAD /tmp/ccZ0C2IA.debug.temp.o
LOAD /tmp/cccBTMvw.debug.temp.o
LOAD /tmp/cccZrdnq.debug.temp.o
LOAD /tmp/ccOjigsn.debug.temp.o
LOAD /tmp/ccYaPTLV.debug.temp.o
LOAD /tmp/cclehO8Y.debug.temp.o
LOAD /tmp/ccJ4DReq.debug.temp.o
LOAD /tmp/ccBMdV47.debug.temp.o
LOAD /tmp/ccer15oD.debug.temp.o
LOAD /tmp/cciUhjqY.debug.temp.o
LOAD /tmp/ccUUjSJc.debug.temp.o
LOAD /tmp/cckPS9Cq.debug.temp.o
LOAD /tmp/ccKYvi2r.debug.temp.o
LOAD /tmp/ccdGb6rF.debug.temp.o
LOAD /tmp/ccNOlMVN.debug.temp.o
LOAD /tmp/cc9P6g2e.debug.temp.o
LOAD /tmp/ccmctdqq.debug.temp.o
LOAD /tmp/ccUEMfmk.debug.temp.o
LOAD /tmp/ccnn961k.debug.temp.o
LOAD /tmp/ccB0bbmY.debug.temp.o
LOAD /tmp/ccULNRgl.debug.temp.o
LOAD /tmp/ccbed63N.debug.temp.o
LOAD /tmp/ccwEZ1Pz.debug.temp.o
LOAD /tmp/ccuTuDJo.debug.temp.o
LOAD /tmp/ccDhRPSc.debug.temp.o
LOAD /tmp/cc3JwE6l.debug.temp.o
LOAD /tmp/ccSTFAW0.debug.temp.o
LOAD /tmp/ccTdI4i8.debug.temp.o
LOAD /tmp/ccxffujk.debug.temp.o
LOAD /tmp/ccH1U4gw.debug.temp.o
LOAD /tmp/ccLhMicE.debug.temp.o
LOAD /tmp/ccH04cyk.debug.temp.o
LOAD /tmp/ccj13i5T.debug.temp.o
LOAD /tmp/ccIac7S4.debug.temp.o
LOAD /tmp/cc2bVFj7.debug.temp.o
LOAD /tmp/ccdAkEUk.debug.temp.o
LOAD /tmp/ccJEFKWj.debug.temp.o
LOAD /tmp/ccNcTQpW.debug.temp.o
LOAD /tmp/ccZTTk5C.debug.temp.o
LOAD /tmp/ccjoy1fW.debug.temp.o
LOAD /tmp/ccQ8DbuR.debug.temp.o
LOAD /tmp/ccc7klgl.debug.temp.o
LOAD /tmp/ccJnhADx.debug.temp.o
LOAD /tmp/ccpLTYib.debug.temp.o
LOAD /tmp/ccgYpPd1.debug.temp.o
LOAD /tmp/ccJdcQ9a.debug.temp.o
LOAD /tmp/ccEqgVGs.debug.temp.o
LOAD /tmp/ccSlVBXA.debug.temp.o
LOAD /tmp/ccDJo4vs.debug.temp.o
LOAD /tmp/cc8xnFTO.debug.temp.o
LOAD /tmp/ccOqNh58.debug.temp.o
LOAD /tmp/cc6LgEjr.debug.temp.o
LOAD /tmp/ccvO4a2w.debug.temp.o
LOAD /tmp/cchHwLUg.debug.temp.o
LOAD /tmp/cczF7jn8.debug.temp.o
LOAD /tmp/ccn2EVKF.debug.temp.o
LOAD /tmp/cctEqSGS.debug.temp.o
LOAD /tmp/ccDUfuVV.debug.temp.o
LOAD /tmp/cc9ya2sC.debug.temp.o
LOAD /tmp/ccTwVCHD.debug.temp.o
LOAD /tmp/ccVgJ4Ll.debug.temp.o
LOAD /tmp/ccOvyIdD.debug.temp.o
LOAD /tmp/cczDNLTS.debug.temp.o
LOAD /tmp/cc84pN9O.debug.temp.o
LOAD /tmp/ccDKRYLg.debug.temp.o
LOAD /tmp/ccruDuZo.debug.temp.o
LOAD /tmp/ccUIH2E1.debug.temp.o
LOAD /tmp/cctr9Kdf.debug.temp.o
LOAD /tmp/cc6D1NqR.debug.temp.o
LOAD /tmp/ccXHNjtQ.debug.temp.o
LOAD /tmp/ccjZiyqq.debug.temp.o
LOAD /tmp/ccw7vJcE.debug.temp.o
LOAD /tmp/ccKTh2TF.debug.temp.o
LOAD /tmp/ccaW0Z8I.debug.temp.o
LOAD /tmp/ccjAYEhE.debug.temp.o
LOAD /tmp/ccrYrMa9.debug.temp.o
LOAD /tmp/ccRgODz6.debug.temp.o
LOAD /tmp/ccYe0aSo.debug.temp.o
LOAD /tmp/ccuX5XUH.debug.temp.o
LOAD /tmp/ccjNFIyf.debug.temp.o
LOAD /tmp/ccmEwYKa.debug.temp.o
LOAD /tmp/cczuzLeO.debug.temp.o
LOAD /tmp/ccGV6cfi.debug.temp.o
LOAD /tmp/ccSLUdXA.debug.temp.o
LOAD /tmp/cctEMEHx.debug.temp.o
LOAD /tmp/ccNcBh1l.debug.temp.o
LOAD /tmp/ccvbKlaZ.debug.temp.o
LOAD /tmp/ccjdNVz8.debug.temp.o
LOAD /tmp/ccqsn64n.debug.temp.o
LOAD /tmp/ccBIQVH6.debug.temp.o
LOAD /tmp/cc2iBVr4.debug.temp.o
LOAD /tmp/ccBIfL1h.debug.temp.o
LOAD /tmp/ccAknYj5.debug.temp.o
LOAD /tmp/ccd6unK3.debug.temp.o
LOAD /tmp/cc5ldanw.debug.temp.o
LOAD /tmp/ccJAR51J.debug.temp.o
LOAD /tmp/cc06gfg4.debug.temp.o
LOAD /tmp/ccDg9KG5.debug.temp.o
LOAD /tmp/ccltnAKI.debug.temp.o
LOAD /tmp/ccrV8aRo.debug.temp.o
LOAD /tmp/cc0Rnctz.debug.temp.o
LOAD /tmp/ccXbDjlx.debug.temp.o
LOAD /tmp/ccatTrTW.debug.temp.o
LOAD /tmp/ccaLmFFf.debug.temp.o
LOAD /tmp/cc1pHFsw.debug.temp.o
LOAD /tmp/ccQpB1s3.debug.temp.o
LOAD /tmp/cceTLbBQ.debug.temp.o
LOAD /tmp/ccxsD8Tx.debug.temp.o
LOAD /tmp/ccQtLqo8.debug.temp.o
LOAD /tmp/cc5PLqzj.debug.temp.o
LOAD /tmp/ccJuR72I.debug.temp.o
LOAD /tmp/cc0nHYLY.debug.temp.o
LOAD /tmp/ccrETsJh.debug.temp.o
LOAD /tmp/ccppsEYM.debug.temp.o
LOAD /tmp/ccPI2T3Z.debug.temp.o
LOAD /tmp/ccmRkvYb.debug.temp.o
LOAD /tmp/ccEXdjVm.debug.temp.o
LOAD /tmp/ccOaYAqt.debug.temp.o
LOAD /tmp/cchDU4tD.debug.temp.o
LOAD /tmp/cctTRZVo.debug.temp.o
LOAD /tmp/ccbd0TXO.debug.temp.o
LOAD /tmp/ccv0PKux.debug.temp.o
LOAD /tmp/cc7MVh2w.debug.temp.o
LOAD /tmp/cca6nEcb.debug.temp.o
LOAD /tmp/ccbqvS1B.debug.temp.o
LOAD /tmp/cc0HjvFG.debug.temp.o
LOAD /tmp/ccyFnyH5.debug.temp.o
LOAD /tmp/ccwLzjM4.debug.temp.o
LOAD /tmp/cc51p5bR.debug.temp.o
LOAD /tmp/cctzygDS.debug.temp.o
LOAD /tmp/cckqYRZ1.debug.temp.o
LOAD /tmp/cceY5Hjl.debug.temp.o
LOAD /tmp/ccqRhA7n.debug.temp.o
LOAD /tmp/ccXjKRn9.debug.temp.o
LOAD /tmp/ccUI9dUF.debug.temp.o
LOAD /tmp/ccPJwOvb.debug.temp.o
LOAD /tmp/ccGNFcbQ.debug.temp.o
LOAD /tmp/ccSWKen5.debug.temp.o
LOAD /tmp/ccumYlTu.debug.temp.o
LOAD /tmp/ccXDiubG.debug.temp.o
LOAD /tmp/ccRSUDvU.debug.temp.o
LOAD /tmp/ccm5NzTT.debug.temp.o
LOAD /tmp/ccYYH2mD.debug.temp.o
LOAD /tmp/ccrfn0gc.debug.temp.o
LOAD /tmp/ccREj57V.debug.temp.o
LOAD /tmp/ccV3wP3L.debug.temp.o
LOAD /tmp/ccK337s8.debug.temp.o
LOAD /tmp/ccsjiZd9.debug.temp.o
LOAD /tmp/ccGPOQfS.debug.temp.o
LOAD /tmp/cclq178S.debug.temp.o
LOAD /tmp/ccG5EbAY.debug.temp.o
LOAD /tmp/cc63fBMo.debug.temp.o
LOAD /tmp/ccnboA4X.debug.temp.o
LOAD /tmp/ccrUIIA5.debug.temp.o
LOAD /tmp/ccV0xIqw.debug.temp.o
LOAD /tmp/cc2GMIbl.debug.temp.o
LOAD /tmp/cciyU03A.debug.temp.o
LOAD /tmp/ccFSiubC.debug.temp.o
LOAD /tmp/ccITQEyc.debug.temp.o
LOAD /tmp/ccV741So.debug.temp.o
LOAD /tmp/ccwASg6b.debug.temp.o
LOAD /tmp/ccC6hogS.debug.temp.o
LOAD /tmp/ccmk2BSP.debug.temp.o
LOAD /tmp/ccEyloTv.debug.temp.o
LOAD /tmp/ccuQIzkF.debug.temp.o
LOAD /tmp/ccrG3qRZ.debug.temp.o
LOAD /tmp/ccVoiQzo.debug.temp.o
LOAD /tmp/cc9K2iZQ.debug.temp.o
LOAD /tmp/ccGFoBv8.debug.temp.o
LOAD /tmp/ccinVtBz.debug.temp.o
LOAD /home/enyephy/edk2/edk2/Build/OvmfX64/DEBUG_GCC5/X64/OvmfPkg/Tcg/TdTcg2Dxe/TdTcg2Dxe/OUTPUT/TdTcg2Dxe.lib
LOAD /home/enyephy/edk2/edk2/Build/OvmfX64/DEBUG_GCC5/X64/MdePkg/Library/RegisterFilterLibNull/RegisterFilterLibNull/OUTPUT/FilterLibNull.lib
LOAD /home/enyephy/edk2/edk2/Build/OvmfX64/DEBUG_GCC5/X64/MdePkg/Library/DxePcdLib/DxePcdLib/OUTPUT/DxePcdLib.lib
LOAD /home/enyephy/edk2/edk2/Build/OvmfX64/DEBUG_GCC5/X64/MdePkg/Library/BaseMemoryLibRepStr/BaseMemoryLibRepStr/OUTPUT/BaseMemoryLibRepStr.lib
LOAD /home/enyephy/edk2/edk2/Build/OvmfX64/DEBUG_GCC5/X64/MdePkg/Library/BaseLib/BaseLib/OUTPUT/BaseLib.lib
LOAD /home/enyephy/edk2/edk2/Build/OvmfX64/DEBUG_GCC5/X64/MdePkg/Library/TdxLib/TdxLib/OUTPUT/TdxLib.lib
LOAD /home/enyephy/edk2/edk2/Build/OvmfX64/DEBUG_GCC5/X64/MdePkg/Library/BaseDebugPrintErrorLevelLib/BaseDebugPrintErrorLevelLib/OUTPUT/BaseDebugPrintErrorLevelLib.lib
LOAD /home/enyephy/edk2/edk2/Build/OvmfX64/DEBUG_GCC5/X64/MdePkg/Library/BaseIoLibIntrinsic/BaseIoLibIntrinsicSev/OUTPUT/BaseIoLibIntrinsicSev.lib
LOAD /home/enyephy/edk2/edk2/Build/OvmfX64/DEBUG_GCC5/X64/MdePkg/Library/BasePrintLib/BasePrintLib/OUTPUT/BasePrintLib.lib
LOAD /home/enyephy/edk2/edk2/Build/OvmfX64/DEBUG_GCC5/X64/OvmfPkg/Library/PlatformDebugLibIoPort/PlatformDebugLibIoPort/OUTPUT/PlatformDebugLibIoPort.lib
LOAD /home/enyephy/edk2/edk2/Build/OvmfX64/DEBUG_GCC5/X64/OvmfPkg/Library/CcProbeLib/DxeCcProbeLib/OUTPUT/DxeCcProbeLib.lib
LOAD /home/enyephy/edk2/edk2/Build/OvmfX64/DEBUG_GCC5/X64/MdePkg/Library/UefiBootServicesTableLib/UefiBootServicesTableLib/OUTPUT/UefiBootServicesTableLib.lib
LOAD /home/enyephy/edk2/edk2/Build/OvmfX64/DEBUG_GCC5/X64/MdePkg/Library/UefiMemoryAllocationLib/UefiMemoryAllocationLib/OUTPUT/UefiMemoryAllocationLib.lib
LOAD /home/enyephy/edk2/edk2/Build/OvmfX64/DEBUG_GCC5/X64/MdePkg/Library/UefiDevicePathLibDevicePathProtocol/UefiDevicePathLibDevicePathProtocol/OUTPUT/UefiDevicePathLibDevicePathProtocol.lib
LOAD /home/enyephy/edk2/edk2/Build/OvmfX64/DEBUG_GCC5/X64/MdePkg/Library/UefiRuntimeServicesTableLib/UefiRuntimeServicesTableLib/OUTPUT/UefiRuntimeServicesTableLib.lib
LOAD /home/enyephy/edk2/edk2/Build/OvmfX64/DEBUG_GCC5/X64/MdePkg/Library/BasePciExpressLib/BasePciExpressLib/OUTPUT/BasePciExpressLib.lib
LOAD /home/enyephy/edk2/edk2/Build/OvmfX64/DEBUG_GCC5/X64/MdePkg/Library/BasePciCf8Lib/BasePciCf8Lib/OUTPUT/BasePciCf8Lib.lib
LOAD /home/enyephy/edk2/edk2/Build/OvmfX64/DEBUG_GCC5/X64/MdePkg/Library/UefiLib/UefiLib/OUTPUT/UefiLib.lib
LOAD /home/enyephy/edk2/edk2/Build/OvmfX64/DEBUG_GCC5/X64/OvmfPkg/Library/DxePciLibI440FxQ35/DxePciLibI440FxQ35/OUTPUT/DxePciLibI440FxQ35.lib
LOAD /home/enyephy/edk2/edk2/Build/OvmfX64/DEBUG_GCC5/X64/MdePkg/Library/DxeHobLib/DxeHobLib/OUTPUT/DxeHobLib.lib
LOAD /home/enyephy/edk2/edk2/Build/OvmfX64/DEBUG_GCC5/X64/OvmfPkg/Library/AcpiTimerLib/DxeAcpiTimerLib/OUTPUT/DxeAcpiTimerLib.lib
LOAD /home/enyephy/edk2/edk2/Build/OvmfX64/DEBUG_GCC5/X64/MdeModulePkg/Library/BaseRngLibTimerLib/BaseRngLibTimerLib/OUTPUT/BaseRngLibTimerLib.lib
LOAD /home/enyephy/edk2/edk2/Build/OvmfX64/DEBUG_GCC5/X64/MdePkg/Library/BaseSynchronizationLib/BaseSynchronizationLib/OUTPUT/BaseSynchronizationLib.lib
LOAD /home/enyephy/edk2/edk2/Build/OvmfX64/DEBUG_GCC5/X64/CryptoPkg/Library/IntrinsicLib/IntrinsicLib/OUTPUT/BaseIntrinsicLib.lib
LOAD /home/enyephy/edk2/edk2/Build/OvmfX64/DEBUG_GCC5/X64/CryptoPkg/Library/OpensslLib/OpensslLibCrypto/OUTPUT/OpensslLibCrypto.lib
LOAD /home/enyephy/edk2/edk2/Build/OvmfX64/DEBUG_GCC5/X64/MdePkg/Library/BasePeCoffExtraActionLibNull/BasePeCoffExtraActionLibNull/OUTPUT/PeCoffExtraActionLibNull.lib
LOAD /home/enyephy/edk2/edk2/Build/OvmfX64/DEBUG_GCC5/X64/CryptoPkg/Library/BaseCryptLib/BaseCryptLib/OUTPUT/BaseCryptLib.lib
LOAD /home/enyephy/edk2/edk2/Build/OvmfX64/DEBUG_GCC5/X64/MdePkg/Library/UefiDriverEntryPoint/UefiDriverEntryPoint/OUTPUT/UefiDriverEntryPoint.lib
LOAD /home/enyephy/edk2/edk2/Build/OvmfX64/DEBUG_GCC5/X64/OvmfPkg/Library/HashLibTdx/HashLibTdx/OUTPUT/HashLibTdx.lib
LOAD /home/enyephy/edk2/edk2/Build/OvmfX64/DEBUG_GCC5/X64/MdePkg/Library/BasePerformanceLibNull/BasePerformanceLibNull/OUTPUT/BasePerformanceLibNull.lib
LOAD /home/enyephy/edk2/edk2/Build/OvmfX64/DEBUG_GCC5/X64/MdeModulePkg/Library/DxeReportStatusCodeLib/DxeReportStatusCodeLib/OUTPUT/DxeReportStatusCodeLib.lib
LOAD /home/enyephy/edk2/edk2/Build/OvmfX64/DEBUG_GCC5/X64/MdePkg/Library/BasePeCoffLib/BasePeCoffLib/OUTPUT/BasePeCoffLib.lib
LOAD /home/enyephy/edk2/edk2/Build/OvmfX64/DEBUG_GCC5/X64/SecurityPkg/Library/DxeTpmMeasurementLib/DxeTpmMeasurementLib/OUTPUT/DxeTpmMeasurementLib.lib
LOAD /home/enyephy/edk2/edk2/Build/OvmfX64/DEBUG_GCC5/X64/MdePkg/Library/StackCheckLibNull/StackCheckLibNull/OUTPUT/StackCheckLibNull.lib
LOAD /home/enyephy/edk2/edk2/Build/OvmfX64/DEBUG_GCC5/X64/SecurityPkg/Library/HashInstanceLibSha384/HashInstanceLibSha384/OUTPUT/HashInstanceLibSha384.lib
END GROUP
                0x0000000000000228                PECOFF_HEADER_SIZE = 0x228
                0x0000000000000228                . = PECOFF_HEADER_SIZE

.text           0x0000000000000240     0x71d0
 *(.text .text.* .stub .gnu.linkonce.t.*)
 .text.GetHashSizeFromAlgo
                0x0000000000000240        0xf /tmp/ccxLfAqx.ltrans0.ltrans.o
 .text.CpuDeadLoop
                0x000000000000024f       0x29 /tmp/ccxLfAqx.ltrans0.ltrans.o
 .text.AsciiStrnLenS
                0x0000000000000278       0x26 /tmp/ccxLfAqx.ltrans0.ltrans.o
 .text.BasePrintLibFillBuffer
                0x000000000000029e       0x2d /tmp/ccxLfAqx.ltrans0.ltrans.o
 .text.DebugPrintEnabled
                0x00000000000002cb        0x3 /tmp/ccxLfAqx.ltrans0.ltrans.o
 .text.ReadCcGuestType
                0x00000000000002ce       0x24 /tmp/ccxLfAqx.ltrans0.ltrans.o
 .text.sha512_block_data_order
                0x00000000000002f2      0x3ce /tmp/ccxLfAqx.ltrans0.ltrans.o
 .text.InternalAllocatePool.constprop.0
                0x00000000000006c0       0x33 /tmp/ccxLfAqx.ltrans0.ltrans.o
 .text.TdIsEnabled
                0x00000000000006f3       0xb4 /tmp/ccxLfAqx.ltrans0.ltrans.o
 .text.PlatformDebugLibIoPortFound
                0x00000000000007a7       0x9b /tmp/ccxLfAqx.ltrans0.ltrans.o
 .text.IoWrite32.constprop.0
                0x0000000000000842       0x77 /tmp/ccxLfAqx.ltrans0.ltrans.o
 .text.IoWriteFifo8
                0x00000000000008b9       0x8e /tmp/ccxLfAqx.ltrans0.ltrans.o
 .text.BasePrintLibSPrint.constprop.0
                0x0000000000000947       0x2a /tmp/ccxLfAqx.ltrans0.ltrans.o
 .text.BasePrintLibSPrintMarker.constprop.0
                0x0000000000000971      0xc09 /tmp/ccxLfAqx.ltrans0.ltrans.o
 .text.UnicodeSPrint.constprop.0
                0x000000000000157a       0x39 /tmp/ccxLfAqx.ltrans0.ltrans.o
 .text.DebugPrintMarker.part.0.constprop.0
                0x00000000000015b3       0x46 /tmp/ccxLfAqx.ltrans0.ltrans.o
 .text.AsciiSPrint.constprop.0
                0x00000000000015f9       0x32 /tmp/ccxLfAqx.ltrans0.ltrans.o
 .text.DebugAssert
                0x000000000000162b       0x61 /tmp/ccxLfAqx.ltrans0.ltrans.o
 .text.TdMapPcrToMrIndex
                0x000000000000168c       0x7b /tmp/ccxLfAqx.ltrans0.ltrans.o
 .text.GetDigestListBinSize
                0x0000000000001707       0x3f /tmp/ccxLfAqx.ltrans0.ltrans.o
 .text.ZeroMem  0x0000000000001746       0x74 /tmp/ccxLfAqx.ltrans0.ltrans.o
 .text.SetMem   0x00000000000017ba       0x5d /tmp/ccxLfAqx.ltrans0.ltrans.o
 .text.CopyMem  0x0000000000001817       0x8a /tmp/ccxLfAqx.ltrans0.ltrans.o
 .text.InitNoActionEvent
                0x00000000000018a1       0x88 /tmp/ccxLfAqx.ltrans0.ltrans.o
 .text.GetTcgEfiSpecIdEventStructSize
                0x0000000000001929       0x32 /tmp/ccxLfAqx.ltrans0.ltrans.o
 .text.GetCcEventSize
                0x000000000000195b       0x98 /tmp/ccxLfAqx.ltrans0.ltrans.o
 .text.Tcg2DxeImageRead
                0x00000000000019f3       0x82 /tmp/ccxLfAqx.ltrans0.ltrans.o
 .text.Sha384HashUpdate
                0x0000000000001a75      0x114 /tmp/ccxLfAqx.ltrans0.ltrans.o
 .text.StrnLenS
                0x0000000000001b89       0x59 /tmp/ccxLfAqx.ltrans0.ltrans.o
 .text.ReadUnaligned64
                0x0000000000001be2       0x33 /tmp/ccxLfAqx.ltrans0.ltrans.o
 .text.CompareGuid
                0x0000000000001c15       0x57 /tmp/ccxLfAqx.ltrans0.ltrans.o
 .text.IoRead32
                0x0000000000001c6c       0x6b /tmp/ccxLfAqx.ltrans0.ltrans.o
 .text.DebugPrint
                0x0000000000001cd7       0x3b /tmp/ccxLfAqx.ltrans0.ltrans.o
 .text.InternalDumpData
                0x0000000000001d12       0x69 /tmp/ccxLfAqx.ltrans0.ltrans.o
 .text.InternalDumpHex
                0x0000000000001d7b       0xf6 /tmp/ccxLfAqx.ltrans0.ltrans.o
 .text.TdGetCapability
                0x0000000000001e71       0x63 /tmp/ccxLfAqx.ltrans0.ltrans.o
 .text.DumpCcEvent
                0x0000000000001ed4      0x185 /tmp/ccxLfAqx.ltrans0.ltrans.o
 .text.TdGetEventLog
                0x0000000000002059      0x472 /tmp/ccxLfAqx.ltrans0.ltrans.o
 .text.GetPcdProtocol
                0x00000000000024cb       0xa0 /tmp/ccxLfAqx.ltrans0.ltrans.o
 .text.InstallAcpiTable
                0x000000000000256b      0x12d /tmp/ccxLfAqx.ltrans0.ltrans.o
 .text.FreePool
                0x0000000000002698       0x4f /tmp/ccxLfAqx.ltrans0.ltrans.o
 .text.Sha384HashFinal
                0x00000000000026e7      0x2de /tmp/ccxLfAqx.ltrans0.ltrans.o
 .text.GetVariable2
                0x00000000000029c5      0x106 /tmp/ccxLfAqx.ltrans0.ltrans.o
 .text.GetHobList
                0x0000000000002acb       0xd7 /tmp/ccxLfAqx.ltrans0.ltrans.o
 .text.GetNextGuidHob
                0x0000000000002ba2       0x6c /tmp/ccxLfAqx.ltrans0.ltrans.o
 .text.HashStart
                0x0000000000002c0e       0x5a /tmp/ccxLfAqx.ltrans0.ltrans.o
 .text.HashUpdate
                0x0000000000002c68       0x40 /tmp/ccxLfAqx.ltrans0.ltrans.o
 .text.Sha384HashInit
                0x0000000000002ca8       0xdd /tmp/ccxLfAqx.ltrans0.ltrans.o
 .text.EfiCreateProtocolNotifyEvent.constprop.0
                0x0000000000002d85       0xd1 /tmp/ccxLfAqx.ltrans0.ltrans.o
 .text.HashCompleteAndExtend.constprop.0
                0x0000000000002e56      0x1a5 /tmp/ccxLfAqx.ltrans0.ltrans.o
 .text.CompareMem.constprop.0
                0x0000000000002ffb       0x7d /tmp/ccxLfAqx.ltrans0.ltrans.o
 .text.TcgCommLogEvent
                0x0000000000003078      0x217 /tmp/ccxLfAqx.ltrans0.ltrans.o
 .text.TdxDxeLogEvent.constprop.0
                0x000000000000328f      0x149 /tmp/ccxLfAqx.ltrans0.ltrans.o
 .text.TdxDxeLogHashEvent
                0x00000000000033d8      0x1c0 /tmp/ccxLfAqx.ltrans0.ltrans.o
 .text.TdxDxeHashLogExtendEvent
                0x0000000000003598      0x150 /tmp/ccxLfAqx.ltrans0.ltrans.o
 .text.MeasureHandoffTables
                0x00000000000036e8        0x3 /tmp/ccxLfAqx.ltrans0.ltrans.o
 .text.MeasureSeparatorEvent
                0x00000000000036eb       0x79 /tmp/ccxLfAqx.ltrans0.ltrans.o
 .text.MeasureVariable.constprop.0
                0x0000000000003764      0x228 /tmp/ccxLfAqx.ltrans0.ltrans.o
 .text.ReadAndMeasureVariable.constprop.0
                0x000000000000398c       0x7a /tmp/ccxLfAqx.ltrans0.ltrans.o
 .text.MeasureSecureBootPolicy
                0x0000000000003a06      0x131 /tmp/ccxLfAqx.ltrans0.ltrans.o
 .text.TdMeasureAction.constprop.0
                0x0000000000003b37       0x7b /tmp/ccxLfAqx.ltrans0.ltrans.o
 .text.OnReadyToBoot
                0x0000000000003bb2      0x219 /tmp/ccxLfAqx.ltrans0.ltrans.o
 .text.OnExitBootServices
                0x0000000000003dcb       0x82 /tmp/ccxLfAqx.ltrans0.ltrans.o
 .text.OnExitBootServicesFailed
                0x0000000000003e4d       0x51 /tmp/ccxLfAqx.ltrans0.ltrans.o
 .text.TdHashLogExtendEvent
                0x0000000000003e9e      0xec4 /tmp/ccxLfAqx.ltrans0.ltrans.o
 .text.SetupCcEventLog
                0x0000000000004d62      0x304 /tmp/ccxLfAqx.ltrans0.ltrans.o
 .text._ModuleEntryPoint
                0x0000000000005066      0x7b8 /tmp/ccxLfAqx.ltrans0.ltrans.o
                0x0000000000005066                _ModuleEntryPoint
 *fill*         0x000000000000581e        0x2 
 .text          0x0000000000005820       0x1d /home/enyephy/edk2/edk2/Build/OvmfX64/DEBUG_GCC5/X64/MdePkg/Library/BaseMemoryLibRepStr/BaseMemoryLibRepStr/OUTPUT/BaseMemoryLibRepStr.lib(CompareMem.obj)
                0x0000000000005820                InternalMemCompareMem
 *fill*         0x000000000000583d        0x3 
 .text          0x0000000000005840       0x1d /home/enyephy/edk2/edk2/Build/OvmfX64/DEBUG_GCC5/X64/MdePkg/Library/BaseMemoryLibRepStr/BaseMemoryLibRepStr/OUTPUT/BaseMemoryLibRepStr.lib(ZeroMem.obj)
                0x0000000000005840                InternalMemZeroMem
 *fill*         0x000000000000585d        0x3 
 .text          0x0000000000005860       0x11 /home/enyephy/edk2/edk2/Build/OvmfX64/DEBUG_GCC5/X64/MdePkg/Library/BaseMemoryLibRepStr/BaseMemoryLibRepStr/OUTPUT/BaseMemoryLibRepStr.lib(SetMem.obj)
                0x0000000000005860                InternalMemSetMem
 *fill*         0x0000000000005871        0xf 
 .text          0x0000000000005880       0x3c /home/enyephy/edk2/edk2/Build/OvmfX64/DEBUG_GCC5/X64/MdePkg/Library/BaseMemoryLibRepStr/BaseMemoryLibRepStr/OUTPUT/BaseMemoryLibRepStr.lib(CopyMem.obj)
                0x0000000000005880                InternalMemCopyMem
 *fill*         0x00000000000058bc        0x4 
 .text          0x00000000000058c0       0x2f /home/enyephy/edk2/edk2/Build/OvmfX64/DEBUG_GCC5/X64/MdePkg/Library/BaseLib/BaseLib/OUTPUT/BaseLib.lib(CpuIdEx.obj)
                0x00000000000058c0                AsmCpuidEx
 *fill*         0x00000000000058ef        0x1 
 .text          0x00000000000058f0       0x27 /home/enyephy/edk2/edk2/Build/OvmfX64/DEBUG_GCC5/X64/MdePkg/Library/BaseLib/BaseLib/OUTPUT/BaseLib.lib(CpuId.obj)
                0x00000000000058f0                AsmCpuid
 *fill*         0x0000000000005917        0x9 
 .text          0x0000000000005920       0x58 /home/enyephy/edk2/edk2/Build/OvmfX64/DEBUG_GCC5/X64/MdePkg/Library/BaseLib/BaseLib/OUTPUT/BaseLib.lib(TdCall.obj)
                0x0000000000005920                TdCall
 *fill*         0x0000000000005978        0x8 
 .text          0x0000000000005980       0x7c /home/enyephy/edk2/edk2/Build/OvmfX64/DEBUG_GCC5/X64/MdePkg/Library/BaseLib/BaseLib/OUTPUT/BaseLib.lib(TdVmcall.obj)
                0x0000000000005980                TdVmCall
 *fill*         0x00000000000059fc        0x4 
 .text          0x0000000000005a00      0x116 /home/enyephy/edk2/edk2/Build/OvmfX64/DEBUG_GCC5/X64/MdePkg/Library/BaseIoLibIntrinsic/BaseIoLibIntrinsicSev/OUTPUT/BaseIoLibIntrinsicSev.lib(IoFifoSev.obj)
                0x0000000000005a00                SevNoRepIo
                0x0000000000005a40                SevIoReadFifo8
                0x0000000000005a62                SevIoReadFifo16
                0x0000000000005a88                SevIoReadFifo32
                0x0000000000005aab                SevIoWriteFifo8
                0x0000000000005acd                SevIoWriteFifo16
                0x0000000000005af3                SevIoWriteFifo32
 .text.__stack_chk_fail
                0x0000000000005b16        0x5 /home/enyephy/edk2/edk2/Build/OvmfX64/DEBUG_GCC5/X64/MdePkg/Library/StackCheckLibNull/StackCheckLibNull/OUTPUT/StackCheckLibNull.lib(StackCheckLibNullGcc.obj)
                0x0000000000005b16                __stack_chk_fail
 *(.rodata .rodata.* .gnu.linkonce.r.*)
 .rodata.BasePrintLibSPrintMarker.constprop.0.str1.1
                0x0000000000005b1b     0x10f9 /tmp/ccxLfAqx.ltrans0.ltrans.o
                                        0x1e6 (size before relaxing)
 .rodata.BasePrintLibSPrintMarker.constprop.0
                0x0000000000006c14       0xec /tmp/ccxLfAqx.ltrans0.ltrans.o
 .rodata.UnicodeSPrint.constprop.0.str2.2
                0x0000000000006d00       0x4c /tmp/ccxLfAqx.ltrans0.ltrans.o
                                         0x12 (size before relaxing)
 .rodata.AsciiSPrint.constprop.0.str1.1
                0x0000000000006d4c       0x14 /tmp/ccxLfAqx.ltrans0.ltrans.o
 .rodata.TdMapPcrToMrIndex.str1.1
                0x0000000000006d4c       0x1e /tmp/ccxLfAqx.ltrans0.ltrans.o
 .rodata.ZeroMem.str1.1
                0x0000000000006d4c       0x47 /tmp/ccxLfAqx.ltrans0.ltrans.o
 .rodata.SetMem.str1.1
                0x0000000000006d4c       0x48 /tmp/ccxLfAqx.ltrans0.ltrans.o
 .rodata.CopyMem.str1.1
                0x0000000000006d4c       0x92 /tmp/ccxLfAqx.ltrans0.ltrans.o
 .rodata.StrnLenS.str1.1
                0x0000000000006d4c       0x2f /tmp/ccxLfAqx.ltrans0.ltrans.o
 .rodata.ReadUnaligned64.str1.1
                0x0000000000006d4c        0xc /tmp/ccxLfAqx.ltrans0.ltrans.o
 .rodata.InternalDumpData.str1.1
                0x0000000000006d4c        0xe /tmp/ccxLfAqx.ltrans0.ltrans.o
 .rodata.InternalDumpHex.str1.1
                0x0000000000006d4c        0x9 /tmp/ccxLfAqx.ltrans0.ltrans.o
 .rodata.TdGetCapability.str1.1
                0x0000000000006d4c       0x11 /tmp/ccxLfAqx.ltrans0.ltrans.o
 .rodata.DumpCcEvent.str1.1
                0x0000000000006d4c       0x94 /tmp/ccxLfAqx.ltrans0.ltrans.o
 .rodata.TdGetEventLog.str1.1
                0x0000000000006d4c      0x2bf /tmp/ccxLfAqx.ltrans0.ltrans.o
 .rodata.GetPcdProtocol.str1.1
                0x0000000000006d4c       0x78 /tmp/ccxLfAqx.ltrans0.ltrans.o
 .rodata.InstallAcpiTable.str1.1
                0x0000000000006d4c       0x54 /tmp/ccxLfAqx.ltrans0.ltrans.o
 .rodata.FreePool.str1.1
                0x0000000000006d4c       0x16 /tmp/ccxLfAqx.ltrans0.ltrans.o
 .rodata.GetVariable2.str1.1
                0x0000000000006d4c       0x67 /tmp/ccxLfAqx.ltrans0.ltrans.o
 .rodata.GetHobList.str1.1
                0x0000000000006d4c       0x22 /tmp/ccxLfAqx.ltrans0.ltrans.o
 .rodata.GetNextGuidHob.str1.1
                0x0000000000006d4c       0x19 /tmp/ccxLfAqx.ltrans0.ltrans.o
 .rodata.HashStart.str1.1
                0x0000000000006d4c        0xd /tmp/ccxLfAqx.ltrans0.ltrans.o
 .rodata.Sha384HashInit.str1.1
                0x0000000000006d4c       0x32 /tmp/ccxLfAqx.ltrans0.ltrans.o
 .rodata.HashCompleteAndExtend.constprop.0.str1.1
                0x0000000000006d4c       0x91 /tmp/ccxLfAqx.ltrans0.ltrans.o
 .rodata.CompareMem.constprop.0.str1.1
                0x0000000000006d4c       0x36 /tmp/ccxLfAqx.ltrans0.ltrans.o
 .rodata.TcgCommLogEvent.str1.1
                0x0000000000006d4c       0xbf /tmp/ccxLfAqx.ltrans0.ltrans.o
 .rodata.TdxDxeLogEvent.constprop.0.str1.1
                0x0000000000006d4c       0x38 /tmp/ccxLfAqx.ltrans0.ltrans.o
 .rodata.TdxDxeLogHashEvent.str1.1
                0x0000000000006d4c       0x36 /tmp/ccxLfAqx.ltrans0.ltrans.o
 .rodata.TdxDxeHashLogExtendEvent.str1.1
                0x0000000000006d4c        0xf /tmp/ccxLfAqx.ltrans0.ltrans.o
 .rodata.MeasureSeparatorEvent.str1.1
                0x0000000000006d4c       0x24 /tmp/ccxLfAqx.ltrans0.ltrans.o
 .rodata.MeasureVariable.constprop.0.str1.1
                0x0000000000006d4c       0xcf /tmp/ccxLfAqx.ltrans0.ltrans.o
 .rodata.MeasureSecureBootPolicy.str2.2
                0x0000000000006d4c        0x8 /tmp/ccxLfAqx.ltrans0.ltrans.o
 .rodata.MeasureSecureBootPolicy.str1.1
                0x0000000000006d4c       0x6b /tmp/ccxLfAqx.ltrans0.ltrans.o
 .rodata.TdMeasureAction.constprop.0.str1.1
                0x0000000000006d4c       0x38 /tmp/ccxLfAqx.ltrans0.ltrans.o
 .rodata.OnReadyToBoot.str1.1
                0x0000000000006d4c      0x10c /tmp/ccxLfAqx.ltrans0.ltrans.o
 .rodata.OnExitBootServices.str1.1
                0x0000000000006d4c       0x47 /tmp/ccxLfAqx.ltrans0.ltrans.o
 .rodata.OnExitBootServicesFailed.str1.1
                0x0000000000006d4c       0x29 /tmp/ccxLfAqx.ltrans0.ltrans.o
 .rodata.TdHashLogExtendEvent.str1.1
                0x0000000000006d4c       0xb7 /tmp/ccxLfAqx.ltrans0.ltrans.o
 .rodata.SetupCcEventLog.str1.1
                0x0000000000006d4c       0x21 /tmp/ccxLfAqx.ltrans0.ltrans.o
 .rodata._ModuleEntryPoint.str1.1
                0x0000000000006d4c      0x282 /tmp/ccxLfAqx.ltrans0.ltrans.o
 *fill*         0x0000000000006d4c        0x4 
 .rodata.mHexStr
                0x0000000000006d50       0x10 /tmp/ccxLfAqx.ltrans0.ltrans.o
 .rodata.mWarningString
                0x0000000000006d60       0xc8 /tmp/ccxLfAqx.ltrans0.ltrans.o
 *fill*         0x0000000000006e28       0x18 
 .rodata.mErrorString
                0x0000000000006e40      0x2df /tmp/ccxLfAqx.ltrans0.ltrans.o
 *fill*         0x000000000000711f        0x1 
 .rodata.__func__.0.lto_priv.1
                0x0000000000007120       0x18 /tmp/ccxLfAqx.ltrans0.ltrans.o
 .rodata.__func__.0.lto_priv.0
                0x0000000000007138        0xc /tmp/ccxLfAqx.ltrans0.ltrans.o
 *fill*         0x0000000000007144       0x1c 
 .rodata.K512   0x0000000000007160      0x280 /tmp/ccxLfAqx.ltrans0.ltrans.o
 .rodata._gPcd_FixedAtBuild_PcdAcpiDefaultOemId
                0x00000000000073e0        0x7 /tmp/ccxLfAqx.ltrans0.ltrans.o
 .rodata.str2.2
                0x00000000000073e7       0x32 /tmp/ccxLfAqx.ltrans0.ltrans.o
 *fill*         0x00000000000073e7        0x9 
 .rodata.__func__.1
                0x00000000000073f0       0x15 /tmp/ccxLfAqx.ltrans0.ltrans.o
 *fill*         0x0000000000007405        0x3 
 .rodata.CSWTCH.152
                0x0000000000007408        0x8 /tmp/ccxLfAqx.ltrans0.ltrans.o
 *(.got .got.*)
 .got           0x0000000000007410        0x0 TdTcg2Dxe.obj (symbol from plugin)
 .got.plt       0x0000000000007410        0x0 TdTcg2Dxe.obj (symbol from plugin)
 *:AutoGen.obj(.data.g*Guid)

.plt            0x0000000000007410        0x0
 .plt           0x0000000000007410        0x0 TdTcg2Dxe.obj (symbol from plugin)

.plt.got        0x0000000000007410        0x0
 .plt.got       0x0000000000007410        0x0 TdTcg2Dxe.obj (symbol from plugin)

.data           0x0000000000007440      0x408
 *(.data .data.* .gnu.linkonce.d.*)
 .data.gEfiDevicePathUtilitiesProtocolGuid
                0x0000000000007440       0x10 /tmp/ccxLfAqx.ltrans0.ltrans.o
 .data.gUefiOvmfPkgPlatformInfoGuid
                0x0000000000007450       0x10 /tmp/ccxLfAqx.ltrans0.ltrans.o
 .data.mSha384Guid
                0x0000000000007460       0x10 /tmp/ccxLfAqx.ltrans0.ltrans.o
 *fill*         0x0000000000007470       0x10 
 .data.rel.local.mSha384InternalHashInstance
                0x0000000000007480       0x28 /tmp/ccxLfAqx.ltrans0.ltrans.o
 *fill*         0x00000000000074a8       0x18 
 .data.rel.local.mTdProtocol
                0x00000000000074c0       0x20 /tmp/ccxLfAqx.ltrans0.ltrans.o
 .data.gEfiCcMeasurementProtocolGuid
                0x00000000000074e0       0x10 /tmp/ccxLfAqx.ltrans0.ltrans.o
 .data.gEfiEventReadyToBootGuid
                0x00000000000074f0       0x10 /tmp/ccxLfAqx.ltrans0.ltrans.o
 .data.gCcEventEntryHobGuid
                0x0000000000007500       0x10 /tmp/ccxLfAqx.ltrans0.ltrans.o
 .data.gEventExitBootServicesFailedGuid
                0x0000000000007510       0x10 /tmp/ccxLfAqx.ltrans0.ltrans.o
 .data.gEfiEventExitBootServicesGuid
                0x0000000000007520       0x10 /tmp/ccxLfAqx.ltrans0.ltrans.o
 .data.gEfiHobListGuid
                0x0000000000007530       0x10 /tmp/ccxLfAqx.ltrans0.ltrans.o
 .data.gPcdProtocolGuid
                0x0000000000007540       0x10 /tmp/ccxLfAqx.ltrans0.ltrans.o
 *fill*         0x0000000000007550       0x10 
 .data.mTdxEventlogAcpiTemplate
                0x0000000000007560       0x38 /tmp/ccxLfAqx.ltrans0.ltrans.o
 *fill*         0x0000000000007598        0x8 
 .data.gEfiAcpiTableProtocolGuid
                0x00000000000075a0       0x10 /tmp/ccxLfAqx.ltrans0.ltrans.o
 .data.gEfiGlobalVariableGuid
                0x00000000000075b0       0x10 /tmp/ccxLfAqx.ltrans0.ltrans.o
 .data.mBootVarName
                0x00000000000075c0       0x14 /tmp/ccxLfAqx.ltrans0.ltrans.o
 *fill*         0x00000000000075d4        0xc 
 .data.gEfiImageSecurityDatabaseGuid
                0x00000000000075e0       0x10 /tmp/ccxLfAqx.ltrans0.ltrans.o
 *fill*         0x00000000000075f0       0x10 
 .data.rel.ro.local.mVariableType
                0x0000000000007600       0x50 /tmp/ccxLfAqx.ltrans0.ltrans.o
 .data.gEfiVariableWriteArchProtocolGuid
                0x0000000000007650       0x10 /tmp/ccxLfAqx.ltrans0.ltrans.o
 .data.gEfiCcFinalEventsTableGuid
                0x0000000000007660       0x10 /tmp/ccxLfAqx.ltrans0.ltrans.o
 .data.gTcg800155PlatformIdEventHobGuid
                0x0000000000007670       0x10 /tmp/ccxLfAqx.ltrans0.ltrans.o
 .data.mTdxDxeData
                0x0000000000007680       0x98 /tmp/ccxLfAqx.ltrans0.ltrans.o
 .data.rel.ro   0x0000000000007718        0x0 TdTcg2Dxe.obj (symbol from plugin)
 *(.bss .bss.*)
 *fill*         0x0000000000007718        0x8 
 .bss.mExtendBuffer
                0x0000000000007720       0x70 /tmp/ccxLfAqx.ltrans0.ltrans.o
 .bss.gImageHandle
                0x0000000000007790        0x8 /tmp/ccxLfAqx.ltrans0.ltrans.o
 .bss.mDevicePathLibDevicePathUtilities
                0x0000000000007798        0x8 /tmp/ccxLfAqx.ltrans0.ltrans.o
 .bss.mTdSharedPageMask
                0x00000000000077a0        0x8 /tmp/ccxLfAqx.ltrans0.ltrans.o
 .bss.mTdDataReturned
                0x00000000000077a8        0x1 /tmp/ccxLfAqx.ltrans0.ltrans.o
 .bss.mRunningOnQ35
                0x00000000000077a9        0x1 /tmp/ccxLfAqx.ltrans0.ltrans.o
 *fill*         0x00000000000077aa       0x16 
 .bss.mHashInterface
                0x00000000000077c0       0x28 /tmp/ccxLfAqx.ltrans0.ltrans.o
 .bss.gST       0x00000000000077e8        0x8 /tmp/ccxLfAqx.ltrans0.ltrans.o
 .bss.mHobList  0x00000000000077f0        0x8 /tmp/ccxLfAqx.ltrans0.ltrans.o
 .bss.gRT       0x00000000000077f8        0x8 /tmp/ccxLfAqx.ltrans0.ltrans.o
 .bss.mCcProbeGuestType
                0x0000000000007800        0x1 /tmp/ccxLfAqx.ltrans0.ltrans.o
 .bss.mCcProbed
                0x0000000000007801        0x1 /tmp/ccxLfAqx.ltrans0.ltrans.o
 .bss.mDebugIoPortFound
                0x0000000000007802        0x1 /tmp/ccxLfAqx.ltrans0.ltrans.o
 .bss.mDebugIoPortChecked
                0x0000000000007803        0x1 /tmp/ccxLfAqx.ltrans0.ltrans.o
 *fill*         0x0000000000007804        0x4 
 .bss.mDeadLoopComparator
                0x0000000000007808        0x8 /tmp/ccxLfAqx.ltrans0.ltrans.o
 .bss.mPcd      0x0000000000007810        0x8 /tmp/ccxLfAqx.ltrans0.ltrans.o
 .bss.mBootAttempts
                0x0000000000007818        0x8 /tmp/ccxLfAqx.ltrans0.ltrans.o
 .bss.mImageHandle
                0x0000000000007820        0x8 /tmp/ccxLfAqx.ltrans0.ltrans.o
 .bss.mTcg2DxeImageSize
                0x0000000000007828        0x8 /tmp/ccxLfAqx.ltrans0.ltrans.o
 .bss.mHashInterfaceCount
                0x0000000000007830        0x8 /tmp/ccxLfAqx.ltrans0.ltrans.o
 .bss.gBS       0x0000000000007838        0x8 /tmp/ccxLfAqx.ltrans0.ltrans.o
 .bss.__stack_chk_guard
                0x0000000000007840        0x8 /home/enyephy/edk2/edk2/Build/OvmfX64/DEBUG_GCC5/X64/MdePkg/Library/StackCheckLibNull/StackCheckLibNull/OUTPUT/StackCheckLibNull.lib(StackCheckLibNullGcc.obj)
                0x0000000000007840                __stack_chk_guard

.eh_frame       0x0000000000007880        0x0
 *(.eh_frame)
 .eh_frame      0x0000000000007880        0x0 TdTcg2Dxe.obj (symbol from plugin)
 .eh_frame      0x0000000000007880        0x0 TdTcg2Dxe.obj (symbol from plugin)

.dynbss         0x0000000000007880        0x0
 .dynbss        0x0000000000007880        0x0 TdTcg2Dxe.obj (symbol from plugin)

.gnu.version_d  0x0000000000007880        0x0
 .gnu.version_d
                0x0000000000007880        0x0 TdTcg2Dxe.obj (symbol from plugin)

.gnu.version    0x0000000000007880        0x0
 .gnu.version   0x0000000000007880        0x0 TdTcg2Dxe.obj (symbol from plugin)

.gnu.version_r  0x0000000000007880        0x0
 .gnu.version_r
                0x0000000000007880        0x0 TdTcg2Dxe.obj (symbol from plugin)

.sframe         0x0000000000007880        0x0
 .sframe        0x0000000000007880        0x0 TdTcg2Dxe.obj (symbol from plugin)

.rela           0x0000000000007880      0x198
 *(.rela .rela.*)
 .rela.plt      0x0000000000007880        0x0 TdTcg2Dxe.obj (symbol from plugin)
 .rela.got      0x0000000000007880        0x0 TdTcg2Dxe.obj (symbol from plugin)
 .rela.bss      0x0000000000007880        0x0 TdTcg2Dxe.obj (symbol from plugin)
 .rela.data.rel.ro
                0x0000000000007880        0x0 TdTcg2Dxe.obj (symbol from plugin)
 .rela.ifunc    0x0000000000007880        0x0 TdTcg2Dxe.obj (symbol from plugin)
 .rela.data.rel.local.mSha384InternalHashInstance
                0x0000000000007880       0x48 TdTcg2Dxe.obj (symbol from plugin)
 .rela.data.rel.local.mTdProtocol
                0x00000000000078c8       0x60 TdTcg2Dxe.obj (symbol from plugin)
 .rela.data.rel.ro.local.mVariableType
                0x0000000000007928       0xf0 TdTcg2Dxe.obj (symbol from plugin)

.hii
 *(.hii)

.got
 *(.got)
                0x0000000000000001                ASSERT ((SIZEOF (.got) == 0x0), Unexpected GOT entries detected!)

.got.plt
 *(.got.plt)
                0x0000000000000001                ASSERT ((((SIZEOF (.got.plt) == 0x0) || (SIZEOF (.got.plt) == 0xc)) || (SIZEOF (.got.plt) == 0x18)), Unexpected GOT/PLT entries detected!)

.build-id       0x0000000000007a18       0x24
 *(.note.gnu.build-id)
 .note.gnu.build-id
                0x0000000000007a18       0x24 TdTcg2Dxe.obj (symbol from plugin)

/DISCARD/
 *(.note.GNU-stack)
 *(.gnu_debuglink)
 *(.interp)
 *(.dynsym)
 *(.dynstr)
 *(.dynamic)
 *(.hash .gnu.hash)
 *(.comment)
OUTPUT(/home/enyephy/edk2/edk2/Build/OvmfX64/DEBUG_GCC5/X64/OvmfPkg/Tcg/TdTcg2Dxe/TdTcg2Dxe/DEBUG/TdTcg2Dxe.dll elf64-x86-64)

.debug_info     0x0000000000000000    0x299ad
 .debug_info    0x0000000000000000     0x788a /tmp/ccxLfAqx.ltrans0.ltrans.o
 .debug_info    0x000000000000788a     0x3dd7 /tmp/ccznnSc6.debug.temp.o
                0x000000000000788a                TdTcg2Dxe.c.0df94aea
 .debug_info    0x000000000000b661      0xe09 /tmp/cctEHrCP.debug.temp.o
                0x000000000000b661                MeasureBootPeCoff.c.8b44347e
 .debug_info    0x000000000000c46a     0x1f8d /tmp/cc8iLWfq.debug.temp.o
                0x000000000000c46a                AutoGen.c.869ce312
 .debug_info    0x000000000000e3f7     0x20de /tmp/cco0Nynh.debug.temp.o
                0x000000000000e3f7                DxePcdLib.c.c9767769
 .debug_info    0x00000000000104d5      0x104 /tmp/ccqqWlw8.debug.temp.o
                0x00000000000104d5                ZeroMemWrapper.c.83151785
 .debug_info    0x00000000000105d9      0x12d /tmp/ccDSgJkC.debug.temp.o
                0x00000000000105d9                CompareMemWrapper.c.391b538b
 .debug_info    0x0000000000010706      0x11f /tmp/cceIpCs6.debug.temp.o
                0x0000000000010706                SetMemWrapper.c.57b95184
 .debug_info    0x0000000000010825      0x119 /tmp/ccOgmLcc.debug.temp.o
                0x0000000000010825                CopyMemWrapper.c.a6d48d95
 .debug_info    0x000000000001093e      0x273 /tmp/ccQ7L2hf.debug.temp.o
                0x000000000001093e                MemLibGuid.c.94d093c0
 .debug_info    0x0000000000010bb1      0x1a7 /tmp/ccsRpwS6.debug.temp.o
                0x0000000000010bb1                SetJump.c.707e48cd
 .debug_info    0x0000000000010d58       0xa8 /tmp/cc3cAdtU.debug.temp.o
                0x0000000000010d58                CpuDeadLoop.c.5741ccfc
 .debug_info    0x0000000000010e00       0xc2 /tmp/ccUhHIQr.debug.temp.o
                0x0000000000010e00                Cpu.c.c1344acd
 .debug_info    0x0000000000010ec2     0x1098 /tmp/cce5CkrF.debug.temp.o
                0x0000000000010ec2                SafeString.c.51ed15b1
 .debug_info    0x0000000000011f5a      0x7a9 /tmp/ccRLWkm5.debug.temp.o
                0x0000000000011f5a                String.c.c538dfa3
 .debug_info    0x0000000000012703      0x2d3 /tmp/ccxAEy76.debug.temp.o
                0x0000000000012703                TdProbe.c.3d2e2760
 .debug_info    0x00000000000129d6      0x228 /tmp/cckAHs7R.debug.temp.o
                0x00000000000129d6                Unaligned.c.15fab13b
 .debug_info    0x0000000000012bfe      0x1f2 /tmp/cc21EEos.debug.temp.o
                0x0000000000012bfe                X86GetInterruptState.c.18c60946
 .debug_info    0x0000000000012df0      0x2e1 /tmp/ccwAxJHq.debug.temp.o
                0x0000000000012df0                GccInline.c.b18a2dbf
 .debug_info    0x00000000000130d1      0x67c /tmp/ccjWqdc2.debug.temp.o
                0x00000000000130d1                GccInlinePriv.c.a10096fa
 .debug_info    0x000000000001374d      0x223 /tmp/ccnBSC5g.debug.temp.o
                0x000000000001374d                AcceptPages.c.d93f6ca0
 .debug_info    0x0000000000013970      0x216 /tmp/ccQNldae.debug.temp.o
                0x0000000000013970                Rtmr.c.ff9eba42
 .debug_info    0x0000000000013b86      0x362 /tmp/ccNygmVN.debug.temp.o
                0x0000000000013b86                TdInfo.c.dc99ffdf
 .debug_info    0x0000000000013ee8      0x340 /tmp/ccWlOGdQ.debug.temp.o
                0x0000000000013ee8                IoLibGcc.c.76e36bd1
 .debug_info    0x0000000000014228      0x424 /tmp/ccj23Dqh.debug.temp.o
                0x0000000000014228                IoLib.c.ca02e6a6
 .debug_info    0x000000000001464c      0x612 /tmp/cc3TbjIk.debug.temp.o
                0x000000000001464c                IoLibInternalTdx.c.a5ba877e
 .debug_info    0x0000000000014c5e      0x2d8 /tmp/cciV4iYO.debug.temp.o
                0x0000000000014c5e                IoLibFifoCc.c.0a7f18c7
 .debug_info    0x0000000000014f36      0x764 /tmp/ccv8JZ0n.debug.temp.o
                0x0000000000014f36                PrintLibInternal.c.a70a18ac
 .debug_info    0x000000000001569a      0x588 /tmp/cc7BgK4g.debug.temp.o
                0x000000000001569a                PrintLib.c.49c7d10b
 .debug_info    0x0000000000015c22       0xcf /tmp/ccHuImVY.debug.temp.o
                0x0000000000015c22                DebugIoPortQemu.c.fc1d59c3
 .debug_info    0x0000000000015cf1      0x393 /tmp/cckdHgLe.debug.temp.o
                0x0000000000015cf1                DebugLib.c.45982488
 .debug_info    0x0000000000016084       0xc7 /tmp/ccxf6XDE.debug.temp.o
                0x0000000000016084                DebugLibDetect.c.f45e8e26
 .debug_info    0x000000000001614b      0x313 /tmp/ccWD2eXo.debug.temp.o
                0x000000000001614b                DxeCcProbeLib.c.12cbbf1c
 .debug_info    0x000000000001645e     0x1787 /tmp/ccYnnw4p.debug.temp.o
                0x000000000001645e                UefiBootServicesTableLib.c.25834d01
 .debug_info    0x0000000000017be5     0x1366 /tmp/ccmaQC5D.debug.temp.o
                0x0000000000017be5                MemoryAllocationLib.c.2d2cdb1c
 .debug_info    0x0000000000018f4b     0x1f0c /tmp/ccgqksSv.debug.temp.o
                0x0000000000018f4b                UefiDevicePathLib.c.d7233967
 .debug_info    0x000000000001ae57     0x175e /tmp/cctN6QGU.debug.temp.o
                0x000000000001ae57                UefiRuntimeServicesTableLib.c.85775527
 .debug_info    0x000000000001c5b5      0xc07 /tmp/ccvifubb.debug.temp.o
                0x000000000001c5b5                PciExpressLib.c.7324dc1a
 .debug_info    0x000000000001d1bc     0x100d /tmp/ccgvRYWz.debug.temp.o
                0x000000000001d1bc                PciCf8Lib.c.cf7d213c
 .debug_info    0x000000000001e1c9     0x19ca /tmp/ccLIbl2L.debug.temp.o
                0x000000000001e1c9                UefiNotTiano.c.49b4dd60
 .debug_info    0x000000000001fb93     0x25bc /tmp/ccbskKGh.debug.temp.o
                0x000000000001fb93                UefiLib.c.a5def63a
 .debug_info    0x000000000002214f      0xf87 /tmp/ccbSJHmn.debug.temp.o
                0x000000000002214f                PciLib.c.155be884
 .debug_info    0x00000000000230d6     0x20fc /tmp/ccRukRma.debug.temp.o
                0x00000000000230d6                HobLib.c.86e3e45d
 .debug_info    0x00000000000251d2      0x495 /tmp/ccEpVYtU.debug.temp.o
                0x00000000000251d2                DxeAcpiTimerLib.c.5e65839f
 .debug_info    0x0000000000025667      0x157 /tmp/ccq0I3yJ.debug.temp.o
                0x0000000000025667                MemoryIntrinsics.c.e25c4366
 .debug_info    0x00000000000257be      0x10b /tmp/ccs7oMvg.debug.temp.o
                0x00000000000257be                mem_clr.c.c9c93bd7
 .debug_info    0x00000000000258c9      0x445 /tmp/ccD0tn1S.debug.temp.o
                0x00000000000258c9                sha512.c.69ca2a7e
 .debug_info    0x0000000000025d0e      0x3ef /tmp/cckqYRZ1.debug.temp.o
                0x0000000000025d0e                CryptSha512.c.cacbffb7
 .debug_info    0x00000000000260fd     0x1951 /tmp/ccmk2BSP.debug.temp.o
                0x00000000000260fd                DriverEntryPoint.c.66e6852b
 .debug_info    0x0000000000027a4e      0x551 /tmp/ccEyloTv.debug.temp.o
                0x0000000000027a4e                HashLibTdx.c.5860bcfa
 .debug_info    0x0000000000027f9f     0x12eb /tmp/ccVoiQzo.debug.temp.o
                0x0000000000027f9f                BasePeCoff.c.6cee25be
 .debug_info    0x000000000002928a      0x146 /tmp/cc9K2iZQ.debug.temp.o
                0x000000000002928a                PeCoffLoaderEx.c.cbebe7d8
 .debug_info    0x00000000000293d0      0x524 /tmp/ccinVtBz.debug.temp.o
                0x00000000000293d0                HashInstanceLibSha384.c.01c71eed
 .debug_info    0x00000000000298f4       0xb9 /home/enyephy/edk2/edk2/Build/OvmfX64/DEBUG_GCC5/X64/MdePkg/Library/StackCheckLibNull/StackCheckLibNull/OUTPUT/StackCheckLibNull.lib(StackCheckLibNullGcc.obj)

.debug_abbrev   0x0000000000000000     0x4f94
 .debug_abbrev  0x0000000000000000      0x2a0 /tmp/ccxLfAqx.ltrans0.ltrans.o
 .debug_abbrev  0x00000000000002a0      0x37e /tmp/ccznnSc6.debug.temp.o
 .debug_abbrev  0x000000000000061e      0x20d /tmp/cctEHrCP.debug.temp.o
 .debug_abbrev  0x000000000000082b      0x2d8 /tmp/cc8iLWfq.debug.temp.o
 .debug_abbrev  0x0000000000000b03      0x2c8 /tmp/cco0Nynh.debug.temp.o
 .debug_abbrev  0x0000000000000dcb       0xb8 /tmp/ccqqWlw8.debug.temp.o
 .debug_abbrev  0x0000000000000e83       0xb7 /tmp/ccDSgJkC.debug.temp.o
 .debug_abbrev  0x0000000000000f3a       0xb8 /tmp/cceIpCs6.debug.temp.o
 .debug_abbrev  0x0000000000000ff2       0xbe /tmp/ccOgmLcc.debug.temp.o
 .debug_abbrev  0x00000000000010b0      0x107 /tmp/ccQ7L2hf.debug.temp.o
 .debug_abbrev  0x00000000000011b7       0xe0 /tmp/ccsRpwS6.debug.temp.o
 .debug_abbrev  0x0000000000001297       0x71 /tmp/cc3cAdtU.debug.temp.o
 .debug_abbrev  0x0000000000001308       0xa5 /tmp/ccUhHIQr.debug.temp.o
 .debug_abbrev  0x00000000000013ad      0x1c7 /tmp/cce5CkrF.debug.temp.o
 .debug_abbrev  0x0000000000001574      0x157 /tmp/ccRLWkm5.debug.temp.o
 .debug_abbrev  0x00000000000016cb      0x129 /tmp/ccxAEy76.debug.temp.o
 .debug_abbrev  0x00000000000017f4       0xb6 /tmp/cckAHs7R.debug.temp.o
 .debug_abbrev  0x00000000000018aa       0xd5 /tmp/cc21EEos.debug.temp.o
 .debug_abbrev  0x000000000000197f      0x135 /tmp/ccwAxJHq.debug.temp.o
 .debug_abbrev  0x0000000000001ab4      0x17f /tmp/ccjWqdc2.debug.temp.o
 .debug_abbrev  0x0000000000001c33      0x13a /tmp/ccnBSC5g.debug.temp.o
 .debug_abbrev  0x0000000000001d6d      0x137 /tmp/ccQNldae.debug.temp.o
 .debug_abbrev  0x0000000000001ea4      0x174 /tmp/ccNygmVN.debug.temp.o
 .debug_abbrev  0x0000000000002018       0xfe /tmp/ccWlOGdQ.debug.temp.o
 .debug_abbrev  0x0000000000002116      0x149 /tmp/ccj23Dqh.debug.temp.o
 .debug_abbrev  0x000000000000225f      0x16c /tmp/cc3TbjIk.debug.temp.o
 .debug_abbrev  0x00000000000023cb       0xbd /tmp/cciV4iYO.debug.temp.o
 .debug_abbrev  0x0000000000002488      0x19f /tmp/ccv8JZ0n.debug.temp.o
 .debug_abbrev  0x0000000000002627      0x15a /tmp/cc7BgK4g.debug.temp.o
 .debug_abbrev  0x0000000000002781       0x81 /tmp/ccHuImVY.debug.temp.o
 .debug_abbrev  0x0000000000002802      0x1b0 /tmp/cckdHgLe.debug.temp.o
 .debug_abbrev  0x00000000000029b2       0x80 /tmp/ccxf6XDE.debug.temp.o
 .debug_abbrev  0x0000000000002a32      0x114 /tmp/ccWD2eXo.debug.temp.o
 .debug_abbrev  0x0000000000002b46      0x20a /tmp/ccYnnw4p.debug.temp.o
 .debug_abbrev  0x0000000000002d50      0x274 /tmp/ccmaQC5D.debug.temp.o
 .debug_abbrev  0x0000000000002fc4      0x2e2 /tmp/ccgqksSv.debug.temp.o
 .debug_abbrev  0x00000000000032a6      0x1da /tmp/cctN6QGU.debug.temp.o
 .debug_abbrev  0x0000000000003480      0x151 /tmp/ccvifubb.debug.temp.o
 .debug_abbrev  0x00000000000035d1      0x156 /tmp/ccgvRYWz.debug.temp.o
 .debug_abbrev  0x0000000000003727      0x2be /tmp/ccLIbl2L.debug.temp.o
 .debug_abbrev  0x00000000000039e5      0x2e9 /tmp/ccbskKGh.debug.temp.o
 .debug_abbrev  0x0000000000003cce       0xf3 /tmp/ccbSJHmn.debug.temp.o
 .debug_abbrev  0x0000000000003dc1      0x2d6 /tmp/ccRukRma.debug.temp.o
 .debug_abbrev  0x0000000000004097      0x183 /tmp/ccEpVYtU.debug.temp.o
 .debug_abbrev  0x000000000000421a       0xc6 /tmp/ccq0I3yJ.debug.temp.o
 .debug_abbrev  0x00000000000042e0       0xa6 /tmp/ccs7oMvg.debug.temp.o
 .debug_abbrev  0x0000000000004386      0x1a8 /tmp/ccD0tn1S.debug.temp.o
 .debug_abbrev  0x000000000000452e      0x14f /tmp/cckqYRZ1.debug.temp.o
 .debug_abbrev  0x000000000000467d      0x25d /tmp/ccmk2BSP.debug.temp.o
 .debug_abbrev  0x00000000000048da      0x1c0 /tmp/ccEyloTv.debug.temp.o
 .debug_abbrev  0x0000000000004a9a      0x230 /tmp/ccVoiQzo.debug.temp.o
 .debug_abbrev  0x0000000000004cca       0x89 /tmp/cc9K2iZQ.debug.temp.o
 .debug_abbrev  0x0000000000004d53      0x1d4 /tmp/ccinVtBz.debug.temp.o
 .debug_abbrev  0x0000000000004f27       0x6d /home/enyephy/edk2/edk2/Build/OvmfX64/DEBUG_GCC5/X64/MdePkg/Library/StackCheckLibNull/StackCheckLibNull/OUTPUT/StackCheckLibNull.lib(StackCheckLibNullGcc.obj)

.debug_loclists
                0x0000000000000000     0x5693
 .debug_loclists
                0x0000000000000000     0x5693 /tmp/ccxLfAqx.ltrans0.ltrans.o

.debug_aranges  0x0000000000000000      0x4d0
 .debug_aranges
                0x0000000000000000      0x4a0 /tmp/ccxLfAqx.ltrans0.ltrans.o
 .debug_aranges
                0x00000000000004a0       0x30 /home/enyephy/edk2/edk2/Build/OvmfX64/DEBUG_GCC5/X64/MdePkg/Library/StackCheckLibNull/StackCheckLibNull/OUTPUT/StackCheckLibNull.lib(StackCheckLibNullGcc.obj)

.debug_rnglists
                0x0000000000000000      0x730
 .debug_rnglists
                0x0000000000000000      0x719 /tmp/ccxLfAqx.ltrans0.ltrans.o
 .debug_rnglists
                0x0000000000000719       0x17 /home/enyephy/edk2/edk2/Build/OvmfX64/DEBUG_GCC5/X64/MdePkg/Library/StackCheckLibNull/StackCheckLibNull/OUTPUT/StackCheckLibNull.lib(StackCheckLibNullGcc.obj)

.debug_line     0x0000000000000000     0x6b3a
 .debug_line    0x0000000000000000     0x552e /tmp/ccxLfAqx.ltrans0.ltrans.o
 .debug_line    0x000000000000552e       0xf4 /tmp/ccznnSc6.debug.temp.o
 .debug_line    0x0000000000005622       0x89 /tmp/cctEHrCP.debug.temp.o
 .debug_line    0x00000000000056ab       0x8a /tmp/cc8iLWfq.debug.temp.o
 .debug_line    0x0000000000005735       0xa6 /tmp/cco0Nynh.debug.temp.o
 .debug_line    0x00000000000057db       0x51 /tmp/ccqqWlw8.debug.temp.o
 .debug_line    0x000000000000582c       0x51 /tmp/ccDSgJkC.debug.temp.o
 .debug_line    0x000000000000587d       0x51 /tmp/cceIpCs6.debug.temp.o
 .debug_line    0x00000000000058ce       0x51 /tmp/ccOgmLcc.debug.temp.o
 .debug_line    0x000000000000591f       0x5a /tmp/ccQ7L2hf.debug.temp.o
 .debug_line    0x0000000000005979       0x51 /tmp/ccsRpwS6.debug.temp.o
 .debug_line    0x00000000000059ca       0x4c /tmp/cc3cAdtU.debug.temp.o
 .debug_line    0x0000000000005a16       0x4c /tmp/ccUhHIQr.debug.temp.o
 .debug_line    0x0000000000005a62       0x6d /tmp/cce5CkrF.debug.temp.o
 .debug_line    0x0000000000005acf       0x63 /tmp/ccRLWkm5.debug.temp.o
 .debug_line    0x0000000000005b32       0x55 /tmp/ccxAEy76.debug.temp.o
 .debug_line    0x0000000000005b87       0x51 /tmp/cckAHs7R.debug.temp.o
 .debug_line    0x0000000000005bd8       0x4c /tmp/cc21EEos.debug.temp.o
 .debug_line    0x0000000000005c24       0x4c /tmp/ccwAxJHq.debug.temp.o
 .debug_line    0x0000000000005c70       0x51 /tmp/ccjWqdc2.debug.temp.o
 .debug_line    0x0000000000005cc1       0x63 /tmp/ccnBSC5g.debug.temp.o
 .debug_line    0x0000000000005d24       0x68 /tmp/ccQNldae.debug.temp.o
 .debug_line    0x0000000000005d8c       0x5a /tmp/ccNygmVN.debug.temp.o
 .debug_line    0x0000000000005de6       0x56 /tmp/ccWlOGdQ.debug.temp.o
 .debug_line    0x0000000000005e3c       0x5b /tmp/ccj23Dqh.debug.temp.o
 .debug_line    0x0000000000005e97       0x64 /tmp/cc3TbjIk.debug.temp.o
 .debug_line    0x0000000000005efb       0x4d /tmp/cciV4iYO.debug.temp.o
 .debug_line    0x0000000000005f48       0x68 /tmp/ccv8JZ0n.debug.temp.o
 .debug_line    0x0000000000005fb0       0x5a /tmp/cc7BgK4g.debug.temp.o
 .debug_line    0x000000000000600a       0x55 /tmp/ccHuImVY.debug.temp.o
 .debug_line    0x000000000000605f       0x77 /tmp/cckdHgLe.debug.temp.o
 .debug_line    0x00000000000060d6       0x51 /tmp/ccxf6XDE.debug.temp.o
 .debug_line    0x0000000000006127       0x63 /tmp/ccWD2eXo.debug.temp.o
 .debug_line    0x000000000000618a       0x80 /tmp/ccYnnw4p.debug.temp.o
 .debug_line    0x000000000000620a       0x7b /tmp/ccmaQC5D.debug.temp.o
 .debug_line    0x0000000000006285       0xa7 /tmp/ccgqksSv.debug.temp.o
 .debug_line    0x000000000000632c       0x7b /tmp/cctN6QGU.debug.temp.o
 .debug_line    0x00000000000063a7       0x68 /tmp/ccvifubb.debug.temp.o
 .debug_line    0x000000000000640f       0x5f /tmp/ccgvRYWz.debug.temp.o
 .debug_line    0x000000000000646e       0x98 /tmp/ccLIbl2L.debug.temp.o
 .debug_line    0x0000000000006506       0xac /tmp/ccbskKGh.debug.temp.o
 .debug_line    0x00000000000065b2       0x5f /tmp/ccbSJHmn.debug.temp.o
 .debug_line    0x0000000000006611       0x9c /tmp/ccRukRma.debug.temp.o
 .debug_line    0x00000000000066ad       0x88 /tmp/ccEpVYtU.debug.temp.o
 .debug_line    0x0000000000006735       0x4c /tmp/ccq0I3yJ.debug.temp.o
 .debug_line    0x0000000000006781       0x4c /tmp/ccs7oMvg.debug.temp.o
 .debug_line    0x00000000000067cd       0x5e /tmp/ccD0tn1S.debug.temp.o
 .debug_line    0x000000000000682b       0x5e /tmp/cckqYRZ1.debug.temp.o
 .debug_line    0x0000000000006889       0x93 /tmp/ccmk2BSP.debug.temp.o
 .debug_line    0x000000000000691c       0x84 /tmp/ccEyloTv.debug.temp.o
 .debug_line    0x00000000000069a0       0x72 /tmp/ccVoiQzo.debug.temp.o
 .debug_line    0x0000000000006a12       0x4c /tmp/cc9K2iZQ.debug.temp.o
 .debug_line    0x0000000000006a5e       0x83 /tmp/ccinVtBz.debug.temp.o
 .debug_line    0x0000000000006ae1       0x59 /home/enyephy/edk2/edk2/Build/OvmfX64/DEBUG_GCC5/X64/MdePkg/Library/StackCheckLibNull/StackCheckLibNull/OUTPUT/StackCheckLibNull.lib(StackCheckLibNullGcc.obj)

.debug_str      0x0000000000000000     0x8365
 .debug_str     0x0000000000000000      0x1d6 /tmp/ccxLfAqx.ltrans0.ltrans.o
 .debug_str     0x0000000000000000     0x2d37 /tmp/ccznnSc6.debug.temp.o
 .debug_str     0x0000000000000000      0xb16 /tmp/cctEHrCP.debug.temp.o
 .debug_str     0x0000000000000000     0x21a9 /tmp/cc8iLWfq.debug.temp.o
 .debug_str     0x0000000000000000     0x192a /tmp/cco0Nynh.debug.temp.o
 .debug_str     0x0000000000000000      0x263 /tmp/ccqqWlw8.debug.temp.o
 .debug_str     0x0000000000000000      0x28c /tmp/ccDSgJkC.debug.temp.o
 .debug_str     0x0000000000000000      0x26d /tmp/cceIpCs6.debug.temp.o
 .debug_str     0x0000000000000000      0x27b /tmp/ccOgmLcc.debug.temp.o
 .debug_str     0x0000000000000000      0x352 /tmp/ccQ7L2hf.debug.temp.o
 .debug_str     0x0000000000000000      0x28d /tmp/ccsRpwS6.debug.temp.o
 .debug_str     0x0000000000000000      0x23c /tmp/cc3cAdtU.debug.temp.o
 .debug_str     0x0000000000000000      0x277 /tmp/ccUhHIQr.debug.temp.o
 .debug_str     0x0000000000000000      0x81c /tmp/cce5CkrF.debug.temp.o
 .debug_str     0x0000000000000000      0x6df /tmp/ccRLWkm5.debug.temp.o
 .debug_str     0x0000000000000000      0x349 /tmp/ccxAEy76.debug.temp.o
 .debug_str     0x0000000000000000      0x2e9 /tmp/cckAHs7R.debug.temp.o
 .debug_str     0x0000000000000000      0x298 /tmp/cc21EEos.debug.temp.o
 .debug_str     0x0000000000000000      0x36c /tmp/ccwAxJHq.debug.temp.o
 .debug_str     0x0000000000000000      0x51f /tmp/ccjWqdc2.debug.temp.o
 .debug_str     0x0000000000000000      0x35a /tmp/ccnBSC5g.debug.temp.o
 .debug_str     0x0000000000000000      0x2fa /tmp/ccQNldae.debug.temp.o
 .debug_str     0x0000000000000000      0x420 /tmp/ccNygmVN.debug.temp.o
 .debug_str     0x0000000000000000      0x37b /tmp/ccWlOGdQ.debug.temp.o
 .debug_str     0x0000000000000000      0x3ef /tmp/ccj23Dqh.debug.temp.o
 .debug_str     0x0000000000000000      0x3ff /tmp/cc3TbjIk.debug.temp.o
 .debug_str     0x0000000000000000      0x33d /tmp/cciV4iYO.debug.temp.o
 .debug_str     0x0000000000000000      0x656 /tmp/ccv8JZ0n.debug.temp.o
 .debug_str     0x0000000000000000      0x454 /tmp/cc7BgK4g.debug.temp.o
 .debug_str     0x0000000000000000      0x269 /tmp/ccHuImVY.debug.temp.o
 .debug_str     0x0000000000000000      0x4a9 /tmp/cckdHgLe.debug.temp.o
 .debug_str     0x0000000000000000      0x2a4 /tmp/ccxf6XDE.debug.temp.o
 .debug_str     0x0000000000000000      0x4e3 /tmp/ccWD2eXo.debug.temp.o
 .debug_str     0x0000000000000000     0x13b1 /tmp/ccYnnw4p.debug.temp.o
 .debug_str     0x0000000000000000      0xfdc /tmp/ccmaQC5D.debug.temp.o
 .debug_str     0x0000000000000000     0x1a87 /tmp/ccgqksSv.debug.temp.o
 .debug_str     0x0000000000000000     0x13a7 /tmp/cctN6QGU.debug.temp.o
 .debug_str     0x0000000000000000      0x80a /tmp/ccvifubb.debug.temp.o
 .debug_str     0x0000000000000000      0x713 /tmp/ccgvRYWz.debug.temp.o
 .debug_str     0x0000000000000000     0x15ef /tmp/ccLIbl2L.debug.temp.o
 .debug_str     0x0000000000000000     0x1c73 /tmp/ccbskKGh.debug.temp.o
 .debug_str     0x0000000000000000      0x9ad /tmp/ccbSJHmn.debug.temp.o
 .debug_str     0x0000000000000000     0x19a4 /tmp/ccRukRma.debug.temp.o
 .debug_str     0x0000000000000000      0x611 /tmp/ccEpVYtU.debug.temp.o
 .debug_str     0x0000000000000000      0x264 /tmp/ccq0I3yJ.debug.temp.o
 .debug_str     0x0000000000000000      0x249 /tmp/ccs7oMvg.debug.temp.o
 .debug_str     0x0000000000000000      0x2fa /tmp/ccD0tn1S.debug.temp.o
 .debug_str     0x0000000000000000      0x3ae /tmp/cckqYRZ1.debug.temp.o
 .debug_str     0x0000000000000000     0x153f /tmp/ccmk2BSP.debug.temp.o
 .debug_str     0x0000000000000000      0x48e /tmp/ccEyloTv.debug.temp.o
 .debug_str     0x0000000000000000      0xe48 /tmp/ccVoiQzo.debug.temp.o
 .debug_str     0x0000000000000000      0x2a7 /tmp/cc9K2iZQ.debug.temp.o
 .debug_str     0x0000000000000000      0x4c3 /tmp/ccinVtBz.debug.temp.o
 .debug_str     0x0000000000000000     0x8365 /home/enyephy/edk2/edk2/Build/OvmfX64/DEBUG_GCC5/X64/MdePkg/Library/StackCheckLibNull/StackCheckLibNull/OUTPUT/StackCheckLibNull.lib(StackCheckLibNullGcc.obj)
                                        0x233 (size before relaxing)

.debug_line_str
                0x0000000000000000     0x2ac8
 .debug_line_str
                0x0000000000000000      0x9f7 /tmp/ccxLfAqx.ltrans0.ltrans.o
 .debug_line_str
                0x0000000000000000      0x41e /tmp/ccznnSc6.debug.temp.o
 .debug_line_str
                0x0000000000000000      0x279 /tmp/cctEHrCP.debug.temp.o
 .debug_line_str
                0x0000000000000000      0x2b1 /tmp/cc8iLWfq.debug.temp.o
 .debug_line_str
                0x0000000000000000      0x302 /tmp/cco0Nynh.debug.temp.o
 .debug_line_str
                0x0000000000000000      0x18b /tmp/ccqqWlw8.debug.temp.o
 .debug_line_str
                0x0000000000000000      0x191 /tmp/ccDSgJkC.debug.temp.o
 .debug_line_str
                0x0000000000000000      0x189 /tmp/cceIpCs6.debug.temp.o
 .debug_line_str
                0x0000000000000000      0x18b /tmp/ccOgmLcc.debug.temp.o
 .debug_line_str
                0x0000000000000000      0x1a9 /tmp/ccQ7L2hf.debug.temp.o
 .debug_line_str
                0x0000000000000000      0x145 /tmp/ccsRpwS6.debug.temp.o
 .debug_line_str
                0x0000000000000000      0x142 /tmp/cc3cAdtU.debug.temp.o
 .debug_line_str
                0x0000000000000000      0x132 /tmp/ccUhHIQr.debug.temp.o
 .debug_line_str
                0x0000000000000000      0x200 /tmp/cce5CkrF.debug.temp.o
 .debug_line_str
                0x0000000000000000      0x1d5 /tmp/ccRLWkm5.debug.temp.o
 .debug_line_str
                0x0000000000000000      0x180 /tmp/ccxAEy76.debug.temp.o
 .debug_line_str
                0x0000000000000000      0x149 /tmp/cckAHs7R.debug.temp.o
 .debug_line_str
                0x0000000000000000      0x154 /tmp/cc21EEos.debug.temp.o
 .debug_line_str
                0x0000000000000000      0x146 /tmp/ccwAxJHq.debug.temp.o
 .debug_line_str
                0x0000000000000000      0x162 /tmp/ccjWqdc2.debug.temp.o
 .debug_line_str
                0x0000000000000000      0x1b2 /tmp/ccnBSC5g.debug.temp.o
 .debug_line_str
                0x0000000000000000      0x1b4 /tmp/ccQNldae.debug.temp.o
 .debug_line_str
                0x0000000000000000      0x17d /tmp/ccNygmVN.debug.temp.o
 .debug_line_str
                0x0000000000000000      0x18b /tmp/ccWlOGdQ.debug.temp.o
 .debug_line_str
                0x0000000000000000      0x18f /tmp/ccj23Dqh.debug.temp.o
 .debug_line_str
                0x0000000000000000      0x1e4 /tmp/cc3TbjIk.debug.temp.o
 .debug_line_str
                0x0000000000000000      0x14e /tmp/cciV4iYO.debug.temp.o
 .debug_line_str
                0x0000000000000000      0x21a /tmp/ccv8JZ0n.debug.temp.o
 .debug_line_str
                0x0000000000000000      0x192 /tmp/cc7BgK4g.debug.temp.o
 .debug_line_str
                0x0000000000000000      0x20a /tmp/ccHuImVY.debug.temp.o
 .debug_line_str
                0x0000000000000000      0x27a /tmp/cckdHgLe.debug.temp.o
 .debug_line_str
                0x0000000000000000      0x18d /tmp/ccxf6XDE.debug.temp.o
 .debug_line_str
                0x0000000000000000      0x1dc /tmp/ccWD2eXo.debug.temp.o
 .debug_line_str
                0x0000000000000000      0x29d /tmp/ccYnnw4p.debug.temp.o
 .debug_line_str
                0x0000000000000000      0x280 /tmp/ccmaQC5D.debug.temp.o
 .debug_line_str
                0x0000000000000000      0x3c5 /tmp/ccgqksSv.debug.temp.o
 .debug_line_str
                0x0000000000000000      0x294 /tmp/cctN6QGU.debug.temp.o
 .debug_line_str
                0x0000000000000000      0x227 /tmp/ccvifubb.debug.temp.o
 .debug_line_str
                0x0000000000000000      0x197 /tmp/ccgvRYWz.debug.temp.o
 .debug_line_str
                0x0000000000000000      0x2cf /tmp/ccLIbl2L.debug.temp.o
 .debug_line_str
                0x0000000000000000      0x316 /tmp/ccbskKGh.debug.temp.o
 .debug_line_str
                0x0000000000000000      0x1b0 /tmp/ccbSJHmn.debug.temp.o
 .debug_line_str
                0x0000000000000000      0x2e3 /tmp/ccRukRma.debug.temp.o
 .debug_line_str
                0x0000000000000000      0x2ce /tmp/ccEpVYtU.debug.temp.o
 .debug_line_str
                0x0000000000000000      0x16f /tmp/ccq0I3yJ.debug.temp.o
 .debug_line_str
                0x0000000000000000      0x17c /tmp/ccs7oMvg.debug.temp.o
 .debug_line_str
                0x0000000000000000      0x214 /tmp/ccD0tn1S.debug.temp.o
 .debug_line_str
                0x0000000000000000      0x204 /tmp/cckqYRZ1.debug.temp.o
 .debug_line_str
                0x0000000000000000      0x320 /tmp/ccmk2BSP.debug.temp.o
 .debug_line_str
                0x0000000000000000      0x262 /tmp/ccEyloTv.debug.temp.o
 .debug_line_str
                0x0000000000000000      0x215 /tmp/ccVoiQzo.debug.temp.o
 .debug_line_str
                0x0000000000000000      0x155 /tmp/cc9K2iZQ.debug.temp.o
 .debug_line_str
                0x0000000000000000      0x2ec /tmp/ccinVtBz.debug.temp.o
 .debug_line_str
                0x0000000000000000     0x2ac8 /home/enyephy/edk2/edk2/Build/OvmfX64/DEBUG_GCC5/X64/MdePkg/Library/StackCheckLibNull/StackCheckLibNull/OUTPUT/StackCheckLibNull.lib(StackCheckLibNullGcc.obj)
                                        0x1c2 (size before relaxing)

.debug_frame    0x0000000000000000      0xee8
 .debug_frame   0x0000000000000000      0xeb8 /tmp/ccxLfAqx.ltrans0.ltrans.o
 .debug_frame   0x0000000000000eb8       0x30 /home/enyephy/edk2/edk2/Build/OvmfX64/DEBUG_GCC5/X64/MdePkg/Library/StackCheckLibNull/StackCheckLibNull/OUTPUT/StackCheckLibNull.lib(StackCheckLibNullGcc.obj)
