/home/enyephy/edk2/edk2/Build/EmulatorX64/DEBUG_GCC5/X64/EmulatorPkg/Sec/Sec/OUTPUT/EmuSec.lib
/home/enyephy/edk2/edk2/Build/EmulatorX64/DEBUG_GCC5/X64/MdePkg/Library/RegisterFilterLibNull/RegisterFilterLibNull/OUTPUT/FilterLibNull.lib
/home/enyephy/edk2/edk2/Build/EmulatorX64/DEBUG_GCC5/X64/MdePkg/Library/BasePcdLibNull/BasePcdLibNull/OUTPUT/BasePcdLibNull.lib
/home/enyephy/edk2/edk2/Build/EmulatorX64/DEBUG_GCC5/X64/MdePkg/Library/BaseLib/BaseLib/OUTPUT/BaseLib.lib
/home/enyephy/edk2/edk2/Build/EmulatorX64/DEBUG_GCC5/X64/MdePkg/Library/BaseMemoryLib/BaseMemoryLib/OUTPUT/BaseMemoryLib.lib
/home/enyephy/edk2/edk2/Build/EmulatorX64/DEBUG_GCC5/X64/EmulatorPkg/Library/SecPpiListLib/SecPpiListLib/OUTPUT/SecPpiListLib.lib
/home/enyephy/edk2/edk2/Build/EmulatorX64/DEBUG_GCC5/X64/EmulatorPkg/Library/SecPeiServicesLib/SecPeiServicesLib/OUTPUT/SecPeiServicesLib.lib
/home/enyephy/edk2/edk2/Build/EmulatorX64/DEBUG_GCC5/X64/MdePkg/Library/BaseDebugPrintErrorLevelLib/BaseDebugPrintErrorLevelLib/OUTPUT/BaseDebugPrintErrorLevelLib.lib
/home/enyephy/edk2/edk2/Build/EmulatorX64/DEBUG_GCC5/X64/MdePkg/Library/BasePrintLib/BasePrintLib/OUTPUT/BasePrintLib.lib
/home/enyephy/edk2/edk2/Build/EmulatorX64/DEBUG_GCC5/X64/EmulatorPkg/Library/PeiEmuSerialPortLib/PeiEmuSerialPortLib/OUTPUT/PeiEmuSerialPortLibNull.lib
/home/enyephy/edk2/edk2/Build/EmulatorX64/DEBUG_GCC5/X64/MdePkg/Library/BaseDebugLibSerialPort/BaseDebugLibSerialPort/OUTPUT/BaseDebugLibSerialPort.lib
/home/enyephy/edk2/edk2/Build/EmulatorX64/DEBUG_GCC5/X64/EmulatorPkg/Library/PeiEmuPeCoffGetEntryPointLib/PeiEmuPeCoffGetEntryPointLib/OUTPUT/PeiEmuPeCoffGetEntryPointLib.lib
/home/enyephy/edk2/edk2/Build/EmulatorX64/DEBUG_GCC5/X64/MdePkg/Library/StackCheckLibNull/StackCheckLibNull/OUTPUT/StackCheckLibNull.lib